Component: ARM Compiler 5.06 update 4 (build 422) Tool: armlink [4d35d2]

==============================================================================

Section Cross References

    main.o(i.gyro_data_ready_cb) refers to main.o(.bss) for .bss
    main.o(i.magn_setup) refers to app_mpu.o(i.mpu_magnetometer_init) for mpu_magnetometer_init
    main.o(i.magn_setup) refers to app_error.o(i.app_error_handler_bare) for app_error_handler_bare
    main.o(i.main) refers to main.o(i.uart_config) for uart_config
    main.o(i.main) refers to nrf_drv_gpiote.o(i.nrf_drv_gpiote_init) for nrf_drv_gpiote_init
    main.o(i.main) refers to app_error.o(i.app_error_handler_bare) for app_error_handler_bare
    main.o(i.main) refers to nrf_drv_gpiote.o(i.nrf_drv_gpiote_in_init) for nrf_drv_gpiote_in_init
    main.o(i.main) refers to main.o(i.mpu_setup) for mpu_setup
    main.o(i.main) refers to main.o(i.magn_setup) for magn_setup
    main.o(i.main) refers to nrf_log_frontend.o(i.nrf_log_init) for nrf_log_init
    main.o(i.main) refers to nrf_drv_mpu_twi.o(i.i2c_write_porting) for i2c_write_porting
    main.o(i.main) refers to nrf_drv_mpu_twi.o(i.mpu_twi_read_test) for mpu_twi_read_test
    main.o(i.main) refers to nrf_log_frontend.o(i.nrf_log_frontend_std_3) for nrf_log_frontend_std_3
    main.o(i.main) refers to nrf_drv_clock.o(i.nrf_drv_clock_init) for nrf_drv_clock_init
    main.o(i.main) refers to nrf_drv_clock.o(i.nrf_drv_clock_lfclk_request) for nrf_drv_clock_lfclk_request
    main.o(i.main) refers to app_timer_1.o(i.app_timer_init) for app_timer_init
    main.o(i.main) refers to app_timer_1.o(i.app_timer_create) for app_timer_create
    main.o(i.main) refers to app_timer_1.o(i.app_timer_start) for app_timer_start
    main.o(i.main) refers to inv_mpu.o(i.mpu_init_inv) for mpu_init_inv
    main.o(i.main) refers to nrf_log_frontend.o(i.nrf_log_frontend_std_0) for nrf_log_frontend_std_0
    main.o(i.main) refers to inv_mpu.o(i.mpu_set_bypass) for mpu_set_bypass
    main.o(i.main) refers to mpl.o(i.inv_init_mpl) for inv_init_mpl
    main.o(i.main) refers to quaternion_supervisor.o(.text) for inv_enable_quaternion
    main.o(i.main) refers to fusion_9axis.o(.text) for inv_enable_9x_sensor_fusion
    main.o(i.main) refers to fast_no_motion.o(.text) for inv_enable_fast_nomot
    main.o(i.main) refers to compass_vec_cal.o(.text) for inv_enable_vector_compass_cal
    main.o(i.main) refers to mag_disturb.o(.text) for inv_enable_magnetic_disturbance
    main.o(i.main) refers to empl_outputs.o(i.inv_enable_eMPL_outputs) for inv_enable_eMPL_outputs
    main.o(i.main) refers to mpl.o(i.inv_start_mpl) for inv_start_mpl
    main.o(i.main) refers to printfa.o(i.__0printf) for __2printf
    main.o(i.main) refers to main.o(i.nrf_delay_us) for nrf_delay_us
    main.o(i.main) refers to nrf_log_frontend.o(i.nrf_log_frontend_dequeue) for nrf_log_frontend_dequeue
    main.o(i.main) refers to inv_mpu.o(i.mpu_set_sensors) for mpu_set_sensors
    main.o(i.main) refers to nrf_log_frontend.o(i.nrf_log_frontend_std_1) for nrf_log_frontend_std_1
    main.o(i.main) refers to inv_mpu.o(i.mpu_configure_fifo) for mpu_configure_fifo
    main.o(i.main) refers to inv_mpu.o(i.mpu_set_sample_rate) for mpu_set_sample_rate
    main.o(i.main) refers to inv_mpu.o(i.mpu_set_compass_sample_rate) for mpu_set_compass_sample_rate
    main.o(i.main) refers to inv_mpu.o(i.mpu_get_sample_rate) for mpu_get_sample_rate
    main.o(i.main) refers to inv_mpu.o(i.mpu_get_gyro_fsr) for mpu_get_gyro_fsr
    main.o(i.main) refers to inv_mpu.o(i.mpu_get_accel_fsr) for mpu_get_accel_fsr
    main.o(i.main) refers to inv_mpu.o(i.mpu_get_compass_fsr) for mpu_get_compass_fsr
    main.o(i.main) refers to data_builder.o(i.inv_set_gyro_sample_rate) for inv_set_gyro_sample_rate
    main.o(i.main) refers to data_builder.o(i.inv_set_accel_sample_rate) for inv_set_accel_sample_rate
    main.o(i.main) refers to data_builder.o(i.inv_set_compass_sample_rate) for inv_set_compass_sample_rate
    main.o(i.main) refers to ml_math_func.o(i.inv_orientation_matrix_to_scalar) for inv_orientation_matrix_to_scalar
    main.o(i.main) refers to data_builder.o(i.inv_set_gyro_orientation_and_scale) for inv_set_gyro_orientation_and_scale
    main.o(i.main) refers to data_builder.o(i.inv_set_accel_orientation_and_scale) for inv_set_accel_orientation_and_scale
    main.o(i.main) refers to data_builder.o(i.inv_set_compass_orientation_and_scale) for inv_set_compass_orientation_and_scale
    main.o(i.main) refers to nrf_drv_inv_dmp.o(i.millis) for millis
    main.o(i.main) refers to inv_mpu_dmp_motion_driver.o(i.dmp_load_motion_driver_firmware) for dmp_load_motion_driver_firmware
    main.o(i.main) refers to inv_mpu_dmp_motion_driver.o(i.dmp_set_orientation) for dmp_set_orientation
    main.o(i.main) refers to inv_mpu_dmp_motion_driver.o(i.dmp_register_tap_cb) for dmp_register_tap_cb
    main.o(i.main) refers to inv_mpu_dmp_motion_driver.o(i.dmp_register_android_orient_cb) for dmp_register_android_orient_cb
[...]
    inv_get_fnm_gyro_no_motion_param         0x00003107   Thumb Code     8  fast_no_motion.o(.text)
    inv_fnm_debug_print                      0x0000310f   Thumb Code     2  fast_no_motion.o(.text)
    inv_filter_correction_angle              0x000031ed   Thumb Code   374  fusion_9axis.o(.text)
    inv_perform_9x_fusion                    0x00003363   Thumb Code   894  fusion_9axis.o(.text)
    inv_process_9x_sensor_fusion_cb          0x000036e1   Thumb Code   120  fusion_9axis.o(.text)
    inv_init_9x_fusion                       0x00003759   Thumb Code    52  fusion_9axis.o(.text)
    inv_9x_fusion_set_mag_fb                 0x0000378d   Thumb Code    10  fusion_9axis.o(.text)
    inv_9x_fusion_enable_jitter_reduction    0x00003797   Thumb Code    10  fusion_9axis.o(.text)
    inv_9x_fusion_use_timestamps             0x000037a1   Thumb Code    10  fusion_9axis.o(.text)
    inv_start_9x_sensor_fusion               0x000037ab   Thumb Code    14  fusion_9axis.o(.text)
    inv_stop_9x_sensor_fusion                0x000037b9   Thumb Code     8  fusion_9axis.o(.text)
    inv_enable_9x_sensor_fusion              0x000037c1   Thumb Code    30  fusion_9axis.o(.text)
    inv_disable_9x_sensor_fusion             0x000037df   Thumb Code     8  fusion_9axis.o(.text)
    inv_set_magnetic_disturbance             0x000037f1   Thumb Code    16  mag_disturb.o(.text)
    inv_init_magnetic_disturbance            0x00003801   Thumb Code    68  mag_disturb.o(.text)
    MagDisturbSetDisturbance                 0x00003845   Thumb Code   108  mag_disturb.o(.text)
    MagDisturbCheckSettling                  0x000038b1   Thumb Code    68  mag_disturb.o(.text)
    ComputeAngleVelocity                     0x000038f5   Thumb Code    94  mag_disturb.o(.text)
    inv_disable_dip_tracking                 0x00003953   Thumb Code    10  mag_disturb.o(.text)
    Mag3ofNormalizedLong                     0x0000395d   Thumb Code    60  mag_disturb.o(.text)
    inv_track_dip_angle                      0x00003999   Thumb Code   126  mag_disturb.o(.text)
    inv_check_magnetic_disturbance           0x00003a17   Thumb Code   758  mag_disturb.o(.text)
    inv_magnetic_disturbance_process         0x00003d0d   Thumb Code    50  mag_disturb.o(.text)
    inv_start_magnetic_disturbance           0x00003d3f   Thumb Code    14  mag_disturb.o(.text)
    inv_stop_magnetic_disturbance            0x00003d4d   Thumb Code     8  mag_disturb.o(.text)
    inv_enable_magnetic_disturbance          0x00003d55   Thumb Code    40  mag_disturb.o(.text)
    inv_disable_magnetic_disturbance         0x00003d7d   Thumb Code    22  mag_disturb.o(.text)
    inv_enable_dip_tracking                  0x00003d93   Thumb Code    14  mag_disturb.o(.text)
    inv_get_magnetic_disturbance_state       0x00003da1   Thumb Code     8  mag_disturb.o(.text)
    inv_generate_gyro_quaternion             0x00004169   Thumb Code   348  quaternion_supervisor.o(.text)
    inv_set_quaternion                       0x0000447b   Thumb Code    36  quaternion_supervisor.o(.text)
    inv_generate_accel_gyro_quaternion       0x0000449f   Thumb Code   468  quaternion_supervisor.o(.text)
    inv_stop_quaternion                      0x000046b7   Thumb Code     6  quaternion_supervisor.o(.text)
    inv_init_quaternion                      0x000046bd   Thumb Code    34  quaternion_supervisor.o(.text)
    inv_start_quaternion                     0x000046df   Thumb Code    34  quaternion_supervisor.o(.text)
    inv_enable_quaternion                    0x00004701   Thumb Code    24  quaternion_supervisor.o(.text)
    inv_disable_quaternion                   0x00004719   Thumb Code    20  quaternion_supervisor.o(.text)
    inv_init_accel_maxmin                    0x00004745   Thumb Code    34  accel_auto_cal.o(.text)
    inv_record_good_accel_maxmin             0x00004767   Thumb Code    58  accel_auto_cal.o(.text)
    inv_get_current_calibrated_accel         0x000047a1   Thumb Code    70  accel_auto_cal.o(.text)
    inv_sort_order_4_T                       0x00004b91   Thumb Code   134  accel_auto_cal.o(.text)
    inv_init_check_sample_balance            0x00004c17   Thumb Code    36  accel_auto_cal.o(.text)
    inv_init_check_sample_balance_parameter  0x00004c3b   Thumb Code    28  accel_auto_cal.o(.text)
    inv_add_accel_block_data                 0x00004c57   Thumb Code   180  accel_auto_cal.o(.text)
    inv_add_vector_block_data                0x00004d0b   Thumb Code   152  accel_auto_cal.o(.text)
    inv_check_sample_balance                 0x00004da3   Thumb Code   372  accel_auto_cal.o(.text)
    inv_auto_calibrate                       0x00004f69   Thumb Code   828  accel_auto_cal.o(.text)
    inv_init_in_use_auto_calibration         0x000052a5   Thumb Code    92  accel_auto_cal.o(.text)
    inv_start_in_use_auto_calibration        0x00005301   Thumb Code    14  accel_auto_cal.o(.text)
    inv_stop_in_use_auto_calibration         0x0000530f   Thumb Code     8  accel_auto_cal.o(.text)
    inv_enable_in_use_auto_calibration       0x00005317   Thumb Code    24  accel_auto_cal.o(.text)
    inv_disable_in_use_auto_calibration      0x0000532f   Thumb Code    22  accel_auto_cal.o(.text)
    inv_get_accel_bias_stage                 0x00005345   Thumb Code     6  accel_auto_cal.o(.text)
    __aeabi_ldivmod                          0x00005389   Thumb Code    98  ldiv.o(.text)
    __aeabi_llsl                             0x000053eb   Thumb Code    30  llshl.o(.text)
    _ll_shift_l                              0x000053eb   Thumb Code     0  llshl.o(.text)
    __aeabi_lasr                             0x00005409   Thumb Code    36  llsshr.o(.text)
    _ll_sshift_r                             0x00005409   Thumb Code     0  llsshr.o(.text)
    __rt_ctype_table                         0x0000542d   Thumb Code     4  ctype_o.o(.text)
    ___aeabi_memcpy8$move                    0x00005435   Thumb Code     0  memmovea.o(.text)
    __aeabi_memcpy                           0x00005435   Thumb Code    64  memmovea.o(.text)
    __aeabi_memcpy4                          0x00005435   Thumb Code     0  memmovea.o(.text)
    __aeabi_memmove                          0x00005435   Thumb Code     0  memmovea.o(.text)
    __aeabi_memmove4                         0x00005435   Thumb Code     0  memmovea.o(.text)
    __aeabi_memmove8                         0x00005435   Thumb Code     0  memmovea.o(.text)
    __aeabi_memset                           0x00005475   Thumb Code    14  memseta.o(.text)
    __aeabi_memset4                          0x00005475   Thumb Code     0  memseta.o(.text)
    __aeabi_memset8                          0x00005475   Thumb Code     0  memseta.o(.text)
    __aeabi_memclr                           0x00005483   Thumb Code     4  memseta.o(.text)
    __aeabi_memclr4                          0x00005483   Thumb Code     0  memseta.o(.text)
    __aeabi_memclr8                          0x00005483   Thumb Code     0  memseta.o(.text)
    _memset$wrapper                          0x00005487   Thumb Code    18  memseta.o(.text)
    strlen                                   0x00005499   Thumb Code    14  strlen.o(.text)
    memcmp                                   0x000054a7   Thumb Code    26  memcmp.o(.text)
    __aeabi_dadd                             0x000054c1   Thumb Code   322  dadd.o(.text)
    __aeabi_dsub                             0x00005603   Thumb Code     6  dadd.o(.text)
    __aeabi_drsub                            0x00005609   Thumb Code     6  dadd.o(.text)
    __aeabi_dmul                             0x0000560f   Thumb Code   228  dmul.o(.text)
    __aeabi_ddiv                             0x000056f3   Thumb Code   222  ddiv.o(.text)
    __aeabi_l2f                              0x000057d1   Thumb Code    44  ffltl.o(.text)
    __aeabi_i2d                              0x000057fd   Thumb Code    34  dflti.o(.text)
    __aeabi_f2lz                             0x0000581f   Thumb Code    66  ffixl.o(.text)
    __aeabi_d2iz                             0x00005861   Thumb Code    62  dfixi.o(.text)
    __aeabi_f2d                              0x0000589f   Thumb Code    38  f2d.o(.text)
    __aeabi_cdcmpeq                          0x000058c5   Thumb Code     0  cdcmple.o(.text)
    __aeabi_cdcmple                          0x000058c5   Thumb Code    48  cdcmple.o(.text)
    __aeabi_cdrcmple                         0x000058f5   Thumb Code    48  cdrcmple.o(.text)
    __aeabi_d2f                              0x00005925   Thumb Code    56  d2f.o(.text)
    __aeabi_uidiv                            0x0000595d   Thumb Code     0  uidiv.o(.text)
    __aeabi_uidivmod                         0x0000595d   Thumb Code    44  uidiv.o(.text)
    __aeabi_uldivmod                         0x00005989   Thumb Code    98  uldiv.o(.text)
    __aeabi_llsr                             0x000059eb   Thumb Code    32  llushr.o(.text)
    _ll_ushift_r                             0x000059eb   Thumb Code     0  llushr.o(.text)
    __I$use$fp                               0x00005a0b   Thumb Code     0  iusefp.o(.text)
    _float_round                             0x00005a0b   Thumb Code    18  fepilogue.o(.text)
    _float_epilogue                          0x00005a1d   Thumb Code    92  fepilogue.o(.text)
    _double_round                            0x00005a79   Thumb Code    30  depilogue.o(.text)
    _double_epilogue                         0x00005a97   Thumb Code   156  depilogue.o(.text)
    _dsqrt                                   0x00005b33   Thumb Code   162  dsqrt.o(.text)
    __aeabi_d2ulz                            0x00005bd5   Thumb Code    48  dfixul.o(.text)
    __scatterload                            0x00005c05   Thumb Code    28  init.o(.text)
    __scatterload_rt2                        0x00005c05   Thumb Code     0  init.o(.text)
    __aeabi_ui2d                             0x00005c29   Thumb Code    26  dfltui.o(.text)
    GPIOTE_IRQHandler                        0x00005c45   Thumb Code   430  nrf_drv_gpiote.o(i.GPIOTE_IRQHandler)
    POWER_CLOCK_IRQHandler                   0x00005e61   Thumb Code   180  nrf_drv_clock.o(i.POWER_CLOCK_IRQHandler)
    RTC1_IRQHandler                          0x00005f19   Thumb Code    32  app_timer_1.o(i.RTC1_IRQHandler)
    SPIM0_SPIS0_TWIM0_TWIS0_SPI0_TWI0_IRQHandler 0x00005f3d   Thumb Code     8  nrf_drv_twi.o(i.SPIM0_SPIS0_TWIM0_TWIS0_SPI0_TWI0_IRQHandler)
    SWI0_EGU0_IRQHandler                     0x00005f4d   Thumb Code     4  app_timer_1.o(i.SWI0_EGU0_IRQHandler)
    SystemInit                               0x00005f51   Thumb Code   432  system_nrf52840.o(i.SystemInit)
    UARTE0_UART0_IRQHandler                  0x00006139   Thumb Code    20  nrf_drv_uart.o(i.UARTE0_UART0_IRQHandler)
    _MLPrintLog                              0x00006155   Thumb Code   152  nrf_drv_inv_dmp.o(i._MLPrintLog)
    __0printf                                0x000061f9   Thumb Code    22  printfa.o(i.__0printf)
    __1printf                                0x000061f9   Thumb Code     0  printfa.o(i.__0printf)
    __2printf                                0x000061f9   Thumb Code     0  printfa.o(i.__0printf)
    __c89printf                              0x000061f9   Thumb Code     0  printfa.o(i.__0printf)
    printf                                   0x000061f9   Thumb Code     0  printfa.o(i.__0printf)
    __0snprintf                              0x00006219   Thumb Code    44  printfa.o(i.__0snprintf)
    __1snprintf                              0x00006219   Thumb Code     0  printfa.o(i.__0snprintf)
    __2snprintf                              0x00006219   Thumb Code     0  printfa.o(i.__0snprintf)
    __c89snprintf                            0x00006219   Thumb Code     0  printfa.o(i.__0snprintf)
    snprintf                                 0x00006219   Thumb Code     0  printfa.o(i.__0snprintf)
    __0vsprintf                              0x00006249   Thumb Code    30  printfa.o(i.__0vsprintf)
    __1vsprintf                              0x00006249   Thumb Code     0  printfa.o(i.__0vsprintf)
    __2vsprintf                              0x00006249   Thumb Code     0  printfa.o(i.__0vsprintf)
    __c89vsprintf                            0x00006249   Thumb Code     0  printfa.o(i.__0vsprintf)
    vsprintf                                 0x00006249   Thumb Code     0  printfa.o(i.__0vsprintf)
    __ARM_fpclassify                         0x0000626d   Thumb Code    48  fpclassify.o(i.__ARM_fpclassify)
    __ARM_fpclassifyf                        0x0000629d   Thumb Code    38  fpclassifyf.o(i.__ARM_fpclassifyf)
    __hardfp_acosf                           0x000062c5   Thumb Code   234  acosf.o(i.__hardfp_acosf)
    __hardfp_atan2f                          0x000063dd   Thumb Code   502  atan2f.o(i.__hardfp_atan2f)
    __hardfp_cos                             0x00006631   Thumb Code   180  cos.o(i.__hardfp_cos)
    __hardfp_cosf                            0x000066f9   Thumb Code   280  cosf.o(i.__hardfp_cosf)
    __hardfp_fabs                            0x00006849   Thumb Code    20  fabs.o(i.__hardfp_fabs)
    __hardfp_log                             0x00006861   Thumb Code   872  log.o(i.__hardfp_log)
    __hardfp_sinf                            0x00006c25   Thumb Code   344  sinf.o(i.__hardfp_sinf)
    __hardfp_sqrt                            0x00006db5   Thumb Code   122  sqrt.o(i.__hardfp_sqrt)
    __hardfp_sqrtf                           0x00006e2f   Thumb Code    58  sqrtf.o(i.__hardfp_sqrtf)
    __ieee754_rem_pio2                       0x00006e69   Thumb Code   938  rred.o(i.__ieee754_rem_pio2)
    __kernel_cos                             0x000072a1   Thumb Code   322  cos_i.o(i.__kernel_cos)
    __kernel_poly                            0x00007411   Thumb Code   248  poly.o(i.__kernel_poly)
    __kernel_sin                             0x00007509   Thumb Code   280  sin_i.o(i.__kernel_sin)
    __mathlib_dbl_divzero                    0x00007639   Thumb Code    28  dunder.o(i.__mathlib_dbl_divzero)
    __mathlib_dbl_infnan                     0x00007669   Thumb Code    20  dunder.o(i.__mathlib_dbl_infnan)
    __mathlib_dbl_invalid                    0x00007681   Thumb Code    24  dunder.o(i.__mathlib_dbl_invalid)
    __mathlib_dbl_underflow                  0x000076a1   Thumb Code    24  dunder.o(i.__mathlib_dbl_underflow)
    __mathlib_flt_infnan                     0x000076c1   Thumb Code     6  funder.o(i.__mathlib_flt_infnan)
    __mathlib_flt_infnan2                    0x000076c7   Thumb Code     6  funder.o(i.__mathlib_flt_infnan2)
    __mathlib_flt_invalid                    0x000076cd   Thumb Code    10  funder.o(i.__mathlib_flt_invalid)
    __mathlib_flt_underflow                  0x000076dd   Thumb Code    10  funder.o(i.__mathlib_flt_underflow)
    __mathlib_rredf2                         0x000076ed   Thumb Code   316  rredf.o(i.__mathlib_rredf2)
    __scatterload_copy                       0x00007871   Thumb Code    14  handlers.o(i.__scatterload_copy)
    __scatterload_null                       0x0000787f   Thumb Code     2  handlers.o(i.__scatterload_null)
    __scatterload_zeroinit                   0x00007881   Thumb Code    14  handlers.o(i.__scatterload_zeroinit)
    __set_errno                              0x00007891   Thumb Code     6  errno.o(i.__set_errno)
    app_error_fault_handler                  0x00008171   Thumb Code    54  app_error_weak.o(i.app_error_fault_handler)
    app_error_handler_bare                   0x000081dd   Thumb Code    22  app_error.o(i.app_error_handler_bare)
    app_fifo_get                             0x000081f3   Thumb Code    22  app_fifo.o(i.app_fifo_get)
    app_fifo_init                            0x00008209   Thumb Code    32  app_fifo.o(i.app_fifo_init)
    app_fifo_put                             0x00008229   Thumb Code    26  app_fifo.o(i.app_fifo_put)
    app_timer_cnt_get                        0x00008245   Thumb Code     6  app_timer_1.o(i.app_timer_cnt_get)
    app_timer_create                         0x00008251   Thumb Code    32  app_timer_1.o(i.app_timer_create)
    app_timer_init                           0x00008275   Thumb Code    70  app_timer_1.o(i.app_timer_init)
    app_timer_start                          0x000082c9   Thumb Code   120  app_timer_1.o(i.app_timer_start)
    app_uart_init                            0x00008349   Thumb Code   164  app_uart_fifo.o(i.app_uart_init)
    app_uart_put                             0x000083fd   Thumb Code    52  app_uart_fifo.o(i.app_uart_put)
    app_util_critical_region_enter           0x00008439   Thumb Code     4  app_util_platform.o(i.app_util_critical_region_enter)
    app_util_critical_region_exit            0x0000843d   Thumb Code     4  app_util_platform.o(i.app_util_critical_region_exit)
    app_util_disable_irq                     0x00008441   Thumb Code    12  app_util_platform.o(i.app_util_disable_irq)
    app_util_enable_irq                      0x00008451   Thumb Code    14  app_util_platform.o(i.app_util_enable_irq)
    bsp_board_led_off                        0x0000850d   Thumb Code    10  boards.o(i.bsp_board_led_off)
    bsp_board_leds_init                      0x0000851d   Thumb Code    38  boards.o(i.bsp_board_leds_init)
    bsp_board_leds_off                       0x00008549   Thumb Code    18  boards.o(i.bsp_board_leds_off)
    buffer_is_empty                          0x000085cd   Thumb Code    16  nrf_log_frontend.o(i.buffer_is_empty)
    dmp_enable_6x_lp_quat                    0x0000879d   Thumb Code    58  inv_mpu_dmp_motion_driver.o(i.dmp_enable_6x_lp_quat)
    dmp_enable_feature                       0x000087d9   Thumb Code   464  inv_mpu_dmp_motion_driver.o(i.dmp_enable_feature)
    dmp_enable_gyro_cal                      0x000089b1   Thumb Code    34  inv_mpu_dmp_motion_driver.o(i.dmp_enable_gyro_cal)
    dmp_enable_lp_quat                       0x000089ed   Thumb Code    58  inv_mpu_dmp_motion_driver.o(i.dmp_enable_lp_quat)
    dmp_load_motion_driver_firmware          0x00008a29   Thumb Code    16  inv_mpu_dmp_motion_driver.o(i.dmp_load_motion_driver_firmware)
    dmp_read_fifo                            0x00008a3d   Thumb Code   324  inv_mpu_dmp_motion_driver.o(i.dmp_read_fifo)
    dmp_register_android_orient_cb           0x00008b85   Thumb Code     8  inv_mpu_dmp_motion_driver.o(i.dmp_register_android_orient_cb)
    dmp_register_tap_cb                      0x00008b91   Thumb Code     8  inv_mpu_dmp_motion_driver.o(i.dmp_register_tap_cb)
    dmp_set_fifo_rate                        0x00008b9d   Thumb Code    82  inv_mpu_dmp_motion_driver.o(i.dmp_set_fifo_rate)
    dmp_set_orientation                      0x00008c01   Thumb Code   246  inv_mpu_dmp_motion_driver.o(i.dmp_set_orientation)
    dmp_set_shake_reject_thresh              0x00008d0d   Thumb Code    48  inv_mpu_dmp_motion_driver.o(i.dmp_set_shake_reject_thresh)
    dmp_set_shake_reject_time                0x00008d3d   Thumb Code    32  inv_mpu_dmp_motion_driver.o(i.dmp_set_shake_reject_time)
    dmp_set_shake_reject_timeout             0x00008d5d   Thumb Code    32  inv_mpu_dmp_motion_driver.o(i.dmp_set_shake_reject_timeout)
    dmp_set_tap_axes                         0x00008d7d   Thumb Code    64  inv_mpu_dmp_motion_driver.o(i.dmp_set_tap_axes)
    dmp_set_tap_count                        0x00008dbd   Thumb Code    34  inv_mpu_dmp_motion_driver.o(i.dmp_set_tap_count)
    dmp_set_tap_thresh                       0x00008de1   Thumb Code   314  inv_mpu_dmp_motion_driver.o(i.dmp_set_tap_thresh)
    dmp_set_tap_time                         0x00008f41   Thumb Code    32  inv_mpu_dmp_motion_driver.o(i.dmp_set_tap_time)
    dmp_set_tap_time_multi                   0x00008f61   Thumb Code    32  inv_mpu_dmp_motion_driver.o(i.dmp_set_tap_time_multi)
    fabs                                     0x00008fc1   Thumb Code    24  fabs.o(i.fabs)
    fputc                                    0x00008fff   Thumb Code    14  retarget.o(i.fputc)
    free                                     0x0000900d   Thumb Code    76  malloc.o(i.free)
    i2c_write_porting                        0x00009089   Thumb Code   102  nrf_drv_mpu_twi.o(i.i2c_write_porting)
    inv_apply_calibration                    0x00009181   Thumb Code   106  data_builder.o(i.inv_apply_calibration)
    inv_compass_angle                        0x000091ed   Thumb Code   162  ml_math_func.o(i.inv_compass_angle)
    inv_convert_to_body_with_scale           0x00009299   Thumb Code    92  ml_math_func.o(i.inv_convert_to_body_with_scale)
    inv_enable_eMPL_outputs                  0x00009345   Thumb Code    20  empl_outputs.o(i.inv_enable_eMPL_outputs)
    inv_enable_results_holder                0x00009361   Thumb Code    22  results_holder.o(i.inv_enable_results_holder)
    inv_execute_mpl_start_notification       0x0000937d   Thumb Code    38  start_manager.o(i.inv_execute_mpl_start_notification)
    inv_generate_results                     0x0000944d   Thumb Code    10  results_holder.o(i.inv_generate_results)
    inv_get_6axis_quaternion                 0x0000945d   Thumb Code    14  results_holder.o(i.inv_get_6axis_quaternion)
    inv_get_acc_state                        0x00009471   Thumb Code     6  results_holder.o(i.inv_get_acc_state)
    inv_get_accel_accuracy                   0x0000947d   Thumb Code     6  data_builder.o(i.inv_get_accel_accuracy)
    inv_get_accel_on                         0x00009489   Thumb Code    12  data_builder.o(i.inv_get_accel_on)
    inv_get_accel_set                        0x00009499   Thumb Code    34  data_builder.o(i.inv_get_accel_set)
    inv_get_compass_bias                     0x000094c1   Thumb Code    14  data_builder.o(i.inv_get_compass_bias)
    inv_get_compass_correction               0x000094d5   Thumb Code    20  results_holder.o(i.inv_get_compass_correction)
    inv_get_compass_on                       0x000094ed   Thumb Code    12  data_builder.o(i.inv_get_compass_on)
    inv_get_compass_state                    0x000094fd   Thumb Code     6  results_holder.o(i.inv_get_compass_state)
    inv_get_gravity                          0x00009509   Thumb Code    80  results_holder.o(i.inv_get_gravity)
    inv_get_gyro                             0x0000955d   Thumb Code    10  data_builder.o(i.inv_get_gyro)
    inv_get_gyro_accuracy                    0x0000956d   Thumb Code     6  data_builder.o(i.inv_get_gyro_accuracy)
    inv_get_gyro_bias                        0x00009579   Thumb Code    26  data_builder.o(i.inv_get_gyro_bias)
    inv_get_gyro_on                          0x0000959d   Thumb Code    10  data_builder.o(i.inv_get_gyro_on)
    inv_get_gyro_sum_of_sqr                  0x000095ad   Thumb Code    26  ml_math_func.o(i.inv_get_gyro_sum_of_sqr)
    inv_get_large_mag_field                  0x000095c9   Thumb Code     6  results_holder.o(i.inv_get_large_mag_field)
    inv_get_last_timestamp                   0x000095d5   Thumb Code    66  data_builder.o(i.inv_get_last_timestamp)
    inv_get_linear_accel                     0x0000961d   Thumb Code    58  results_holder.o(i.inv_get_linear_accel)
    inv_get_linear_accel_float               0x00009659   Thumb Code    64  results_holder.o(i.inv_get_linear_accel_float)
    inv_get_local_field                      0x0000969d   Thumb Code    10  results_holder.o(i.inv_get_local_field)
    inv_get_mag_accuracy                     0x000096ad   Thumb Code    20  data_builder.o(i.inv_get_mag_accuracy)
    inv_get_quaternion                       0x000096c9   Thumb Code    48  results_holder.o(i.inv_get_quaternion)
    inv_get_quaternion_set                   0x000096fd   Thumb Code    56  results_holder.o(i.inv_get_quaternion_set)
    inv_get_sensor_type_gravity              0x00009735   Thumb Code    88  hal_outputs.o(i.inv_get_sensor_type_gravity)
    inv_got_compass_bias                     0x00009795   Thumb Code     6  results_holder.o(i.inv_got_compass_bias)
    inv_init_data_builder                    0x000097a1   Thumb Code    44  data_builder.o(i.inv_init_data_builder)
    inv_init_mpl                             0x000097dd   Thumb Code    94  mpl.o(i.inv_init_mpl)
    inv_init_results_holder                  0x00009865   Thumb Code    40  results_holder.o(i.inv_init_results_holder)
    inv_init_start_manager                   0x00009895   Thumb Code    14  start_manager.o(i.inv_init_start_manager)
    inv_init_storage_manager                 0x000098a9   Thumb Code    20  storage_manager.o(i.inv_init_storage_manager)
    inv_orientation_matrix_to_scalar         0x000098c1   Thumb Code    34  ml_math_func.o(i.inv_orientation_matrix_to_scalar)
    inv_q29_mult                             0x000098e3   Thumb Code    12  ml_math_func.o(i.inv_q29_mult)
    inv_q30_mult                             0x000098ef   Thumb Code    12  ml_math_func.o(i.inv_q30_mult)
    inv_q_add                                0x000098fb   Thumb Code    36  ml_math_func.o(i.inv_q_add)
    inv_q_addf                               0x0000991f   Thumb Code    66  ml_math_func.o(i.inv_q_addf)
    inv_q_invert                             0x00009961   Thumb Code    24  ml_math_func.o(i.inv_q_invert)
    inv_q_invertf                            0x00009979   Thumb Code    46  ml_math_func.o(i.inv_q_invertf)
    inv_q_mult                               0x000099a7   Thumb Code   176  ml_math_func.o(i.inv_q_mult)
    inv_q_multf                              0x00009a57   Thumb Code   210  ml_math_func.o(i.inv_q_multf)
    inv_q_norm4                              0x00009b29   Thumb Code   126  ml_math_func.o(i.inv_q_norm4)
    inv_q_normalizef                         0x00009bad   Thumb Code   170  ml_math_func.o(i.inv_q_normalizef)
    inv_q_rotate                             0x00009c5d   Thumb Code    62  ml_math_func.o(i.inv_q_rotate)
    inv_quaternion_to_rotation               0x00009c9b   Thumb Code   218  ml_math_func.o(i.inv_quaternion_to_rotation)
    inv_register_data_cb                     0x00009d75   Thumb Code   150  data_builder.o(i.inv_register_data_cb)
    inv_register_load_store                  0x00009e19   Thumb Code   102  storage_manager.o(i.inv_register_load_store)
    inv_register_mpl_start_notification      0x00009e85   Thumb Code    28  start_manager.o(i.inv_register_mpl_start_notification)
    inv_reset_compass_soft_iron_matrix       0x00009ea5   Thumb Code    70  data_builder.o(i.inv_reset_compass_soft_iron_matrix)
    inv_set_accel_accuracy                   0x00009f41   Thumb Code    22  data_builder.o(i.inv_set_accel_accuracy)
    inv_set_accel_bias_found                 0x00009f5d   Thumb Code     6  results_holder.o(i.inv_set_accel_bias_found)
    inv_set_accel_bias_mask                  0x00009f69   Thumb Code    72  data_builder.o(i.inv_set_accel_bias_mask)
    inv_set_accel_orientation_and_scale      0x00009fb9   Thumb Code     8  data_builder.o(i.inv_set_accel_orientation_and_scale)
    inv_set_accel_sample_rate                0x00009fc5   Thumb Code    34  data_builder.o(i.inv_set_accel_sample_rate)
    inv_set_compass_bias                     0x00009ff1   Thumb Code    68  data_builder.o(i.inv_set_compass_bias)
    inv_set_compass_bias_error               0x0000a039   Thumb Code    10  results_holder.o(i.inv_set_compass_bias_error)
    inv_set_compass_bias_found               0x0000a049   Thumb Code     6  results_holder.o(i.inv_set_compass_bias_found)
    inv_set_compass_correction               0x0000a055   Thumb Code    28  results_holder.o(i.inv_set_compass_correction)
    inv_set_compass_disturbance              0x0000a075   Thumb Code     8  data_builder.o(i.inv_set_compass_disturbance)
    inv_set_compass_orientation_and_scale    0x0000a081   Thumb Code    12  data_builder.o(i.inv_set_compass_orientation_and_scale)
    inv_set_compass_sample_rate              0x0000a091   Thumb Code    34  data_builder.o(i.inv_set_compass_sample_rate)
    inv_set_compass_state                    0x0000a0bd   Thumb Code     6  results_holder.o(i.inv_set_compass_state)
    inv_set_gyro_bias                        0x0000a0c9   Thumb Code    88  data_builder.o(i.inv_set_gyro_bias)
    inv_set_gyro_orientation_and_scale       0x0000a125   Thumb Code     8  data_builder.o(i.inv_set_gyro_orientation_and_scale)
    inv_set_gyro_sample_rate                 0x0000a131   Thumb Code    30  data_builder.o(i.inv_set_gyro_sample_rate)
    inv_set_message                          0x0000a159   Thumb Code    16  message_layer.o(i.inv_set_message)
    inv_set_motion_state                     0x0000a16d   Thumb Code    48  results_holder.o(i.inv_set_motion_state)
    inv_set_quat_sample_rate                 0x0000a1a1   Thumb Code    20  data_builder.o(i.inv_set_quat_sample_rate)
    inv_start_mpl                            0x0000a1c9   Thumb Code    34  mpl.o(i.inv_start_mpl)
    inv_start_results_holder                 0x0000a215   Thumb Code    18  results_holder.o(i.inv_start_results_holder)
    inv_store_gaming_quaternion              0x0000a22d   Thumb Code    28  results_holder.o(i.inv_store_gaming_quaternion)
    inv_unregister_data_cb                   0x0000a24d   Thumb Code    72  data_builder.o(i.inv_unregister_data_cb)
    inv_unregister_mpl_start_notification    0x0000a299   Thumb Code    68  start_manager.o(i.inv_unregister_mpl_start_notification)
    magn_setup                               0x0000a53d   Thumb Code    36  main.o(i.magn_setup)
    main                                     0x0000a561   Thumb Code   734  main.o(i.main)
    malloc                                   0x0000aa5d   Thumb Code    92  malloc.o(i.malloc)
    millis                                   0x0000aac9   Thumb Code    30  nrf_drv_inv_dmp.o(i.millis)
    mpu_config                               0x0000aae7   Thumb Code    10  app_mpu.o(i.mpu_config)
    mpu_configure_fifo                       0x0000aaf1   Thumb Code    78  inv_mpu.o(i.mpu_configure_fifo)
    mpu_get_accel_fsr                        0x0000ab45   Thumb Code    54  inv_mpu.o(i.mpu_get_accel_fsr)
    mpu_get_compass_fsr                      0x0000ab81   Thumb Code    12  inv_mpu.o(i.mpu_get_compass_fsr)
    mpu_get_gyro_fsr                         0x0000ab91   Thumb Code    48  inv_mpu.o(i.mpu_get_gyro_fsr)
    mpu_get_int_status                       0x0000abc5   Thumb Code    48  inv_mpu.o(i.mpu_get_int_status)
    mpu_get_sample_rate                      0x0000abf9   Thumb Code    22  inv_mpu.o(i.mpu_get_sample_rate)
    mpu_init                                 0x0000ac15   Thumb Code    36  app_mpu.o(i.mpu_init)
    mpu_init_inv                             0x0000ac39   Thumb Code   212  inv_mpu.o(i.mpu_init_inv)
    mpu_int_cfg_pin                          0x0000ad11   Thumb Code     8  app_mpu.o(i.mpu_int_cfg_pin)
    mpu_load_firmware                        0x0000ad19   Thumb Code   186  inv_mpu.o(i.mpu_load_firmware)
    mpu_lp_accel_mode                        0x0000ae01   Thumb Code   232  inv_mpu.o(i.mpu_lp_accel_mode)
    mpu_magnetometer_init                    0x0000aeed   Thumb Code    46  app_mpu.o(i.mpu_magnetometer_init)
    mpu_read_fifo_stream                     0x0000af1d   Thumb Code   140  inv_mpu.o(i.mpu_read_fifo_stream)
    mpu_read_mem                             0x0000afad   Thumb Code    80  inv_mpu.o(i.mpu_read_mem)
    mpu_reset_fifo                           0x0000b001   Thumb Code   346  inv_mpu.o(i.mpu_reset_fifo)
    mpu_set_accel_fsr                        0x0000b161   Thumb Code    98  inv_mpu.o(i.mpu_set_accel_fsr)
    mpu_set_bypass                           0x0000b1c9   Thumb Code   214  inv_mpu.o(i.mpu_set_bypass)
    mpu_set_compass_sample_rate              0x0000b2a5   Thumb Code    76  inv_mpu.o(i.mpu_set_compass_sample_rate)
    mpu_set_dmp_state                        0x0000b2f5   Thumb Code   114  inv_mpu.o(i.mpu_set_dmp_state)
    mpu_set_gyro_fsr                         0x0000b36d   Thumb Code   104  inv_mpu.o(i.mpu_set_gyro_fsr)
    mpu_set_int_latched                      0x0000b3d9   Thumb Code    94  inv_mpu.o(i.mpu_set_int_latched)
    mpu_set_lpf                              0x0000b43d   Thumb Code   132  inv_mpu.o(i.mpu_set_lpf)
    mpu_set_sample_rate                      0x0000b4c5   Thumb Code   138  inv_mpu.o(i.mpu_set_sample_rate)
    mpu_set_sensors                          0x0000b555   Thumb Code   304  inv_mpu.o(i.mpu_set_sensors)
    mpu_setup                                0x0000b689   Thumb Code    84  main.o(i.mpu_setup)
    mpu_twi_read_test                        0x0000b711   Thumb Code   100  nrf_drv_mpu_twi.o(i.mpu_twi_read_test)
    mpu_write_mem                            0x0000b77d   Thumb Code   102  inv_mpu.o(i.mpu_write_mem)
    nrf_drv_clock_hfclk_release              0x0000ba71   Thumb Code    34  nrf_drv_clock.o(i.nrf_drv_clock_hfclk_release)
    nrf_drv_clock_hfclk_request              0x0000ba99   Thumb Code    82  nrf_drv_clock.o(i.nrf_drv_clock_hfclk_request)
    nrf_drv_clock_init                       0x0000baf1   Thumb Code    66  nrf_drv_clock.o(i.nrf_drv_clock_init)
    nrf_drv_clock_lfclk_request              0x0000bb3d   Thumb Code    86  nrf_drv_clock.o(i.nrf_drv_clock_lfclk_request)
    nrf_drv_common_irq_enable                0x0000bbb3   Thumb Code    56  nrf_drv_common.o(i.nrf_drv_common_irq_enable)
    nrf_drv_gpiote_in_init                   0x0000bbf1   Thumb Code   196  nrf_drv_gpiote.o(i.nrf_drv_gpiote_in_init)
    nrf_drv_gpiote_init                      0x0000bcf1   Thumb Code   118  nrf_drv_gpiote.o(i.nrf_drv_gpiote_init)
    nrf_drv_mpu_init                         0x0000bdf1   Thumb Code    42  nrf_drv_mpu_twi.o(i.nrf_drv_mpu_init)
    nrf_drv_mpu_read_registers               0x0000be25   Thumb Code    98  nrf_drv_mpu_twi.o(i.nrf_drv_mpu_read_registers)
    nrf_drv_mpu_write_magnetometer_register  0x0000beb9   Thumb Code    54  nrf_drv_mpu_twi.o(i.nrf_drv_mpu_write_magnetometer_register)
    nrf_drv_mpu_write_registers              0x0000bef9   Thumb Code    72  nrf_drv_mpu_twi.o(i.nrf_drv_mpu_write_registers)
    nrf_drv_mpu_write_single_register        0x0000bf4d   Thumb Code    54  nrf_drv_mpu_twi.o(i.nrf_drv_mpu_write_single_register)
    nrf_drv_twi_enable                       0x0000bf8d   Thumb Code    28  nrf_drv_twi.o(i.nrf_drv_twi_enable)
    nrf_drv_twi_init                         0x0000bfad   Thumb Code   134  nrf_drv_twi.o(i.nrf_drv_twi_init)
    nrf_drv_twi_rx                           0x0000c039   Thumb Code    32  nrf_drv_twi.o(i.nrf_drv_twi_rx)
    nrf_drv_twi_tx                           0x0000c05d   Thumb Code    36  nrf_drv_twi.o(i.nrf_drv_twi_tx)
    nrf_drv_twi_xfer                         0x0000c081   Thumb Code    30  nrf_drv_twi.o(i.nrf_drv_twi_xfer)
    nrf_drv_uart_init                        0x0000c0a5   Thumb Code    98  nrf_drv_uart.o(i.nrf_drv_uart_init)
    nrf_drv_uart_rx                          0x0000c10d   Thumb Code   170  nrf_drv_uart.o(i.nrf_drv_uart_rx)
    nrf_drv_uart_rx_enable                   0x0000c1bd   Thumb Code    42  nrf_drv_uart.o(i.nrf_drv_uart_rx_enable)
    nrf_drv_uart_tx                          0x0000c345   Thumb Code   262  nrf_drv_uart.o(i.nrf_drv_uart_tx)
    nrf_drv_uart_tx_in_progress              0x0000c451   Thumb Code    18  nrf_drv_uart.o(i.nrf_drv_uart_tx_in_progress)
    nrf_drv_uart_uninit                      0x0000c469   Thumb Code    74  nrf_drv_uart.o(i.nrf_drv_uart_uninit)
    nrf_log_backend_hexdump_handler_get      0x0000c6e1   Thumb Code     4  nrf_log_backend_serial.o(i.nrf_log_backend_hexdump_handler_get)
    nrf_log_backend_init                     0x0000c6e9   Thumb Code   100  nrf_log_backend_serial.o(i.nrf_log_backend_init)
    nrf_log_backend_std_handler_get          0x0000c99d   Thumb Code     4  nrf_log_backend_serial.o(i.nrf_log_backend_std_handler_get)
    nrf_log_blocking_backend_set             0x0000c9a5   Thumb Code     6  nrf_log_frontend.o(i.nrf_log_blocking_backend_set)
    nrf_log_frontend_dequeue                 0x0000c9ad   Thumb Code   298  nrf_log_frontend.o(i.nrf_log_frontend_dequeue)
    nrf_log_frontend_init                    0x0000cadd   Thumb Code    16  nrf_log_frontend.o(i.nrf_log_frontend_init)
    nrf_log_frontend_std_0                   0x0000caf1   Thumb Code    68  nrf_log_frontend.o(i.nrf_log_frontend_std_0)
    nrf_log_frontend_std_1                   0x0000cb3d   Thumb Code    80  nrf_log_frontend.o(i.nrf_log_frontend_std_1)
    nrf_log_frontend_std_2                   0x0000cb95   Thumb Code    96  nrf_log_frontend.o(i.nrf_log_frontend_std_2)
    nrf_log_frontend_std_3                   0x0000cbfd   Thumb Code   114  nrf_log_frontend.o(i.nrf_log_frontend_std_3)
    nrf_log_handlers_set                     0x0000cc79   Thumb Code    10  nrf_log_frontend.o(i.nrf_log_handlers_set)
    nrf_log_init                             0x0000cc89   Thumb Code    36  nrf_log_frontend.o(i.nrf_log_init)
    nrf_log_push                             0x0000ccad   Thumb Code    90  nrf_log_frontend.o(i.nrf_log_push)
    nrf_strerror_find                        0x0000cd0d   Thumb Code    52  nrf_strerror.o(i.nrf_strerror_find)
    nrf_strerror_get                         0x0000cd45   Thumb Code    14  nrf_strerror.o(i.nrf_strerror_get)
    sqrtf                                    0x0000d13d   Thumb Code    62  sqrtf.o(i.sqrtf)
    uart_config                              0x0000d665   Thumb Code    62  main.o(i.uart_config)
    uart_error_handle                        0x0000d6b5   Thumb Code    18  main.o(i.uart_error_handle)
    updateFifo                               0x0000d989   Thumb Code    44  main.o(i.updateFifo)
    ml_ver                                   0x0000dc00   Data          20  mpl.o(.constdata)
    reg                                      0x0000e825   Data          42  inv_mpu.o(.constdata)
    hw                                       0x0000e850   Data          14  inv_mpu.o(.constdata)
    test                                     0x0000e860   Data          48  inv_mpu.o(.constdata)
    __ctype_table                            0x0000e8c8   Data         129  ctype_o.o(.constdata)
    __mathlib_zero                           0x0000e980   Data           8  qnan.o(.constdata)
    Region$$Table$$Base                      0x0000edfc   Number         0  anon$$obj.o(Region$$Table)
    Region$$Table$$Limit                     0x0000ee1c   Number         0  anon$$obj.o(Region$$Table)
    mpl_key                                  0x20000000   Data           4  main.o(.data)
    __stdout                                 0x20000040   Data           4  retarget.o(.data)
    SystemCoreClock                          0x20000090   Data           4  system_nrf52840.o(.data)
    __microlib_freelist                      0x200000a4   Data           4  mvars.o(.data)
    __microlib_freelist_initialised          0x200000a8   Data           4  mvars.o(.data)
    twi_tx_buffer                            0x2000061c   Data          16  nrf_drv_mpu_twi.o(.bss)
    cb                                       0x200012b0   Data         232  compass_vec_cal.o(.bss)
    cb_test                                  0x20001398   Data         232  compass_vec_cal.o(.bss)
    cb_sim                                   0x20001480   Data         232  compass_vec_cal.o(.bss)
    vc                                       0x20001568   Data         424  compass_vec_cal.o(.bss)
    fnm                                      0x20001710   Data         608  fast_no_motion.o(.bss)
    s9axis                                   0x200019b0   Data         312  fusion_9axis.o(.bss)
    mag_disturb                              0x20001ae8   Data         184  mag_disturb.o(.bss)
    __heap_base                              0x200020c8   Data           0  arm_startup_nrf52840.o(HEAP)
    __heap_limit                             0x200040c8   Data           0  arm_startup_nrf52840.o(HEAP)
    __initial_sp                             0x200060c8   Data           0  arm_startup_nrf52840.o(STACK)



==============================================================================

Memory Map of the image

  Image Entry point : 0x00000201

  Load Region LR_IROM1 (Base: 0x00000000, Size: 0x0000eecc, Max: 0x00100000, ABSOLUTE)

    Execution Region ER_IROM1 (Base: 0x00000000, Size: 0x0000ee1c, Max: 0x00100000, ABSOLUTE)

    Base Addr    Size         Type   Attr      Idx    E Section Name        Object

    0x00000000   0x00000200   Data   RO         4430    RESET               arm_startup_nrf52840.o
    0x00000200   0x00000000   Code   RO         4893  * .ARM.Collect$$$$00000000  mc_w.l(entry.o)
    0x00000200   0x00000004   Code   RO         5309    .ARM.Collect$$$$00000001  mc_w.l(entry2.o)
    0x00000204   0x00000004   Code   RO         5312    .ARM.Collect$$$$00000004  mc_w.l(entry5.o)
    0x00000208   0x00000000   Code   RO         5314    .ARM.Collect$$$$00000008  mc_w.l(entry7b.o)
    0x00000208   0x00000000   Code   RO         5316    .ARM.Collect$$$$0000000A  mc_w.l(entry8b.o)
    0x00000208   0x00000008   Code   RO         5317    .ARM.Collect$$$$0000000B  mc_w.l(entry9a.o)
    0x00000210   0x00000000   Code   RO         5319    .ARM.Collect$$$$0000000D  mc_w.l(entry10a.o)
    0x00000210   0x00000000   Code   RO         5321    .ARM.Collect$$$$0000000F  mc_w.l(entry11a.o)
    0x00000210   0x00000004   Code   RO         5310    .ARM.Collect$$$$00002712  mc_w.l(entry2.o)
    0x00000214   0x00000024   Code   RO         4431    .text               arm_startup_nrf52840.o
    0x00000238   0x000024f0   Code   RO         4471    .text               libmpllib.lib(compass_vec_cal.o)
    0x00002728   0x00000a18   Code   RO         4561    .text               libmpllib.lib(fast_no_motion.o)
    0x00003140   0x000006b0   Code   RO         4594    .text               libmpllib.lib(fusion_9axis.o)
    0x000037f0   0x000005c0   Code   RO         4616    .text               libmpllib.lib(mag_disturb.o)
    0x00003db0   0x00000994   Code   RO         4638    .text               libmpllib.lib(quaternion_supervisor.o)
    0x00004744   0x00000c44   Code   RO         4656    .text               libmpllib.lib(accel_auto_cal.o)
    0x00005388   0x00000062   Code   RO         4896    .text               mc_w.l(ldiv.o)
    0x000053ea   0x0000001e   Code   RO         4898    .text               mc_w.l(llshl.o)
    0x00005408   0x00000024   Code   RO         4900    .text               mc_w.l(llsshr.o)
    0x0000542c   0x00000008   Code   RO         4902    .text               mc_w.l(ctype_o.o)
    0x00005434   0x00000040   Code   RO         4932    .text               mc_w.l(memmovea.o)
    0x00005474   0x00000024   Code   RO         4934    .text               mc_w.l(memseta.o)
    0x00005498   0x0000000e   Code   RO         4936    .text               mc_w.l(strlen.o)
    0x000054a6   0x0000001a   Code   RO         4938    .text               mc_w.l(memcmp.o)
    0x000054c0   0x0000014e   Code   RO         5235    .text               mf_w.l(dadd.o)
    0x0000560e   0x000000e4   Code   RO         5237    .text               mf_w.l(dmul.o)
    0x000056f2   0x000000de   Code   RO         5239    .text               mf_w.l(ddiv.o)
    0x000057d0   0x0000002c   Code   RO         5241    .text               mf_w.l(ffltl.o)
    0x000057fc   0x00000022   Code   RO         5243    .text               mf_w.l(dflti.o)
    0x0000581e   0x00000042   Code   RO         5245    .text               mf_w.l(ffixl.o)
    0x00005860   0x0000003e   Code   RO         5247    .text               mf_w.l(dfixi.o)
    0x0000589e   0x00000026   Code   RO         5249    .text               mf_w.l(f2d.o)
    0x000058c4   0x00000030   Code   RO         5251    .text               mf_w.l(cdcmple.o)
    0x000058f4   0x00000030   Code   RO         5253    .text               mf_w.l(cdrcmple.o)
    0x00005924   0x00000038   Code   RO         5255    .text               mf_w.l(d2f.o)
    0x0000595c   0x0000002c   Code   RO         5323    .text               mc_w.l(uidiv.o)
    0x00005988   0x00000062   Code   RO         5325    .text               mc_w.l(uldiv.o)
    0x000059ea   0x00000020   Code   RO         5327    .text               mc_w.l(llushr.o)
    0x00005a0a   0x00000000   Code   RO         5338    .text               mc_w.l(iusefp.o)
    0x00005a0a   0x0000006e   Code   RO         5339    .text               mf_w.l(fepilogue.o)
    0x00005a78   0x000000ba   Code   RO         5341    .text               mf_w.l(depilogue.o)
    0x00005b32   0x000000a2   Code   RO         5347    .text               mf_w.l(dsqrt.o)
    0x00005bd4   0x00000030   Code   RO         5349    .text               mf_w.l(dfixul.o)
    0x00005c04   0x00000024   Code   RO         5351    .text               mc_w.l(init.o)
    0x00005c28   0x0000001a   Code   RO         5353    .text               mf_w.l(dfltui.o)
    0x00005c42   0x00000002   PAD
    0x00005c44   0x000001b8   Code   RO         1348    i.GPIOTE_IRQHandler  nrf_drv_gpiote.o
    0x00005dfc   0x00000016   Code   RO         1611    i.NVIC_ClearPendingIRQ  app_timer_1.o
    0x00005e12   0x00000016   Code   RO         1612    i.NVIC_EnableIRQ    app_timer_1.o
    0x00005e28   0x00000016   Code   RO         1613    i.NVIC_SetPendingIRQ  app_timer_1.o
    0x00005e3e   0x00000020   Code   RO         1614    i.NVIC_SetPriority  app_timer_1.o
    0x00005e5e   0x00000002   PAD
    0x00005e60   0x000000b8   Code   RO          909    i.POWER_CLOCK_IRQHandler  nrf_drv_clock.o
    0x00005f18   0x00000024   Code   RO         1615    i.RTC1_IRQHandler   app_timer_1.o
    0x00005f3c   0x00000010   Code   RO          327    i.SPIM0_SPIS0_TWIM0_TWIS0_SPI0_TWI0_IRQHandler  nrf_drv_twi.o
    0x00005f4c   0x00000004   Code   RO         1616    i.SWI0_EGU0_IRQHandler  app_timer_1.o
    0x00005f50   0x000001e8   Code   RO         4439    i.SystemInit        system_nrf52840.o
    0x00006138   0x0000001c   Code   RO         1107    i.UARTE0_UART0_IRQHandler  nrf_drv_uart.o
    0x00006154   0x000000a4   Code   RO          734    i._MLPrintLog       nrf_drv_inv_dmp.o
    0x000061f8   0x00000020   Code   RO         5179    i.__0printf         mc_w.l(printfa.o)
    0x00006218   0x00000030   Code   RO         5180    i.__0snprintf       mc_w.l(printfa.o)
    0x00006248   0x00000024   Code   RO         5185    i.__0vsprintf       mc_w.l(printfa.o)
    0x0000626c   0x00000030   Code   RO         5274    i.__ARM_fpclassify  m_wm.l(fpclassify.o)
    0x0000629c   0x00000026   Code   RO         5276    i.__ARM_fpclassifyf  m_wm.l(fpclassifyf.o)
    0x000062c2   0x00000002   PAD
    0x000062c4   0x00000118   Code   RO         4699    i.__hardfp_acosf    m_wm.l(acosf.o)
    0x000063dc   0x00000250   Code   RO         4763    i.__hardfp_atan2f   m_wm.l(atan2f.o)
    0x0000662c   0x00000004   PAD
    0x00006630   0x000000c8   Code   RO         4781    i.__hardfp_cos      m_wm.l(cos.o)
    0x000066f8   0x00000150   Code   RO         4793    i.__hardfp_cosf     m_wm.l(cosf.o)
    0x00006848   0x00000014   Code   RO         4805    i.__hardfp_fabs     m_wm.l(fabs.o)
    0x0000685c   0x00000004   PAD
    0x00006860   0x000003c4   Code   RO         4817    i.__hardfp_log      m_wm.l(log.o)
    0x00006c24   0x00000190   Code   RO         4857    i.__hardfp_sinf     m_wm.l(sinf.o)
    0x00006db4   0x0000007a   Code   RO         4869    i.__hardfp_sqrt     m_wm.l(sqrt.o)
    0x00006e2e   0x0000003a   Code   RO         4881    i.__hardfp_sqrtf    m_wm.l(sqrtf.o)
    0x00006e68   0x00000438   Code   RO         5295    i.__ieee754_rem_pio2  m_wm.l(rred.o)
    0x000072a0   0x00000170   Code   RO         5257    i.__kernel_cos      m_wm.l(cos_i.o)
    0x00007410   0x000000f8   Code   RO         5292    i.__kernel_poly     m_wm.l(poly.o)
    0x00007508   0x00000130   Code   RO         5303    i.__kernel_sin      m_wm.l(sin_i.o)
    0x00007638   0x00000030   Code   RO         5260    i.__mathlib_dbl_divzero  m_wm.l(dunder.o)
    0x00007668   0x00000014   Code   RO         5261    i.__mathlib_dbl_infnan  m_wm.l(dunder.o)
    0x0000767c   0x00000004   PAD
    0x00007680   0x00000020   Code   RO         5263    i.__mathlib_dbl_invalid  m_wm.l(dunder.o)
    0x000076a0   0x00000020   Code   RO         5266    i.__mathlib_dbl_underflow  m_wm.l(dunder.o)
    0x000076c0   0x00000006   Code   RO         5279    i.__mathlib_flt_infnan  m_wm.l(funder.o)
    0x000076c6   0x00000006   Code   RO         5280    i.__mathlib_flt_infnan2  m_wm.l(funder.o)
    0x000076cc   0x00000010   Code   RO         5281    i.__mathlib_flt_invalid  m_wm.l(funder.o)
    0x000076dc   0x00000010   Code   RO         5284    i.__mathlib_flt_underflow  m_wm.l(funder.o)
    0x000076ec   0x00000154   Code   RO         5300    i.__mathlib_rredf2  m_wm.l(rredf.o)
    0x00007840   0x00000030   Code   RO         3481    i.__print_result_location  mpl.o
    0x00007870   0x0000000e   Code   RO         5357    i.__scatterload_copy  mc_w.l(handlers.o)
    0x0000787e   0x00000002   Code   RO         5358    i.__scatterload_null  mc_w.l(handlers.o)
    0x00007880   0x0000000e   Code   RO         5359    i.__scatterload_zeroinit  mc_w.l(handlers.o)
    0x0000788e   0x00000002   PAD
    0x00007890   0x0000000c   Code   RO         5333    i.__set_errno       mc_w.l(errno.o)
    0x0000789c   0x00000184   Code   RO         5186    i._fp_digits        mc_w.l(printfa.o)
    0x00007a20   0x000006dc   Code   RO         5187    i._printf_core      mc_w.l(printfa.o)
    0x000080fc   0x00000024   Code   RO         5188    i._printf_post_padding  mc_w.l(printfa.o)
    0x00008120   0x0000002e   Code   RO         5189    i._printf_pre_padding  mc_w.l(printfa.o)
    0x0000814e   0x00000016   Code   RO         5190    i._snputc           mc_w.l(printfa.o)
    0x00008164   0x0000000a   Code   RO         5191    i._sputc            mc_w.l(printfa.o)
    0x0000816e   0x00000002   Code   RO            4    i.android_orient_cb  main.o
    0x00008170   0x0000006c   Code   RO         1820    i.app_error_fault_handler  app_error_weak.o
    0x000081dc   0x00000016   Code   RO         1781    i.app_error_handler_bare  app_error.o
    0x000081f2   0x00000016   Code   RO         1849    i.app_fifo_get      app_fifo.o
    0x00008208   0x00000020   Code   RO         1850    i.app_fifo_init     app_fifo.o
    0x00008228   0x0000001a   Code   RO         1852    i.app_fifo_put      app_fifo.o
    0x00008242   0x00000002   PAD
    0x00008244   0x0000000c   Code   RO         1618    i.app_timer_cnt_get  app_timer_1.o
    0x00008250   0x00000024   Code   RO         1619    i.app_timer_create  app_timer_1.o
    0x00008274   0x00000054   Code   RO         1620    i.app_timer_init    app_timer_1.o
    0x000082c8   0x00000080   Code   RO         1623    i.app_timer_start   app_timer_1.o
    0x00008348   0x000000b4   Code   RO         1924    i.app_uart_init     app_uart_fifo.o
    0x000083fc   0x0000003c   Code   RO         1925    i.app_uart_put      app_uart_fifo.o
    0x00008438   0x00000004   Code   RO         1993    i.app_util_critical_region_enter  app_util_platform.o
    0x0000843c   0x00000004   Code   RO         1994    i.app_util_critical_region_exit  app_util_platform.o
    0x00008440   0x00000010   Code   RO         1995    i.app_util_disable_irq  app_util_platform.o
    0x00008450   0x00000014   Code   RO         1996    i.app_util_enable_irq  app_util_platform.o
    0x00008464   0x000000a8   Code   RO         1108    i.apply_config      nrf_drv_uart.o
    0x0000850c   0x00000010   Code   RO          800    i.bsp_board_led_off  boards.o
    0x0000851c   0x0000002c   Code   RO          803    i.bsp_board_leds_init  boards.o
    0x00008548   0x00000012   Code   RO          804    i.bsp_board_leds_off  boards.o
    0x0000855a   0x00000012   Code   RO         2153    i.buf_len_update    nrf_log_backend_serial.o
    0x0000856c   0x00000060   Code   RO         2248    i.buf_prealloc      nrf_log_frontend.o
    0x000085cc   0x00000014   Code   RO         2249    i.buffer_is_empty   nrf_log_frontend.o
    0x000085e0   0x0000001c   Code   RO         1349    i.channel_free      nrf_drv_gpiote.o
    0x000085fc   0x00000048   Code   RO         1350    i.channel_port_alloc  nrf_drv_gpiote.o
    0x00008644   0x00000010   Code   RO         1351    i.channel_port_get  nrf_drv_gpiote.o
    0x00008654   0x00000028   Code   RO          911    i.clock_clk_started_notify  nrf_drv_clock.o
    0x0000867c   0x000000ac   Code   RO         1626    i.compare_reg_update  app_timer_1.o
    0x00008728   0x00000074   Code   RO         2250    i.cont_buf_prealloc  nrf_log_frontend.o
    0x0000879c   0x0000003a   Code   RO         3824    i.dmp_enable_6x_lp_quat  inv_mpu_dmp_motion_driver.o
    0x000087d6   0x00000002   PAD
    0x000087d8   0x000001d8   Code   RO         3825    i.dmp_enable_feature  inv_mpu_dmp_motion_driver.o
    0x000089b0   0x0000003c   Code   RO         3826    i.dmp_enable_gyro_cal  inv_mpu_dmp_motion_driver.o
    0x000089ec   0x0000003a   Code   RO         3827    i.dmp_enable_lp_quat  inv_mpu_dmp_motion_driver.o
    0x00008a26   0x00000002   PAD
    0x00008a28   0x00000014   Code   RO         3832    i.dmp_load_motion_driver_firmware  inv_mpu_dmp_motion_driver.o
    0x00008a3c   0x00000148   Code   RO         3833    i.dmp_read_fifo     inv_mpu_dmp_motion_driver.o
    0x00008b84   0x0000000c   Code   RO         3834    i.dmp_register_android_orient_cb  inv_mpu_dmp_motion_driver.o
    0x00008b90   0x0000000c   Code   RO         3835    i.dmp_register_tap_cb  inv_mpu_dmp_motion_driver.o
    0x00008b9c   0x00000064   Code   RO         3837    i.dmp_set_fifo_rate  inv_mpu_dmp_motion_driver.o
    0x00008c00   0x0000010c   Code   RO         3840    i.dmp_set_orientation  inv_mpu_dmp_motion_driver.o
    0x00008d0c   0x00000030   Code   RO         3843    i.dmp_set_shake_reject_thresh  inv_mpu_dmp_motion_driver.o
    0x00008d3c   0x00000020   Code   RO         3844    i.dmp_set_shake_reject_time  inv_mpu_dmp_motion_driver.o
    0x00008d5c   0x00000020   Code   RO         3845    i.dmp_set_shake_reject_timeout  inv_mpu_dmp_motion_driver.o
    0x00008d7c   0x00000040   Code   RO         3846    i.dmp_set_tap_axes  inv_mpu_dmp_motion_driver.o
    0x00008dbc   0x00000022   Code   RO         3847    i.dmp_set_tap_count  inv_mpu_dmp_motion_driver.o
    0x00008dde   0x00000002   PAD
    0x00008de0   0x00000160   Code   RO         3848    i.dmp_set_tap_thresh  inv_mpu_dmp_motion_driver.o
    0x00008f40   0x00000020   Code   RO         3849    i.dmp_set_tap_time  inv_mpu_dmp_motion_driver.o
    0x00008f60   0x00000020   Code   RO         3850    i.dmp_set_tap_time_multi  inv_mpu_dmp_motion_driver.o
    0x00008f80   0x00000040   Code   RO         1627    i.elapsed_ticks_acquire  app_timer_1.o
    0x00008fc0   0x00000018   Code   RO         4807    i.fabs              m_wm.l(fabs.o)
    0x00008fd8   0x00000014   Code   RO         1855    i.fifo_get          app_fifo.o
    0x00008fec   0x00000012   Code   RO         1856    i.fifo_put          app_fifo.o
    0x00008ffe   0x0000000e   Code   RO         2116    i.fputc             retarget.o
    0x0000900c   0x00000050   Code   RO         5207    i.free              mc_w.l(malloc.o)
    0x0000905c   0x0000000c   Code   RO            5    i.gyro_data_ready_cb  main.o
    0x00009068   0x00000020   Code   RO          912    i.hfclk_stop        nrf_drv_clock.o
    0x00009088   0x00000080   Code   RO          524    i.i2c_write_porting  nrf_drv_mpu_twi.o
    0x00009108   0x00000078   Code   RO         1109    i.interrupts_enable  nrf_drv_uart.o
    0x00009180   0x0000006a   Code   RO         2533    i.inv_apply_calibration  data_builder.o
    0x000091ea   0x00000002   PAD
    0x000091ec   0x000000ac   Code   RO         3128    i.inv_compass_angle  ml_math_func.o
    0x00009298   0x0000005c   Code   RO         3130    i.inv_convert_to_body_with_scale  ml_math_func.o
    0x000092f4   0x0000003c   Code   RO         2540    i.inv_db_load_func  data_builder.o
    0x00009330   0x00000014   Code   RO         2541    i.inv_db_save_func  data_builder.o
    0x00009344   0x0000001c   Code   RO         4357    i.inv_enable_eMPL_outputs  empl_outputs.o
    0x00009360   0x0000001c   Code   RO         3516    i.inv_enable_results_holder  results_holder.o
    0x0000937c   0x0000002c   Code   RO         3751    i.inv_execute_mpl_start_notification  start_manager.o
    0x000093a8   0x000000a4   Code   RO         4358    i.inv_generate_eMPL_outputs  empl_outputs.o
    0x0000944c   0x00000010   Code   RO         3517    i.inv_generate_results  results_holder.o
    0x0000945c   0x00000014   Code   RO         3518    i.inv_get_6axis_quaternion  results_holder.o
    0x00009470   0x0000000c   Code   RO         3519    i.inv_get_acc_state  results_holder.o
    0x0000947c   0x0000000c   Code   RO         2545    i.inv_get_accel_accuracy  data_builder.o
    0x00009488   0x00000010   Code   RO         2547    i.inv_get_accel_on  data_builder.o
    0x00009498   0x00000028   Code   RO         2551    i.inv_get_accel_set  data_builder.o
    0x000094c0   0x00000014   Code   RO         2552    i.inv_get_compass_bias  data_builder.o
    0x000094d4   0x00000018   Code   RO         3523    i.inv_get_compass_correction  results_holder.o
    0x000094ec   0x00000010   Code   RO         2554    i.inv_get_compass_on  data_builder.o
    0x000094fc   0x0000000c   Code   RO         3524    i.inv_get_compass_state  results_holder.o
    0x00009508   0x00000054   Code   RO         3525    i.inv_get_gravity   results_holder.o
    0x0000955c   0x00000010   Code   RO         2562    i.inv_get_gyro      data_builder.o
    0x0000956c   0x0000000c   Code   RO         2563    i.inv_get_gyro_accuracy  data_builder.o
    0x00009578   0x00000024   Code   RO         2564    i.inv_get_gyro_bias  data_builder.o
    0x0000959c   0x00000010   Code   RO         2566    i.inv_get_gyro_on   data_builder.o
    0x000095ac   0x0000001a   Code   RO         3134    i.inv_get_gyro_sum_of_sqr  ml_math_func.o
    0x000095c6   0x00000002   PAD
    0x000095c8   0x0000000c   Code   RO         3528    i.inv_get_large_mag_field  results_holder.o
    0x000095d4   0x00000048   Code   RO         2572    i.inv_get_last_timestamp  data_builder.o
    0x0000961c   0x0000003a   Code   RO         3529    i.inv_get_linear_accel  results_holder.o
    0x00009656   0x00000002   PAD
    0x00009658   0x00000044   Code   RO         3530    i.inv_get_linear_accel_float  results_holder.o
    0x0000969c   0x00000010   Code   RO         3531    i.inv_get_local_field  results_holder.o
    0x000096ac   0x0000001c   Code   RO         2573    i.inv_get_mag_accuracy  data_builder.o
    0x000096c8   0x00000034   Code   RO         3534    i.inv_get_quaternion  results_holder.o
    0x000096fc   0x00000038   Code   RO         3536    i.inv_get_quaternion_set  results_holder.o
    0x00009734   0x00000060   Code   RO         2995    i.inv_get_sensor_type_gravity  hal_outputs.o
    0x00009794   0x0000000c   Code   RO         3538    i.inv_got_compass_bias  results_holder.o
    0x000097a0   0x0000003c   Code   RO         2576    i.inv_init_data_builder  data_builder.o
    0x000097dc   0x00000088   Code   RO         3483    i.inv_init_mpl      mpl.o
    0x00009864   0x00000030   Code   RO         3539    i.inv_init_results_holder  results_holder.o
    0x00009894   0x00000014   Code   RO         3752    i.inv_init_start_manager  start_manager.o
    0x000098a8   0x00000018   Code   RO         3784    i.inv_init_storage_manager  storage_manager.o
    0x000098c0   0x00000022   Code   RO         3143    i.inv_orientation_matrix_to_scalar  ml_math_func.o
    0x000098e2   0x0000000c   Code   RO         3144    i.inv_q29_mult      ml_math_func.o
    0x000098ee   0x0000000c   Code   RO         3146    i.inv_q30_mult      ml_math_func.o
    0x000098fa   0x00000024   Code   RO         3148    i.inv_q_add         ml_math_func.o
    0x0000991e   0x00000042   Code   RO         3149    i.inv_q_addf        ml_math_func.o
    0x00009960   0x00000018   Code   RO         3150    i.inv_q_invert      ml_math_func.o
    0x00009978   0x0000002e   Code   RO         3151    i.inv_q_invertf     ml_math_func.o
    0x000099a6   0x000000b0   Code   RO         3152    i.inv_q_mult        ml_math_func.o
    0x00009a56   0x000000d2   Code   RO         3153    i.inv_q_multf       ml_math_func.o
    0x00009b28   0x00000084   Code   RO         3154    i.inv_q_norm4       ml_math_func.o
    0x00009bac   0x000000b0   Code   RO         3156    i.inv_q_normalizef  ml_math_func.o
    0x00009c5c   0x0000003e   Code   RO         3157    i.inv_q_rotate      ml_math_func.o
    0x00009c9a   0x000000da   Code   RO         3159    i.inv_quaternion_to_rotation  ml_math_func.o
    0x00009d74   0x000000a4   Code   RO         2579    i.inv_register_data_cb  data_builder.o
    0x00009e18   0x0000006c   Code   RO         3786    i.inv_register_load_store  storage_manager.o
    0x00009e84   0x00000020   Code   RO         3753    i.inv_register_mpl_start_notification  start_manager.o
    0x00009ea4   0x00000054   Code   RO         2580    i.inv_reset_compass_soft_iron_matrix  data_builder.o
    0x00009ef8   0x00000048   Code   RO         3161    i.inv_row_2_scale   ml_math_func.o
    0x00009f40   0x0000001c   Code   RO         2581    i.inv_set_accel_accuracy  data_builder.o
    0x00009f5c   0x0000000c   Code   RO         3542    i.inv_set_accel_bias_found  results_holder.o
    0x00009f68   0x00000050   Code   RO         2584    i.inv_set_accel_bias_mask  data_builder.o
    0x00009fb8   0x0000000c   Code   RO         2585    i.inv_set_accel_orientation_and_scale  data_builder.o
    0x00009fc4   0x0000002c   Code   RO         2586    i.inv_set_accel_sample_rate  data_builder.o
    0x00009ff0   0x00000048   Code   RO         2588    i.inv_set_compass_bias  data_builder.o
    0x0000a038   0x00000010   Code   RO         3543    i.inv_set_compass_bias_error  results_holder.o
    0x0000a048   0x0000000c   Code   RO         3544    i.inv_set_compass_bias_found  results_holder.o
    0x0000a054   0x00000020   Code   RO         3545    i.inv_set_compass_correction  results_holder.o
    0x0000a074   0x0000000c   Code   RO         2589    i.inv_set_compass_disturbance  data_builder.o
    0x0000a080   0x00000010   Code   RO         2590    i.inv_set_compass_orientation_and_scale  data_builder.o
    0x0000a090   0x0000002c   Code   RO         2591    i.inv_set_compass_sample_rate  data_builder.o
    0x0000a0bc   0x0000000c   Code   RO         3546    i.inv_set_compass_state  results_holder.o
    0x0000a0c8   0x0000005c   Code   RO         2597    i.inv_set_gyro_bias  data_builder.o
    0x0000a124   0x0000000c   Code   RO         2598    i.inv_set_gyro_orientation_and_scale  data_builder.o
    0x0000a130   0x00000028   Code   RO         2599    i.inv_set_gyro_sample_rate  data_builder.o
    0x0000a158   0x00000014   Code   RO         3103    i.inv_set_message   message_layer.o
    0x0000a16c   0x00000034   Code   RO         3551    i.inv_set_motion_state  results_holder.o
    0x0000a1a0   0x00000018   Code   RO         2600    i.inv_set_quat_sample_rate  data_builder.o
    0x0000a1b8   0x00000010   Code   RO         4366    i.inv_start_eMPL_outputs  empl_outputs.o
    0x0000a1c8   0x0000004c   Code   RO         3484    i.inv_start_mpl     mpl.o
    0x0000a214   0x00000018   Code   RO         3552    i.inv_start_results_holder  results_holder.o
    0x0000a22c   0x00000020   Code   RO         3553    i.inv_store_gaming_quaternion  results_holder.o
    0x0000a24c   0x0000004c   Code   RO         2602    i.inv_unregister_data_cb  data_builder.o
    0x0000a298   0x00000048   Code   RO         3754    i.inv_unregister_mpl_start_notification  start_manager.o
    0x0000a2e0   0x0000014e   Code   RO          328    i.irq_handler_twim  nrf_drv_twi.o
    0x0000a42e   0x00000016   Code   RO          913    i.item_enqueue      nrf_drv_clock.o
    0x0000a444   0x000000f8   Code   RO         1628    i.list_insertions_handler  app_timer_1.o
    0x0000a53c   0x00000024   Code   RO            6    i.magn_setup        main.o
    0x0000a560   0x000004fc   Code   RO            7    i.main              main.o
    0x0000aa5c   0x0000006c   Code   RO         5208    i.malloc            mc_w.l(malloc.o)
    0x0000aac8   0x0000001e   Code   RO          735    i.millis            nrf_drv_inv_dmp.o
    0x0000aae6   0x0000000a   Code   RO          644    i.mpu_config        app_mpu.o
    0x0000aaf0   0x00000054   Code   RO         4019    i.mpu_configure_fifo  inv_mpu.o
    0x0000ab44   0x0000003c   Code   RO         4020    i.mpu_get_accel_fsr  inv_mpu.o
    0x0000ab80   0x00000010   Code   RO         4023    i.mpu_get_compass_fsr  inv_mpu.o
    0x0000ab90   0x00000034   Code   RO         4028    i.mpu_get_gyro_fsr  inv_mpu.o
    0x0000abc4   0x00000034   Code   RO         4031    i.mpu_get_int_status  inv_mpu.o
    0x0000abf8   0x0000001c   Code   RO         4034    i.mpu_get_sample_rate  inv_mpu.o
    0x0000ac14   0x00000024   Code   RO          645    i.mpu_init          app_mpu.o
    0x0000ac38   0x000000d8   Code   RO         4036    i.mpu_init_inv      inv_mpu.o
    0x0000ad10   0x00000008   Code   RO          646    i.mpu_int_cfg_pin   app_mpu.o
    0x0000ad18   0x000000e8   Code   RO         4037    i.mpu_load_firmware  inv_mpu.o
    0x0000ae00   0x000000ec   Code   RO         4038    i.mpu_lp_accel_mode  inv_mpu.o
    0x0000aeec   0x0000002e   Code   RO          648    i.mpu_magnetometer_init  app_mpu.o
    0x0000af1a   0x00000002   PAD
    0x0000af1c   0x00000090   Code   RO         4044    i.mpu_read_fifo_stream  inv_mpu.o
    0x0000afac   0x00000054   Code   RO         4045    i.mpu_read_mem      inv_mpu.o
    0x0000b000   0x00000160   Code   RO         4048    i.mpu_reset_fifo    inv_mpu.o
    0x0000b160   0x00000068   Code   RO         4053    i.mpu_set_accel_fsr  inv_mpu.o
    0x0000b1c8   0x000000dc   Code   RO         4054    i.mpu_set_bypass    inv_mpu.o
    0x0000b2a4   0x00000050   Code   RO         4055    i.mpu_set_compass_sample_rate  inv_mpu.o
    0x0000b2f4   0x00000078   Code   RO         4056    i.mpu_set_dmp_state  inv_mpu.o
    0x0000b36c   0x0000006c   Code   RO         4058    i.mpu_set_gyro_fsr  inv_mpu.o
    0x0000b3d8   0x00000064   Code   RO         4059    i.mpu_set_int_latched  inv_mpu.o
    0x0000b43c   0x00000088   Code   RO         4061    i.mpu_set_lpf       inv_mpu.o
    0x0000b4c4   0x00000090   Code   RO         4062    i.mpu_set_sample_rate  inv_mpu.o
    0x0000b554   0x00000134   Code   RO         4063    i.mpu_set_sensors   inv_mpu.o
    0x0000b688   0x00000088   Code   RO            8    i.mpu_setup         main.o
    0x0000b710   0x0000006c   Code   RO          525    i.mpu_twi_read_test  nrf_drv_mpu_twi.o
    0x0000b77c   0x0000006c   Code   RO         4064    i.mpu_write_mem     inv_mpu.o
    0x0000b7e8   0x00000010   Code   RO         1352    i.nrf_bitmask_bit_is_set  nrf_drv_gpiote.o
    0x0000b7f8   0x0000000e   Code   RO          915    i.nrf_clock_event_check  nrf_drv_clock.o
    0x0000b806   0x00000010   Code   RO          916    i.nrf_clock_event_clear  nrf_drv_clock.o
    0x0000b816   0x00000002   PAD
    0x0000b818   0x0000001c   Code   RO          917    i.nrf_clock_hf_is_running  nrf_drv_clock.o
    0x0000b834   0x0000000a   Code   RO         4065    i.nrf_delay_ms      inv_mpu.o
    0x0000b83e   0x00000002   PAD
    0x0000b840   0x0000008c   Code   RO            9    i.nrf_delay_us      main.o
    0x0000b8cc   0x0000008c   Code   RO          329    i.nrf_delay_us      nrf_drv_twi.o
    0x0000b958   0x0000008c   Code   RO         1629    i.nrf_delay_us      app_timer_1.o
    0x0000b9e4   0x0000008c   Code   RO         4066    i.nrf_delay_us      inv_mpu.o
    0x0000ba70   0x00000028   Code   RO          921    i.nrf_drv_clock_hfclk_release  nrf_drv_clock.o
    0x0000ba98   0x00000058   Code   RO          922    i.nrf_drv_clock_hfclk_request  nrf_drv_clock.o
    0x0000baf0   0x0000004c   Code   RO          923    i.nrf_drv_clock_init  nrf_drv_clock.o
    0x0000bb3c   0x00000060   Code   RO          928    i.nrf_drv_clock_lfclk_request  nrf_drv_clock.o
    0x0000bb9c   0x00000016   Code   RO         1110    i.nrf_drv_common_irq_disable  nrf_drv_uart.o
    0x0000bbb2   0x00000038   Code   RO         1061    i.nrf_drv_common_irq_enable  nrf_drv_common.o
    0x0000bbea   0x00000006   Code   RO         1111    i.nrf_drv_get_IRQn  nrf_drv_uart.o
    0x0000bbf0   0x00000100   Code   RO         1358    i.nrf_drv_gpiote_in_init  nrf_drv_gpiote.o
    0x0000bcf0   0x000000e0   Code   RO         1361    i.nrf_drv_gpiote_init  nrf_drv_gpiote.o
    0x0000bdd0   0x00000010   Code   RO          330    i.nrf_drv_is_in_RAM  nrf_drv_twi.o
    0x0000bde0   0x00000010   Code   RO         1112    i.nrf_drv_is_in_RAM  nrf_drv_uart.o
    0x0000bdf0   0x00000034   Code   RO          528    i.nrf_drv_mpu_init  nrf_drv_mpu_twi.o
    0x0000be24   0x0000006c   Code   RO          530    i.nrf_drv_mpu_read_registers  nrf_drv_mpu_twi.o
    0x0000be90   0x00000028   Code   RO          531    i.nrf_drv_mpu_twi_event_handler  nrf_drv_mpu_twi.o
    0x0000beb8   0x00000040   Code   RO          532    i.nrf_drv_mpu_write_magnetometer_register  nrf_drv_mpu_twi.o
    0x0000bef8   0x00000054   Code   RO          533    i.nrf_drv_mpu_write_registers  nrf_drv_mpu_twi.o
    0x0000bf4c   0x00000040   Code   RO          534    i.nrf_drv_mpu_write_single_register  nrf_drv_mpu_twi.o
    0x0000bf8c   0x00000020   Code   RO          333    i.nrf_drv_twi_enable  nrf_drv_twi.o
    0x0000bfac   0x0000008c   Code   RO          334    i.nrf_drv_twi_init  nrf_drv_twi.o
    0x0000c038   0x00000024   Code   RO          336    i.nrf_drv_twi_rx    nrf_drv_twi.o
    0x0000c05c   0x00000024   Code   RO          339    i.nrf_drv_twi_tx    nrf_drv_twi.o
    0x0000c080   0x00000024   Code   RO          341    i.nrf_drv_twi_xfer  nrf_drv_twi.o
    0x0000c0a4   0x00000068   Code   RO         1114    i.nrf_drv_uart_init  nrf_drv_uart.o
    0x0000c10c   0x000000b0   Code   RO         1115    i.nrf_drv_uart_rx   nrf_drv_uart.o
    0x0000c1bc   0x00000030   Code   RO         1118    i.nrf_drv_uart_rx_enable  nrf_drv_uart.o
    0x0000c1ec   0x000000a8   Code   RO         1119    i.nrf_drv_uart_rx_for_uart  nrf_drv_uart.o
    0x0000c294   0x000000b0   Code   RO         1120    i.nrf_drv_uart_rx_for_uarte  nrf_drv_uart.o
    0x0000c344   0x0000010c   Code   RO         1122    i.nrf_drv_uart_tx   nrf_drv_uart.o
    0x0000c450   0x00000018   Code   RO         1124    i.nrf_drv_uart_tx_in_progress  nrf_drv_uart.o
    0x0000c468   0x00000054   Code   RO         1125    i.nrf_drv_uart_uninit  nrf_drv_uart.o
    0x0000c4bc   0x00000032   Code   RO          808    i.nrf_gpio_cfg      boards.o
    0x0000c4ee   0x00000032   Code   RO         1126    i.nrf_gpio_cfg      nrf_drv_uart.o
    0x0000c520   0x00000032   Code   RO         1376    i.nrf_gpio_cfg      nrf_drv_gpiote.o
    0x0000c552   0x00000012   Code   RO         1127    i.nrf_gpio_cfg_default  nrf_drv_uart.o
    0x0000c564   0x00000012   Code   RO         1128    i.nrf_gpio_cfg_input  nrf_drv_uart.o
    0x0000c576   0x00000014   Code   RO         1129    i.nrf_gpio_cfg_output  nrf_drv_uart.o
    0x0000c58a   0x00000030   Code   RO         1378    i.nrf_gpio_cfg_sense_set  nrf_drv_gpiote.o
    0x0000c5ba   0x00000014   Code   RO          342    i.nrf_gpio_pin_clear  nrf_drv_twi.o
    0x0000c5ce   0x00000002   PAD
    0x0000c5d0   0x0000001c   Code   RO          343    i.nrf_gpio_pin_port_decode  nrf_drv_twi.o
    0x0000c5ec   0x0000001c   Code   RO          809    i.nrf_gpio_pin_port_decode  boards.o
    0x0000c608   0x0000001c   Code   RO         1130    i.nrf_gpio_pin_port_decode  nrf_drv_uart.o
    0x0000c624   0x0000001c   Code   RO         1380    i.nrf_gpio_pin_port_decode  nrf_drv_gpiote.o
    0x0000c640   0x00000014   Code   RO          344    i.nrf_gpio_pin_set  nrf_drv_twi.o
    0x0000c654   0x00000014   Code   RO         1131    i.nrf_gpio_pin_set  nrf_drv_uart.o
    0x0000c668   0x00000026   Code   RO          810    i.nrf_gpio_pin_write  boards.o
    0x0000c68e   0x00000002   PAD
    0x0000c690   0x0000002c   Code   RO         1383    i.nrf_gpio_ports_read  nrf_drv_gpiote.o
    0x0000c6bc   0x00000014   Code   RO         1384    i.nrf_gpiote_event_clear  nrf_drv_gpiote.o
    0x0000c6d0   0x00000010   Code   RO         1385    i.nrf_gpiote_event_is_set  nrf_drv_gpiote.o
    0x0000c6e0   0x00000008   Code   RO         2155    i.nrf_log_backend_hexdump_handler_get  nrf_log_backend_serial.o
    0x0000c6e8   0x00000070   Code   RO         2156    i.nrf_log_backend_init  nrf_log_backend_serial.o
    0x0000c758   0x0000012e   Code   RO         2157    i.nrf_log_backend_serial_hexdump_handler  nrf_log_backend_serial.o
    0x0000c886   0x00000114   Code   RO         2158    i.nrf_log_backend_serial_std_handler  nrf_log_backend_serial.o
    0x0000c99a   0x00000002   PAD
    0x0000c99c   0x00000008   Code   RO         2159    i.nrf_log_backend_std_handler_get  nrf_log_backend_serial.o
    0x0000c9a4   0x00000006   Code   RO         2251    i.nrf_log_blocking_backend_set  nrf_log_frontend.o
    0x0000c9aa   0x00000002   PAD
    0x0000c9ac   0x00000130   Code   RO         2252    i.nrf_log_frontend_dequeue  nrf_log_frontend.o
    0x0000cadc   0x00000014   Code   RO         2254    i.nrf_log_frontend_init  nrf_log_frontend.o
    0x0000caf0   0x0000004c   Code   RO         2255    i.nrf_log_frontend_std_0  nrf_log_frontend.o
    0x0000cb3c   0x00000058   Code   RO         2256    i.nrf_log_frontend_std_1  nrf_log_frontend.o
    0x0000cb94   0x00000068   Code   RO         2257    i.nrf_log_frontend_std_2  nrf_log_frontend.o
    0x0000cbfc   0x0000007c   Code   RO         2258    i.nrf_log_frontend_std_3  nrf_log_frontend.o
    0x0000cc78   0x00000010   Code   RO         2263    i.nrf_log_handlers_set  nrf_log_frontend.o
    0x0000cc88   0x00000024   Code   RO         2264    i.nrf_log_init      nrf_log_frontend.o
    0x0000ccac   0x00000060   Code   RO         2265    i.nrf_log_push      nrf_log_frontend.o
    0x0000cd0c   0x00000038   Code   RO         2082    i.nrf_strerror_find  nrf_strerror.o
    0x0000cd44   0x00000014   Code   RO         2083    i.nrf_strerror_get  nrf_strerror.o
    0x0000cd58   0x0000000a   Code   RO          345    i.nrf_twim_event_check  nrf_drv_twi.o
    0x0000cd62   0x0000000c   Code   RO          346    i.nrf_twim_event_clear  nrf_drv_twi.o
    0x0000cd6e   0x0000000a   Code   RO         1132    i.nrf_uart_event_check  nrf_drv_uart.o
    0x0000cd78   0x0000000c   Code   RO         1133    i.nrf_uart_event_clear  nrf_drv_uart.o
    0x0000cd84   0x0000000c   Code   RO         1134    i.nrf_uart_int_enable_check  nrf_drv_uart.o
    0x0000cd90   0x0000000a   Code   RO         1135    i.nrf_uarte_event_check  nrf_drv_uart.o
    0x0000cd9a   0x0000000c   Code   RO         1136    i.nrf_uarte_event_clear  nrf_drv_uart.o
    0x0000cda6   0x00000002   Code   RO           10    i.pin_in_read       main.o
    0x0000cda8   0x00000078   Code   RO         1137    i.pins_to_default   nrf_drv_uart.o
    0x0000ce20   0x0000003c   Code   RO         1630    i.rtc1_stop         app_timer_1.o
    0x0000ce5c   0x00000032   Code   RO         1138    i.rx_byte           nrf_drv_uart.o
    0x0000ce8e   0x00000018   Code   RO         1139    i.rx_done_event     nrf_drv_uart.o
    0x0000cea6   0x00000020   Code   RO         1140    i.rx_enable         nrf_drv_uart.o
    0x0000cec6   0x00000002   PAD
    0x0000cec8   0x0000000c   Code   RO         2160    i.serial_is_busy    nrf_log_backend_serial.o
    0x0000ced4   0x0000002c   Code   RO         2161    i.serial_tx         nrf_log_backend_serial.o
    0x0000cf00   0x00000058   Code   RO         4067    i.set_int_enable    inv_mpu.o
    0x0000cf58   0x000001e4   Code   RO         4068    i.setup_compass     inv_mpu.o
    0x0000d13c   0x0000003e   Code   RO         4883    i.sqrtf             m_wm.l(sqrtf.o)
    0x0000d17a   0x00000002   Code   RO           11    i.tap_cb            main.o
    0x0000d17c   0x00000002   Code   RO           12    i.timer_a_handler   main.o
    0x0000d17e   0x00000002   PAD
    0x0000d180   0x00000080   Code   RO         1631    i.timer_list_handler  app_timer_1.o
    0x0000d200   0x0000003c   Code   RO         1632    i.timer_list_insert  app_timer_1.o
    0x0000d23c   0x00000060   Code   RO         1633    i.timer_list_remove  app_timer_1.o
    0x0000d29c   0x00000074   Code   RO         1635    i.timer_timeouts_check  app_timer_1.o
    0x0000d310   0x00000034   Code   RO         2162    i.timestamp_process  nrf_log_backend_serial.o
    0x0000d344   0x000000a4   Code   RO          347    i.twi_clear_bus     nrf_drv_twi.o
    0x0000d3e8   0x00000240   Code   RO          348    i.twim_xfer         nrf_drv_twi.o
    0x0000d628   0x00000020   Code   RO         1141    i.tx_byte           nrf_drv_uart.o
    0x0000d648   0x0000001c   Code   RO         1142    i.tx_done_event     nrf_drv_uart.o
    0x0000d664   0x00000050   Code   RO           13    i.uart_config       main.o
    0x0000d6b4   0x00000012   Code   RO           14    i.uart_error_handle  main.o
    0x0000d6c6   0x00000002   PAD
    0x0000d6c8   0x000000a0   Code   RO         1926    i.uart_event_handler  app_uart_fifo.o
    0x0000d768   0x00000010   Code   RO         2163    i.uart_event_handler  nrf_log_backend_serial.o
    0x0000d778   0x0000011e   Code   RO         1143    i.uart_irq_handler  nrf_drv_uart.o
    0x0000d896   0x000000f0   Code   RO         1144    i.uarte_irq_handler  nrf_drv_uart.o
    0x0000d986   0x00000002   PAD
    0x0000d988   0x00000044   Code   RO           15    i.updateFifo        main.o
    0x0000d9cc   0x00000030   Code   RO         1636    i.user_op_alloc     app_timer_1.o
    0x0000d9fc   0x00000024   Data   RO           18    .constdata          main.o
    0x0000da20   0x0000000c   Data   RO          353    .constdata          nrf_drv_twi.o
    0x0000da2c   0x00000018   Data   RO          536    .constdata          nrf_drv_mpu_twi.o
    0x0000da44   0x00000008   Data   RO          811    .constdata          boards.o
    0x0000da4c   0x0000004b   Data   RO         1389    .constdata          nrf_drv_gpiote.o
    0x0000da97   0x00000001   PAD
    0x0000da98   0x00000020   Data   RO         1928    .constdata          app_uart_fifo.o
    0x0000dab8   0x00000104   Data   RO         2084    .constdata          nrf_strerror.o
    0x0000dbbc   0x00000020   Data   RO         2166    .constdata          nrf_log_backend_serial.o
    0x0000dbdc   0x00000024   Data   RO         2267    .constdata          nrf_log_frontend.o
    0x0000dc00   0x0000002f   Data   RO         3485    .constdata          mpl.o
    0x0000dc2f   0x00000bf6   Data   RO         3853    .constdata          inv_mpu_dmp_motion_driver.o
    0x0000e825   0x0000002a   Data   RO         4069    .constdata          inv_mpu.o
    0x0000e84f   0x00000001   PAD
    0x0000e850   0x0000000e   Data   RO         4070    .constdata          inv_mpu.o
    0x0000e85e   0x00000002   PAD
    0x0000e860   0x00000030   Data   RO         4071    .constdata          inv_mpu.o
    0x0000e890   0x00000038   Data   RO         4820    .constdata          m_wm.l(log.o)
    0x0000e8c8   0x00000081   Data   RO         4903    .constdata          mc_w.l(ctype_o.o)
    0x0000e949   0x00000003   PAD
    0x0000e94c   0x00000004   Data   RO         4904    .constdata          mc_w.l(ctype_o.o)
    0x0000e950   0x00000030   Data   RO         5258    .constdata          m_wm.l(cos_i.o)
    0x0000e980   0x00000008   Data   RO         5294    .constdata          m_wm.l(qnan.o)
    0x0000e988   0x000000c8   Data   RO         5297    .constdata          m_wm.l(rred.o)
    0x0000ea50   0x00000020   Data   RO         5301    .constdata          m_wm.l(rredf.o)
    0x0000ea70   0x00000028   Data   RO         5304    .constdata          m_wm.l(sin_i.o)
    0x0000ea98   0x00000009   Data   RO           19    .conststring        main.o
    0x0000eaa1   0x00000003   PAD
    0x0000eaa4   0x00000307   Data   RO         2085    .conststring        nrf_strerror.o
    0x0000edab   0x00000001   PAD
    0x0000edac   0x0000000b   Data   RO         2268    .conststring        nrf_log_frontend.o
    0x0000edb7   0x00000001   PAD
    0x0000edb8   0x00000044   Data   RO         2605    .conststring        data_builder.o
    0x0000edfc   0x00000020   Data   RO         5355    Region$$Table       anon$$obj.o


    Execution Region RW_IRAM1 (Base: 0x20000000, Size: 0x000060c8, Max: 0x00040000, ABSOLUTE)

    Base Addr    Size         Type   Attr      Idx    E Section Name        Object

    0x20000000   0x00000004   Data   RW           20    .data               main.o
    0x20000004   0x00000012   Data   RW           21    .data               main.o
    0x20000016   0x00000002   Data   RW          537    .data               nrf_drv_mpu_twi.o
    0x20000018   0x00000014   Data   RW         1638    .data               app_timer_1.o
    0x2000002c   0x00000010   Data   RW         1929    .data               app_uart_fifo.o
    0x2000003c   0x00000004   Data   RW         1999    .data               app_util_platform.o
    0x20000040   0x00000004   Data   RW         2117    .data               retarget.o
    0x20000044   0x0000000c   Data   RW         2167    .data               nrf_log_backend_serial.o
    0x20000050   0x00000004   Data   RW         2269    .data               nrf_log_frontend.o
    0x20000054   0x00000004   Data   RW         3104    .data               message_layer.o
    0x20000058   0x00000038   Data   RW         4073    .data               inv_mpu.o
    0x20000090   0x00000004   Data   RW         4440    .data               system_nrf52840.o
    0x20000094   0x00000010   Data   RW         4473    .data               libmpllib.lib(compass_vec_cal.o)
    0x200000a4   0x00000004   Data   RW         5329    .data               mc_w.l(mvars.o)
    0x200000a8   0x00000004   Data   RW         5330    .data               mc_w.l(mvars.o)
    0x200000ac   0x00000004   Data   RW         5334    .data               mc_w.l(errno.o)
    0x200000b0   0x00000020   Zero   RW           16    .bss                main.o
    0x200000d0   0x00000524   Zero   RW           17    .bss                main.o
    0x200005f4   0x00000028   Zero   RW          349    .bss                nrf_drv_twi.o
    0x2000061c   0x00000010   Zero   RW          535    .bss                nrf_drv_mpu_twi.o
    0x2000062c   0x00000024   Zero   RW          930    .bss                nrf_drv_clock.o
    0x20000650   0x00000020   Zero   RW         1145    .bss                nrf_drv_uart.o
    0x20000670   0x00000058   Zero   RW         1388    .bss                nrf_drv_gpiote.o
    0x200006c8   0x00000064   Zero   RW         1637    .bss                app_timer_1.o
    0x2000072c   0x00000020   Zero   RW         1927    .bss                app_uart_fifo.o
    0x2000074c   0x00000100   Zero   RW         2164    .bss                nrf_log_backend_serial.o
    0x2000084c   0x00000418   Zero   RW         2266    .bss                nrf_log_frontend.o
    0x20000c64   0x000002d8   Zero   RW         2604    .bss                data_builder.o
    0x20000f3c   0x000000c4   Zero   RW         3005    .bss                hal_outputs.o
    0x20001000   0x00000088   Zero   RW         3554    .bss                results_holder.o
    0x20001088   0x00000054   Zero   RW         3755    .bss                start_manager.o
    0x200010dc   0x00000198   Zero   RW         3788    .bss                storage_manager.o
    0x20001274   0x00000010   Zero   RW         3852    .bss                inv_mpu_dmp_motion_driver.o
    0x20001284   0x00000028   Zero   RW         4367    .bss                empl_outputs.o
    0x200012ac   0x00000004   PAD
    0x200012b0   0x00000460   Zero   RW         4472    .bss                libmpllib.lib(compass_vec_cal.o)
    0x20001710   0x000002a0   Zero   RW         4562    .bss                libmpllib.lib(fast_no_motion.o)
    0x200019b0   0x00000138   Zero   RW         4595    .bss                libmpllib.lib(fusion_9axis.o)
    0x20001ae8   0x000000b8   Zero   RW         4617    .bss                libmpllib.lib(mag_disturb.o)
    0x20001ba0   0x0000006c   Zero   RW         4639    .bss                libmpllib.lib(quaternion_supervisor.o)
    0x20001c0c   0x00000004   PAD
    0x20001c10   0x000004b8   Zero   RW         4657    .bss                libmpllib.lib(accel_auto_cal.o)
    0x200020c8   0x00002000   Zero   RW         4429    HEAP                arm_startup_nrf52840.o
    0x200040c8   0x00002000   Zero   RW         4428    STACK               arm_startup_nrf52840.o


==============================================================================

Image component sizes


      Code (inc. data)   RO Data    RW Data    ZI Data      Debug   Object Name

        22          0          0          0          0       2285   app_error.o
       108         54          0          0          0      27397   app_error_weak.o
       118          0          0          0          0       5138   app_fifo.o
       100          0          0          0          0       3338   app_mpu.o
      1530        118          0         20        100      47046   app_timer_1.o
       400         32         32         16         32      11959   app_uart_fifo.o
        44         10          0          4          0       3460   app_util_platform.o
        36          8        512          0      16384        952   arm_startup_nrf52840.o
       194         18          8          0          0       8890   boards.o
      1330        200         68          0        728      29675   data_builder.o
       208         16          0          0         40       3510   empl_outputs.o
        96          8          0          0        196       3769   hal_outputs.o
      3706        196        104         56          0      28591   inv_mpu.o
      2014        128       3062          0         16      22904   inv_mpu_dmp_motion_driver.o
      1774        648         45         22       1348      74820   main.o
        20          4          0          4          0       1522   message_layer.o
      1566         22          0          0          0      15592   ml_math_func.o
       260        110         47          0          0       5860   mpl.o
       636         54          0          0         36      16508   nrf_drv_clock.o
        56          0          0          0          0      27575   nrf_drv_common.o
      1258        214         75          0         88      28537   nrf_drv_gpiote.o
       194         22          0          0          0       3683   nrf_drv_inv_dmp.o
       648         92         24          2         16      14324   nrf_drv_mpu_twi.o
      1616         48         12          0         40      64527   nrf_drv_twi.o
      2430         90          0          0         32      46207   nrf_drv_uart.o
       848         56         32         12        256      11455   nrf_log_backend_serial.o
      1102         78         47          4       1048      15501   nrf_log_frontend.o
        76         10       1035          0          0       2819   nrf_strerror.o
       710        114          0          0        136      17822   results_holder.o
        14          0          0          4          0       2934   retarget.o
       168         20          0          0         84       4036   start_manager.o
       132         10          0          0        408       2973   storage_manager.o
       488         56          0          4          0       2515   system_nrf52840.o

    ----------------------------------------------------------------------
     23940       2436       5144        148      20992     558124   Object Totals
         0          0         32          0          0          0   (incl. Generated)
        38          0          9          0          4          0   (incl. Padding)

    ----------------------------------------------------------------------

      Code (inc. data)   RO Data    RW Data    ZI Data      Debug   Library Member Name

      3140        190          0          0       1208       9672   accel_auto_cal.o
      9456        298          0         16       1120      19892   compass_vec_cal.o
      2584         42          0          0        672      13744   fast_no_motion.o
      1712         72          0          0        312       5636   fusion_9axis.o
      1472         48          0          0        184       7614   mag_disturb.o
      2452        130          0          0        108       5637   quaternion_supervisor.o
       280         46          0          0          0        176   acosf.o
       592         90          0          0          0        184   atan2f.o
       200         20          0          0          0        164   cos.o
       368         46         48          0          0        200   cos_i.o
       336         56          0          0          0        136   cosf.o
       132         36          0          0          0        496   dunder.o
        44          0          0          0          0        248   fabs.o
        48          0          0          0          0        124   fpclassify.o
        38          0          0          0          0        116   fpclassifyf.o
        44         12          0          0          0        464   funder.o
       964         92         56          0          0        316   log.o
       248          0          0          0          0        152   poly.o
         0          0          8          0          0          0   qnan.o
      1080        142        200          0          0        188   rred.o
       340         24         32          0          0        160   rredf.o
       304         24         40          0          0        208   sin_i.o
       400         56          0          0          0        212   sinf.o
       122          0          0          0          0        148   sqrt.o
       120          0          0          0          0        272   sqrtf.o
         8          4        133          0          0         68   ctype_o.o
         0          0          0          0          0          0   entry.o
         0          0          0          0          0          0   entry10a.o
         0          0          0          0          0          0   entry11a.o
         8          4          0          0          0          0   entry2.o
         4          0          0          0          0          0   entry5.o
         0          0          0          0          0          0   entry7b.o
         0          0          0          0          0          0   entry8b.o
         8          4          0          0          0          0   entry9a.o
        12          6          0          4          0         68   errno.o
        30          0          0          0          0          0   handlers.o
        36          8          0          0          0         68   init.o
         0          0          0          0          0          0   iusefp.o
        98          0          0          0          0         84   ldiv.o
        30          0          0          0          0         68   llshl.o
        36          0          0          0          0         68   llsshr.o
        32          0          0          0          0         68   llushr.o
       188         20          0          0          0        160   malloc.o
        26          0          0          0          0         80   memcmp.o
        64          0          0          0          0         76   memmovea.o
        36          0          0          0          0        108   memseta.o
         0          0          0          8          0          0   mvars.o
      2374        100          0          0          0        752   printfa.o
        14          0          0          0          0         68   strlen.o
        44          0          0          0          0         80   uidiv.o
        98          0          0          0          0         92   uldiv.o
        48          0          0          0          0         68   cdcmple.o
        48          0          0          0          0         68   cdrcmple.o
        56          0          0          0          0         88   d2f.o
       334          0          0          0          0        148   dadd.o
       222          0          0          0          0        100   ddiv.o
       186          0          0          0          0        176   depilogue.o
        62          0          0          0          0         80   dfixi.o
        48          0          0          0          0         68   dfixul.o
        34          0          0          0          0         76   dflti.o
        26          0          0          0          0         76   dfltui.o
       228          0          0          0          0         96   dmul.o
       162          0          0          0          0        100   dsqrt.o
        38          0          0          0          0         68   f2d.o
       110          0          0          0          0        168   fepilogue.o
        66          0          0          0          0         76   ffixl.o
        44          0          0          0          0         92   ffltl.o

    ----------------------------------------------------------------------
     31352       1574        520         28       3608      69615   Library Totals
        18          4          3          0          4          0   (incl. Padding)

    ----------------------------------------------------------------------

      Code (inc. data)   RO Data    RW Data    ZI Data      Debug   Library Name

     20816        780          0         16       3604      62195   libmpllib.lib
      5660        644        384          0          0       3964   m_wm.l
      3146        146        133         12          0       1908   mc_w.l
      1712          0          0          0          0       1548   mf_w.l

    ----------------------------------------------------------------------
     31352       1574        520         28       3608      69615   Library Totals

    ----------------------------------------------------------------------

==============================================================================


      Code (inc. data)   RO Data    RW Data    ZI Data      Debug   

     55292       4010       5664        176      24600     593171   Grand Totals
     55292       4010       5664        176      24600     593171   ELF Image Totals
     55292       4010       5664        176          0          0   ROM Totals

==============================================================================

    Total RO  Size (Code + RO Data)                60956 (  59.53kB)
    Total RW  Size (RW Data + ZI Data)             24776 (  24.20kB)
    Total ROM Size (Code + RO Data + RW Data)      61132 (  59.70kB)

==============================================================================

