Component: ARM Compiler 5.06 update 4 (build 422) Tool: armlink [4d35d2]

==============================================================================

Section Cross References

    main.o(.text) refers to app_error.o(.text) for app_error_handler_bare
    main.o(.text) refers to boards.o(.text) for bsp_board_leds_init
    main.o(.text) refers to memmovea.o(.text) for __aeabi_memcpy4
    main.o(.text) refers to app_uart_fifo.o(.text) for app_uart_init
    main.o(.text) refers to app_mpu.o(.text) for mpu_init
    main.o(.text) refers to nrf_log_frontend.o(.text) for nrf_log_frontend_std_0
    main.o(.text) refers to nrf_drv_clock.o(.text) for nrf_drv_clock_init
    main.o(.text) refers to app_timer_1.o(.text) for app_timer_create
    main.o(.text) refers to nrf_drv_gpiote.o(.text) for nrf_drv_gpiote_init
    main.o(.text) refers to memseta.o(.text) for __aeabi_memclr4
    main.o(.text) refers to empl_outputs.o(.text) for inv_get_sensor_type_quat
    main.o(.text) refers to hal_outputs.o(.text) for inv_get_sensor_type_linear_acceleration
    main.o(.text) refers to dflti.o(.text) for __aeabi_i2d
    main.o(.text) refers to dmul.o(.text) for __aeabi_dmul
    main.o(.text) refers to f2d.o(.text) for __aeabi_f2d
    main.o(.text) refers to printfa.o(i.__0printf) for __2printf
    main.o(.text) refers to inv_mpu.o(.text) for mpu_init_inv
    main.o(.text) refers to mpl.o(.text) for inv_init_mpl
    main.o(.text) refers to quaternion_supervisor.o(.text) for inv_enable_quaternion
    main.o(.text) refers to fusion_9axis.o(.text) for inv_enable_9x_sensor_fusion
    main.o(.text) refers to fast_no_motion.o(.text) for inv_enable_fast_nomot
    main.o(.text) refers to compass_vec_cal.o(.text) for inv_enable_vector_compass_cal
    main.o(.text) refers to mag_disturb.o(.text) for inv_enable_magnetic_disturbance
    main.o(.text) refers to data_builder.o(.text) for inv_set_gyro_sample_rate
    main.o(.text) refers to ml_math_func.o(.text) for inv_orientation_matrix_to_scalar
    main.o(.text) refers to nrf_drv_inv_dmp.o(.text) for millis
    main.o(.text) refers to inv_mpu_dmp_motion_driver.o(.text) for dmp_load_motion_driver_firmware
    main.o(.text) refers to main.o(.constdata) for .constdata
    main.o(.text) refers to main.o(.bss) for .bss
    main.o(.text) refers to main.o(.data) for .data
    main.o(.text) refers to system_nrf52840.o(.data) for SystemCoreClock
    main.o(.constdata) refers to main.o(.bss) for timer1_data
    main.o(.data) refers to main.o(.conststring) for .conststring
    nrf_drv_twi.o(.text) refers to nrf_drv_common.o(.text) for nrf_drv_common_irq_enable
    nrf_drv_twi.o(.text) refers to system_nrf52840.o(.data) for SystemCoreClock
    nrf_drv_twi.o(.text) refers to nrf_drv_twi.o(.bss) for .bss
    nrf_drv_twi.o(.text) refers to nrf_drv_twi.o(.constdata) for .constdata
    nrf_drv_mpu_twi.o(.text) refers to nrf_drv_twi.o(.text) for nrf_drv_twi_init
    nrf_drv_mpu_twi.o(.text) refers to memmovea.o(.text) for __aeabi_memcpy
    nrf_drv_mpu_twi.o(.text) refers to nrf_log_frontend.o(.text) for nrf_log_frontend_std_0
    nrf_drv_mpu_twi.o(.text) refers to malloc.o(i.malloc) for malloc
    nrf_drv_mpu_twi.o(.text) refers to printfa.o(i.__0printf) for __2printf
    nrf_drv_mpu_twi.o(.text) refers to malloc.o(i.free) for free
    nrf_drv_mpu_twi.o(.text) refers to nrf_drv_mpu_twi.o(.data) for .data
    nrf_drv_mpu_twi.o(.text) refers to nrf_drv_mpu_twi.o(.constdata) for .constdata
    nrf_drv_mpu_twi.o(.text) refers to nrf_drv_mpu_twi.o(.bss) for .bss
    app_mpu.o(.text) refers to nrf_drv_mpu_twi.o(.text) for nrf_drv_mpu_write_registers
    nrf_drv_inv_dmp.o(.text) refers to app_timer_1.o(.text) for app_timer_cnt_get
    nrf_drv_inv_dmp.o(.text) refers to printfa.o(i.__0vsprintf) for vsprintf
    nrf_drv_inv_dmp.o(.text) refers to memseta.o(.text) for __aeabi_memclr4
    nrf_drv_inv_dmp.o(.text) refers to memmovea.o(.text) for __aeabi_memcpy
    nrf_drv_inv_dmp.o(.text) refers to nrf_log_frontend.o(.text) for nrf_log_push
    boards.o(.text) refers to boards.o(.constdata) for .constdata
    nrf_drv_clock.o(.text) refers to nrf_drv_common.o(.text) for nrf_drv_common_irq_enable
    nrf_drv_clock.o(.text) refers to app_util_platform.o(.text) for app_util_critical_region_enter
    nrf_drv_clock.o(.text) refers to nrf_drv_clock.o(.bss) for .bss
    nrf_drv_uart.o(.text) refers to nrf_drv_uart.o(.bss) for .bss
    nrf_drv_uart.o(.text) refers to nrf_drv_common.o(.text) for nrf_drv_common_irq_enable
    nrf_drv_gpiote.o(.text) refers to nrf_strerror.o(.text) for nrf_strerror_get
    nrf_drv_gpiote.o(.text) refers to nrf_log_frontend.o(.text) for nrf_log_frontend_std_2
    nrf_drv_gpiote.o(.text) refers to nrf_drv_common.o(.text) for nrf_drv_common_irq_enable
    nrf_drv_gpiote.o(.text) refers to nrf_drv_gpiote.o(.bss) for .bss
    nrf_drv_gpiote.o(.text) refers to nrf_drv_gpiote.o(.constdata) for .constdata
    app_timer_1.o(.text) refers to system_nrf52840.o(.data) for SystemCoreClock
[...]
    millis                                   0x00023545   Thumb Code    30  nrf_drv_inv_dmp.o(.text)
    _MLPrintLog                              0x00023563   Thumb Code   156  nrf_drv_inv_dmp.o(.text)
    bsp_board_led_state_get                  0x00023639   Thumb Code    36  boards.o(.text)
    bsp_board_led_on                         0x0002365d   Thumb Code     8  boards.o(.text)
    bsp_board_led_off                        0x00023665   Thumb Code     8  boards.o(.text)
    bsp_board_leds_off                       0x0002366d   Thumb Code    18  boards.o(.text)
    bsp_board_leds_on                        0x0002367f   Thumb Code    18  boards.o(.text)
    bsp_board_led_invert                     0x00023691   Thumb Code    38  boards.o(.text)
    bsp_board_leds_init                      0x000236b7   Thumb Code    36  boards.o(.text)
    bsp_board_led_idx_to_pin                 0x000236db   Thumb Code     6  boards.o(.text)
    bsp_board_pin_to_led_idx                 0x000236e1   Thumb Code    32  boards.o(.text)
    bsp_board_button_state_get               0x00023701   Thumb Code    38  boards.o(.text)
    bsp_board_buttons_init                   0x00023727   Thumb Code    34  boards.o(.text)
    bsp_board_pin_to_button_idx              0x00023749   Thumb Code    34  boards.o(.text)
    bsp_board_button_idx_to_pin              0x0002376b   Thumb Code     8  boards.o(.text)
    nrf_drv_clock_init_check                 0x00023829   Thumb Code     6  nrf_drv_clock.o(.text)
    nrf_drv_clock_init                       0x0002382f   Thumb Code    64  nrf_drv_clock.o(.text)
    nrf_drv_clock_uninit                     0x0002386f   Thumb Code    32  nrf_drv_clock.o(.text)
    nrf_drv_clock_lfclk_request              0x000238b7   Thumb Code    84  nrf_drv_clock.o(.text)
    nrf_drv_clock_lfclk_release              0x0002390b   Thumb Code    34  nrf_drv_clock.o(.text)
    nrf_drv_clock_lfclk_is_running           0x0002392d   Thumb Code    10  nrf_drv_clock.o(.text)
    nrf_drv_clock_hfclk_request              0x00023937   Thumb Code    84  nrf_drv_clock.o(.text)
    nrf_drv_clock_hfclk_release              0x0002398b   Thumb Code    34  nrf_drv_clock.o(.text)
    nrf_drv_clock_hfclk_is_running           0x000239ad   Thumb Code     6  nrf_drv_clock.o(.text)
    nrf_drv_clock_calibration_start          0x000239b3   Thumb Code     4  nrf_drv_clock.o(.text)
    nrf_drv_clock_calibration_abort          0x000239b7   Thumb Code     4  nrf_drv_clock.o(.text)
    nrf_drv_clock_is_calibrating             0x000239bb   Thumb Code     4  nrf_drv_clock.o(.text)
    POWER_CLOCK_IRQHandler                   0x000239bf   Thumb Code    84  nrf_drv_clock.o(.text)
    nrf_drv_common_clock_irq_disable         0x00023a89   Thumb Code     8  nrf_drv_common.o(.text)
    nrf_drv_common_irq_enable                0x00023a91   Thumb Code    56  nrf_drv_common.o(.text)
    nrf_drv_uart_init                        0x00023acd   Thumb Code   104  nrf_drv_uart.o(.text)
    nrf_drv_uart_uninit                      0x00023b35   Thumb Code    98  nrf_drv_uart.o(.text)
    nrf_drv_uart_tx_in_progress              0x00023b97   Thumb Code    18  nrf_drv_uart.o(.text)
    nrf_drv_uart_tx                          0x00023ba9   Thumb Code   168  nrf_drv_uart.o(.text)
    nrf_drv_uart_rx                          0x00023c85   Thumb Code   176  nrf_drv_uart.o(.text)
    nrf_drv_uart_rx_ready                    0x00023d35   Thumb Code    32  nrf_drv_uart.o(.text)
    nrf_drv_uart_rx_enable                   0x00023d55   Thumb Code    42  nrf_drv_uart.o(.text)
    nrf_drv_uart_rx_disable                  0x00023d7f   Thumb Code    32  nrf_drv_uart.o(.text)
    nrf_drv_uart_errorsrc_get                0x00023d9f   Thumb Code    56  nrf_drv_uart.o(.text)
    nrf_drv_uart_tx_abort                    0x00023dd7   Thumb Code    86  nrf_drv_uart.o(.text)
    nrf_drv_uart_rx_abort                    0x00023e2d   Thumb Code    36  nrf_drv_uart.o(.text)
    UARTE0_UART0_IRQHandler                  0x00023f81   Thumb Code    20  nrf_drv_uart.o(.text)
    nrf_drv_gpiote_init                      0x00024611   Thumb Code   124  nrf_drv_gpiote.o(.text)
    nrf_drv_gpiote_is_init                   0x0002468d   Thumb Code    14  nrf_drv_gpiote.o(.text)
    nrf_drv_gpiote_in_event_disable          0x0002469b   Thumb Code    68  nrf_drv_gpiote.o(.text)
    nrf_drv_gpiote_in_uninit                 0x000246df   Thumb Code    66  nrf_drv_gpiote.o(.text)
    nrf_drv_gpiote_out_uninit                0x00024721   Thumb Code    62  nrf_drv_gpiote.o(.text)
    nrf_drv_gpiote_uninit                    0x0002475f   Thumb Code    68  nrf_drv_gpiote.o(.text)
    nrf_drv_gpiote_out_init                  0x000247a3   Thumb Code   182  nrf_drv_gpiote.o(.text)
    nrf_drv_gpiote_out_set                   0x00024859   Thumb Code     4  nrf_drv_gpiote.o(.text)
    nrf_drv_gpiote_out_clear                 0x0002485d   Thumb Code     4  nrf_drv_gpiote.o(.text)
    nrf_drv_gpiote_out_toggle                0x00024861   Thumb Code    34  nrf_drv_gpiote.o(.text)
    nrf_drv_gpiote_out_task_enable           0x00024883   Thumb Code    28  nrf_drv_gpiote.o(.text)
    nrf_drv_gpiote_out_task_disable          0x0002489f   Thumb Code    28  nrf_drv_gpiote.o(.text)
    nrf_drv_gpiote_out_task_addr_get         0x000248bb   Thumb Code    16  nrf_drv_gpiote.o(.text)
    nrf_drv_gpiote_set_task_addr_get         0x000248cb   Thumb Code    20  nrf_drv_gpiote.o(.text)
    nrf_drv_gpiote_clr_task_addr_get         0x000248df   Thumb Code    20  nrf_drv_gpiote.o(.text)
    nrf_drv_gpiote_out_task_force            0x000248f3   Thumb Code    38  nrf_drv_gpiote.o(.text)
    nrf_drv_gpiote_out_task_trigger          0x00024919   Thumb Code    18  nrf_drv_gpiote.o(.text)
    nrf_drv_gpiote_set_task_trigger          0x0002492b   Thumb Code    22  nrf_drv_gpiote.o(.text)
    nrf_drv_gpiote_clr_task_trigger          0x00024941   Thumb Code    22  nrf_drv_gpiote.o(.text)
    nrf_drv_gpiote_in_init                   0x00024957   Thumb Code   342  nrf_drv_gpiote.o(.text)
    nrf_drv_gpiote_in_event_enable           0x00024aad   Thumb Code   158  nrf_drv_gpiote.o(.text)
    nrf_drv_gpiote_in_is_set                 0x00024b4b   Thumb Code    14  nrf_drv_gpiote.o(.text)
    nrf_drv_gpiote_in_event_addr_get         0x00024b59   Thumb Code    38  nrf_drv_gpiote.o(.text)
    GPIOTE_IRQHandler                        0x00024b7f   Thumb Code   444  nrf_drv_gpiote.o(.text)
    RTC1_IRQHandler                          0x000253a3   Thumb Code    18  app_timer_1.o(.text)
    SWI0_EGU0_IRQHandler                     0x000253b5   Thumb Code     2  app_timer_1.o(.text)
    app_timer_init                           0x000253b7   Thumb Code    62  app_timer_1.o(.text)
    app_timer_create                         0x000253f5   Thumb Code    42  app_timer_1.o(.text)
    app_timer_start                          0x0002541f   Thumb Code    52  app_timer_1.o(.text)
    app_timer_stop                           0x00025453   Thumb Code    32  app_timer_1.o(.text)
    app_timer_stop_all                       0x00025473   Thumb Code    18  app_timer_1.o(.text)
    app_timer_cnt_get                        0x00025485   Thumb Code     6  app_timer_1.o(.text)
    app_timer_cnt_diff_compute               0x0002548b   Thumb Code     8  app_timer_1.o(.text)
    app_timer_pause                          0x00025493   Thumb Code     8  app_timer_1.o(.text)
    app_timer_resume                         0x0002549b   Thumb Code     8  app_timer_1.o(.text)
    app_error_handler                        0x00025519   Thumb Code    24  app_error.o(.text)
    app_error_handler_bare                   0x00025531   Thumb Code    22  app_error.o(.text)
    app_error_save_and_stop                  0x00025547   Thumb Code    96  app_error.o(.text)
    app_error_fault_handler                  0x000255ad   Thumb Code    42  app_error_weak.o(.text)
    app_fifo_init                            0x0002560d   Thumb Code    34  app_fifo.o(.text)
    app_fifo_put                             0x0002562f   Thumb Code    26  app_fifo.o(.text)
    app_fifo_get                             0x00025649   Thumb Code    24  app_fifo.o(.text)
    app_fifo_peek                            0x00025661   Thumb Code    34  app_fifo.o(.text)
    app_fifo_flush                           0x00025683   Thumb Code     8  app_fifo.o(.text)
    app_fifo_read                            0x0002568b   Thumb Code    86  app_fifo.o(.text)
    app_fifo_write                           0x000256e1   Thumb Code    90  app_fifo.o(.text)
    app_uart_init                            0x00025805   Thumb Code   176  app_uart_fifo.o(.text)
    app_uart_flush                           0x000258b5   Thumb Code    26  app_uart_fifo.o(.text)
    app_uart_get                             0x000258cf   Thumb Code    42  app_uart_fifo.o(.text)
    app_uart_put                             0x000258f9   Thumb Code    56  app_uart_fifo.o(.text)
    app_uart_close                           0x00025931   Thumb Code    14  app_uart_fifo.o(.text)
    app_util_disable_irq                     0x00025951   Thumb Code    12  app_util_platform.o(.text)
    app_util_enable_irq                      0x0002595d   Thumb Code    16  app_util_platform.o(.text)
    app_util_critical_region_enter           0x0002596d   Thumb Code     2  app_util_platform.o(.text)
    app_util_critical_region_exit            0x0002596f   Thumb Code     2  app_util_platform.o(.text)
    privilege_level_get                      0x00025971   Thumb Code    28  app_util_platform.o(.text)
    current_int_priority_get                 0x0002598d   Thumb Code    54  app_util_platform.o(.text)
    nrf_strerror_find                        0x000259c9   Thumb Code    52  nrf_strerror.o(.text)
    nrf_strerror_get                         0x000259fd   Thumb Code    16  nrf_strerror.o(.text)
    fgetc                                    0x00025a11   Thumb Code    18  retarget.o(.text)
    fputc                                    0x00025a23   Thumb Code    14  retarget.o(.text)
    nrf_log_backend_init                     0x00025a3d   Thumb Code   104  nrf_log_backend_serial.o(.text)
    nrf_log_backend_std_handler_get          0x00025dbd   Thumb Code     4  nrf_log_backend_serial.o(.text)
    nrf_log_backend_hexdump_handler_get      0x00025dc1   Thumb Code     4  nrf_log_backend_serial.o(.text)
    nrf_log_backend_getchar                  0x00025dc5   Thumb Code     2  nrf_log_backend_serial.o(.text)
    nrf_log_handlers_set                     0x00025de9   Thumb Code     8  nrf_log_frontend.o(.text)
    nrf_log_frontend_init                    0x00025df1   Thumb Code     2  nrf_log_frontend.o(.text)
    nrf_log_init                             0x00025df3   Thumb Code    36  nrf_log_frontend.o(.text)
    nrf_log_blocking_backend_set             0x00025e17   Thumb Code     6  nrf_log_frontend.o(.text)
    nrf_log_push                             0x00025e1d   Thumb Code     2  nrf_log_frontend.o(.text)
    nrf_log_frontend_std_0                   0x00025e1f   Thumb Code     8  nrf_log_frontend.o(.text)
    nrf_log_frontend_std_1                   0x00025e27   Thumb Code    14  nrf_log_frontend.o(.text)
    nrf_log_frontend_std_2                   0x00025e35   Thumb Code    16  nrf_log_frontend.o(.text)
    nrf_log_frontend_std_3                   0x00025e45   Thumb Code    20  nrf_log_frontend.o(.text)
    nrf_log_frontend_std_4                   0x00025e59   Thumb Code    24  nrf_log_frontend.o(.text)
    nrf_log_frontend_std_5                   0x00025e71   Thumb Code    30  nrf_log_frontend.o(.text)
    nrf_log_frontend_std_6                   0x00025e8f   Thumb Code    36  nrf_log_frontend.o(.text)
    nrf_log_frontend_hexdump                 0x00025eb3   Thumb Code    50  nrf_log_frontend.o(.text)
    buffer_is_empty                          0x00025ee5   Thumb Code    16  nrf_log_frontend.o(.text)
    nrf_log_frontend_dequeue                 0x00025ef5   Thumb Code   354  nrf_log_frontend.o(.text)
    nrf_log_getchar                          0x00026057   Thumb Code     4  nrf_log_frontend.o(.text)
    inv_disable_compass_soft_iron_matrix     0x000260b3   Thumb Code    12  data_builder.o(.text)
    inv_reset_compass_soft_iron_matrix       0x000260bf   Thumb Code    68  data_builder.o(.text)
    inv_init_data_builder                    0x00026103   Thumb Code    48  data_builder.o(.text)
    inv_get_gyro_sensitivity                 0x00026133   Thumb Code     8  data_builder.o(.text)
    inv_get_accel_sensitivity                0x0002613b   Thumb Code     8  data_builder.o(.text)
    inv_get_compass_sensitivity              0x00026143   Thumb Code    10  data_builder.o(.text)
    set_sensor_orientation_and_scale         0x0002614d   Thumb Code     6  data_builder.o(.text)
    inv_set_gyro_orientation_and_scale       0x00026153   Thumb Code    10  data_builder.o(.text)
    inv_set_gyro_sample_rate                 0x0002615d   Thumb Code    32  data_builder.o(.text)
    inv_set_accel_sample_rate                0x0002617d   Thumb Code    36  data_builder.o(.text)
    inv_set_compass_sample_rate              0x000261a1   Thumb Code    36  data_builder.o(.text)
    inv_get_gyro_sample_rate_ms              0x000261c5   Thumb Code    10  data_builder.o(.text)
    inv_get_accel_sample_rate_ms             0x000261cf   Thumb Code    10  data_builder.o(.text)
    inv_get_compass_sample_rate_ms           0x000261d9   Thumb Code    12  data_builder.o(.text)
    inv_set_quat_sample_rate                 0x000261e5   Thumb Code    22  data_builder.o(.text)
    inv_set_gyro_bandwidth                   0x000261fb   Thumb Code     8  data_builder.o(.text)
    inv_set_accel_bandwidth                  0x00026203   Thumb Code    10  data_builder.o(.text)
    inv_set_compass_bandwidth                0x0002620d   Thumb Code    10  data_builder.o(.text)
    inv_get_compass_on                       0x00026217   Thumb Code    14  data_builder.o(.text)
    inv_get_gyro_on                          0x00026225   Thumb Code    12  data_builder.o(.text)
    inv_get_accel_on                         0x00026231   Thumb Code    14  data_builder.o(.text)
    inv_get_last_timestamp                   0x0002623f   Thumb Code    68  data_builder.o(.text)
    inv_set_accel_orientation_and_scale      0x00026283   Thumb Code    10  data_builder.o(.text)
    inv_set_compass_orientation_and_scale    0x0002628d   Thumb Code    10  data_builder.o(.text)
    inv_matrix_vector_mult                   0x00026297   Thumb Code   110  data_builder.o(.text)
    inv_apply_calibration                    0x00026305   Thumb Code   106  data_builder.o(.text)
    inv_get_compass_bias                     0x0002636f   Thumb Code    22  data_builder.o(.text)
    inv_set_compass_bias                     0x00026385   Thumb Code    68  data_builder.o(.text)
    inv_set_compass_disturbance              0x000263c9   Thumb Code    10  data_builder.o(.text)
    inv_get_compass_disturbance              0x000263d3   Thumb Code    10  data_builder.o(.text)
    inv_set_accel_bias                       0x000263dd   Thumb Code    72  data_builder.o(.text)
    inv_set_accel_accuracy                   0x00026425   Thumb Code    24  data_builder.o(.text)
    inv_set_accel_bias_mask                  0x0002643d   Thumb Code   102  data_builder.o(.text)
    inv_set_gyro_bias                        0x000264a3   Thumb Code    92  data_builder.o(.text)
    inv_get_gyro_bias_tc_set                 0x000264ff   Thumb Code    24  data_builder.o(.text)
    inv_get_gyro_bias                        0x00026517   Thumb Code    36  data_builder.o(.text)
    inv_get_accel_bias                       0x0002653b   Thumb Code    36  data_builder.o(.text)
    inv_build_accel                          0x0002655f   Thumb Code    96  data_builder.o(.text)
    inv_build_gyro                           0x000265bf   Thumb Code    44  data_builder.o(.text)
    inv_get_compass_soft_iron_output_data    0x000265eb   Thumb Code    24  data_builder.o(.text)
    inv_set_compass_soft_iron_input_data     0x00026603   Thumb Code    70  data_builder.o(.text)
    inv_build_compass                        0x00026649   Thumb Code   114  data_builder.o(.text)
    inv_build_temp                           0x000266bb   Thumb Code    24  data_builder.o(.text)
    inv_build_quat                           0x000266d3   Thumb Code    44  data_builder.o(.text)
    inv_accel_was_turned_off                 0x000266ff   Thumb Code     8  data_builder.o(.text)
    inv_compass_was_turned_off               0x00026707   Thumb Code    10  data_builder.o(.text)
    inv_quaternion_sensor_was_turned_off     0x00026711   Thumb Code    10  data_builder.o(.text)
    inv_gyro_was_turned_off                  0x0002671b   Thumb Code     8  data_builder.o(.text)
    inv_temperature_was_turned_off           0x00026723   Thumb Code    10  data_builder.o(.text)
    inv_register_data_cb                     0x0002672d   Thumb Code   164  data_builder.o(.text)
    inv_unregister_data_cb                   0x000267d1   Thumb Code    86  data_builder.o(.text)
    inv_execute_on_data                      0x000268cb   Thumb Code   116  data_builder.o(.text)
    inv_get_accel_set                        0x0002693f   Thumb Code    42  data_builder.o(.text)
    inv_get_gyro_set                         0x00026969   Thumb Code    40  data_builder.o(.text)
    inv_get_gyro_set_raw                     0x00026991   Thumb Code    40  data_builder.o(.text)
    inv_get_gyro                             0x000269b9   Thumb Code    18  data_builder.o(.text)
    inv_get_compass_set                      0x000269cb   Thumb Code    56  data_builder.o(.text)
    inv_get_temp_set                         0x00026a03   Thumb Code    32  data_builder.o(.text)
    inv_get_gyro_accuracy                    0x00026a23   Thumb Code     6  data_builder.o(.text)
    inv_get_mag_accuracy                     0x00026a29   Thumb Code    22  data_builder.o(.text)
    inv_get_accel_accuracy                   0x00026a3f   Thumb Code     6  data_builder.o(.text)
    inv_get_gyro_orient                      0x00026a45   Thumb Code    10  data_builder.o(.text)
    inv_get_accel_orient                     0x00026a4f   Thumb Code    10  data_builder.o(.text)
    inv_get_compass_soft_iron_matrix_d       0x00026a59   Thumb Code    24  data_builder.o(.text)
    inv_set_compass_soft_iron_matrix_d       0x00026a71   Thumb Code    50  data_builder.o(.text)
    inv_get_compass_soft_iron_matrix_f       0x00026aa3   Thumb Code    28  data_builder.o(.text)
    inv_set_compass_soft_iron_matrix_f       0x00026abf   Thumb Code    50  data_builder.o(.text)
    inv_get_compass_soft_iron_input_data     0x00026af1   Thumb Code    24  data_builder.o(.text)
    inv_enable_compass_soft_iron_matrix      0x00026b09   Thumb Code    10  data_builder.o(.text)
    inv_get_sensor_type_accelerometer        0x00026b25   Thumb Code    80  hal_outputs.o(.text)
    inv_get_sensor_type_linear_acceleration  0x00026b75   Thumb Code   106  hal_outputs.o(.text)
    inv_get_sensor_type_gravity              0x00026bdf   Thumb Code    88  hal_outputs.o(.text)
    inv_get_sensor_type_gyroscope            0x00026c37   Thumb Code    80  hal_outputs.o(.text)
    inv_get_sensor_type_gyroscope_raw        0x00026c87   Thumb Code    80  hal_outputs.o(.text)
    inv_get_sensor_type_rotation_vector      0x00026cd7   Thumb Code   182  hal_outputs.o(.text)
    inv_get_sensor_type_magnetic_field       0x00026d8d   Thumb Code    56  hal_outputs.o(.text)
    inv_get_sensor_type_orientation          0x00026ee5   Thumb Code    20  hal_outputs.o(.text)
    inv_generate_hal_outputs                 0x00026ef9   Thumb Code   406  hal_outputs.o(.text)
    inv_stop_hal_outputs                     0x0002708f   Thumb Code     8  hal_outputs.o(.text)
    inv_start_hal_outputs                    0x00027097   Thumb Code    14  hal_outputs.o(.text)
    inv_init_hal_outputs                     0x000270a5   Thumb Code    48  hal_outputs.o(.text)
    inv_enable_hal_outputs                   0x000270d5   Thumb Code    18  hal_outputs.o(.text)
    inv_disable_hal_outputs                  0x000270e7   Thumb Code    18  hal_outputs.o(.text)
    inv_set_message                          0x00027105   Thumb Code    16  message_layer.o(.text)
    inv_get_message_level_0                  0x00027115   Thumb Code    16  message_layer.o(.text)
    inv_sinf                                 0x00027129   Thumb Code    38  ml_math_func.o(.text)
    inv_cosf                                 0x0002714f   Thumb Code    40  ml_math_func.o(.text)
    inv_q30_mult                             0x00027177   Thumb Code    12  ml_math_func.o(.text)
    inv_q_mult                               0x00027183   Thumb Code   176  ml_math_func.o(.text)
    inv_q_invert                             0x00027233   Thumb Code    24  ml_math_func.o(.text)
    inv_compass_angle                        0x0002724b   Thumb Code   162  ml_math_func.o(.text)
    inv_get_gyro_sum_of_sqr                  0x000272ed   Thumb Code    24  ml_math_func.o(.text)
    inv_q29_mult                             0x00027305   Thumb Code    12  ml_math_func.o(.text)
    inv_q30_div                              0x00027311   Thumb Code    22  ml_math_func.o(.text)
    inv_q_shift_mult                         0x00027327   Thumb Code    12  ml_math_func.o(.text)
    inv_q_add                                0x00027333   Thumb Code    36  ml_math_func.o(.text)
    inv_vector_normalize                     0x00027357   Thumb Code   190  ml_math_func.o(.text)
    inv_q_normalize                          0x00027415   Thumb Code     4  ml_math_func.o(.text)
    quaternion_to_rotation_angle             0x00027419   Thumb Code   144  ml_math_func.o(.text)
    inv_q_rotate                             0x000274a9   Thumb Code    62  ml_math_func.o(.text)
    inv_q_multf                              0x000274e7   Thumb Code   288  ml_math_func.o(.text)
    inv_q_addf                               0x00027607   Thumb Code    66  ml_math_func.o(.text)
    inv_q_normalizef                         0x00027649   Thumb Code   174  ml_math_func.o(.text)
    inv_q_norm4                              0x000276f7   Thumb Code   126  ml_math_func.o(.text)
    inv_q_invertf                            0x00027775   Thumb Code    46  ml_math_func.o(.text)
    inv_quaternion_to_rotation               0x000277a3   Thumb Code   218  ml_math_func.o(.text)
    inv_quaternion_to_rotation_vector        0x0002787d   Thumb Code    34  ml_math_func.o(.text)
    inv_int32_to_big8                        0x0002789f   Thumb Code    20  ml_math_func.o(.text)
    inv_big8_to_int32                        0x000278b3   Thumb Code    24  ml_math_func.o(.text)
    inv_big8_to_int16                        0x000278cb   Thumb Code    12  ml_math_func.o(.text)
    inv_little8_to_int16                     0x000278d7   Thumb Code    12  ml_math_func.o(.text)
    inv_int16_to_big8                        0x000278e3   Thumb Code    12  ml_math_func.o(.text)
    inv_matrix_det_inc                       0x000278ef   Thumb Code    96  ml_math_func.o(.text)
    inv_matrix_det_incd                      0x0002794f   Thumb Code    94  ml_math_func.o(.text)
    inv_matrix_det                           0x000279ad   Thumb Code   156  ml_math_func.o(.text)
    inv_matrix_detd                          0x00027a49   Thumb Code   218  ml_math_func.o(.text)
    inv_wrap_angle                           0x00027b23   Thumb Code    36  ml_math_func.o(.text)
    inv_angle_diff                           0x00027b47   Thumb Code    62  ml_math_func.o(.text)
    inv_checksum                             0x00027b85   Thumb Code    28  ml_math_func.o(.text)
    inv_orientation_matrix_to_scalar         0x00027be9   Thumb Code    36  ml_math_func.o(.text)
    inv_convert_to_body                      0x00027c0d   Thumb Code    70  ml_math_func.o(.text)
    inv_convert_to_chip                      0x00027c53   Thumb Code    70  ml_math_func.o(.text)
    inv_convert_to_body_with_scale           0x00027c99   Thumb Code    92  ml_math_func.o(.text)
    inv_vector_norm                          0x00027cf5   Thumb Code    46  ml_math_func.o(.text)
    inv_init_biquad_filter                   0x00027d23   Thumb Code    38  ml_math_func.o(.text)
    inv_calc_state_to_match_output           0x00027d49   Thumb Code    42  ml_math_func.o(.text)
    inv_biquad_filter_process                0x00027d73   Thumb Code   100  ml_math_func.o(.text)
    inv_get_cross_product_vec                0x00027dd7   Thumb Code    86  ml_math_func.o(.text)
    mlMatrixVectorMult                       0x00027e2d   Thumb Code    50  ml_math_func.o(.text)
    inv_init_mpl                             0x00027e81   Thumb Code    94  mpl.o(.text)
    inv_get_version                          0x00027edf   Thumb Code    10  mpl.o(.text)
    inv_start_mpl                            0x00027ee9   Thumb Code    36  mpl.o(.text)
    inv_store_gaming_quaternion              0x00027f65   Thumb Code    30  results_holder.o(.text)
    inv_set_compass_correction               0x00027f83   Thumb Code    30  results_holder.o(.text)
    inv_get_compass_correction               0x00027fa1   Thumb Code    18  results_holder.o(.text)
    inv_get_large_mag_field                  0x00027fb3   Thumb Code     6  results_holder.o(.text)
    inv_set_large_mag_field                  0x00027fb9   Thumb Code     6  results_holder.o(.text)
    inv_get_acc_state                        0x00027fbf   Thumb Code     6  results_holder.o(.text)
    inv_set_acc_state                        0x00027fc5   Thumb Code     6  results_holder.o(.text)
    inv_get_motion_state                     0x00027fcb   Thumb Code    12  results_holder.o(.text)
    inv_set_motion_state                     0x00027fd7   Thumb Code    52  results_holder.o(.text)
    inv_set_local_field                      0x0002800b   Thumb Code    16  results_holder.o(.text)
    inv_get_local_field                      0x0002801b   Thumb Code    16  results_holder.o(.text)
    inv_set_mag_scale                        0x0002802b   Thumb Code    16  results_holder.o(.text)
    inv_get_mag_scale                        0x0002803b   Thumb Code    16  results_holder.o(.text)
    inv_get_gravity                          0x0002804b   Thumb Code    80  results_holder.o(.text)
    inv_get_6axis_quaternion                 0x0002809b   Thumb Code    22  results_holder.o(.text)
    inv_get_quaternion                       0x000280b1   Thumb Code    44  results_holder.o(.text)
    inv_get_quaternion_float                 0x000280dd   Thumb Code    58  results_holder.o(.text)
    inv_get_quaternion_set                   0x00028117   Thumb Code    64  results_holder.o(.text)
    inv_generate_results                     0x00028157   Thumb Code    10  results_holder.o(.text)
    inv_start_results_holder                 0x00028161   Thumb Code    20  results_holder.o(.text)
    inv_init_results_holder                  0x00028175   Thumb Code    40  results_holder.o(.text)
    inv_enable_results_holder                0x0002819d   Thumb Code    24  results_holder.o(.text)
    inv_got_accel_bias                       0x000281b5   Thumb Code     6  results_holder.o(.text)
    inv_set_accel_bias_found                 0x000281bb   Thumb Code     6  results_holder.o(.text)
    inv_got_compass_bias                     0x000281c1   Thumb Code     6  results_holder.o(.text)
    inv_set_compass_bias_found               0x000281c7   Thumb Code     6  results_holder.o(.text)
    inv_set_compass_state                    0x000281cd   Thumb Code     6  results_holder.o(.text)
    inv_get_compass_state                    0x000281d3   Thumb Code     6  results_holder.o(.text)
    inv_set_compass_bias_error               0x000281d9   Thumb Code    16  results_holder.o(.text)
    inv_get_compass_bias_error               0x000281e9   Thumb Code    16  results_holder.o(.text)
    inv_get_linear_accel                     0x000281f9   Thumb Code    62  results_holder.o(.text)
    inv_get_accel                            0x00028237   Thumb Code    22  results_holder.o(.text)
    inv_get_accel_float                      0x0002824d   Thumb Code    64  results_holder.o(.text)
    inv_get_gyro_float                       0x0002828d   Thumb Code    66  results_holder.o(.text)
    inv_set_heading_confidence_interval      0x000282cf   Thumb Code     8  results_holder.o(.text)
    inv_get_heading_confidence_interval      0x000282d7   Thumb Code     8  results_holder.o(.text)
    inv_get_linear_accel_float               0x000282df   Thumb Code    64  results_holder.o(.text)
    inv_init_start_manager                   0x00028341   Thumb Code    14  start_manager.o(.text)
    inv_unregister_mpl_start_notification    0x0002834f   Thumb Code    70  start_manager.o(.text)
    inv_register_mpl_start_notification      0x00028395   Thumb Code    28  start_manager.o(.text)
    inv_execute_mpl_start_notification       0x000283b1   Thumb Code    36  start_manager.o(.text)
    inv_init_storage_manager                 0x000283d9   Thumb Code    20  storage_manager.o(.text)
    inv_register_load_store                  0x000283ed   Thumb Code   104  storage_manager.o(.text)
    inv_get_mpl_state_size                   0x00028455   Thumb Code    10  storage_manager.o(.text)
    inv_load_mpl_states                      0x00028487   Thumb Code   150  storage_manager.o(.text)
    inv_save_mpl_states                      0x0002851d   Thumb Code   118  storage_manager.o(.text)
    dmp_load_motion_driver_firmware          0x00028599   Thumb Code    16  inv_mpu_dmp_motion_driver.o(.text)
    dmp_set_orientation                      0x000285a9   Thumb Code   260  inv_mpu_dmp_motion_driver.o(.text)
    dmp_set_gyro_bias                        0x000286ad   Thumb Code   256  inv_mpu_dmp_motion_driver.o(.text)
    dmp_set_accel_bias                       0x000287ad   Thumb Code   270  inv_mpu_dmp_motion_driver.o(.text)
    dmp_set_fifo_rate                        0x000288bb   Thumb Code    96  inv_mpu_dmp_motion_driver.o(.text)
    dmp_get_fifo_rate                        0x0002891b   Thumb Code    10  inv_mpu_dmp_motion_driver.o(.text)
    dmp_set_tap_thresh                       0x00028925   Thumb Code   430  inv_mpu_dmp_motion_driver.o(.text)
    dmp_set_tap_axes                         0x00028ad3   Thumb Code    56  inv_mpu_dmp_motion_driver.o(.text)
    dmp_set_tap_count                        0x00028b0b   Thumb Code    34  inv_mpu_dmp_motion_driver.o(.text)
    dmp_set_tap_time                         0x00028b2d   Thumb Code    32  inv_mpu_dmp_motion_driver.o(.text)
    dmp_set_tap_time_multi                   0x00028b4d   Thumb Code    32  inv_mpu_dmp_motion_driver.o(.text)
    dmp_set_shake_reject_thresh              0x00028b6d   Thumb Code    48  inv_mpu_dmp_motion_driver.o(.text)
    dmp_set_shake_reject_time                0x00028b9d   Thumb Code    32  inv_mpu_dmp_motion_driver.o(.text)
    dmp_set_shake_reject_timeout             0x00028bbd   Thumb Code    32  inv_mpu_dmp_motion_driver.o(.text)
    dmp_get_pedometer_step_count             0x00028bdd   Thumb Code    68  inv_mpu_dmp_motion_driver.o(.text)
    dmp_set_pedometer_step_count             0x00028c21   Thumb Code    38  inv_mpu_dmp_motion_driver.o(.text)
    dmp_get_pedometer_walk_time              0x00028c47   Thumb Code    74  inv_mpu_dmp_motion_driver.o(.text)
    dmp_set_pedometer_walk_time              0x00028c91   Thumb Code    44  inv_mpu_dmp_motion_driver.o(.text)
    dmp_enable_6x_lp_quat                    0x00028cbd   Thumb Code    60  inv_mpu_dmp_motion_driver.o(.text)
    dmp_enable_lp_quat                       0x00028cf9   Thumb Code    60  inv_mpu_dmp_motion_driver.o(.text)
    dmp_enable_gyro_cal                      0x00028d35   Thumb Code    62  inv_mpu_dmp_motion_driver.o(.text)
    dmp_enable_feature                       0x00028d73   Thumb Code   534  inv_mpu_dmp_motion_driver.o(.text)
    dmp_get_enabled_features                 0x00028f89   Thumb Code    10  inv_mpu_dmp_motion_driver.o(.text)
    dmp_set_interrupt_mode                   0x00028fcb   Thumb Code    76  inv_mpu_dmp_motion_driver.o(.text)
    dmp_read_fifo                            0x00029017   Thumb Code   394  inv_mpu_dmp_motion_driver.o(.text)
    dmp_register_tap_cb                      0x000291a1   Thumb Code     8  inv_mpu_dmp_motion_driver.o(.text)
    dmp_register_android_orient_cb           0x000291a9   Thumb Code     8  inv_mpu_dmp_motion_driver.o(.text)
    mpu_reg_dump                             0x000292f9   Thumb Code    72  inv_mpu.o(.text)
    mpu_read_reg                             0x00029341   Thumb Code    56  inv_mpu.o(.text)
    mpu_set_int_latched                      0x00029379   Thumb Code    92  inv_mpu.o(.text)
    mpu_set_sensors                          0x000293d5   Thumb Code   306  inv_mpu.o(.text)
    mpu_set_compass_sample_rate              0x00029507   Thumb Code    76  inv_mpu.o(.text)
    mpu_set_bypass                           0x00029553   Thumb Code   302  inv_mpu.o(.text)
    mpu_reset_fifo                           0x00029865   Thumb Code   360  inv_mpu.o(.text)
    mpu_configure_fifo                       0x000299cd   Thumb Code    90  inv_mpu.o(.text)
    mpu_set_lpf                              0x00029a27   Thumb Code   184  inv_mpu.o(.text)
    mpu_lp_accel_mode                        0x00029adf   Thumb Code   268  inv_mpu.o(.text)
    mpu_set_sample_rate                      0x00029beb   Thumb Code   140  inv_mpu.o(.text)
    mpu_set_accel_fsr                        0x00029c77   Thumb Code   110  inv_mpu.o(.text)
    mpu_set_gyro_fsr                         0x00029ce5   Thumb Code   116  inv_mpu.o(.text)
    mpu_init_inv                             0x00029d59   Thumb Code   244  inv_mpu.o(.text)
    mpu_get_gyro_reg                         0x00029e4d   Thumb Code   100  inv_mpu.o(.text)
    mpu_get_accel_reg                        0x00029eb1   Thumb Code   102  inv_mpu.o(.text)
    mpu_get_temperature                      0x00029f17   Thumb Code   134  inv_mpu.o(.text)
    mpu_read_6500_accel_bias                 0x00029f9d   Thumb Code   120  inv_mpu.o(.text)
    mpu_read_6050_accel_bias                 0x0002a015   Thumb Code   120  inv_mpu.o(.text)
    mpu_read_6500_gyro_bias                  0x0002a08d   Thumb Code   120  inv_mpu.o(.text)
    mpu_set_gyro_bias_reg                    0x0002a105   Thumb Code   138  inv_mpu.o(.text)
    mpu_set_accel_bias_6050_reg              0x0002a18f   Thumb Code   182  inv_mpu.o(.text)
    mpu_set_accel_bias_6500_reg              0x0002a245   Thumb Code   192  inv_mpu.o(.text)
    mpu_get_gyro_fsr                         0x0002a305   Thumb Code    58  inv_mpu.o(.text)
    mpu_get_accel_fsr                        0x0002a33f   Thumb Code    62  inv_mpu.o(.text)
    mpu_get_lpf                              0x0002a37d   Thumb Code    64  inv_mpu.o(.text)
    mpu_get_sample_rate                      0x0002a3bd   Thumb Code    24  inv_mpu.o(.text)
    mpu_get_compass_sample_rate              0x0002a3d5   Thumb Code    10  inv_mpu.o(.text)
    mpu_get_gyro_sens                        0x0002a3df   Thumb Code    68  inv_mpu.o(.text)
    mpu_get_accel_sens                       0x0002a423   Thumb Code    70  inv_mpu.o(.text)
    mpu_get_fifo_config                      0x0002a469   Thumb Code    10  inv_mpu.o(.text)
    mpu_get_power_state                      0x0002a473   Thumb Code    22  inv_mpu.o(.text)
    mpu_get_int_status                       0x0002a489   Thumb Code    60  inv_mpu.o(.text)
    mpu_read_fifo                            0x0002a4c5   Thumb Code   422  inv_mpu.o(.text)
    mpu_read_fifo_stream                     0x0002a66b   Thumb Code   236  inv_mpu.o(.text)
    mpu_set_int_level                        0x0002a757   Thumb Code    10  inv_mpu.o(.text)
    mpu_set_dmp_state                        0x0002b9bd   Thumb Code   118  inv_mpu.o(.text)
    mpu_run_6500_self_test                   0x0002ba33   Thumb Code   376  inv_mpu.o(.text)
    mpu_run_self_test                        0x0002bbab   Thumb Code   160  inv_mpu.o(.text)
    mpu_write_mem                            0x0002bc4b   Thumb Code   106  inv_mpu.o(.text)
    mpu_read_mem                             0x0002bcb5   Thumb Code   556  inv_mpu.o(.text)
    mpu_load_firmware                        0x0002bee1   Thumb Code   180  inv_mpu.o(.text)
    mpu_get_dmp_state                        0x0002bf95   Thumb Code    12  inv_mpu.o(.text)
    mpu_get_compass_reg                      0x0002bfa1   Thumb Code   172  inv_mpu.o(.text)
    mpu_get_compass_fsr                      0x0002c04d   Thumb Code    12  inv_mpu.o(.text)
    mpu_lp_motion_interrupt                  0x0002c059   Thumb Code   582  inv_mpu.o(.text)
    inv_get_sensor_type_accel                0x0002c355   Thumb Code    22  empl_outputs.o(.text)
    inv_get_sensor_type_gyro                 0x0002c36b   Thumb Code    22  empl_outputs.o(.text)
    inv_get_sensor_type_compass              0x0002c381   Thumb Code    22  empl_outputs.o(.text)
    inv_get_sensor_type_quat                 0x0002c397   Thumb Code    22  empl_outputs.o(.text)
    inv_get_sensor_type_heading              0x0002c3ad   Thumb Code   146  empl_outputs.o(.text)
    inv_get_sensor_type_euler                0x0002c43f   Thumb Code   438  empl_outputs.o(.text)
    inv_get_sensor_type_rot_mat              0x0002c5f5   Thumb Code    28  empl_outputs.o(.text)
    inv_enable_eMPL_outputs                  0x0002c6d7   Thumb Code    22  empl_outputs.o(.text)
    inv_disable_eMPL_outputs                 0x0002c6ed   Thumb Code    16  empl_outputs.o(.text)
    Reset_Handler                            0x0002c72d   Thumb Code     8  arm_startup_nrf52840.o(.text)
    NMI_Handler                              0x0002c735   Thumb Code     2  arm_startup_nrf52840.o(.text)
    HardFault_Handler                        0x0002c737   Thumb Code     2  arm_startup_nrf52840.o(.text)
    MemoryManagement_Handler                 0x0002c739   Thumb Code     2  arm_startup_nrf52840.o(.text)
    BusFault_Handler                         0x0002c73b   Thumb Code     2  arm_startup_nrf52840.o(.text)
    UsageFault_Handler                       0x0002c73d   Thumb Code     2  arm_startup_nrf52840.o(.text)
    SVC_Handler                              0x0002c73f   Thumb Code     2  arm_startup_nrf52840.o(.text)
    DebugMon_Handler                         0x0002c741   Thumb Code     2  arm_startup_nrf52840.o(.text)
    PendSV_Handler                           0x0002c743   Thumb Code     2  arm_startup_nrf52840.o(.text)
    SysTick_Handler                          0x0002c745   Thumb Code     2  arm_startup_nrf52840.o(.text)
    CCM_AAR_IRQHandler                       0x0002c747   Thumb Code     0  arm_startup_nrf52840.o(.text)
    COMP_LPCOMP_IRQHandler                   0x0002c747   Thumb Code     0  arm_startup_nrf52840.o(.text)
    CRYPTOCELL_IRQHandler                    0x0002c747   Thumb Code     0  arm_startup_nrf52840.o(.text)
    ECB_IRQHandler                           0x0002c747   Thumb Code     0  arm_startup_nrf52840.o(.text)
    FPU_IRQHandler                           0x0002c747   Thumb Code     0  arm_startup_nrf52840.o(.text)
    I2S_IRQHandler                           0x0002c747   Thumb Code     0  arm_startup_nrf52840.o(.text)
    MWU_IRQHandler                           0x0002c747   Thumb Code     0  arm_startup_nrf52840.o(.text)
    NFCT_IRQHandler                          0x0002c747   Thumb Code     0  arm_startup_nrf52840.o(.text)
    PDM_IRQHandler                           0x0002c747   Thumb Code     0  arm_startup_nrf52840.o(.text)
    PWM0_IRQHandler                          0x0002c747   Thumb Code     0  arm_startup_nrf52840.o(.text)
    PWM1_IRQHandler                          0x0002c747   Thumb Code     0  arm_startup_nrf52840.o(.text)
    PWM2_IRQHandler                          0x0002c747   Thumb Code     0  arm_startup_nrf52840.o(.text)
    PWM3_IRQHandler                          0x0002c747   Thumb Code     0  arm_startup_nrf52840.o(.text)
    QDEC_IRQHandler                          0x0002c747   Thumb Code     0  arm_startup_nrf52840.o(.text)
    QSPI_IRQHandler                          0x0002c747   Thumb Code     0  arm_startup_nrf52840.o(.text)
    RADIO_IRQHandler                         0x0002c747   Thumb Code     0  arm_startup_nrf52840.o(.text)
    RNG_IRQHandler                           0x0002c747   Thumb Code     0  arm_startup_nrf52840.o(.text)
    RTC0_IRQHandler                          0x0002c747   Thumb Code     0  arm_startup_nrf52840.o(.text)
    RTC2_IRQHandler                          0x0002c747   Thumb Code     0  arm_startup_nrf52840.o(.text)
    SAADC_IRQHandler                         0x0002c747   Thumb Code     0  arm_startup_nrf52840.o(.text)
    SPIM1_SPIS1_TWIM1_TWIS1_SPI1_TWI1_IRQHandler 0x0002c747   Thumb Code     0  arm_startup_nrf52840.o(.text)
    SPIM2_SPIS2_SPI2_IRQHandler              0x0002c747   Thumb Code     0  arm_startup_nrf52840.o(.text)
    SPIM3_IRQHandler                         0x0002c747   Thumb Code     0  arm_startup_nrf52840.o(.text)
    SWI1_EGU1_IRQHandler                     0x0002c747   Thumb Code     0  arm_startup_nrf52840.o(.text)
    SWI2_EGU2_IRQHandler                     0x0002c747   Thumb Code     0  arm_startup_nrf52840.o(.text)
    SWI3_EGU3_IRQHandler                     0x0002c747   Thumb Code     0  arm_startup_nrf52840.o(.text)
    SWI4_EGU4_IRQHandler                     0x0002c747   Thumb Code     0  arm_startup_nrf52840.o(.text)
    SWI5_EGU5_IRQHandler                     0x0002c747   Thumb Code     0  arm_startup_nrf52840.o(.text)
    TEMP_IRQHandler                          0x0002c747   Thumb Code     0  arm_startup_nrf52840.o(.text)
    TIMER0_IRQHandler                        0x0002c747   Thumb Code     0  arm_startup_nrf52840.o(.text)
    TIMER1_IRQHandler                        0x0002c747   Thumb Code     0  arm_startup_nrf52840.o(.text)
    TIMER2_IRQHandler                        0x0002c747   Thumb Code     0  arm_startup_nrf52840.o(.text)
    TIMER3_IRQHandler                        0x0002c747   Thumb Code     0  arm_startup_nrf52840.o(.text)
    TIMER4_IRQHandler                        0x0002c747   Thumb Code     0  arm_startup_nrf52840.o(.text)
    UARTE1_IRQHandler                        0x0002c747   Thumb Code     0  arm_startup_nrf52840.o(.text)
    USBD_IRQHandler                          0x0002c747   Thumb Code     0  arm_startup_nrf52840.o(.text)
    WDT_IRQHandler                           0x0002c747   Thumb Code     0  arm_startup_nrf52840.o(.text)
    SystemCoreClockUpdate                    0x0002c751   Thumb Code     8  system_nrf52840.o(.text)
    SystemInit                               0x0002c7f5   Thumb Code   374  system_nrf52840.o(.text)
    inv_vector_compass_cal_sensitivity       0x0002c9ad   Thumb Code     8  compass_vec_cal.o(.text)
    inv_cheap_rand                           0x0002cb9b   Thumb Code    42  compass_vec_cal.o(.text)
    inv_cheap_gaussian                       0x0002cbc5   Thumb Code   134  compass_vec_cal.o(.text)
    inv_combine_compass_data                 0x0002cc4b   Thumb Code   416  compass_vec_cal.o(.text)
    inv_set_terms                            0x0002cdeb   Thumb Code   932  compass_vec_cal.o(.text)
    inv_compute_bias                         0x0002d18f   Thumb Code  2142  compass_vec_cal.o(.text)
    inv_center_sum                           0x0002d9ed   Thumb Code  1784  compass_vec_cal.o(.text)
    inv_get_current_calibrated_compass       0x0002e0e5   Thumb Code    82  compass_vec_cal.o(.text)
    inv_add_compass_block_data               0x0002e137   Thumb Code   172  compass_vec_cal.o(.text)
    inv_check_sim                            0x0002e44f   Thumb Code   400  compass_vec_cal.o(.text)
    inv_reset_data_collection                0x0002e5df   Thumb Code    50  compass_vec_cal.o(.text)
    inv_process_compass_only_cal             0x0002e611   Thumb Code  1720  compass_vec_cal.o(.text)
    inv_generate_vector_compass_cal          0x0002ecc9   Thumb Code    62  compass_vec_cal.o(.text)
    inv_start_vector_compass_cal             0x0002ed07   Thumb Code    14  compass_vec_cal.o(.text)
    inv_stop_vector_compass_cal              0x0002ed15   Thumb Code     8  compass_vec_cal.o(.text)
    inv_init_vector_compass_cal              0x0002ed1d   Thumb Code    92  compass_vec_cal.o(.text)
    inv_enable_vector_compass_cal            0x0002ed79   Thumb Code    24  compass_vec_cal.o(.text)
    inv_disable_vector_compass_cal           0x0002ed91   Thumb Code    22  compass_vec_cal.o(.text)
    inv_init_maxmin                          0x0002ee9d   Thumb Code    78  fast_no_motion.o(.text)
    inv_fast_nomot_parameter                 0x0002eeeb   Thumb Code   332  fast_no_motion.o(.text)
    inv_fast_nomot_parameter_3rd             0x0002f037   Thumb Code   190  fast_no_motion.o(.text)
    inv_fast_nomot_set_gyro_bias             0x0002f0f5   Thumb Code   232  fast_no_motion.o(.text)
    inv_set_fast_nomot_compass_threshold     0x0002f1dd   Thumb Code     8  fast_no_motion.o(.text)
    int_set_fast_nomot_gyro_threshold        0x0002f1e5   Thumb Code     8  fast_no_motion.o(.text)
    inv_set_fast_nomot_accel_threshold       0x0002f1ed   Thumb Code     8  fast_no_motion.o(.text)
    inv_get_fast_nomot_compass_param         0x0002f1f5   Thumb Code    18  fast_no_motion.o(.text)
    inv_get_fast_nomot_accel_param           0x0002f207   Thumb Code    18  fast_no_motion.o(.text)
    inv_fast_nomot_store_data                0x0002f219   Thumb Code   140  fast_no_motion.o(.text)
    inv_fast_nomot_store_data_compass        0x0002f2a5   Thumb Code    74  fast_no_motion.o(.text)
    inv_fast_nomot_reset_data_compass        0x0002f2ef   Thumb Code    36  fast_no_motion.o(.text)
    inv_fast_nomot_get_time_elaps            0x0002f313   Thumb Code     8  fast_no_motion.o(.text)
    inv_fast_nomot_parameter_compass         0x0002f31b   Thumb Code    22  fast_no_motion.o(.text)
    inv_get_right_shift_by_rounding          0x0002f331   Thumb Code    76  fast_no_motion.o(.text)
    inv_reset_min_max_gyro_accel_statistics  0x0002f37d   Thumb Code    38  fast_no_motion.o(.text)
    inv_record_max_moment_in_no_motion_gyro  0x0002f3a3   Thumb Code    32  fast_no_motion.o(.text)
    inv_record_max_moment_in_no_motion_accel 0x0002f3c3   Thumb Code    32  fast_no_motion.o(.text)
    inv_record_min_moment_in_motion_gyro     0x0002f3e3   Thumb Code    34  fast_no_motion.o(.text)
    inv_record_min_moment_in_motion_accel    0x0002f405   Thumb Code    34  fast_no_motion.o(.text)
    inv_detect_motion_by_gyro_accel          0x0002f427   Thumb Code   214  fast_no_motion.o(.text)
    inv_sensor_data_preprocess               0x0002f4fd   Thumb Code   132  fast_no_motion.o(.text)
    inv_generate_fast_nomot                  0x0002f581   Thumb Code   504  fast_no_motion.o(.text)
    inv_set_default_number_of_samples        0x0002f779   Thumb Code    62  fast_no_motion.o(.text)
    inv_init_fast_nomot                      0x0002f7b7   Thumb Code    78  fast_no_motion.o(.text)
    inv_start_fast_nomot                     0x0002f805   Thumb Code    56  fast_no_motion.o(.text)
    inv_stop_fast_nomot                      0x0002f83d   Thumb Code    20  fast_no_motion.o(.text)
    inv_enable_fast_nomot                    0x0002f851   Thumb Code    24  fast_no_motion.o(.text)
    inv_disable_fast_nomot                   0x0002f869   Thumb Code    18  fast_no_motion.o(.text)
    inv_get_fnm_gyro_no_motion_param         0x0002f87b   Thumb Code     8  fast_no_motion.o(.text)
    inv_fnm_debug_print                      0x0002f883   Thumb Code     2  fast_no_motion.o(.text)
    inv_filter_correction_angle              0x0002f961   Thumb Code   374  fusion_9axis.o(.text)
    inv_perform_9x_fusion                    0x0002fad7   Thumb Code   894  fusion_9axis.o(.text)
    inv_process_9x_sensor_fusion_cb          0x0002fe55   Thumb Code   120  fusion_9axis.o(.text)
    inv_init_9x_fusion                       0x0002fecd   Thumb Code    52  fusion_9axis.o(.text)
    inv_9x_fusion_set_mag_fb                 0x0002ff01   Thumb Code    10  fusion_9axis.o(.text)
    inv_9x_fusion_enable_jitter_reduction    0x0002ff0b   Thumb Code    10  fusion_9axis.o(.text)
    inv_9x_fusion_use_timestamps             0x0002ff15   Thumb Code    10  fusion_9axis.o(.text)
    inv_start_9x_sensor_fusion               0x0002ff1f   Thumb Code    14  fusion_9axis.o(.text)
    inv_stop_9x_sensor_fusion                0x0002ff2d   Thumb Code     8  fusion_9axis.o(.text)
    inv_enable_9x_sensor_fusion              0x0002ff35   Thumb Code    30  fusion_9axis.o(.text)
    inv_disable_9x_sensor_fusion             0x0002ff53   Thumb Code     8  fusion_9axis.o(.text)
    inv_set_magnetic_disturbance             0x0002ff65   Thumb Code    16  mag_disturb.o(.text)
    inv_init_magnetic_disturbance            0x0002ff75   Thumb Code    68  mag_disturb.o(.text)
    MagDisturbSetDisturbance                 0x0002ffb9   Thumb Code   108  mag_disturb.o(.text)
    MagDisturbCheckSettling                  0x00030025   Thumb Code    68  mag_disturb.o(.text)
    ComputeAngleVelocity                     0x00030069   Thumb Code    94  mag_disturb.o(.text)
    inv_disable_dip_tracking                 0x000300c7   Thumb Code    10  mag_disturb.o(.text)
    Mag3ofNormalizedLong                     0x000300d1   Thumb Code    60  mag_disturb.o(.text)
    inv_track_dip_angle                      0x0003010d   Thumb Code   126  mag_disturb.o(.text)
    inv_check_magnetic_disturbance           0x0003018b   Thumb Code   758  mag_disturb.o(.text)
    inv_magnetic_disturbance_process         0x00030481   Thumb Code    50  mag_disturb.o(.text)
    inv_start_magnetic_disturbance           0x000304b3   Thumb Code    14  mag_disturb.o(.text)
    inv_stop_magnetic_disturbance            0x000304c1   Thumb Code     8  mag_disturb.o(.text)
    inv_enable_magnetic_disturbance          0x000304c9   Thumb Code    40  mag_disturb.o(.text)
    inv_disable_magnetic_disturbance         0x000304f1   Thumb Code    22  mag_disturb.o(.text)
    inv_enable_dip_tracking                  0x00030507   Thumb Code    14  mag_disturb.o(.text)
    inv_get_magnetic_disturbance_state       0x00030515   Thumb Code     8  mag_disturb.o(.text)
    inv_generate_gyro_quaternion             0x000308dd   Thumb Code   348  quaternion_supervisor.o(.text)
    inv_set_quaternion                       0x00030bef   Thumb Code    36  quaternion_supervisor.o(.text)
    inv_generate_accel_gyro_quaternion       0x00030c13   Thumb Code   468  quaternion_supervisor.o(.text)
    inv_stop_quaternion                      0x00030e2b   Thumb Code     6  quaternion_supervisor.o(.text)
    inv_init_quaternion                      0x00030e31   Thumb Code    34  quaternion_supervisor.o(.text)
    inv_start_quaternion                     0x00030e53   Thumb Code    34  quaternion_supervisor.o(.text)
    inv_enable_quaternion                    0x00030e75   Thumb Code    24  quaternion_supervisor.o(.text)
    inv_disable_quaternion                   0x00030e8d   Thumb Code    20  quaternion_supervisor.o(.text)
    inv_init_accel_maxmin                    0x00030eb9   Thumb Code    34  accel_auto_cal.o(.text)
    inv_record_good_accel_maxmin             0x00030edb   Thumb Code    58  accel_auto_cal.o(.text)
    inv_get_current_calibrated_accel         0x00030f15   Thumb Code    70  accel_auto_cal.o(.text)
    inv_sort_order_4_T                       0x00031305   Thumb Code   134  accel_auto_cal.o(.text)
    inv_init_check_sample_balance            0x0003138b   Thumb Code    36  accel_auto_cal.o(.text)
    inv_init_check_sample_balance_parameter  0x000313af   Thumb Code    28  accel_auto_cal.o(.text)
    inv_add_accel_block_data                 0x000313cb   Thumb Code   180  accel_auto_cal.o(.text)
    inv_add_vector_block_data                0x0003147f   Thumb Code   152  accel_auto_cal.o(.text)
    inv_check_sample_balance                 0x00031517   Thumb Code   372  accel_auto_cal.o(.text)
    inv_auto_calibrate                       0x000316dd   Thumb Code   828  accel_auto_cal.o(.text)
    inv_init_in_use_auto_calibration         0x00031a19   Thumb Code    92  accel_auto_cal.o(.text)
    inv_start_in_use_auto_calibration        0x00031a75   Thumb Code    14  accel_auto_cal.o(.text)
    inv_stop_in_use_auto_calibration         0x00031a83   Thumb Code     8  accel_auto_cal.o(.text)
    inv_enable_in_use_auto_calibration       0x00031a8b   Thumb Code    24  accel_auto_cal.o(.text)
    inv_disable_in_use_auto_calibration      0x00031aa3   Thumb Code    22  accel_auto_cal.o(.text)
    inv_get_accel_bias_stage                 0x00031ab9   Thumb Code     6  accel_auto_cal.o(.text)
    __aeabi_ldivmod                          0x00031afd   Thumb Code    98  ldiv.o(.text)
    __aeabi_llsl                             0x00031b5f   Thumb Code    30  llshl.o(.text)
    _ll_shift_l                              0x00031b5f   Thumb Code     0  llshl.o(.text)
    __aeabi_lasr                             0x00031b7d   Thumb Code    36  llsshr.o(.text)
    _ll_sshift_r                             0x00031b7d   Thumb Code     0  llsshr.o(.text)
    __rt_ctype_table                         0x00031ba1   Thumb Code     4  ctype_o.o(.text)
    ___aeabi_memcpy8$move                    0x00031ba9   Thumb Code     0  memmovea.o(.text)
    __aeabi_memcpy                           0x00031ba9   Thumb Code    64  memmovea.o(.text)
    __aeabi_memcpy4                          0x00031ba9   Thumb Code     0  memmovea.o(.text)
    __aeabi_memmove                          0x00031ba9   Thumb Code     0  memmovea.o(.text)
    __aeabi_memmove4                         0x00031ba9   Thumb Code     0  memmovea.o(.text)
    __aeabi_memmove8                         0x00031ba9   Thumb Code     0  memmovea.o(.text)
    __aeabi_memset                           0x00031be9   Thumb Code    14  memseta.o(.text)
    __aeabi_memset4                          0x00031be9   Thumb Code     0  memseta.o(.text)
    __aeabi_memset8                          0x00031be9   Thumb Code     0  memseta.o(.text)
    __aeabi_memclr                           0x00031bf7   Thumb Code     4  memseta.o(.text)
    __aeabi_memclr4                          0x00031bf7   Thumb Code     0  memseta.o(.text)
    __aeabi_memclr8                          0x00031bf7   Thumb Code     0  memseta.o(.text)
    _memset$wrapper                          0x00031bfb   Thumb Code    18  memseta.o(.text)
    strlen                                   0x00031c0d   Thumb Code    14  strlen.o(.text)
    memcmp                                   0x00031c1b   Thumb Code    26  memcmp.o(.text)
    __aeabi_dadd                             0x00031c35   Thumb Code   322  dadd.o(.text)
    __aeabi_dsub                             0x00031d77   Thumb Code     6  dadd.o(.text)
    __aeabi_drsub                            0x00031d7d   Thumb Code     6  dadd.o(.text)
    __aeabi_dmul                             0x00031d83   Thumb Code   228  dmul.o(.text)
    __aeabi_ddiv                             0x00031e67   Thumb Code   222  ddiv.o(.text)
    __aeabi_l2f                              0x00031f45   Thumb Code    44  ffltl.o(.text)
    __aeabi_i2d                              0x00031f71   Thumb Code    34  dflti.o(.text)
    __aeabi_f2lz                             0x00031f93   Thumb Code    66  ffixl.o(.text)
    __aeabi_d2iz                             0x00031fd5   Thumb Code    62  dfixi.o(.text)
    __aeabi_f2d                              0x00032013   Thumb Code    38  f2d.o(.text)
    __aeabi_cdcmpeq                          0x00032039   Thumb Code     0  cdcmple.o(.text)
    __aeabi_cdcmple                          0x00032039   Thumb Code    48  cdcmple.o(.text)
    __aeabi_cdrcmple                         0x00032069   Thumb Code    48  cdrcmple.o(.text)
    __aeabi_d2f                              0x00032099   Thumb Code    56  d2f.o(.text)
    __aeabi_uidiv                            0x000320d1   Thumb Code     0  uidiv.o(.text)
    __aeabi_uidivmod                         0x000320d1   Thumb Code    44  uidiv.o(.text)
    __aeabi_uldivmod                         0x000320fd   Thumb Code    98  uldiv.o(.text)
    __aeabi_llsr                             0x0003215f   Thumb Code    32  llushr.o(.text)
    _ll_ushift_r                             0x0003215f   Thumb Code     0  llushr.o(.text)
    __I$use$fp                               0x0003217f   Thumb Code     0  iusefp.o(.text)
    _float_round                             0x0003217f   Thumb Code    18  fepilogue.o(.text)
    _float_epilogue                          0x00032191   Thumb Code    92  fepilogue.o(.text)
    _double_round                            0x000321ed   Thumb Code    30  depilogue.o(.text)
    _double_epilogue                         0x0003220b   Thumb Code   156  depilogue.o(.text)
    _dsqrt                                   0x000322a7   Thumb Code   162  dsqrt.o(.text)
    __aeabi_d2ulz                            0x00032349   Thumb Code    48  dfixul.o(.text)
    __scatterload                            0x00032379   Thumb Code    28  init.o(.text)
    __scatterload_rt2                        0x00032379   Thumb Code     0  init.o(.text)
    __aeabi_ui2d                             0x0003239d   Thumb Code    26  dfltui.o(.text)
    __0printf                                0x000323b9   Thumb Code    22  printfa.o(i.__0printf)
    __1printf                                0x000323b9   Thumb Code     0  printfa.o(i.__0printf)
    __2printf                                0x000323b9   Thumb Code     0  printfa.o(i.__0printf)
    __c89printf                              0x000323b9   Thumb Code     0  printfa.o(i.__0printf)
    printf                                   0x000323b9   Thumb Code     0  printfa.o(i.__0printf)
    __0snprintf                              0x000323d9   Thumb Code    44  printfa.o(i.__0snprintf)
    __1snprintf                              0x000323d9   Thumb Code     0  printfa.o(i.__0snprintf)
    __2snprintf                              0x000323d9   Thumb Code     0  printfa.o(i.__0snprintf)
    __c89snprintf                            0x000323d9   Thumb Code     0  printfa.o(i.__0snprintf)
    snprintf                                 0x000323d9   Thumb Code     0  printfa.o(i.__0snprintf)
    __0vsprintf                              0x00032409   Thumb Code    30  printfa.o(i.__0vsprintf)
    __1vsprintf                              0x00032409   Thumb Code     0  printfa.o(i.__0vsprintf)
    __2vsprintf                              0x00032409   Thumb Code     0  printfa.o(i.__0vsprintf)
    __c89vsprintf                            0x00032409   Thumb Code     0  printfa.o(i.__0vsprintf)
    vsprintf                                 0x00032409   Thumb Code     0  printfa.o(i.__0vsprintf)
    __ARM_fpclassify                         0x0003242d   Thumb Code    48  fpclassify.o(i.__ARM_fpclassify)
    __ARM_fpclassifyf                        0x0003245d   Thumb Code    38  fpclassifyf.o(i.__ARM_fpclassifyf)
    __hardfp_acos                            0x00032489   Thumb Code   738  acos.o(i.__hardfp_acos)
    __hardfp_acosf                           0x000327e1   Thumb Code   234  acosf.o(i.__hardfp_acosf)
    __hardfp_asinf                           0x000328f9   Thumb Code   258  asinf.o(i.__hardfp_asinf)
    __hardfp_atan2f                          0x00032a25   Thumb Code   502  atan2f.o(i.__hardfp_atan2f)
    __hardfp_cos                             0x00032c79   Thumb Code   180  cos.o(i.__hardfp_cos)
    __hardfp_cosf                            0x00032d41   Thumb Code   280  cosf.o(i.__hardfp_cosf)
    __hardfp_fabs                            0x00032e91   Thumb Code    20  fabs.o(i.__hardfp_fabs)
    __hardfp_log                             0x00032ea9   Thumb Code   872  log.o(i.__hardfp_log)
    __hardfp_sinf                            0x0003326d   Thumb Code   344  sinf.o(i.__hardfp_sinf)
    __hardfp_sqrt                            0x000333fd   Thumb Code   122  sqrt.o(i.__hardfp_sqrt)
    __hardfp_sqrtf                           0x00033477   Thumb Code    58  sqrtf.o(i.__hardfp_sqrtf)
    __ieee754_rem_pio2                       0x000334b1   Thumb Code   938  rred.o(i.__ieee754_rem_pio2)
    __kernel_cos                             0x000338e9   Thumb Code   322  cos_i.o(i.__kernel_cos)
    __kernel_poly                            0x00033a59   Thumb Code   248  poly.o(i.__kernel_poly)
    __kernel_sin                             0x00033b51   Thumb Code   280  sin_i.o(i.__kernel_sin)
    __mathlib_dbl_divzero                    0x00033c81   Thumb Code    28  dunder.o(i.__mathlib_dbl_divzero)
    __mathlib_dbl_infnan                     0x00033cb1   Thumb Code    20  dunder.o(i.__mathlib_dbl_infnan)
    __mathlib_dbl_invalid                    0x00033cc9   Thumb Code    24  dunder.o(i.__mathlib_dbl_invalid)
    __mathlib_dbl_underflow                  0x00033ce9   Thumb Code    24  dunder.o(i.__mathlib_dbl_underflow)
    __mathlib_flt_infnan                     0x00033d09   Thumb Code     6  funder.o(i.__mathlib_flt_infnan)
    __mathlib_flt_infnan2                    0x00033d0f   Thumb Code     6  funder.o(i.__mathlib_flt_infnan2)
    __mathlib_flt_invalid                    0x00033d15   Thumb Code    10  funder.o(i.__mathlib_flt_invalid)
    __mathlib_flt_underflow                  0x00033d25   Thumb Code    10  funder.o(i.__mathlib_flt_underflow)
    __mathlib_rredf2                         0x00033d35   Thumb Code   316  rredf.o(i.__mathlib_rredf2)
    __scatterload_copy                       0x00033e89   Thumb Code    14  handlers.o(i.__scatterload_copy)
    __scatterload_null                       0x00033e97   Thumb Code     2  handlers.o(i.__scatterload_null)
    __scatterload_zeroinit                   0x00033e99   Thumb Code    14  handlers.o(i.__scatterload_zeroinit)
    __set_errno                              0x00033ea9   Thumb Code     6  errno.o(i.__set_errno)
    fabs                                     0x00034787   Thumb Code    24  fabs.o(i.fabs)
    free                                     0x000347a1   Thumb Code    76  malloc.o(i.free)
    malloc                                   0x000347f1   Thumb Code    92  malloc.o(i.malloc)
    sqrt                                     0x0003485d   Thumb Code   110  sqrt.o(i.sqrt)
    sqrtf                                    0x000348cb   Thumb Code    62  sqrtf.o(i.sqrtf)
    sin_lookup                               0x00034ae4   Data        1024  ml_math_func.o(.constdata)
    ml_ver                                   0x00034ee4   Data          20  mpl.o(.constdata)
    reg                                      0x00035b09   Data          42  inv_mpu.o(.constdata)
    hw                                       0x00035b34   Data          14  inv_mpu.o(.constdata)
    test                                     0x00035b44   Data          48  inv_mpu.o(.constdata)
    __ctype_table                            0x00035e00   Data         129  ctype_o.o(.constdata)
    __mathlib_zero                           0x00035eb8   Data           8  qnan.o(.constdata)
    Region$$Table$$Base                      0x00036328   Number         0  anon$$obj.o(Region$$Table)
    Region$$Table$$Limit                     0x00036348   Number         0  anon$$obj.o(Region$$Table)
    mpl_key                                  0x20002198   Data           4  main.o(.data)
    __stdout                                 0x200021d8   Data           4  retarget.o(.data)
    compass_low_pass_filter_coeff            0x200021e8   Data          20  hal_outputs.o(.data)
    SystemCoreClock                          0x20002238   Data           4  system_nrf52840.o(.data)
    __microlib_freelist                      0x2000224c   Data           4  mvars.o(.data)
    __microlib_freelist_initialised          0x20002250   Data           4  mvars.o(.data)
    twi_tx_buffer                            0x200027c4   Data          16  nrf_drv_mpu_twi.o(.bss)
    cb                                       0x20003110   Data         232  compass_vec_cal.o(.bss)
    cb_test                                  0x200031f8   Data         232  compass_vec_cal.o(.bss)
    cb_sim                                   0x200032e0   Data         232  compass_vec_cal.o(.bss)
    vc                                       0x200033c8   Data         424  compass_vec_cal.o(.bss)
    fnm                                      0x20003570   Data         608  fast_no_motion.o(.bss)
    s9axis                                   0x20003810   Data         312  fusion_9axis.o(.bss)
    mag_disturb                              0x20003948   Data         184  mag_disturb.o(.bss)
    __heap_base                              0x20003f28   Data           0  arm_startup_nrf52840.o(HEAP)
    __heap_limit                             0x20005f28   Data           0  arm_startup_nrf52840.o(HEAP)
    __initial_sp                             0x20007f28   Data           0  arm_startup_nrf52840.o(STACK)



==============================================================================

Memory Map of the image

  Image Entry point : 0x00022201

  Load Region LR_IROM1 (Base: 0x00022000, Size: 0x00014408, Max: 0x000de000, ABSOLUTE)

    Execution Region ER_IROM1 (Base: 0x00022000, Size: 0x00014348, Max: 0x000de000, ABSOLUTE)

    Base Addr    Size         Type   Attr      Idx    E Section Name        Object

    0x00022000   0x00000200   Data   RO         1396    RESET               arm_startup_nrf52840.o
    0x00022200   0x00000000   Code   RO         1853  * .ARM.Collect$$$$00000000  mc_w.l(entry.o)
    0x00022200   0x00000004   Code   RO         2269    .ARM.Collect$$$$00000001  mc_w.l(entry2.o)
    0x00022204   0x00000004   Code   RO         2272    .ARM.Collect$$$$00000004  mc_w.l(entry5.o)
    0x00022208   0x00000000   Code   RO         2274    .ARM.Collect$$$$00000008  mc_w.l(entry7b.o)
    0x00022208   0x00000000   Code   RO         2276    .ARM.Collect$$$$0000000A  mc_w.l(entry8b.o)
    0x00022208   0x00000008   Code   RO         2277    .ARM.Collect$$$$0000000B  mc_w.l(entry9a.o)
    0x00022210   0x00000000   Code   RO         2279    .ARM.Collect$$$$0000000D  mc_w.l(entry10a.o)
    0x00022210   0x00000000   Code   RO         2281    .ARM.Collect$$$$0000000F  mc_w.l(entry11a.o)
    0x00022210   0x00000004   Code   RO         2270    .ARM.Collect$$$$00002712  mc_w.l(entry2.o)
    0x00022214   0x00000764   Code   RO            4    .text               main.o
    0x00022978   0x00000720   Code   RO          342    .text               nrf_drv_twi.o
    0x00023098   0x000003a0   Code   RO          423    .text               nrf_drv_mpu_twi.o
    0x00023438   0x0000010c   Code   RO          492    .text               app_mpu.o
    0x00023544   0x000000c8   Code   RO          522    .text               nrf_drv_inv_dmp.o
    0x0002360c   0x000001b8   Code   RO          568    .text               boards.o
    0x000237c4   0x000002c4   Code   RO          597    .text               nrf_drv_clock.o
    0x00023a88   0x00000044   Code   RO          636    .text               nrf_drv_common.o
    0x00023acc   0x00000ae0   Code   RO          677    .text               nrf_drv_uart.o
    0x000245ac   0x000008f4   Code   RO          722    .text               nrf_drv_gpiote.o
    0x00024ea0   0x00000678   Code   RO          767    .text               app_timer_1.o
    0x00025518   0x00000094   Code   RO          801    .text               app_error.o
    0x000255ac   0x00000060   Code   RO          829    .text               app_error_weak.o
    0x0002560c   0x00000154   Code   RO          857    .text               app_fifo.o
    0x00025760   0x000001f0   Code   RO          884    .text               app_uart_fifo.o
    0x00025950   0x00000078   Code   RO          927    .text               app_util_platform.o
    0x000259c8   0x00000048   Code   RO          987    .text               nrf_strerror.o
    0x00025a10   0x00000020   Code   RO         1014    .text               retarget.o
    0x00025a30   0x000003b8   Code   RO         1046    .text               nrf_log_backend_serial.o
    0x00025de8   0x0000028c   Code   RO         1088    .text               nrf_log_frontend.o
    0x00026074   0x00000ab0   Code   RO         1151    .text               data_builder.o
    0x00026b24   0x000005e0   Code   RO         1187    .text               hal_outputs.o
    0x00027104   0x00000024   Code   RO         1209    .text               message_layer.o
    0x00027128   0x00000d58   Code   RO         1223    .text               ml_math_func.o
    0x00027e80   0x000000e4   Code   RO         1256    .text               mpl.o
    0x00027f64   0x000003dc   Code   RO         1274    .text               results_holder.o
    0x00028340   0x00000098   Code   RO         1288    .text               start_manager.o
    0x000283d8   0x000001c0   Code   RO         1302    .text               storage_manager.o
    0x00028598   0x00000cf0   Code   RO         1319    .text               inv_mpu_dmp_motion_driver.o
    0x00029288   0x000030cc   Code   RO         1352    .text               inv_mpu.o
    0x0002c354   0x000003d8   Code   RO         1380    .text               empl_outputs.o
    0x0002c72c   0x00000024   Code   RO         1397    .text               arm_startup_nrf52840.o
    0x0002c750   0x0000025c   Code   RO         1404    .text               system_nrf52840.o
    0x0002c9ac   0x000024f0   Code   RO         1431    .text               libmpllib.lib(compass_vec_cal.o)
    0x0002ee9c   0x00000a18   Code   RO         1521    .text               libmpllib.lib(fast_no_motion.o)
    0x0002f8b4   0x000006b0   Code   RO         1554    .text               libmpllib.lib(fusion_9axis.o)
    0x0002ff64   0x000005c0   Code   RO         1576    .text               libmpllib.lib(mag_disturb.o)
    0x00030524   0x00000994   Code   RO         1598    .text               libmpllib.lib(quaternion_supervisor.o)
    0x00030eb8   0x00000c44   Code   RO         1616    .text               libmpllib.lib(accel_auto_cal.o)
    0x00031afc   0x00000062   Code   RO         1856    .text               mc_w.l(ldiv.o)
    0x00031b5e   0x0000001e   Code   RO         1858    .text               mc_w.l(llshl.o)
    0x00031b7c   0x00000024   Code   RO         1860    .text               mc_w.l(llsshr.o)
    0x00031ba0   0x00000008   Code   RO         1862    .text               mc_w.l(ctype_o.o)
    0x00031ba8   0x00000040   Code   RO         1892    .text               mc_w.l(memmovea.o)
    0x00031be8   0x00000024   Code   RO         1894    .text               mc_w.l(memseta.o)
    0x00031c0c   0x0000000e   Code   RO         1896    .text               mc_w.l(strlen.o)
    0x00031c1a   0x0000001a   Code   RO         1898    .text               mc_w.l(memcmp.o)
    0x00031c34   0x0000014e   Code   RO         2195    .text               mf_w.l(dadd.o)
    0x00031d82   0x000000e4   Code   RO         2197    .text               mf_w.l(dmul.o)
    0x00031e66   0x000000de   Code   RO         2199    .text               mf_w.l(ddiv.o)
    0x00031f44   0x0000002c   Code   RO         2201    .text               mf_w.l(ffltl.o)
    0x00031f70   0x00000022   Code   RO         2203    .text               mf_w.l(dflti.o)
    0x00031f92   0x00000042   Code   RO         2205    .text               mf_w.l(ffixl.o)
    0x00031fd4   0x0000003e   Code   RO         2207    .text               mf_w.l(dfixi.o)
    0x00032012   0x00000026   Code   RO         2209    .text               mf_w.l(f2d.o)
    0x00032038   0x00000030   Code   RO         2211    .text               mf_w.l(cdcmple.o)
    0x00032068   0x00000030   Code   RO         2213    .text               mf_w.l(cdrcmple.o)
    0x00032098   0x00000038   Code   RO         2215    .text               mf_w.l(d2f.o)
    0x000320d0   0x0000002c   Code   RO         2283    .text               mc_w.l(uidiv.o)
    0x000320fc   0x00000062   Code   RO         2285    .text               mc_w.l(uldiv.o)
    0x0003215e   0x00000020   Code   RO         2287    .text               mc_w.l(llushr.o)
    0x0003217e   0x00000000   Code   RO         2298    .text               mc_w.l(iusefp.o)
    0x0003217e   0x0000006e   Code   RO         2299    .text               mf_w.l(fepilogue.o)
    0x000321ec   0x000000ba   Code   RO         2301    .text               mf_w.l(depilogue.o)
    0x000322a6   0x000000a2   Code   RO         2307    .text               mf_w.l(dsqrt.o)
    0x00032348   0x00000030   Code   RO         2309    .text               mf_w.l(dfixul.o)
    0x00032378   0x00000024   Code   RO         2311    .text               mc_w.l(init.o)
    0x0003239c   0x0000001a   Code   RO         2313    .text               mf_w.l(dfltui.o)
    0x000323b6   0x00000002   PAD
    0x000323b8   0x00000020   Code   RO         2139    i.__0printf         mc_w.l(printfa.o)
    0x000323d8   0x00000030   Code   RO         2140    i.__0snprintf       mc_w.l(printfa.o)
    0x00032408   0x00000024   Code   RO         2145    i.__0vsprintf       mc_w.l(printfa.o)
    0x0003242c   0x00000030   Code   RO         2234    i.__ARM_fpclassify  m_wm.l(fpclassify.o)
    0x0003245c   0x00000026   Code   RO         2236    i.__ARM_fpclassifyf  m_wm.l(fpclassifyf.o)
    0x00032482   0x00000006   PAD
    0x00032488   0x00000358   Code   RO         1645    i.__hardfp_acos     m_wm.l(acos.o)
    0x000327e0   0x00000118   Code   RO         1659    i.__hardfp_acosf    m_wm.l(acosf.o)
    0x000328f8   0x0000012c   Code   RO         1685    i.__hardfp_asinf    m_wm.l(asinf.o)
    0x00032a24   0x00000250   Code   RO         1723    i.__hardfp_atan2f   m_wm.l(atan2f.o)
    0x00032c74   0x00000004   PAD
    0x00032c78   0x000000c8   Code   RO         1741    i.__hardfp_cos      m_wm.l(cos.o)
    0x00032d40   0x00000150   Code   RO         1753    i.__hardfp_cosf     m_wm.l(cosf.o)
    0x00032e90   0x00000014   Code   RO         1765    i.__hardfp_fabs     m_wm.l(fabs.o)
    0x00032ea4   0x00000004   PAD
    0x00032ea8   0x000003c4   Code   RO         1777    i.__hardfp_log      m_wm.l(log.o)
    0x0003326c   0x00000190   Code   RO         1817    i.__hardfp_sinf     m_wm.l(sinf.o)
    0x000333fc   0x0000007a   Code   RO         1829    i.__hardfp_sqrt     m_wm.l(sqrt.o)
    0x00033476   0x0000003a   Code   RO         1841    i.__hardfp_sqrtf    m_wm.l(sqrtf.o)
    0x000334b0   0x00000438   Code   RO         2255    i.__ieee754_rem_pio2  m_wm.l(rred.o)
    0x000338e8   0x00000170   Code   RO         2217    i.__kernel_cos      m_wm.l(cos_i.o)
    0x00033a58   0x000000f8   Code   RO         2252    i.__kernel_poly     m_wm.l(poly.o)
    0x00033b50   0x00000130   Code   RO         2263    i.__kernel_sin      m_wm.l(sin_i.o)
    0x00033c80   0x00000030   Code   RO         2220    i.__mathlib_dbl_divzero  m_wm.l(dunder.o)
    0x00033cb0   0x00000014   Code   RO         2221    i.__mathlib_dbl_infnan  m_wm.l(dunder.o)
    0x00033cc4   0x00000004   PAD
    0x00033cc8   0x00000020   Code   RO         2223    i.__mathlib_dbl_invalid  m_wm.l(dunder.o)
    0x00033ce8   0x00000020   Code   RO         2226    i.__mathlib_dbl_underflow  m_wm.l(dunder.o)
    0x00033d08   0x00000006   Code   RO         2239    i.__mathlib_flt_infnan  m_wm.l(funder.o)
    0x00033d0e   0x00000006   Code   RO         2240    i.__mathlib_flt_infnan2  m_wm.l(funder.o)
    0x00033d14   0x00000010   Code   RO         2241    i.__mathlib_flt_invalid  m_wm.l(funder.o)
    0x00033d24   0x00000010   Code   RO         2244    i.__mathlib_flt_underflow  m_wm.l(funder.o)
    0x00033d34   0x00000154   Code   RO         2260    i.__mathlib_rredf2  m_wm.l(rredf.o)
    0x00033e88   0x0000000e   Code   RO         2317    i.__scatterload_copy  mc_w.l(handlers.o)
    0x00033e96   0x00000002   Code   RO         2318    i.__scatterload_null  mc_w.l(handlers.o)
    0x00033e98   0x0000000e   Code   RO         2319    i.__scatterload_zeroinit  mc_w.l(handlers.o)
    0x00033ea6   0x00000002   PAD
    0x00033ea8   0x0000000c   Code   RO         2293    i.__set_errno       mc_w.l(errno.o)
    0x00033eb4   0x00000184   Code   RO         2146    i._fp_digits        mc_w.l(printfa.o)
    0x00034038   0x000006dc   Code   RO         2147    i._printf_core      mc_w.l(printfa.o)
    0x00034714   0x00000024   Code   RO         2148    i._printf_post_padding  mc_w.l(printfa.o)
    0x00034738   0x0000002e   Code   RO         2149    i._printf_pre_padding  mc_w.l(printfa.o)
    0x00034766   0x00000016   Code   RO         2150    i._snputc           mc_w.l(printfa.o)
    0x0003477c   0x0000000a   Code   RO         2151    i._sputc            mc_w.l(printfa.o)
    0x00034786   0x00000018   Code   RO         1767    i.fabs              m_wm.l(fabs.o)
    0x0003479e   0x00000002   PAD
    0x000347a0   0x00000050   Code   RO         2167    i.free              mc_w.l(malloc.o)
    0x000347f0   0x0000006c   Code   RO         2168    i.malloc            mc_w.l(malloc.o)
    0x0003485c   0x0000006e   Code   RO         1831    i.sqrt              m_wm.l(sqrt.o)
    0x000348ca   0x0000003e   Code   RO         1843    i.sqrtf             m_wm.l(sqrtf.o)
    0x00034908   0x00000020   Data   RO            7    .constdata          main.o
    0x00034928   0x0000000c   Data   RO          347    .constdata          nrf_drv_twi.o
    0x00034934   0x00000018   Data   RO          425    .constdata          nrf_drv_mpu_twi.o
    0x0003494c   0x00000008   Data   RO          569    .constdata          boards.o
    0x00034954   0x0000004b   Data   RO          724    .constdata          nrf_drv_gpiote.o
    0x0003499f   0x00000001   PAD
    0x000349a0   0x00000020   Data   RO          886    .constdata          app_uart_fifo.o
    0x000349c0   0x00000104   Data   RO          988    .constdata          nrf_strerror.o
    0x00034ac4   0x00000020   Data   RO         1049    .constdata          nrf_log_backend_serial.o
    0x00034ae4   0x00000400   Data   RO         1224    .constdata          ml_math_func.o
    0x00034ee4   0x0000002f   Data   RO         1257    .constdata          mpl.o
    0x00034f13   0x00000bf6   Data   RO         1321    .constdata          inv_mpu_dmp_motion_driver.o
    0x00035b09   0x0000002a   Data   RO         1353    .constdata          inv_mpu.o
    0x00035b33   0x00000001   PAD
    0x00035b34   0x0000000e   Data   RO         1354    .constdata          inv_mpu.o
    0x00035b42   0x00000002   PAD
    0x00035b44   0x00000030   Data   RO         1355    .constdata          inv_mpu.o
    0x00035b74   0x00000200   Data   RO         1356    .constdata          inv_mpu.o
    0x00035d74   0x00000004   PAD
    0x00035d78   0x00000050   Data   RO         1648    .constdata          m_wm.l(acos.o)
    0x00035dc8   0x00000038   Data   RO         1780    .constdata          m_wm.l(log.o)
    0x00035e00   0x00000081   Data   RO         1863    .constdata          mc_w.l(ctype_o.o)
    0x00035e81   0x00000003   PAD
    0x00035e84   0x00000004   Data   RO         1864    .constdata          mc_w.l(ctype_o.o)
    0x00035e88   0x00000030   Data   RO         2218    .constdata          m_wm.l(cos_i.o)
    0x00035eb8   0x00000008   Data   RO         2254    .constdata          m_wm.l(qnan.o)
    0x00035ec0   0x000000c8   Data   RO         2257    .constdata          m_wm.l(rred.o)
    0x00035f88   0x00000020   Data   RO         2261    .constdata          m_wm.l(rredf.o)
    0x00035fa8   0x00000028   Data   RO         2264    .constdata          m_wm.l(sin_i.o)
    0x00035fd0   0x00000009   Data   RO            8    .conststring        main.o
    0x00035fd9   0x00000003   PAD
    0x00035fdc   0x00000307   Data   RO          989    .conststring        nrf_strerror.o
    0x000362e3   0x00000001   PAD
    0x000362e4   0x00000044   Data   RO         1153    .conststring        data_builder.o
    0x00036328   0x00000020   Data   RO         2315    Region$$Table       anon$$obj.o


    Execution Region RW_IRAM1 (Base: 0x20002198, Size: 0x00005d90, Max: 0x0003de68, ABSOLUTE)

    Base Addr    Size         Type   Attr      Idx    E Section Name        Object

    0x20002198   0x00000004   Data   RW            9    .data               main.o
    0x2000219c   0x00000012   Data   RW           10    .data               main.o
    0x200021ae   0x00000002   Data   RW          426    .data               nrf_drv_mpu_twi.o
    0x200021b0   0x00000014   Data   RW          769    .data               app_timer_1.o
    0x200021c4   0x00000010   Data   RW          887    .data               app_uart_fifo.o
    0x200021d4   0x00000004   Data   RW          928    .data               app_util_platform.o
    0x200021d8   0x00000004   Data   RW         1015    .data               retarget.o
    0x200021dc   0x0000000c   Data   RW         1050    .data               nrf_log_backend_serial.o
    0x200021e8   0x00000014   Data   RW         1189    .data               hal_outputs.o
    0x200021fc   0x00000004   Data   RW         1210    .data               message_layer.o
    0x20002200   0x00000038   Data   RW         1357    .data               inv_mpu.o
    0x20002238   0x00000004   Data   RW         1405    .data               system_nrf52840.o
    0x2000223c   0x00000010   Data   RW         1433    .data               libmpllib.lib(compass_vec_cal.o)
    0x2000224c   0x00000004   Data   RW         2289    .data               mc_w.l(mvars.o)
    0x20002250   0x00000004   Data   RW         2290    .data               mc_w.l(mvars.o)
    0x20002254   0x00000004   Data   RW         2294    .data               mc_w.l(errno.o)
    0x20002258   0x00000020   Zero   RW            5    .bss                main.o
    0x20002278   0x00000524   Zero   RW            6    .bss                main.o
    0x2000279c   0x00000028   Zero   RW          343    .bss                nrf_drv_twi.o
    0x200027c4   0x00000010   Zero   RW          424    .bss                nrf_drv_mpu_twi.o
    0x200027d4   0x00000014   Zero   RW          598    .bss                nrf_drv_clock.o
    0x200027e8   0x00000020   Zero   RW          678    .bss                nrf_drv_uart.o
    0x20002808   0x00000058   Zero   RW          723    .bss                nrf_drv_gpiote.o
    0x20002860   0x0000010c   Zero   RW          768    .bss                app_timer_1.o
    0x2000296c   0x00000020   Zero   RW          802    .bss                app_error.o
    0x2000298c   0x00000020   Zero   RW          885    .bss                app_uart_fifo.o
    0x200029ac   0x00000100   Zero   RW         1047    .bss                nrf_log_backend_serial.o
    0x20002aac   0x0000001c   Zero   RW         1089    .bss                nrf_log_frontend.o
    0x20002ac8   0x000002d8   Zero   RW         1152    .bss                data_builder.o
    0x20002da0   0x000000c4   Zero   RW         1188    .bss                hal_outputs.o
    0x20002e64   0x00000088   Zero   RW         1275    .bss                results_holder.o
    0x20002eec   0x00000054   Zero   RW         1289    .bss                start_manager.o
    0x20002f40   0x00000198   Zero   RW         1303    .bss                storage_manager.o
    0x200030d8   0x00000010   Zero   RW         1320    .bss                inv_mpu_dmp_motion_driver.o
    0x200030e8   0x00000028   Zero   RW         1381    .bss                empl_outputs.o
    0x20003110   0x00000460   Zero   RW         1432    .bss                libmpllib.lib(compass_vec_cal.o)
    0x20003570   0x000002a0   Zero   RW         1522    .bss                libmpllib.lib(fast_no_motion.o)
    0x20003810   0x00000138   Zero   RW         1555    .bss                libmpllib.lib(fusion_9axis.o)
    0x20003948   0x000000b8   Zero   RW         1577    .bss                libmpllib.lib(mag_disturb.o)
    0x20003a00   0x0000006c   Zero   RW         1599    .bss                libmpllib.lib(quaternion_supervisor.o)
    0x20003a6c   0x00000004   PAD
    0x20003a70   0x000004b8   Zero   RW         1617    .bss                libmpllib.lib(accel_auto_cal.o)
    0x20003f28   0x00002000   Zero   RW         1395    HEAP                arm_startup_nrf52840.o
    0x20005f28   0x00002000   Zero   RW         1394    STACK               arm_startup_nrf52840.o


==============================================================================

Image component sizes


      Code (inc. data)   RO Data    RW Data    ZI Data      Debug   Object Name

       148          6          0          0         32       3935   app_error.o
        96         54          0          0          0      27461   app_error_weak.o
       340          0          0          0          0       5292   app_fifo.o
       268          0          0          0          0       4015   app_mpu.o
      1656         54          0         20        268      39774   app_timer_1.o
       496         18         32         16         32      11696   app_uart_fifo.o
       120          6          0          4          0      33824   app_util_platform.o
        36          8        512          0      16384        952   arm_startup_nrf52840.o
       440         10          8          0          0       9119   boards.o
      2736         62         68          0        728      25486   data_builder.o
       984         48          0          0         40       6077   empl_outputs.o
      1504         36          0         20        196       8523   hal_outputs.o
     12492       1520        616         56          0      33530   inv_mpu.o
      3312        186       3062          0         16      17191   inv_mpu_dmp_motion_driver.o
      1892        452         41         22       1348      71124   main.o
        36          4          0          4          0       1854   message_layer.o
      3416        110       1024          0          0      17437   ml_math_func.o
       228         66         47          0          0       5282   mpl.o
       708         24          0          0         20      12969   nrf_drv_clock.o
        68          4          0          0          0      29604   nrf_drv_common.o
      2292        172         75          0         88      29426   nrf_drv_gpiote.o
       200         24          0          0          0       3349   nrf_drv_inv_dmp.o
       928         92         24          2         16      13538   nrf_drv_mpu_twi.o
      1824         38         12          0         40      59592   nrf_drv_twi.o
      2784         38          0          0         32      33283   nrf_drv_uart.o
       952         42         32         12        256       7043   nrf_log_backend_serial.o
       652          4          0          0         28       9439   nrf_log_frontend.o
        72          4       1035          0          0       2285   nrf_strerror.o
       988         16          0          0        136      10145   results_holder.o
        32          0          0          4          0       3132   retarget.o
       152          4          0          0         84       2646   start_manager.o
       448          6          0          0        408       4202   storage_manager.o
       604         66          0          4          0       2421   system_nrf52840.o

    ----------------------------------------------------------------------
     42904       3174       6632        164      20152     545646   Object Totals
         0          0         32          0          0          0   (incl. Generated)
         0          0         12          0          0          0   (incl. Padding)

    ----------------------------------------------------------------------

      Code (inc. data)   RO Data    RW Data    ZI Data      Debug   Library Member Name

      3140        190          0          0       1208       9672   accel_auto_cal.o
      9456        298          0         16       1120      19892   compass_vec_cal.o
      2584         42          0          0        672      13744   fast_no_motion.o
      1712         72          0          0        312       5636   fusion_9axis.o
      1472         48          0          0        184       7614   mag_disturb.o
      2452        130          0          0        108       5637   quaternion_supervisor.o
       856        118         80          0          0        288   acos.o
       280         46          0          0          0        176   acosf.o
       300         42          0          0          0        176   asinf.o
       592         90          0          0          0        184   atan2f.o
       200         20          0          0          0        164   cos.o
       368         46         48          0          0        200   cos_i.o
       336         56          0          0          0        136   cosf.o
       132         36          0          0          0        496   dunder.o
        44          0          0          0          0        248   fabs.o
        48          0          0          0          0        124   fpclassify.o
        38          0          0          0          0        116   fpclassifyf.o
        44         12          0          0          0        464   funder.o
       964         92         56          0          0        316   log.o
       248          0          0          0          0        152   poly.o
         0          0          8          0          0          0   qnan.o
      1080        142        200          0          0        188   rred.o
       340         24         32          0          0        160   rredf.o
       304         24         40          0          0        208   sin_i.o
       400         56          0          0          0        212   sinf.o
       232          0          0          0          0        296   sqrt.o
       120          0          0          0          0        272   sqrtf.o
         8          4        133          0          0         68   ctype_o.o
         0          0          0          0          0          0   entry.o
         0          0          0          0          0          0   entry10a.o
         0          0          0          0          0          0   entry11a.o
         8          4          0          0          0          0   entry2.o
         4          0          0          0          0          0   entry5.o
         0          0          0          0          0          0   entry7b.o
         0          0          0          0          0          0   entry8b.o
         8          4          0          0          0          0   entry9a.o
        12          6          0          4          0         68   errno.o
        30          0          0          0          0          0   handlers.o
        36          8          0          0          0         68   init.o
         0          0          0          0          0          0   iusefp.o
        98          0          0          0          0         84   ldiv.o
        30          0          0          0          0         68   llshl.o
        36          0          0          0          0         68   llsshr.o
        32          0          0          0          0         68   llushr.o
       188         20          0          0          0        160   malloc.o
        26          0          0          0          0         80   memcmp.o
        64          0          0          0          0         76   memmovea.o
        36          0          0          0          0        108   memseta.o
         0          0          0          8          0          0   mvars.o
      2374        100          0          0          0        752   printfa.o
        14          0          0          0          0         68   strlen.o
        44          0          0          0          0         80   uidiv.o
        98          0          0          0          0         92   uldiv.o
        48          0          0          0          0         68   cdcmple.o
        48          0          0          0          0         68   cdrcmple.o
        56          0          0          0          0         88   d2f.o
       334          0          0          0          0        148   dadd.o
       222          0          0          0          0        100   ddiv.o
       186          0          0          0          0        176   depilogue.o
        62          0          0          0          0         80   dfixi.o
        48          0          0          0          0         68   dfixul.o
        34          0          0          0          0         76   dflti.o
        26          0          0          0          0         76   dfltui.o
       228          0          0          0          0         96   dmul.o
       162          0          0          0          0        100   dsqrt.o
        38          0          0          0          0         68   f2d.o
       110          0          0          0          0        168   fepilogue.o
        66          0          0          0          0         76   ffixl.o
        44          0          0          0          0         92   ffltl.o

    ----------------------------------------------------------------------
     32624       1734        600         28       3608      70227   Library Totals
        24          4          3          0          4          0   (incl. Padding)

    ----------------------------------------------------------------------

      Code (inc. data)   RO Data    RW Data    ZI Data      Debug   Library Name

     20816        780          0         16       3604      62195   libmpllib.lib
      6926        804        464          0          0       4576   m_wm.l
      3146        146        133         12          0       1908   mc_w.l
      1712          0          0          0          0       1548   mf_w.l

    ----------------------------------------------------------------------
     32624       1734        600         28       3608      70227   Library Totals

    ----------------------------------------------------------------------

==============================================================================


      Code (inc. data)   RO Data    RW Data    ZI Data      Debug   

     75528       4908       7232        192      23760     602305   Grand Totals
     75528       4908       7232        192      23760     602305   ELF Image Totals
     75528       4908       7232        192          0          0   ROM Totals

==============================================================================

    Total RO  Size (Code + RO Data)                82760 (  80.82kB)
    Total RW  Size (RW Data + ZI Data)             23952 (  23.39kB)
    Total ROM Size (Code + RO Data + RW Data)      82952 (  81.01kB)

==============================================================================

