Component: ARM Compiler 5.06 update 4 (build 422) Tool: armlink [4d35d2]

==============================================================================

Section Cross References

    main.o(.text) refers to app_error.o(.text) for app_error_handler_bare
    main.o(.text) refers to boards.o(.text) for bsp_board_leds_init
    main.o(.text) refers to memmovea.o(.text) for __aeabi_memcpy4
    main.o(.text) refers to app_uart_fifo.o(.text) for app_uart_init
    main.o(.text) refers to app_mpu.o(.text) for mpu_init
    main.o(.text) refers to nrf_log_frontend.o(.text) for nrf_log_frontend_std_0
    main.o(.text) refers to nrf_drv_clock.o(.text) for nrf_drv_clock_init
    main.o(.text) refers to app_timer_1.o(.text) for app_timer_init
    main.o(.text) refers to nrf_drv_gpiote.o(.text) for nrf_drv_gpiote_init
    main.o(.text) refers to inv_mpu.o(.text) for mpu_init_inv
    main.o(.text) refers to mpl.o(.text) for inv_init_mpl
    main.o(.text) refers to quaternion_supervisor.o(.text) for inv_enable_quaternion
    main.o(.text) refers to fusion_9axis.o(.text) for inv_enable_9x_sensor_fusion
    main.o(.text) refers to fast_no_motion.o(.text) for inv_enable_fast_nomot
    main.o(.text) refers to compass_vec_cal.o(.text) for inv_enable_vector_compass_cal
    main.o(.text) refers to mag_disturb.o(.text) for inv_enable_magnetic_disturbance
    main.o(.text) refers to empl_outputs.o(.text) for inv_enable_eMPL_outputs
    main.o(.text) refers to data_builder.o(.text) for inv_set_gyro_sample_rate
    main.o(.text) refers to ml_math_func.o(.text) for inv_orientation_matrix_to_scalar
    main.o(.text) refers to nrf_drv_inv_dmp.o(.text) for millis
    main.o(.text) refers to inv_mpu_dmp_motion_driver.o(.text) for dmp_load_motion_driver_firmware
    main.o(.text) refers to memseta.o(.text) for __aeabi_memclr4
    main.o(.text) refers to dflti.o(.text) for __aeabi_i2d
    main.o(.text) refers to dmul.o(.text) for __aeabi_dmul
    main.o(.text) refers to printfa.o(i.__0printf) for __2printf
    main.o(.text) refers to main.o(.constdata) for .constdata
    main.o(.text) refers to main.o(.bss) for .bss
    main.o(.text) refers to main.o(.data) for .data
    main.o(.text) refers to system_nrf52840.o(.data) for SystemCoreClock
    main.o(.constdata) refers to main.o(.bss) for timer1_data
    main.o(.data) refers to main.o(.conststring) for .conststring
    nrf_drv_twi.o(.text) refers to nrf_drv_common.o(.text) for nrf_drv_common_irq_enable
    nrf_drv_twi.o(.text) refers to system_nrf52840.o(.data) for SystemCoreClock
    nrf_drv_twi.o(.text) refers to nrf_drv_twi.o(.bss) for .bss
    nrf_drv_twi.o(.text) refers to nrf_drv_twi.o(.constdata) for .constdata
    nrf_drv_mpu_twi.o(.text) refers to nrf_drv_twi.o(.text) for nrf_drv_twi_init
    nrf_drv_mpu_twi.o(.text) refers to memmovea.o(.text) for __aeabi_memcpy
    nrf_drv_mpu_twi.o(.text) refers to nrf_log_frontend.o(.text) for nrf_log_frontend_std_0
    nrf_drv_mpu_twi.o(.text) refers to malloc.o(i.malloc) for malloc
    nrf_drv_mpu_twi.o(.text) refers to printfa.o(i.__0printf) for __2printf
    nrf_drv_mpu_twi.o(.text) refers to malloc.o(i.free) for free
    nrf_drv_mpu_twi.o(.text) refers to nrf_drv_mpu_twi.o(.data) for .data
    nrf_drv_mpu_twi.o(.text) refers to nrf_drv_mpu_twi.o(.constdata) for .constdata
    nrf_drv_mpu_twi.o(.text) refers to nrf_drv_mpu_twi.o(.bss) for .bss
    app_mpu.o(.text) refers to nrf_drv_mpu_twi.o(.text) for nrf_drv_mpu_write_registers
    nrf_drv_inv_dmp.o(.text) refers to app_timer_1.o(.text) for app_timer_cnt_get
    nrf_drv_inv_dmp.o(.text) refers to printfa.o(i.__0vsprintf) for vsprintf
    nrf_drv_inv_dmp.o(.text) refers to memseta.o(.text) for __aeabi_memclr4
    nrf_drv_inv_dmp.o(.text) refers to memmovea.o(.text) for __aeabi_memcpy
    nrf_drv_inv_dmp.o(.text) refers to nrf_log_frontend.o(.text) for nrf_log_push
    boards.o(.text) refers to boards.o(.constdata) for .constdata
    nrf_drv_clock.o(.text) refers to nrf_drv_common.o(.text) for nrf_drv_common_irq_enable
    nrf_drv_clock.o(.text) refers to app_util_platform.o(.text) for app_util_critical_region_enter
    nrf_drv_clock.o(.text) refers to nrf_drv_clock.o(.bss) for .bss
    nrf_drv_uart.o(.text) refers to nrf_drv_uart.o(.bss) for .bss
    nrf_drv_uart.o(.text) refers to nrf_drv_common.o(.text) for nrf_drv_common_irq_enable
    nrf_drv_gpiote.o(.text) refers to nrf_strerror.o(.text) for nrf_strerror_get
    nrf_drv_gpiote.o(.text) refers to nrf_drv_common.o(.text) for nrf_drv_common_irq_enable
    nrf_drv_gpiote.o(.text) refers to nrf_log_frontend.o(.text) for nrf_log_frontend_std_2
    nrf_drv_gpiote.o(.text) refers to nrf_drv_gpiote.o(.bss) for .bss
    nrf_drv_gpiote.o(.text) refers to nrf_drv_gpiote.o(.constdata) for .constdata
    app_timer_1.o(.text) refers to app_util_platform.o(.text) for app_util_critical_region_enter
    app_timer_1.o(.text) refers to system_nrf52840.o(.data) for SystemCoreClock
    app_timer_1.o(.text) refers to app_timer_1.o(.data) for .data
[...]
    _MLPrintLog                              0x0002348f   Thumb Code   152  nrf_drv_inv_dmp.o(.text)
    bsp_board_led_state_get                  0x0002355b   Thumb Code    36  boards.o(.text)
    bsp_board_led_on                         0x0002357f   Thumb Code     8  boards.o(.text)
    bsp_board_led_off                        0x00023587   Thumb Code     8  boards.o(.text)
    bsp_board_leds_off                       0x0002358f   Thumb Code    18  boards.o(.text)
    bsp_board_leds_on                        0x000235a1   Thumb Code    18  boards.o(.text)
    bsp_board_led_invert                     0x000235b3   Thumb Code    40  boards.o(.text)
    bsp_board_leds_init                      0x000235db   Thumb Code    36  boards.o(.text)
    bsp_board_led_idx_to_pin                 0x000235ff   Thumb Code     6  boards.o(.text)
    bsp_board_pin_to_led_idx                 0x00023605   Thumb Code    30  boards.o(.text)
    bsp_board_button_state_get               0x00023623   Thumb Code    38  boards.o(.text)
    bsp_board_buttons_init                   0x00023649   Thumb Code    34  boards.o(.text)
    bsp_board_pin_to_button_idx              0x0002366b   Thumb Code    32  boards.o(.text)
    bsp_board_button_idx_to_pin              0x0002368b   Thumb Code     8  boards.o(.text)
    nrf_drv_clock_init_check                 0x000236e5   Thumb Code     6  nrf_drv_clock.o(.text)
    nrf_drv_clock_init                       0x000236eb   Thumb Code    56  nrf_drv_clock.o(.text)
    nrf_drv_clock_uninit                     0x00023723   Thumb Code    34  nrf_drv_clock.o(.text)
    nrf_drv_clock_lfclk_request              0x00023745   Thumb Code    86  nrf_drv_clock.o(.text)
    nrf_drv_clock_lfclk_release              0x0002379b   Thumb Code    34  nrf_drv_clock.o(.text)
    nrf_drv_clock_lfclk_is_running           0x000237bd   Thumb Code    10  nrf_drv_clock.o(.text)
    nrf_drv_clock_hfclk_request              0x000237c7   Thumb Code    82  nrf_drv_clock.o(.text)
    nrf_drv_clock_hfclk_release              0x00023819   Thumb Code    34  nrf_drv_clock.o(.text)
    nrf_drv_clock_hfclk_is_running           0x0002383b   Thumb Code     6  nrf_drv_clock.o(.text)
    nrf_drv_clock_calibration_start          0x00023841   Thumb Code     4  nrf_drv_clock.o(.text)
    nrf_drv_clock_calibration_abort          0x00023845   Thumb Code     4  nrf_drv_clock.o(.text)
    nrf_drv_clock_is_calibrating             0x00023849   Thumb Code     4  nrf_drv_clock.o(.text)
    POWER_CLOCK_IRQHandler                   0x0002384d   Thumb Code    84  nrf_drv_clock.o(.text)
    nrf_drv_common_clock_irq_disable         0x00023959   Thumb Code    12  nrf_drv_common.o(.text)
    nrf_drv_common_irq_enable                0x00023965   Thumb Code    56  nrf_drv_common.o(.text)
    nrf_drv_uart_init                        0x0002399d   Thumb Code    98  nrf_drv_uart.o(.text)
    nrf_drv_uart_uninit                      0x000239ff   Thumb Code    74  nrf_drv_uart.o(.text)
    nrf_drv_uart_tx_in_progress              0x00023a49   Thumb Code    18  nrf_drv_uart.o(.text)
    nrf_drv_uart_tx                          0x00023a5b   Thumb Code   262  nrf_drv_uart.o(.text)
    nrf_drv_uart_rx                          0x00023b93   Thumb Code   168  nrf_drv_uart.o(.text)
    nrf_drv_uart_rx_ready                    0x00023c3b   Thumb Code    32  nrf_drv_uart.o(.text)
    nrf_drv_uart_rx_enable                   0x00023c5b   Thumb Code    42  nrf_drv_uart.o(.text)
    nrf_drv_uart_rx_disable                  0x00023c85   Thumb Code    32  nrf_drv_uart.o(.text)
    nrf_drv_uart_errorsrc_get                0x00023ca5   Thumb Code    44  nrf_drv_uart.o(.text)
    nrf_drv_uart_tx_abort                    0x00023cd1   Thumb Code    82  nrf_drv_uart.o(.text)
    nrf_drv_uart_rx_abort                    0x00023d23   Thumb Code    34  nrf_drv_uart.o(.text)
    UARTE0_UART0_IRQHandler                  0x00023e6f   Thumb Code    18  nrf_drv_uart.o(.text)
    nrf_drv_gpiote_init                      0x000243fb   Thumb Code   118  nrf_drv_gpiote.o(.text)
    nrf_drv_gpiote_is_init                   0x00024471   Thumb Code    14  nrf_drv_gpiote.o(.text)
    nrf_drv_gpiote_in_event_disable          0x0002447f   Thumb Code    66  nrf_drv_gpiote.o(.text)
    nrf_drv_gpiote_in_uninit                 0x000244c1   Thumb Code    64  nrf_drv_gpiote.o(.text)
    nrf_drv_gpiote_out_uninit                0x00024501   Thumb Code    60  nrf_drv_gpiote.o(.text)
    nrf_drv_gpiote_uninit                    0x0002453d   Thumb Code    60  nrf_drv_gpiote.o(.text)
    nrf_drv_gpiote_out_init                  0x00024579   Thumb Code   184  nrf_drv_gpiote.o(.text)
    nrf_drv_gpiote_out_set                   0x00024631   Thumb Code     4  nrf_drv_gpiote.o(.text)
    nrf_drv_gpiote_out_clear                 0x00024635   Thumb Code     4  nrf_drv_gpiote.o(.text)
    nrf_drv_gpiote_out_toggle                0x00024639   Thumb Code    36  nrf_drv_gpiote.o(.text)
    nrf_drv_gpiote_out_task_enable           0x0002465d   Thumb Code    28  nrf_drv_gpiote.o(.text)
    nrf_drv_gpiote_out_task_disable          0x00024679   Thumb Code    28  nrf_drv_gpiote.o(.text)
    nrf_drv_gpiote_out_task_addr_get         0x00024695   Thumb Code    16  nrf_drv_gpiote.o(.text)
    nrf_drv_gpiote_set_task_addr_get         0x000246a5   Thumb Code    20  nrf_drv_gpiote.o(.text)
    nrf_drv_gpiote_clr_task_addr_get         0x000246b9   Thumb Code    20  nrf_drv_gpiote.o(.text)
    nrf_drv_gpiote_out_task_force            0x000246cd   Thumb Code    32  nrf_drv_gpiote.o(.text)
    nrf_drv_gpiote_out_task_trigger          0x000246ed   Thumb Code    20  nrf_drv_gpiote.o(.text)
    nrf_drv_gpiote_set_task_trigger          0x00024701   Thumb Code    22  nrf_drv_gpiote.o(.text)
    nrf_drv_gpiote_clr_task_trigger          0x00024717   Thumb Code    22  nrf_drv_gpiote.o(.text)
    nrf_drv_gpiote_in_init                   0x0002472d   Thumb Code   346  nrf_drv_gpiote.o(.text)
    nrf_drv_gpiote_in_event_enable           0x00024887   Thumb Code   144  nrf_drv_gpiote.o(.text)
    nrf_drv_gpiote_in_is_set                 0x00024917   Thumb Code    14  nrf_drv_gpiote.o(.text)
    nrf_drv_gpiote_in_event_addr_get         0x00024925   Thumb Code    36  nrf_drv_gpiote.o(.text)
    GPIOTE_IRQHandler                        0x00024949   Thumb Code   430  nrf_drv_gpiote.o(.text)
    RTC1_IRQHandler                          0x00024e75   Thumb Code    32  app_timer_1.o(.text)
    SWI0_EGU0_IRQHandler                     0x00024e95   Thumb Code     4  app_timer_1.o(.text)
    app_timer_init                           0x00024e99   Thumb Code    70  app_timer_1.o(.text)
    app_timer_create                         0x00024edf   Thumb Code    32  app_timer_1.o(.text)
    app_timer_start                          0x00024eff   Thumb Code   122  app_timer_1.o(.text)
    app_timer_stop                           0x00024f79   Thumb Code    24  app_timer_1.o(.text)
    app_timer_stop_all                       0x00024f91   Thumb Code    16  app_timer_1.o(.text)
    app_timer_cnt_get                        0x00024fa1   Thumb Code     8  app_timer_1.o(.text)
    app_timer_cnt_diff_compute               0x00024fa9   Thumb Code     8  app_timer_1.o(.text)
    app_timer_pause                          0x00024fb1   Thumb Code     8  app_timer_1.o(.text)
    app_timer_resume                         0x00024fb9   Thumb Code     8  app_timer_1.o(.text)
    app_error_handler                        0x00025295   Thumb Code    24  app_error.o(.text)
    app_error_handler_bare                   0x000252ad   Thumb Code    22  app_error.o(.text)
    app_error_save_and_stop                  0x000252c3   Thumb Code    94  app_error.o(.text)
    app_error_fault_handler                  0x00025325   Thumb Code    42  app_error_weak.o(.text)
    app_fifo_init                            0x00025385   Thumb Code    32  app_fifo.o(.text)
    app_fifo_put                             0x000253a5   Thumb Code    26  app_fifo.o(.text)
    app_fifo_get                             0x000253bf   Thumb Code    22  app_fifo.o(.text)
    app_fifo_peek                            0x000253d5   Thumb Code    34  app_fifo.o(.text)
    app_fifo_flush                           0x000253f7   Thumb Code     8  app_fifo.o(.text)
    app_fifo_read                            0x000253ff   Thumb Code    76  app_fifo.o(.text)
    app_fifo_write                           0x0002544b   Thumb Code    80  app_fifo.o(.text)
    app_uart_init                            0x00025559   Thumb Code   164  app_uart_fifo.o(.text)
    app_uart_flush                           0x000255fd   Thumb Code    26  app_uart_fifo.o(.text)
    app_uart_get                             0x00025617   Thumb Code    42  app_uart_fifo.o(.text)
    app_uart_put                             0x00025641   Thumb Code    56  app_uart_fifo.o(.text)
    app_uart_close                           0x00025679   Thumb Code    14  app_uart_fifo.o(.text)
    app_util_disable_irq                     0x00025699   Thumb Code    12  app_util_platform.o(.text)
    app_util_enable_irq                      0x000256a5   Thumb Code    14  app_util_platform.o(.text)
    app_util_critical_region_enter           0x000256b3   Thumb Code     2  app_util_platform.o(.text)
    app_util_critical_region_exit            0x000256b5   Thumb Code     2  app_util_platform.o(.text)
    privilege_level_get                      0x000256b7   Thumb Code    26  app_util_platform.o(.text)
    current_int_priority_get                 0x000256d1   Thumb Code    48  app_util_platform.o(.text)
    nrf_strerror_find                        0x00025705   Thumb Code    52  nrf_strerror.o(.text)
    nrf_strerror_get                         0x00025739   Thumb Code    16  nrf_strerror.o(.text)
    fgetc                                    0x0002574d   Thumb Code    18  retarget.o(.text)
    fputc                                    0x0002575f   Thumb Code    14  retarget.o(.text)
    nrf_log_backend_init                     0x00025779   Thumb Code   100  nrf_log_backend_serial.o(.text)
    nrf_log_backend_std_handler_get          0x00025a4b   Thumb Code     4  nrf_log_backend_serial.o(.text)
    nrf_log_backend_hexdump_handler_get      0x00025a4f   Thumb Code     4  nrf_log_backend_serial.o(.text)
    nrf_log_backend_getchar                  0x00025a53   Thumb Code    48  nrf_log_backend_serial.o(.text)
    nrf_log_handlers_set                     0x00025ae1   Thumb Code     8  nrf_log_frontend.o(.text)
    nrf_log_frontend_init                    0x00025ae9   Thumb Code     2  nrf_log_frontend.o(.text)
    nrf_log_init                             0x00025aeb   Thumb Code    34  nrf_log_frontend.o(.text)
    nrf_log_blocking_backend_set             0x00025b0d   Thumb Code     6  nrf_log_frontend.o(.text)
    nrf_log_push                             0x00025b13   Thumb Code     2  nrf_log_frontend.o(.text)
    nrf_log_frontend_std_0                   0x00025b15   Thumb Code     8  nrf_log_frontend.o(.text)
    nrf_log_frontend_std_1                   0x00025b1d   Thumb Code    14  nrf_log_frontend.o(.text)
    nrf_log_frontend_std_2                   0x00025b2b   Thumb Code    16  nrf_log_frontend.o(.text)
    nrf_log_frontend_std_3                   0x00025b3b   Thumb Code    18  nrf_log_frontend.o(.text)
    nrf_log_frontend_std_4                   0x00025b4d   Thumb Code    20  nrf_log_frontend.o(.text)
    nrf_log_frontend_std_5                   0x00025b61   Thumb Code    28  nrf_log_frontend.o(.text)
    nrf_log_frontend_std_6                   0x00025b7d   Thumb Code    28  nrf_log_frontend.o(.text)
    nrf_log_frontend_hexdump                 0x00025b99   Thumb Code    48  nrf_log_frontend.o(.text)
    buffer_is_empty                          0x00025bc9   Thumb Code    16  nrf_log_frontend.o(.text)
    nrf_log_frontend_dequeue                 0x00025bd9   Thumb Code   292  nrf_log_frontend.o(.text)
    nrf_log_getchar                          0x00025cfd   Thumb Code     4  nrf_log_frontend.o(.text)
    inv_disable_compass_soft_iron_matrix     0x00025d5d   Thumb Code    12  data_builder.o(.text)
    inv_reset_compass_soft_iron_matrix       0x00025d69   Thumb Code    70  data_builder.o(.text)
    inv_init_data_builder                    0x00025daf   Thumb Code    48  data_builder.o(.text)
    inv_get_gyro_sensitivity                 0x00025ddf   Thumb Code     8  data_builder.o(.text)
    inv_get_accel_sensitivity                0x00025de7   Thumb Code     8  data_builder.o(.text)
    inv_get_compass_sensitivity              0x00025def   Thumb Code    10  data_builder.o(.text)
    set_sensor_orientation_and_scale         0x00025df9   Thumb Code     6  data_builder.o(.text)
    inv_set_gyro_orientation_and_scale       0x00025dff   Thumb Code    10  data_builder.o(.text)
    inv_set_gyro_sample_rate                 0x00025e09   Thumb Code    32  data_builder.o(.text)
    inv_set_accel_sample_rate                0x00025e29   Thumb Code    36  data_builder.o(.text)
    inv_set_compass_sample_rate              0x00025e4d   Thumb Code    36  data_builder.o(.text)
    inv_get_gyro_sample_rate_ms              0x00025e71   Thumb Code    10  data_builder.o(.text)
    inv_get_accel_sample_rate_ms             0x00025e7b   Thumb Code    10  data_builder.o(.text)
    inv_get_compass_sample_rate_ms           0x00025e85   Thumb Code    12  data_builder.o(.text)
    inv_set_quat_sample_rate                 0x00025e91   Thumb Code    22  data_builder.o(.text)
    inv_set_gyro_bandwidth                   0x00025ea7   Thumb Code     8  data_builder.o(.text)
    inv_set_accel_bandwidth                  0x00025eaf   Thumb Code    10  data_builder.o(.text)
    inv_set_compass_bandwidth                0x00025eb9   Thumb Code    10  data_builder.o(.text)
    inv_get_compass_on                       0x00025ec3   Thumb Code    14  data_builder.o(.text)
    inv_get_gyro_on                          0x00025ed1   Thumb Code    12  data_builder.o(.text)
    inv_get_accel_on                         0x00025edd   Thumb Code    14  data_builder.o(.text)
    inv_get_last_timestamp                   0x00025eeb   Thumb Code    68  data_builder.o(.text)
    inv_set_accel_orientation_and_scale      0x00025f2f   Thumb Code    10  data_builder.o(.text)
    inv_set_compass_orientation_and_scale    0x00025f39   Thumb Code    14  data_builder.o(.text)
    inv_matrix_vector_mult                   0x00025f47   Thumb Code   110  data_builder.o(.text)
    inv_apply_calibration                    0x00025fb5   Thumb Code   106  data_builder.o(.text)
    inv_get_compass_bias                     0x0002601f   Thumb Code    14  data_builder.o(.text)
    inv_set_compass_bias                     0x0002602d   Thumb Code    68  data_builder.o(.text)
    inv_set_compass_disturbance              0x00026071   Thumb Code    10  data_builder.o(.text)
    inv_get_compass_disturbance              0x0002607b   Thumb Code    10  data_builder.o(.text)
    inv_set_accel_bias                       0x00026085   Thumb Code    72  data_builder.o(.text)
    inv_set_accel_accuracy                   0x000260cd   Thumb Code    24  data_builder.o(.text)
    inv_set_accel_bias_mask                  0x000260e5   Thumb Code   102  data_builder.o(.text)
    inv_set_gyro_bias                        0x0002614b   Thumb Code    90  data_builder.o(.text)
    inv_get_gyro_bias_tc_set                 0x000261a5   Thumb Code    20  data_builder.o(.text)
    inv_get_gyro_bias                        0x000261b9   Thumb Code    28  data_builder.o(.text)
    inv_get_accel_bias                       0x000261d5   Thumb Code    28  data_builder.o(.text)
    inv_build_accel                          0x000261f1   Thumb Code    96  data_builder.o(.text)
    inv_build_gyro                           0x00026251   Thumb Code    44  data_builder.o(.text)
    inv_get_compass_soft_iron_output_data    0x0002627d   Thumb Code    24  data_builder.o(.text)
    inv_set_compass_soft_iron_input_data     0x00026295   Thumb Code    72  data_builder.o(.text)
    inv_build_compass                        0x000262dd   Thumb Code   124  data_builder.o(.text)
    inv_build_temp                           0x00026359   Thumb Code    24  data_builder.o(.text)
    inv_build_quat                           0x00026371   Thumb Code    40  data_builder.o(.text)
    inv_accel_was_turned_off                 0x00026399   Thumb Code     8  data_builder.o(.text)
    inv_compass_was_turned_off               0x000263a1   Thumb Code    10  data_builder.o(.text)
    inv_quaternion_sensor_was_turned_off     0x000263ab   Thumb Code    10  data_builder.o(.text)
    inv_gyro_was_turned_off                  0x000263b5   Thumb Code     8  data_builder.o(.text)
    inv_temperature_was_turned_off           0x000263bd   Thumb Code    10  data_builder.o(.text)
    inv_register_data_cb                     0x000263c7   Thumb Code   148  data_builder.o(.text)
    inv_unregister_data_cb                   0x0002645b   Thumb Code    70  data_builder.o(.text)
    inv_execute_on_data                      0x00026531   Thumb Code   118  data_builder.o(.text)
    inv_get_accel_set                        0x000265a7   Thumb Code    34  data_builder.o(.text)
    inv_get_gyro_set                         0x000265c9   Thumb Code    32  data_builder.o(.text)
    inv_get_gyro_set_raw                     0x000265e9   Thumb Code    32  data_builder.o(.text)
    inv_get_gyro                             0x00026609   Thumb Code    12  data_builder.o(.text)
    inv_get_compass_set                      0x00026615   Thumb Code    46  data_builder.o(.text)
    inv_get_temp_set                         0x00026643   Thumb Code    30  data_builder.o(.text)
    inv_get_gyro_accuracy                    0x00026661   Thumb Code     6  data_builder.o(.text)
    inv_get_mag_accuracy                     0x00026667   Thumb Code    20  data_builder.o(.text)
    inv_get_accel_accuracy                   0x0002667b   Thumb Code     6  data_builder.o(.text)
    inv_get_gyro_orient                      0x00026681   Thumb Code    10  data_builder.o(.text)
    inv_get_accel_orient                     0x0002668b   Thumb Code    10  data_builder.o(.text)
    inv_get_compass_soft_iron_matrix_d       0x00026695   Thumb Code    24  data_builder.o(.text)
    inv_set_compass_soft_iron_matrix_d       0x000266ad   Thumb Code    52  data_builder.o(.text)
    inv_get_compass_soft_iron_matrix_f       0x000266e1   Thumb Code    28  data_builder.o(.text)
    inv_set_compass_soft_iron_matrix_f       0x000266fd   Thumb Code    52  data_builder.o(.text)
    inv_get_compass_soft_iron_input_data     0x00026731   Thumb Code    24  data_builder.o(.text)
    inv_enable_compass_soft_iron_matrix      0x00026749   Thumb Code    10  data_builder.o(.text)
    inv_get_sensor_type_accelerometer        0x00026765   Thumb Code    80  hal_outputs.o(.text)
    inv_get_sensor_type_linear_acceleration  0x000267b5   Thumb Code   106  hal_outputs.o(.text)
    inv_get_sensor_type_gravity              0x0002681f   Thumb Code    88  hal_outputs.o(.text)
    inv_get_sensor_type_gyroscope            0x00026877   Thumb Code    80  hal_outputs.o(.text)
    inv_get_sensor_type_gyroscope_raw        0x000268c7   Thumb Code    80  hal_outputs.o(.text)
    inv_get_sensor_type_rotation_vector      0x00026917   Thumb Code   170  hal_outputs.o(.text)
    inv_get_sensor_type_magnetic_field       0x000269c1   Thumb Code    58  hal_outputs.o(.text)
    inv_get_sensor_type_orientation          0x000269fb   Thumb Code    20  hal_outputs.o(.text)
    inv_generate_hal_outputs                 0x00026a0f   Thumb Code   374  hal_outputs.o(.text)
    inv_stop_hal_outputs                     0x00026b85   Thumb Code     8  hal_outputs.o(.text)
    inv_start_hal_outputs                    0x00026b8d   Thumb Code    14  hal_outputs.o(.text)
    inv_init_hal_outputs                     0x00026b9b   Thumb Code    44  hal_outputs.o(.text)
    inv_enable_hal_outputs                   0x00026bc7   Thumb Code    18  hal_outputs.o(.text)
    inv_disable_hal_outputs                  0x00026bd9   Thumb Code    22  hal_outputs.o(.text)
    inv_set_message                          0x00026d21   Thumb Code    16  message_layer.o(.text)
    inv_get_message_level_0                  0x00026d31   Thumb Code    14  message_layer.o(.text)
    inv_sinf                                 0x00026d45   Thumb Code    38  ml_math_func.o(.text)
    inv_cosf                                 0x00026d6b   Thumb Code    40  ml_math_func.o(.text)
    inv_q30_mult                             0x00026d93   Thumb Code    12  ml_math_func.o(.text)
    inv_q_mult                               0x00026d9f   Thumb Code   176  ml_math_func.o(.text)
    inv_q_invert                             0x00026e4f   Thumb Code    24  ml_math_func.o(.text)
    inv_compass_angle                        0x00026e67   Thumb Code   162  ml_math_func.o(.text)
    inv_get_gyro_sum_of_sqr                  0x00026f09   Thumb Code    26  ml_math_func.o(.text)
    inv_q29_mult                             0x00026f23   Thumb Code    12  ml_math_func.o(.text)
    inv_q30_div                              0x00026f2f   Thumb Code    22  ml_math_func.o(.text)
    inv_q_shift_mult                         0x00026f45   Thumb Code    12  ml_math_func.o(.text)
    inv_q_add                                0x00026f51   Thumb Code    36  ml_math_func.o(.text)
    inv_vector_normalize                     0x00026f75   Thumb Code   200  ml_math_func.o(.text)
    inv_q_normalize                          0x0002703d   Thumb Code     4  ml_math_func.o(.text)
    quaternion_to_rotation_angle             0x00027041   Thumb Code   140  ml_math_func.o(.text)
    inv_q_rotate                             0x000270cd   Thumb Code    62  ml_math_func.o(.text)
    inv_q_multf                              0x0002710b   Thumb Code   288  ml_math_func.o(.text)
    inv_q_addf                               0x0002722b   Thumb Code    66  ml_math_func.o(.text)
    inv_q_normalizef                         0x0002726d   Thumb Code   170  ml_math_func.o(.text)
    inv_q_norm4                              0x00027317   Thumb Code   126  ml_math_func.o(.text)
    inv_q_invertf                            0x00027395   Thumb Code    46  ml_math_func.o(.text)
    inv_quaternion_to_rotation               0x000273c3   Thumb Code   218  ml_math_func.o(.text)
    inv_quaternion_to_rotation_vector        0x0002749d   Thumb Code    34  ml_math_func.o(.text)
    inv_int32_to_big8                        0x000274bf   Thumb Code    18  ml_math_func.o(.text)
    inv_big8_to_int32                        0x000274d1   Thumb Code    14  ml_math_func.o(.text)
    inv_big8_to_int16                        0x000274df   Thumb Code     8  ml_math_func.o(.text)
    inv_little8_to_int16                     0x000274e7   Thumb Code     6  ml_math_func.o(.text)
    inv_int16_to_big8                        0x000274ed   Thumb Code    10  ml_math_func.o(.text)
    inv_matrix_det_inc                       0x000274f7   Thumb Code    96  ml_math_func.o(.text)
    inv_matrix_det_incd                      0x00027557   Thumb Code    94  ml_math_func.o(.text)
    inv_matrix_det                           0x000275b5   Thumb Code   150  ml_math_func.o(.text)
    inv_matrix_detd                          0x0002764b   Thumb Code   218  ml_math_func.o(.text)
    inv_wrap_angle                           0x00027725   Thumb Code    36  ml_math_func.o(.text)
    inv_angle_diff                           0x00027749   Thumb Code    66  ml_math_func.o(.text)
    inv_checksum                             0x0002778b   Thumb Code    28  ml_math_func.o(.text)
    inv_orientation_matrix_to_scalar         0x000277ef   Thumb Code    34  ml_math_func.o(.text)
    inv_convert_to_body                      0x00027811   Thumb Code    70  ml_math_func.o(.text)
    inv_convert_to_chip                      0x00027857   Thumb Code    70  ml_math_func.o(.text)
    inv_convert_to_body_with_scale           0x0002789d   Thumb Code    92  ml_math_func.o(.text)
    inv_vector_norm                          0x000278f9   Thumb Code    46  ml_math_func.o(.text)
    inv_init_biquad_filter                   0x00027927   Thumb Code    38  ml_math_func.o(.text)
    inv_calc_state_to_match_output           0x0002794d   Thumb Code    42  ml_math_func.o(.text)
    inv_biquad_filter_process                0x00027977   Thumb Code    94  ml_math_func.o(.text)
    inv_get_cross_product_vec                0x000279d5   Thumb Code    86  ml_math_func.o(.text)
    mlMatrixVectorMult                       0x00027a2b   Thumb Code    52  ml_math_func.o(.text)
    inv_init_mpl                             0x00027a81   Thumb Code    94  mpl.o(.text)
    inv_get_version                          0x00027adf   Thumb Code    10  mpl.o(.text)
    inv_start_mpl                            0x00027ae9   Thumb Code    36  mpl.o(.text)
    inv_store_gaming_quaternion              0x00027b65   Thumb Code    28  results_holder.o(.text)
    inv_set_compass_correction               0x00027b81   Thumb Code    28  results_holder.o(.text)
    inv_get_compass_correction               0x00027b9d   Thumb Code    20  results_holder.o(.text)
    inv_get_large_mag_field                  0x00027bb1   Thumb Code     6  results_holder.o(.text)
    inv_set_large_mag_field                  0x00027bb7   Thumb Code     6  results_holder.o(.text)
    inv_get_acc_state                        0x00027bbd   Thumb Code     6  results_holder.o(.text)
    inv_set_acc_state                        0x00027bc3   Thumb Code     6  results_holder.o(.text)
    inv_get_motion_state                     0x00027bc9   Thumb Code    12  results_holder.o(.text)
    inv_set_motion_state                     0x00027bd5   Thumb Code    48  results_holder.o(.text)
    inv_set_local_field                      0x00027c05   Thumb Code    12  results_holder.o(.text)
    inv_get_local_field                      0x00027c11   Thumb Code    12  results_holder.o(.text)
    inv_set_mag_scale                        0x00027c1d   Thumb Code    12  results_holder.o(.text)
    inv_get_mag_scale                        0x00027c29   Thumb Code    12  results_holder.o(.text)
    inv_get_gravity                          0x00027c35   Thumb Code    80  results_holder.o(.text)
    inv_get_6axis_quaternion                 0x00027c85   Thumb Code    16  results_holder.o(.text)
    inv_get_quaternion                       0x00027c95   Thumb Code    48  results_holder.o(.text)
    inv_get_quaternion_float                 0x00027cc5   Thumb Code    58  results_holder.o(.text)
    inv_get_quaternion_set                   0x00027cff   Thumb Code    56  results_holder.o(.text)
    inv_generate_results                     0x00027d37   Thumb Code    10  results_holder.o(.text)
    inv_start_results_holder                 0x00027d41   Thumb Code    20  results_holder.o(.text)
    inv_init_results_holder                  0x00027d55   Thumb Code    40  results_holder.o(.text)
    inv_enable_results_holder                0x00027d7d   Thumb Code    24  results_holder.o(.text)
    inv_got_accel_bias                       0x00027d95   Thumb Code     6  results_holder.o(.text)
    inv_set_accel_bias_found                 0x00027d9b   Thumb Code     6  results_holder.o(.text)
    inv_got_compass_bias                     0x00027da1   Thumb Code     6  results_holder.o(.text)
    inv_set_compass_bias_found               0x00027da7   Thumb Code     6  results_holder.o(.text)
    inv_set_compass_state                    0x00027dad   Thumb Code     6  results_holder.o(.text)
    inv_get_compass_state                    0x00027db3   Thumb Code     6  results_holder.o(.text)
    inv_set_compass_bias_error               0x00027db9   Thumb Code    12  results_holder.o(.text)
    inv_get_compass_bias_error               0x00027dc5   Thumb Code    12  results_holder.o(.text)
    inv_get_linear_accel                     0x00027dd1   Thumb Code    58  results_holder.o(.text)
    inv_get_accel                            0x00027e0b   Thumb Code    20  results_holder.o(.text)
    inv_get_accel_float                      0x00027e1f   Thumb Code    62  results_holder.o(.text)
    inv_get_gyro_float                       0x00027e5d   Thumb Code    64  results_holder.o(.text)
    inv_set_heading_confidence_interval      0x00027e9d   Thumb Code     8  results_holder.o(.text)
    inv_get_heading_confidence_interval      0x00027ea5   Thumb Code     8  results_holder.o(.text)
    inv_get_linear_accel_float               0x00027ead   Thumb Code    64  results_holder.o(.text)
    inv_init_start_manager                   0x00027f11   Thumb Code    14  start_manager.o(.text)
    inv_unregister_mpl_start_notification    0x00027f1f   Thumb Code    66  start_manager.o(.text)
    inv_register_mpl_start_notification      0x00027f61   Thumb Code    28  start_manager.o(.text)
    inv_execute_mpl_start_notification       0x00027f7d   Thumb Code    38  start_manager.o(.text)
    inv_init_storage_manager                 0x00027fa9   Thumb Code    20  storage_manager.o(.text)
    inv_register_load_store                  0x00027fbd   Thumb Code   102  storage_manager.o(.text)
    inv_get_mpl_state_size                   0x00028023   Thumb Code    10  storage_manager.o(.text)
    inv_load_mpl_states                      0x0002802d   Thumb Code   162  storage_manager.o(.text)
    inv_save_mpl_states                      0x000280cf   Thumb Code   114  storage_manager.o(.text)
    dmp_load_motion_driver_firmware          0x00028145   Thumb Code    16  inv_mpu_dmp_motion_driver.o(.text)
    dmp_set_orientation                      0x00028155   Thumb Code   246  inv_mpu_dmp_motion_driver.o(.text)
    dmp_set_gyro_bias                        0x0002824b   Thumb Code   196  inv_mpu_dmp_motion_driver.o(.text)
    dmp_set_accel_bias                       0x0002830f   Thumb Code   214  inv_mpu_dmp_motion_driver.o(.text)
    dmp_set_fifo_rate                        0x000283e5   Thumb Code    82  inv_mpu_dmp_motion_driver.o(.text)
    dmp_get_fifo_rate                        0x00028437   Thumb Code    10  inv_mpu_dmp_motion_driver.o(.text)
    dmp_set_tap_thresh                       0x00028441   Thumb Code   392  inv_mpu_dmp_motion_driver.o(.text)
    dmp_set_tap_axes                         0x000285c9   Thumb Code    64  inv_mpu_dmp_motion_driver.o(.text)
    dmp_set_tap_count                        0x00028609   Thumb Code    34  inv_mpu_dmp_motion_driver.o(.text)
    dmp_set_tap_time                         0x0002862b   Thumb Code    32  inv_mpu_dmp_motion_driver.o(.text)
    dmp_set_tap_time_multi                   0x0002864b   Thumb Code    32  inv_mpu_dmp_motion_driver.o(.text)
    dmp_set_shake_reject_thresh              0x0002866b   Thumb Code    48  inv_mpu_dmp_motion_driver.o(.text)
    dmp_set_shake_reject_time                0x0002869b   Thumb Code    32  inv_mpu_dmp_motion_driver.o(.text)
    dmp_set_shake_reject_timeout             0x000286bb   Thumb Code    32  inv_mpu_dmp_motion_driver.o(.text)
    dmp_get_pedometer_step_count             0x000286db   Thumb Code    48  inv_mpu_dmp_motion_driver.o(.text)
    dmp_set_pedometer_step_count             0x0002870b   Thumb Code    38  inv_mpu_dmp_motion_driver.o(.text)
    dmp_get_pedometer_walk_time              0x00028731   Thumb Code    54  inv_mpu_dmp_motion_driver.o(.text)
    dmp_set_pedometer_walk_time              0x00028767   Thumb Code    44  inv_mpu_dmp_motion_driver.o(.text)
    dmp_enable_6x_lp_quat                    0x00028793   Thumb Code    58  inv_mpu_dmp_motion_driver.o(.text)
    dmp_enable_lp_quat                       0x000287cd   Thumb Code    58  inv_mpu_dmp_motion_driver.o(.text)
    dmp_enable_gyro_cal                      0x00028807   Thumb Code    34  inv_mpu_dmp_motion_driver.o(.text)
    dmp_enable_feature                       0x00028829   Thumb Code   464  inv_mpu_dmp_motion_driver.o(.text)
    dmp_get_enabled_features                 0x000289f9   Thumb Code    10  inv_mpu_dmp_motion_driver.o(.text)
    dmp_set_interrupt_mode                   0x00028a03   Thumb Code    60  inv_mpu_dmp_motion_driver.o(.text)
    dmp_read_fifo                            0x00028a3f   Thumb Code   336  inv_mpu_dmp_motion_driver.o(.text)
    dmp_register_tap_cb                      0x00028b8f   Thumb Code     8  inv_mpu_dmp_motion_driver.o(.text)
    dmp_register_android_orient_cb           0x00028b97   Thumb Code     8  inv_mpu_dmp_motion_driver.o(.text)
    mpu_reg_dump                             0x00028ce9   Thumb Code    72  inv_mpu.o(.text)
    mpu_read_reg                             0x00028d31   Thumb Code    52  inv_mpu.o(.text)
    mpu_set_int_latched                      0x00028d65   Thumb Code    94  inv_mpu.o(.text)
    mpu_set_sensors                          0x00028dc3   Thumb Code   304  inv_mpu.o(.text)
    mpu_set_compass_sample_rate              0x00028ef3   Thumb Code    76  inv_mpu.o(.text)
    mpu_set_bypass                           0x00028f3f   Thumb Code   212  inv_mpu.o(.text)
    mpu_reset_fifo                           0x0002920b   Thumb Code   344  inv_mpu.o(.text)
    mpu_configure_fifo                       0x00029363   Thumb Code    78  inv_mpu.o(.text)
    mpu_set_lpf                              0x000293b1   Thumb Code   132  inv_mpu.o(.text)
    mpu_lp_accel_mode                        0x00029435   Thumb Code   232  inv_mpu.o(.text)
    mpu_set_sample_rate                      0x0002951d   Thumb Code   138  inv_mpu.o(.text)
    mpu_set_accel_fsr                        0x000295a7   Thumb Code   104  inv_mpu.o(.text)
    mpu_set_gyro_fsr                         0x0002960f   Thumb Code   104  inv_mpu.o(.text)
    mpu_init_inv                             0x00029677   Thumb Code   212  inv_mpu.o(.text)
    mpu_get_gyro_reg                         0x0002974b   Thumb Code    78  inv_mpu.o(.text)
    mpu_get_accel_reg                        0x00029799   Thumb Code    76  inv_mpu.o(.text)
    mpu_get_temperature                      0x000297e5   Thumb Code   122  inv_mpu.o(.text)
    mpu_read_6500_accel_bias                 0x0002985f   Thumb Code    96  inv_mpu.o(.text)
    mpu_read_6050_accel_bias                 0x000298bf   Thumb Code    94  inv_mpu.o(.text)
    mpu_read_6500_gyro_bias                  0x0002991d   Thumb Code    94  inv_mpu.o(.text)
    mpu_set_gyro_bias_reg                    0x0002997b   Thumb Code   142  inv_mpu.o(.text)
    mpu_set_accel_bias_6050_reg              0x00029a09   Thumb Code   172  inv_mpu.o(.text)
    mpu_set_accel_bias_6500_reg              0x00029ab5   Thumb Code   170  inv_mpu.o(.text)
    mpu_get_gyro_fsr                         0x00029b5f   Thumb Code    48  inv_mpu.o(.text)
    mpu_get_accel_fsr                        0x00029b8f   Thumb Code    54  inv_mpu.o(.text)
    mpu_get_lpf                              0x00029bc5   Thumb Code    52  inv_mpu.o(.text)
    mpu_get_sample_rate                      0x00029bf9   Thumb Code    22  inv_mpu.o(.text)
    mpu_get_compass_sample_rate              0x00029c0f   Thumb Code    10  inv_mpu.o(.text)
    mpu_get_gyro_sens                        0x00029c19   Thumb Code    54  inv_mpu.o(.text)
    mpu_get_accel_sens                       0x00029c4f   Thumb Code    62  inv_mpu.o(.text)
    mpu_get_fifo_config                      0x00029c8d   Thumb Code    10  inv_mpu.o(.text)
    mpu_get_power_state                      0x00029c97   Thumb Code    14  inv_mpu.o(.text)
    mpu_get_int_status                       0x00029ca5   Thumb Code    52  inv_mpu.o(.text)
    mpu_read_fifo                            0x00029cd9   Thumb Code   370  inv_mpu.o(.text)
    mpu_read_fifo_stream                     0x00029e4b   Thumb Code   198  inv_mpu.o(.text)
    mpu_set_int_level                        0x00029f11   Thumb Code    10  inv_mpu.o(.text)
    mpu_set_dmp_state                        0x0002b001   Thumb Code   114  inv_mpu.o(.text)
    mpu_run_6500_self_test                   0x0002b073   Thumb Code   368  inv_mpu.o(.text)
    mpu_run_self_test                        0x0002b1e3   Thumb Code   152  inv_mpu.o(.text)
    mpu_write_mem                            0x0002b27b   Thumb Code   102  inv_mpu.o(.text)
    mpu_read_mem                             0x0002b2e1   Thumb Code    80  inv_mpu.o(.text)
    mpu_load_firmware                        0x0002b331   Thumb Code   630  inv_mpu.o(.text)
    mpu_get_dmp_state                        0x0002b5a7   Thumb Code    12  inv_mpu.o(.text)
    mpu_get_compass_reg                      0x0002b5b3   Thumb Code   148  inv_mpu.o(.text)
    mpu_get_compass_fsr                      0x0002b647   Thumb Code    12  inv_mpu.o(.text)
    mpu_lp_motion_interrupt                  0x0002b653   Thumb Code   548  inv_mpu.o(.text)
    inv_get_sensor_type_accel                0x0002b92d   Thumb Code    22  empl_outputs.o(.text)
    inv_get_sensor_type_gyro                 0x0002b943   Thumb Code    22  empl_outputs.o(.text)
    inv_get_sensor_type_compass              0x0002b959   Thumb Code    22  empl_outputs.o(.text)
    inv_get_sensor_type_quat                 0x0002b96f   Thumb Code    24  empl_outputs.o(.text)
    inv_get_sensor_type_heading              0x0002b987   Thumb Code   146  empl_outputs.o(.text)
    inv_get_sensor_type_euler                0x0002ba19   Thumb Code   408  empl_outputs.o(.text)
    inv_get_sensor_type_rot_mat              0x0002bbb1   Thumb Code    28  empl_outputs.o(.text)
    inv_enable_eMPL_outputs                  0x0002bc77   Thumb Code    20  empl_outputs.o(.text)
    inv_disable_eMPL_outputs                 0x0002bc8b   Thumb Code    18  empl_outputs.o(.text)
    Reset_Handler                            0x0002bccd   Thumb Code     8  arm_startup_nrf52840.o(.text)
    NMI_Handler                              0x0002bcd5   Thumb Code     2  arm_startup_nrf52840.o(.text)
    HardFault_Handler                        0x0002bcd7   Thumb Code     2  arm_startup_nrf52840.o(.text)
    MemoryManagement_Handler                 0x0002bcd9   Thumb Code     2  arm_startup_nrf52840.o(.text)
    BusFault_Handler                         0x0002bcdb   Thumb Code     2  arm_startup_nrf52840.o(.text)
    UsageFault_Handler                       0x0002bcdd   Thumb Code     2  arm_startup_nrf52840.o(.text)
    SVC_Handler                              0x0002bcdf   Thumb Code     2  arm_startup_nrf52840.o(.text)
    DebugMon_Handler                         0x0002bce1   Thumb Code     2  arm_startup_nrf52840.o(.text)
    PendSV_Handler                           0x0002bce3   Thumb Code     2  arm_startup_nrf52840.o(.text)
    SysTick_Handler                          0x0002bce5   Thumb Code     2  arm_startup_nrf52840.o(.text)
    CCM_AAR_IRQHandler                       0x0002bce7   Thumb Code     0  arm_startup_nrf52840.o(.text)
    COMP_LPCOMP_IRQHandler                   0x0002bce7   Thumb Code     0  arm_startup_nrf52840.o(.text)
    CRYPTOCELL_IRQHandler                    0x0002bce7   Thumb Code     0  arm_startup_nrf52840.o(.text)
    ECB_IRQHandler                           0x0002bce7   Thumb Code     0  arm_startup_nrf52840.o(.text)
    FPU_IRQHandler                           0x0002bce7   Thumb Code     0  arm_startup_nrf52840.o(.text)
    I2S_IRQHandler                           0x0002bce7   Thumb Code     0  arm_startup_nrf52840.o(.text)
    MWU_IRQHandler                           0x0002bce7   Thumb Code     0  arm_startup_nrf52840.o(.text)
    NFCT_IRQHandler                          0x0002bce7   Thumb Code     0  arm_startup_nrf52840.o(.text)
    PDM_IRQHandler                           0x0002bce7   Thumb Code     0  arm_startup_nrf52840.o(.text)
    PWM0_IRQHandler                          0x0002bce7   Thumb Code     0  arm_startup_nrf52840.o(.text)
    PWM1_IRQHandler                          0x0002bce7   Thumb Code     0  arm_startup_nrf52840.o(.text)
    PWM2_IRQHandler                          0x0002bce7   Thumb Code     0  arm_startup_nrf52840.o(.text)
    PWM3_IRQHandler                          0x0002bce7   Thumb Code     0  arm_startup_nrf52840.o(.text)
    QDEC_IRQHandler                          0x0002bce7   Thumb Code     0  arm_startup_nrf52840.o(.text)
    QSPI_IRQHandler                          0x0002bce7   Thumb Code     0  arm_startup_nrf52840.o(.text)
    RADIO_IRQHandler                         0x0002bce7   Thumb Code     0  arm_startup_nrf52840.o(.text)
    RNG_IRQHandler                           0x0002bce7   Thumb Code     0  arm_startup_nrf52840.o(.text)
    RTC0_IRQHandler                          0x0002bce7   Thumb Code     0  arm_startup_nrf52840.o(.text)
    RTC2_IRQHandler                          0x0002bce7   Thumb Code     0  arm_startup_nrf52840.o(.text)
    SAADC_IRQHandler                         0x0002bce7   Thumb Code     0  arm_startup_nrf52840.o(.text)
    SPIM1_SPIS1_TWIM1_TWIS1_SPI1_TWI1_IRQHandler 0x0002bce7   Thumb Code     0  arm_startup_nrf52840.o(.text)
    SPIM2_SPIS2_SPI2_IRQHandler              0x0002bce7   Thumb Code     0  arm_startup_nrf52840.o(.text)
    SPIM3_IRQHandler                         0x0002bce7   Thumb Code     0  arm_startup_nrf52840.o(.text)
    SWI1_EGU1_IRQHandler                     0x0002bce7   Thumb Code     0  arm_startup_nrf52840.o(.text)
    SWI2_EGU2_IRQHandler                     0x0002bce7   Thumb Code     0  arm_startup_nrf52840.o(.text)
    SWI3_EGU3_IRQHandler                     0x0002bce7   Thumb Code     0  arm_startup_nrf52840.o(.text)
    SWI4_EGU4_IRQHandler                     0x0002bce7   Thumb Code     0  arm_startup_nrf52840.o(.text)
    SWI5_EGU5_IRQHandler                     0x0002bce7   Thumb Code     0  arm_startup_nrf52840.o(.text)
    TEMP_IRQHandler                          0x0002bce7   Thumb Code     0  arm_startup_nrf52840.o(.text)
    TIMER0_IRQHandler                        0x0002bce7   Thumb Code     0  arm_startup_nrf52840.o(.text)
    TIMER1_IRQHandler                        0x0002bce7   Thumb Code     0  arm_startup_nrf52840.o(.text)
    TIMER2_IRQHandler                        0x0002bce7   Thumb Code     0  arm_startup_nrf52840.o(.text)
    TIMER3_IRQHandler                        0x0002bce7   Thumb Code     0  arm_startup_nrf52840.o(.text)
    TIMER4_IRQHandler                        0x0002bce7   Thumb Code     0  arm_startup_nrf52840.o(.text)
    UARTE1_IRQHandler                        0x0002bce7   Thumb Code     0  arm_startup_nrf52840.o(.text)
    USBD_IRQHandler                          0x0002bce7   Thumb Code     0  arm_startup_nrf52840.o(.text)
    WDT_IRQHandler                           0x0002bce7   Thumb Code     0  arm_startup_nrf52840.o(.text)
    SystemCoreClockUpdate                    0x0002bcf1   Thumb Code     8  system_nrf52840.o(.text)
    SystemInit                               0x0002bcf9   Thumb Code   432  system_nrf52840.o(.text)
    inv_vector_compass_cal_sensitivity       0x0002bee1   Thumb Code     8  compass_vec_cal.o(.text)
    inv_cheap_rand                           0x0002c0cf   Thumb Code    42  compass_vec_cal.o(.text)
    inv_cheap_gaussian                       0x0002c0f9   Thumb Code   134  compass_vec_cal.o(.text)
    inv_combine_compass_data                 0x0002c17f   Thumb Code   416  compass_vec_cal.o(.text)
    inv_set_terms                            0x0002c31f   Thumb Code   932  compass_vec_cal.o(.text)
    inv_compute_bias                         0x0002c6c3   Thumb Code  2142  compass_vec_cal.o(.text)
    inv_center_sum                           0x0002cf21   Thumb Code  1784  compass_vec_cal.o(.text)
    inv_get_current_calibrated_compass       0x0002d619   Thumb Code    82  compass_vec_cal.o(.text)
    inv_add_compass_block_data               0x0002d66b   Thumb Code   172  compass_vec_cal.o(.text)
    inv_check_sim                            0x0002d983   Thumb Code   400  compass_vec_cal.o(.text)
    inv_reset_data_collection                0x0002db13   Thumb Code    50  compass_vec_cal.o(.text)
    inv_process_compass_only_cal             0x0002db45   Thumb Code  1720  compass_vec_cal.o(.text)
    inv_generate_vector_compass_cal          0x0002e1fd   Thumb Code    62  compass_vec_cal.o(.text)
    inv_start_vector_compass_cal             0x0002e23b   Thumb Code    14  compass_vec_cal.o(.text)
    inv_stop_vector_compass_cal              0x0002e249   Thumb Code     8  compass_vec_cal.o(.text)
    inv_init_vector_compass_cal              0x0002e251   Thumb Code    92  compass_vec_cal.o(.text)
    inv_enable_vector_compass_cal            0x0002e2ad   Thumb Code    24  compass_vec_cal.o(.text)
    inv_disable_vector_compass_cal           0x0002e2c5   Thumb Code    22  compass_vec_cal.o(.text)
    inv_init_maxmin                          0x0002e3d1   Thumb Code    78  fast_no_motion.o(.text)
    inv_fast_nomot_parameter                 0x0002e41f   Thumb Code   332  fast_no_motion.o(.text)
    inv_fast_nomot_parameter_3rd             0x0002e56b   Thumb Code   190  fast_no_motion.o(.text)
    inv_fast_nomot_set_gyro_bias             0x0002e629   Thumb Code   232  fast_no_motion.o(.text)
    inv_set_fast_nomot_compass_threshold     0x0002e711   Thumb Code     8  fast_no_motion.o(.text)
    int_set_fast_nomot_gyro_threshold        0x0002e719   Thumb Code     8  fast_no_motion.o(.text)
    inv_set_fast_nomot_accel_threshold       0x0002e721   Thumb Code     8  fast_no_motion.o(.text)
    inv_get_fast_nomot_compass_param         0x0002e729   Thumb Code    18  fast_no_motion.o(.text)
    inv_get_fast_nomot_accel_param           0x0002e73b   Thumb Code    18  fast_no_motion.o(.text)
    inv_fast_nomot_store_data                0x0002e74d   Thumb Code   140  fast_no_motion.o(.text)
    inv_fast_nomot_store_data_compass        0x0002e7d9   Thumb Code    74  fast_no_motion.o(.text)
    inv_fast_nomot_reset_data_compass        0x0002e823   Thumb Code    36  fast_no_motion.o(.text)
    inv_fast_nomot_get_time_elaps            0x0002e847   Thumb Code     8  fast_no_motion.o(.text)
    inv_fast_nomot_parameter_compass         0x0002e84f   Thumb Code    22  fast_no_motion.o(.text)
    inv_get_right_shift_by_rounding          0x0002e865   Thumb Code    76  fast_no_motion.o(.text)
    inv_reset_min_max_gyro_accel_statistics  0x0002e8b1   Thumb Code    38  fast_no_motion.o(.text)
    inv_record_max_moment_in_no_motion_gyro  0x0002e8d7   Thumb Code    32  fast_no_motion.o(.text)
    inv_record_max_moment_in_no_motion_accel 0x0002e8f7   Thumb Code    32  fast_no_motion.o(.text)
    inv_record_min_moment_in_motion_gyro     0x0002e917   Thumb Code    34  fast_no_motion.o(.text)
    inv_record_min_moment_in_motion_accel    0x0002e939   Thumb Code    34  fast_no_motion.o(.text)
    inv_detect_motion_by_gyro_accel          0x0002e95b   Thumb Code   214  fast_no_motion.o(.text)
    inv_sensor_data_preprocess               0x0002ea31   Thumb Code   132  fast_no_motion.o(.text)
    inv_generate_fast_nomot                  0x0002eab5   Thumb Code   504  fast_no_motion.o(.text)
    inv_set_default_number_of_samples        0x0002ecad   Thumb Code    62  fast_no_motion.o(.text)
    inv_init_fast_nomot                      0x0002eceb   Thumb Code    78  fast_no_motion.o(.text)
    inv_start_fast_nomot                     0x0002ed39   Thumb Code    56  fast_no_motion.o(.text)
    inv_stop_fast_nomot                      0x0002ed71   Thumb Code    20  fast_no_motion.o(.text)
    inv_enable_fast_nomot                    0x0002ed85   Thumb Code    24  fast_no_motion.o(.text)
    inv_disable_fast_nomot                   0x0002ed9d   Thumb Code    18  fast_no_motion.o(.text)
    inv_get_fnm_gyro_no_motion_param         0x0002edaf   Thumb Code     8  fast_no_motion.o(.text)
    inv_fnm_debug_print                      0x0002edb7   Thumb Code     2  fast_no_motion.o(.text)
    inv_filter_correction_angle              0x0002ee95   Thumb Code   374  fusion_9axis.o(.text)
    inv_perform_9x_fusion                    0x0002f00b   Thumb Code   894  fusion_9axis.o(.text)
    inv_process_9x_sensor_fusion_cb          0x0002f389   Thumb Code   120  fusion_9axis.o(.text)
    inv_init_9x_fusion                       0x0002f401   Thumb Code    52  fusion_9axis.o(.text)
    inv_9x_fusion_set_mag_fb                 0x0002f435   Thumb Code    10  fusion_9axis.o(.text)
    inv_9x_fusion_enable_jitter_reduction    0x0002f43f   Thumb Code    10  fusion_9axis.o(.text)
    inv_9x_fusion_use_timestamps             0x0002f449   Thumb Code    10  fusion_9axis.o(.text)
    inv_start_9x_sensor_fusion               0x0002f453   Thumb Code    14  fusion_9axis.o(.text)
    inv_stop_9x_sensor_fusion                0x0002f461   Thumb Code     8  fusion_9axis.o(.text)
    inv_enable_9x_sensor_fusion              0x0002f469   Thumb Code    30  fusion_9axis.o(.text)
    inv_disable_9x_sensor_fusion             0x0002f487   Thumb Code     8  fusion_9axis.o(.text)
    inv_set_magnetic_disturbance             0x0002f499   Thumb Code    16  mag_disturb.o(.text)
    inv_init_magnetic_disturbance            0x0002f4a9   Thumb Code    68  mag_disturb.o(.text)
    MagDisturbSetDisturbance                 0x0002f4ed   Thumb Code   108  mag_disturb.o(.text)
    MagDisturbCheckSettling                  0x0002f559   Thumb Code    68  mag_disturb.o(.text)
    ComputeAngleVelocity                     0x0002f59d   Thumb Code    94  mag_disturb.o(.text)
    inv_disable_dip_tracking                 0x0002f5fb   Thumb Code    10  mag_disturb.o(.text)
    Mag3ofNormalizedLong                     0x0002f605   Thumb Code    60  mag_disturb.o(.text)
    inv_track_dip_angle                      0x0002f641   Thumb Code   126  mag_disturb.o(.text)
    inv_check_magnetic_disturbance           0x0002f6bf   Thumb Code   758  mag_disturb.o(.text)
    inv_magnetic_disturbance_process         0x0002f9b5   Thumb Code    50  mag_disturb.o(.text)
    inv_start_magnetic_disturbance           0x0002f9e7   Thumb Code    14  mag_disturb.o(.text)
    inv_stop_magnetic_disturbance            0x0002f9f5   Thumb Code     8  mag_disturb.o(.text)
    inv_enable_magnetic_disturbance          0x0002f9fd   Thumb Code    40  mag_disturb.o(.text)
    inv_disable_magnetic_disturbance         0x0002fa25   Thumb Code    22  mag_disturb.o(.text)
    inv_enable_dip_tracking                  0x0002fa3b   Thumb Code    14  mag_disturb.o(.text)
    inv_get_magnetic_disturbance_state       0x0002fa49   Thumb Code     8  mag_disturb.o(.text)
    inv_generate_gyro_quaternion             0x0002fe11   Thumb Code   348  quaternion_supervisor.o(.text)
    inv_set_quaternion                       0x00030123   Thumb Code    36  quaternion_supervisor.o(.text)
    inv_generate_accel_gyro_quaternion       0x00030147   Thumb Code   468  quaternion_supervisor.o(.text)
    inv_stop_quaternion                      0x0003035f   Thumb Code     6  quaternion_supervisor.o(.text)
    inv_init_quaternion                      0x00030365   Thumb Code    34  quaternion_supervisor.o(.text)
    inv_start_quaternion                     0x00030387   Thumb Code    34  quaternion_supervisor.o(.text)
    inv_enable_quaternion                    0x000303a9   Thumb Code    24  quaternion_supervisor.o(.text)
    inv_disable_quaternion                   0x000303c1   Thumb Code    20  quaternion_supervisor.o(.text)
    inv_init_accel_maxmin                    0x000303ed   Thumb Code    34  accel_auto_cal.o(.text)
    inv_record_good_accel_maxmin             0x0003040f   Thumb Code    58  accel_auto_cal.o(.text)
    inv_get_current_calibrated_accel         0x00030449   Thumb Code    70  accel_auto_cal.o(.text)
    inv_sort_order_4_T                       0x00030839   Thumb Code   134  accel_auto_cal.o(.text)
    inv_init_check_sample_balance            0x000308bf   Thumb Code    36  accel_auto_cal.o(.text)
    inv_init_check_sample_balance_parameter  0x000308e3   Thumb Code    28  accel_auto_cal.o(.text)
    inv_add_accel_block_data                 0x000308ff   Thumb Code   180  accel_auto_cal.o(.text)
    inv_add_vector_block_data                0x000309b3   Thumb Code   152  accel_auto_cal.o(.text)
    inv_check_sample_balance                 0x00030a4b   Thumb Code   372  accel_auto_cal.o(.text)
    inv_auto_calibrate                       0x00030c11   Thumb Code   828  accel_auto_cal.o(.text)
    inv_init_in_use_auto_calibration         0x00030f4d   Thumb Code    92  accel_auto_cal.o(.text)
    inv_start_in_use_auto_calibration        0x00030fa9   Thumb Code    14  accel_auto_cal.o(.text)
    inv_stop_in_use_auto_calibration         0x00030fb7   Thumb Code     8  accel_auto_cal.o(.text)
    inv_enable_in_use_auto_calibration       0x00030fbf   Thumb Code    24  accel_auto_cal.o(.text)
    inv_disable_in_use_auto_calibration      0x00030fd7   Thumb Code    22  accel_auto_cal.o(.text)
    inv_get_accel_bias_stage                 0x00030fed   Thumb Code     6  accel_auto_cal.o(.text)
    __aeabi_ldivmod                          0x00031031   Thumb Code    98  ldiv.o(.text)
    __aeabi_llsl                             0x00031093   Thumb Code    30  llshl.o(.text)
    _ll_shift_l                              0x00031093   Thumb Code     0  llshl.o(.text)
    __aeabi_lasr                             0x000310b1   Thumb Code    36  llsshr.o(.text)
    _ll_sshift_r                             0x000310b1   Thumb Code     0  llsshr.o(.text)
    __rt_ctype_table                         0x000310d5   Thumb Code     4  ctype_o.o(.text)
    ___aeabi_memcpy8$move                    0x000310dd   Thumb Code     0  memmovea.o(.text)
    __aeabi_memcpy                           0x000310dd   Thumb Code    64  memmovea.o(.text)
    __aeabi_memcpy4                          0x000310dd   Thumb Code     0  memmovea.o(.text)
    __aeabi_memmove                          0x000310dd   Thumb Code     0  memmovea.o(.text)
    __aeabi_memmove4                         0x000310dd   Thumb Code     0  memmovea.o(.text)
    __aeabi_memmove8                         0x000310dd   Thumb Code     0  memmovea.o(.text)
    __aeabi_memset                           0x0003111d   Thumb Code    14  memseta.o(.text)
    __aeabi_memset4                          0x0003111d   Thumb Code     0  memseta.o(.text)
    __aeabi_memset8                          0x0003111d   Thumb Code     0  memseta.o(.text)
    __aeabi_memclr                           0x0003112b   Thumb Code     4  memseta.o(.text)
    __aeabi_memclr4                          0x0003112b   Thumb Code     0  memseta.o(.text)
    __aeabi_memclr8                          0x0003112b   Thumb Code     0  memseta.o(.text)
    _memset$wrapper                          0x0003112f   Thumb Code    18  memseta.o(.text)
    strlen                                   0x00031141   Thumb Code    14  strlen.o(.text)
    memcmp                                   0x0003114f   Thumb Code    26  memcmp.o(.text)
    __aeabi_dadd                             0x00031169   Thumb Code   322  dadd.o(.text)
    __aeabi_dsub                             0x000312ab   Thumb Code     6  dadd.o(.text)
    __aeabi_drsub                            0x000312b1   Thumb Code     6  dadd.o(.text)
    __aeabi_dmul                             0x000312b7   Thumb Code   228  dmul.o(.text)
    __aeabi_ddiv                             0x0003139b   Thumb Code   222  ddiv.o(.text)
    __aeabi_l2f                              0x00031479   Thumb Code    44  ffltl.o(.text)
    __aeabi_i2d                              0x000314a5   Thumb Code    34  dflti.o(.text)
    __aeabi_f2lz                             0x000314c7   Thumb Code    66  ffixl.o(.text)
    __aeabi_d2iz                             0x00031509   Thumb Code    62  dfixi.o(.text)
    __aeabi_f2d                              0x00031547   Thumb Code    38  f2d.o(.text)
    __aeabi_cdcmpeq                          0x0003156d   Thumb Code     0  cdcmple.o(.text)
    __aeabi_cdcmple                          0x0003156d   Thumb Code    48  cdcmple.o(.text)
    __aeabi_cdrcmple                         0x0003159d   Thumb Code    48  cdrcmple.o(.text)
    __aeabi_d2f                              0x000315cd   Thumb Code    56  d2f.o(.text)
    __aeabi_uidiv                            0x00031605   Thumb Code     0  uidiv.o(.text)
    __aeabi_uidivmod                         0x00031605   Thumb Code    44  uidiv.o(.text)
    __aeabi_uldivmod                         0x00031631   Thumb Code    98  uldiv.o(.text)
    __aeabi_llsr                             0x00031693   Thumb Code    32  llushr.o(.text)
    _ll_ushift_r                             0x00031693   Thumb Code     0  llushr.o(.text)
    __I$use$fp                               0x000316b3   Thumb Code     0  iusefp.o(.text)
    _float_round                             0x000316b3   Thumb Code    18  fepilogue.o(.text)
    _float_epilogue                          0x000316c5   Thumb Code    92  fepilogue.o(.text)
    _double_round                            0x00031721   Thumb Code    30  depilogue.o(.text)
    _double_epilogue                         0x0003173f   Thumb Code   156  depilogue.o(.text)
    _dsqrt                                   0x000317db   Thumb Code   162  dsqrt.o(.text)
    __aeabi_d2ulz                            0x0003187d   Thumb Code    48  dfixul.o(.text)
    __scatterload                            0x000318ad   Thumb Code    28  init.o(.text)
    __scatterload_rt2                        0x000318ad   Thumb Code     0  init.o(.text)
    __aeabi_ui2d                             0x000318d1   Thumb Code    26  dfltui.o(.text)
    __0printf                                0x000318ed   Thumb Code    22  printfa.o(i.__0printf)
    __1printf                                0x000318ed   Thumb Code     0  printfa.o(i.__0printf)
    __2printf                                0x000318ed   Thumb Code     0  printfa.o(i.__0printf)
    __c89printf                              0x000318ed   Thumb Code     0  printfa.o(i.__0printf)
    printf                                   0x000318ed   Thumb Code     0  printfa.o(i.__0printf)
    __0snprintf                              0x0003190d   Thumb Code    44  printfa.o(i.__0snprintf)
    __1snprintf                              0x0003190d   Thumb Code     0  printfa.o(i.__0snprintf)
    __2snprintf                              0x0003190d   Thumb Code     0  printfa.o(i.__0snprintf)
    __c89snprintf                            0x0003190d   Thumb Code     0  printfa.o(i.__0snprintf)
    snprintf                                 0x0003190d   Thumb Code     0  printfa.o(i.__0snprintf)
    __0vsprintf                              0x0003193d   Thumb Code    30  printfa.o(i.__0vsprintf)
    __1vsprintf                              0x0003193d   Thumb Code     0  printfa.o(i.__0vsprintf)
    __2vsprintf                              0x0003193d   Thumb Code     0  printfa.o(i.__0vsprintf)
    __c89vsprintf                            0x0003193d   Thumb Code     0  printfa.o(i.__0vsprintf)
    vsprintf                                 0x0003193d   Thumb Code     0  printfa.o(i.__0vsprintf)
    __ARM_fpclassify                         0x00031961   Thumb Code    48  fpclassify.o(i.__ARM_fpclassify)
    __ARM_fpclassifyf                        0x00031991   Thumb Code    38  fpclassifyf.o(i.__ARM_fpclassifyf)
    __hardfp_acos                            0x000319b9   Thumb Code   738  acos.o(i.__hardfp_acos)
    __hardfp_acosf                           0x00031d11   Thumb Code   234  acosf.o(i.__hardfp_acosf)
    __hardfp_asinf                           0x00031e29   Thumb Code   258  asinf.o(i.__hardfp_asinf)
    __hardfp_atan2f                          0x00031f55   Thumb Code   502  atan2f.o(i.__hardfp_atan2f)
    __hardfp_cos                             0x000321a9   Thumb Code   180  cos.o(i.__hardfp_cos)
    __hardfp_cosf                            0x00032271   Thumb Code   280  cosf.o(i.__hardfp_cosf)
    __hardfp_fabs                            0x000323c1   Thumb Code    20  fabs.o(i.__hardfp_fabs)
    __hardfp_log                             0x000323d9   Thumb Code   872  log.o(i.__hardfp_log)
    __hardfp_sinf                            0x0003279d   Thumb Code   344  sinf.o(i.__hardfp_sinf)
    __hardfp_sqrt                            0x0003292d   Thumb Code   122  sqrt.o(i.__hardfp_sqrt)
    __hardfp_sqrtf                           0x000329a7   Thumb Code    58  sqrtf.o(i.__hardfp_sqrtf)
    __ieee754_rem_pio2                       0x000329e1   Thumb Code   938  rred.o(i.__ieee754_rem_pio2)
    __kernel_cos                             0x00032e19   Thumb Code   322  cos_i.o(i.__kernel_cos)
    __kernel_poly                            0x00032f89   Thumb Code   248  poly.o(i.__kernel_poly)
    __kernel_sin                             0x00033081   Thumb Code   280  sin_i.o(i.__kernel_sin)
    __mathlib_dbl_divzero                    0x000331b1   Thumb Code    28  dunder.o(i.__mathlib_dbl_divzero)
    __mathlib_dbl_infnan                     0x000331e1   Thumb Code    20  dunder.o(i.__mathlib_dbl_infnan)
    __mathlib_dbl_invalid                    0x000331f9   Thumb Code    24  dunder.o(i.__mathlib_dbl_invalid)
    __mathlib_dbl_underflow                  0x00033219   Thumb Code    24  dunder.o(i.__mathlib_dbl_underflow)
    __mathlib_flt_infnan                     0x00033239   Thumb Code     6  funder.o(i.__mathlib_flt_infnan)
    __mathlib_flt_infnan2                    0x0003323f   Thumb Code     6  funder.o(i.__mathlib_flt_infnan2)
    __mathlib_flt_invalid                    0x00033245   Thumb Code    10  funder.o(i.__mathlib_flt_invalid)
    __mathlib_flt_underflow                  0x00033255   Thumb Code    10  funder.o(i.__mathlib_flt_underflow)
    __mathlib_rredf2                         0x00033265   Thumb Code   316  rredf.o(i.__mathlib_rredf2)
    __scatterload_copy                       0x000333b9   Thumb Code    14  handlers.o(i.__scatterload_copy)
    __scatterload_null                       0x000333c7   Thumb Code     2  handlers.o(i.__scatterload_null)
    __scatterload_zeroinit                   0x000333c9   Thumb Code    14  handlers.o(i.__scatterload_zeroinit)
    __set_errno                              0x000333d9   Thumb Code     6  errno.o(i.__set_errno)
    fabs                                     0x00033cb7   Thumb Code    24  fabs.o(i.fabs)
    free                                     0x00033cd1   Thumb Code    76  malloc.o(i.free)
    malloc                                   0x00033d21   Thumb Code    92  malloc.o(i.malloc)
    sqrt                                     0x00033d8d   Thumb Code   110  sqrt.o(i.sqrt)
    sqrtf                                    0x00033dfb   Thumb Code    62  sqrtf.o(i.sqrtf)
    sin_lookup                               0x00034014   Data        1024  ml_math_func.o(.constdata)
    ml_ver                                   0x00034414   Data          20  mpl.o(.constdata)
    reg                                      0x00035039   Data          42  inv_mpu.o(.constdata)
    hw                                       0x00035064   Data          14  inv_mpu.o(.constdata)
    test                                     0x00035074   Data          48  inv_mpu.o(.constdata)
    __ctype_table                            0x00035330   Data         129  ctype_o.o(.constdata)
    __mathlib_zero                           0x000353e8   Data           8  qnan.o(.constdata)
    Region$$Table$$Base                      0x00035858   Number         0  anon$$obj.o(Region$$Table)
    Region$$Table$$Limit                     0x00035878   Number         0  anon$$obj.o(Region$$Table)
    mpl_key                                  0x20002198   Data           4  main.o(.data)
    __stdout                                 0x200021d8   Data           4  retarget.o(.data)
    compass_low_pass_filter_coeff            0x200021e8   Data          20  hal_outputs.o(.data)
    SystemCoreClock                          0x20002238   Data           4  system_nrf52840.o(.data)
    __microlib_freelist                      0x2000224c   Data           4  mvars.o(.data)
    __microlib_freelist_initialised          0x20002250   Data           4  mvars.o(.data)
    twi_tx_buffer                            0x200027c4   Data          16  nrf_drv_mpu_twi.o(.bss)
    cb                                       0x20003110   Data         232  compass_vec_cal.o(.bss)
    cb_test                                  0x200031f8   Data         232  compass_vec_cal.o(.bss)
    cb_sim                                   0x200032e0   Data         232  compass_vec_cal.o(.bss)
    vc                                       0x200033c8   Data         424  compass_vec_cal.o(.bss)
    fnm                                      0x20003570   Data         608  fast_no_motion.o(.bss)
    s9axis                                   0x20003810   Data         312  fusion_9axis.o(.bss)
    mag_disturb                              0x20003948   Data         184  mag_disturb.o(.bss)
    __heap_base                              0x20003f28   Data           0  arm_startup_nrf52840.o(HEAP)
    __heap_limit                             0x20005f28   Data           0  arm_startup_nrf52840.o(HEAP)
    __initial_sp                             0x20007f28   Data           0  arm_startup_nrf52840.o(STACK)



==============================================================================

Memory Map of the image

  Image Entry point : 0x00022201

  Load Region LR_IROM1 (Base: 0x00022000, Size: 0x00013938, Max: 0x000de000, ABSOLUTE)

    Execution Region ER_IROM1 (Base: 0x00022000, Size: 0x00013878, Max: 0x000de000, ABSOLUTE)

    Base Addr    Size         Type   Attr      Idx    E Section Name        Object

    0x00022000   0x00000200   Data   RO         1410    RESET               arm_startup_nrf52840.o
    0x00022200   0x00000000   Code   RO         1868  * .ARM.Collect$$$$00000000  mc_w.l(entry.o)
    0x00022200   0x00000004   Code   RO         2284    .ARM.Collect$$$$00000001  mc_w.l(entry2.o)
    0x00022204   0x00000004   Code   RO         2287    .ARM.Collect$$$$00000004  mc_w.l(entry5.o)
    0x00022208   0x00000000   Code   RO         2289    .ARM.Collect$$$$00000008  mc_w.l(entry7b.o)
    0x00022208   0x00000000   Code   RO         2291    .ARM.Collect$$$$0000000A  mc_w.l(entry8b.o)
    0x00022208   0x00000008   Code   RO         2292    .ARM.Collect$$$$0000000B  mc_w.l(entry9a.o)
    0x00022210   0x00000000   Code   RO         2294    .ARM.Collect$$$$0000000D  mc_w.l(entry10a.o)
    0x00022210   0x00000000   Code   RO         2296    .ARM.Collect$$$$0000000F  mc_w.l(entry11a.o)
    0x00022210   0x00000004   Code   RO         2285    .ARM.Collect$$$$00002712  mc_w.l(entry2.o)
    0x00022214   0x000006c4   Code   RO            4    .text               main.o
    0x000228d8   0x00000700   Code   RO          343    .text               nrf_drv_twi.o
    0x00022fd8   0x00000390   Code   RO          425    .text               nrf_drv_mpu_twi.o
    0x00023368   0x00000106   Code   RO          494    .text               app_mpu.o
    0x0002346e   0x00000002   PAD
    0x00023470   0x000000c4   Code   RO          525    .text               nrf_drv_inv_dmp.o
    0x00023534   0x000001b0   Code   RO          571    .text               boards.o
    0x000236e4   0x00000274   Code   RO          601    .text               nrf_drv_clock.o
    0x00023958   0x00000044   Code   RO          640    .text               nrf_drv_common.o
    0x0002399c   0x00000a1c   Code   RO          681    .text               nrf_drv_uart.o
    0x000243b8   0x000008b4   Code   RO          727    .text               nrf_drv_gpiote.o
    0x00024c6c   0x00000628   Code   RO          772    .text               app_timer_1.o
    0x00025294   0x00000090   Code   RO          806    .text               app_error.o
    0x00025324   0x00000060   Code   RO          834    .text               app_error_weak.o
    0x00025384   0x0000013c   Code   RO          862    .text               app_fifo.o
    0x000254c0   0x000001d8   Code   RO          889    .text               app_uart_fifo.o
    0x00025698   0x0000006c   Code   RO          932    .text               app_util_platform.o
    0x00025704   0x00000048   Code   RO          993    .text               nrf_strerror.o
    0x0002574c   0x00000020   Code   RO         1020    .text               retarget.o
    0x0002576c   0x00000374   Code   RO         1052    .text               nrf_log_backend_serial.o
    0x00025ae0   0x00000238   Code   RO         1094    .text               nrf_log_frontend.o
    0x00025d18   0x00000a4c   Code   RO         1159    .text               data_builder.o
    0x00026764   0x000005bc   Code   RO         1196    .text               hal_outputs.o
    0x00026d20   0x00000024   Code   RO         1219    .text               message_layer.o
    0x00026d44   0x00000d3c   Code   RO         1233    .text               ml_math_func.o
    0x00027a80   0x000000e4   Code   RO         1267    .text               mpl.o
    0x00027b64   0x000003ac   Code   RO         1285    .text               results_holder.o
    0x00027f10   0x00000098   Code   RO         1300    .text               start_manager.o
    0x00027fa8   0x0000019c   Code   RO         1314    .text               storage_manager.o
    0x00028144   0x00000b4e   Code   RO         1331    .text               inv_mpu_dmp_motion_driver.o
    0x00028c92   0x00000002   PAD
    0x00028c94   0x00002c98   Code   RO         1365    .text               inv_mpu.o
    0x0002b92c   0x000003a0   Code   RO         1394    .text               empl_outputs.o
    0x0002bccc   0x00000024   Code   RO         1411    .text               arm_startup_nrf52840.o
    0x0002bcf0   0x000001f0   Code   RO         1418    .text               system_nrf52840.o
    0x0002bee0   0x000024f0   Code   RO         1446    .text               libmpllib.lib(compass_vec_cal.o)
    0x0002e3d0   0x00000a18   Code   RO         1536    .text               libmpllib.lib(fast_no_motion.o)
    0x0002ede8   0x000006b0   Code   RO         1569    .text               libmpllib.lib(fusion_9axis.o)
    0x0002f498   0x000005c0   Code   RO         1591    .text               libmpllib.lib(mag_disturb.o)
    0x0002fa58   0x00000994   Code   RO         1613    .text               libmpllib.lib(quaternion_supervisor.o)
    0x000303ec   0x00000c44   Code   RO         1631    .text               libmpllib.lib(accel_auto_cal.o)
    0x00031030   0x00000062   Code   RO         1871    .text               mc_w.l(ldiv.o)
    0x00031092   0x0000001e   Code   RO         1873    .text               mc_w.l(llshl.o)
    0x000310b0   0x00000024   Code   RO         1875    .text               mc_w.l(llsshr.o)
    0x000310d4   0x00000008   Code   RO         1877    .text               mc_w.l(ctype_o.o)
    0x000310dc   0x00000040   Code   RO         1907    .text               mc_w.l(memmovea.o)
    0x0003111c   0x00000024   Code   RO         1909    .text               mc_w.l(memseta.o)
    0x00031140   0x0000000e   Code   RO         1911    .text               mc_w.l(strlen.o)
    0x0003114e   0x0000001a   Code   RO         1913    .text               mc_w.l(memcmp.o)
    0x00031168   0x0000014e   Code   RO         2210    .text               mf_w.l(dadd.o)
    0x000312b6   0x000000e4   Code   RO         2212    .text               mf_w.l(dmul.o)
    0x0003139a   0x000000de   Code   RO         2214    .text               mf_w.l(ddiv.o)
    0x00031478   0x0000002c   Code   RO         2216    .text               mf_w.l(ffltl.o)
    0x000314a4   0x00000022   Code   RO         2218    .text               mf_w.l(dflti.o)
    0x000314c6   0x00000042   Code   RO         2220    .text               mf_w.l(ffixl.o)
    0x00031508   0x0000003e   Code   RO         2222    .text               mf_w.l(dfixi.o)
    0x00031546   0x00000026   Code   RO         2224    .text               mf_w.l(f2d.o)
    0x0003156c   0x00000030   Code   RO         2226    .text               mf_w.l(cdcmple.o)
    0x0003159c   0x00000030   Code   RO         2228    .text               mf_w.l(cdrcmple.o)
    0x000315cc   0x00000038   Code   RO         2230    .text               mf_w.l(d2f.o)
    0x00031604   0x0000002c   Code   RO         2298    .text               mc_w.l(uidiv.o)
    0x00031630   0x00000062   Code   RO         2300    .text               mc_w.l(uldiv.o)
    0x00031692   0x00000020   Code   RO         2302    .text               mc_w.l(llushr.o)
    0x000316b2   0x00000000   Code   RO         2313    .text               mc_w.l(iusefp.o)
    0x000316b2   0x0000006e   Code   RO         2314    .text               mf_w.l(fepilogue.o)
    0x00031720   0x000000ba   Code   RO         2316    .text               mf_w.l(depilogue.o)
    0x000317da   0x000000a2   Code   RO         2322    .text               mf_w.l(dsqrt.o)
    0x0003187c   0x00000030   Code   RO         2324    .text               mf_w.l(dfixul.o)
    0x000318ac   0x00000024   Code   RO         2326    .text               mc_w.l(init.o)
    0x000318d0   0x0000001a   Code   RO         2328    .text               mf_w.l(dfltui.o)
    0x000318ea   0x00000002   PAD
    0x000318ec   0x00000020   Code   RO         2154    i.__0printf         mc_w.l(printfa.o)
    0x0003190c   0x00000030   Code   RO         2155    i.__0snprintf       mc_w.l(printfa.o)
    0x0003193c   0x00000024   Code   RO         2160    i.__0vsprintf       mc_w.l(printfa.o)
    0x00031960   0x00000030   Code   RO         2249    i.__ARM_fpclassify  m_wm.l(fpclassify.o)
    0x00031990   0x00000026   Code   RO         2251    i.__ARM_fpclassifyf  m_wm.l(fpclassifyf.o)
    0x000319b6   0x00000002   PAD
    0x000319b8   0x00000358   Code   RO         1660    i.__hardfp_acos     m_wm.l(acos.o)
    0x00031d10   0x00000118   Code   RO         1674    i.__hardfp_acosf    m_wm.l(acosf.o)
    0x00031e28   0x0000012c   Code   RO         1700    i.__hardfp_asinf    m_wm.l(asinf.o)
    0x00031f54   0x00000250   Code   RO         1738    i.__hardfp_atan2f   m_wm.l(atan2f.o)
    0x000321a4   0x00000004   PAD
    0x000321a8   0x000000c8   Code   RO         1756    i.__hardfp_cos      m_wm.l(cos.o)
    0x00032270   0x00000150   Code   RO         1768    i.__hardfp_cosf     m_wm.l(cosf.o)
    0x000323c0   0x00000014   Code   RO         1780    i.__hardfp_fabs     m_wm.l(fabs.o)
    0x000323d4   0x00000004   PAD
    0x000323d8   0x000003c4   Code   RO         1792    i.__hardfp_log      m_wm.l(log.o)
    0x0003279c   0x00000190   Code   RO         1832    i.__hardfp_sinf     m_wm.l(sinf.o)
    0x0003292c   0x0000007a   Code   RO         1844    i.__hardfp_sqrt     m_wm.l(sqrt.o)
    0x000329a6   0x0000003a   Code   RO         1856    i.__hardfp_sqrtf    m_wm.l(sqrtf.o)
    0x000329e0   0x00000438   Code   RO         2270    i.__ieee754_rem_pio2  m_wm.l(rred.o)
    0x00032e18   0x00000170   Code   RO         2232    i.__kernel_cos      m_wm.l(cos_i.o)
    0x00032f88   0x000000f8   Code   RO         2267    i.__kernel_poly     m_wm.l(poly.o)
    0x00033080   0x00000130   Code   RO         2278    i.__kernel_sin      m_wm.l(sin_i.o)
    0x000331b0   0x00000030   Code   RO         2235    i.__mathlib_dbl_divzero  m_wm.l(dunder.o)
    0x000331e0   0x00000014   Code   RO         2236    i.__mathlib_dbl_infnan  m_wm.l(dunder.o)
    0x000331f4   0x00000004   PAD
    0x000331f8   0x00000020   Code   RO         2238    i.__mathlib_dbl_invalid  m_wm.l(dunder.o)
    0x00033218   0x00000020   Code   RO         2241    i.__mathlib_dbl_underflow  m_wm.l(dunder.o)
    0x00033238   0x00000006   Code   RO         2254    i.__mathlib_flt_infnan  m_wm.l(funder.o)
    0x0003323e   0x00000006   Code   RO         2255    i.__mathlib_flt_infnan2  m_wm.l(funder.o)
    0x00033244   0x00000010   Code   RO         2256    i.__mathlib_flt_invalid  m_wm.l(funder.o)
    0x00033254   0x00000010   Code   RO         2259    i.__mathlib_flt_underflow  m_wm.l(funder.o)
    0x00033264   0x00000154   Code   RO         2275    i.__mathlib_rredf2  m_wm.l(rredf.o)
    0x000333b8   0x0000000e   Code   RO         2332    i.__scatterload_copy  mc_w.l(handlers.o)
    0x000333c6   0x00000002   Code   RO         2333    i.__scatterload_null  mc_w.l(handlers.o)
    0x000333c8   0x0000000e   Code   RO         2334    i.__scatterload_zeroinit  mc_w.l(handlers.o)
    0x000333d6   0x00000002   PAD
    0x000333d8   0x0000000c   Code   RO         2308    i.__set_errno       mc_w.l(errno.o)
    0x000333e4   0x00000184   Code   RO         2161    i._fp_digits        mc_w.l(printfa.o)
    0x00033568   0x000006dc   Code   RO         2162    i._printf_core      mc_w.l(printfa.o)
    0x00033c44   0x00000024   Code   RO         2163    i._printf_post_padding  mc_w.l(printfa.o)
    0x00033c68   0x0000002e   Code   RO         2164    i._printf_pre_padding  mc_w.l(printfa.o)
    0x00033c96   0x00000016   Code   RO         2165    i._snputc           mc_w.l(printfa.o)
    0x00033cac   0x0000000a   Code   RO         2166    i._sputc            mc_w.l(printfa.o)
    0x00033cb6   0x00000018   Code   RO         1782    i.fabs              m_wm.l(fabs.o)
    0x00033cce   0x00000002   PAD
    0x00033cd0   0x00000050   Code   RO         2182    i.free              mc_w.l(malloc.o)
    0x00033d20   0x0000006c   Code   RO         2183    i.malloc            mc_w.l(malloc.o)
    0x00033d8c   0x0000006e   Code   RO         1846    i.sqrt              m_wm.l(sqrt.o)
    0x00033dfa   0x0000003e   Code   RO         1858    i.sqrtf             m_wm.l(sqrtf.o)
    0x00033e38   0x00000020   Data   RO            7    .constdata          main.o
    0x00033e58   0x0000000c   Data   RO          348    .constdata          nrf_drv_twi.o
    0x00033e64   0x00000018   Data   RO          427    .constdata          nrf_drv_mpu_twi.o
    0x00033e7c   0x00000008   Data   RO          572    .constdata          boards.o
    0x00033e84   0x0000004b   Data   RO          729    .constdata          nrf_drv_gpiote.o
    0x00033ecf   0x00000001   PAD
    0x00033ed0   0x00000020   Data   RO          891    .constdata          app_uart_fifo.o
    0x00033ef0   0x00000104   Data   RO          994    .constdata          nrf_strerror.o
    0x00033ff4   0x00000020   Data   RO         1055    .constdata          nrf_log_backend_serial.o
    0x00034014   0x00000400   Data   RO         1234    .constdata          ml_math_func.o
    0x00034414   0x0000002f   Data   RO         1268    .constdata          mpl.o
    0x00034443   0x00000bf6   Data   RO         1333    .constdata          inv_mpu_dmp_motion_driver.o
    0x00035039   0x0000002a   Data   RO         1366    .constdata          inv_mpu.o
    0x00035063   0x00000001   PAD
    0x00035064   0x0000000e   Data   RO         1367    .constdata          inv_mpu.o
    0x00035072   0x00000002   PAD
    0x00035074   0x00000030   Data   RO         1368    .constdata          inv_mpu.o
    0x000350a4   0x00000200   Data   RO         1369    .constdata          inv_mpu.o
    0x000352a4   0x00000004   PAD
    0x000352a8   0x00000050   Data   RO         1663    .constdata          m_wm.l(acos.o)
    0x000352f8   0x00000038   Data   RO         1795    .constdata          m_wm.l(log.o)
    0x00035330   0x00000081   Data   RO         1878    .constdata          mc_w.l(ctype_o.o)
    0x000353b1   0x00000003   PAD
    0x000353b4   0x00000004   Data   RO         1879    .constdata          mc_w.l(ctype_o.o)
    0x000353b8   0x00000030   Data   RO         2233    .constdata          m_wm.l(cos_i.o)
    0x000353e8   0x00000008   Data   RO         2269    .constdata          m_wm.l(qnan.o)
    0x000353f0   0x000000c8   Data   RO         2272    .constdata          m_wm.l(rred.o)
    0x000354b8   0x00000020   Data   RO         2276    .constdata          m_wm.l(rredf.o)
    0x000354d8   0x00000028   Data   RO         2279    .constdata          m_wm.l(sin_i.o)
    0x00035500   0x00000009   Data   RO            8    .conststring        main.o
    0x00035509   0x00000003   PAD
    0x0003550c   0x00000307   Data   RO          995    .conststring        nrf_strerror.o
    0x00035813   0x00000001   PAD
    0x00035814   0x00000044   Data   RO         1161    .conststring        data_builder.o
    0x00035858   0x00000020   Data   RO         2330    Region$$Table       anon$$obj.o


    Execution Region RW_IRAM1 (Base: 0x20002198, Size: 0x00005d90, Max: 0x0003de68, ABSOLUTE)

    Base Addr    Size         Type   Attr      Idx    E Section Name        Object

    0x20002198   0x00000004   Data   RW            9    .data               main.o
    0x2000219c   0x00000012   Data   RW           10    .data               main.o
    0x200021ae   0x00000002   Data   RW          428    .data               nrf_drv_mpu_twi.o
    0x200021b0   0x00000014   Data   RW          774    .data               app_timer_1.o
    0x200021c4   0x00000010   Data   RW          892    .data               app_uart_fifo.o
    0x200021d4   0x00000004   Data   RW          933    .data               app_util_platform.o
    0x200021d8   0x00000004   Data   RW         1021    .data               retarget.o
    0x200021dc   0x0000000c   Data   RW         1056    .data               nrf_log_backend_serial.o
    0x200021e8   0x00000014   Data   RW         1198    .data               hal_outputs.o
    0x200021fc   0x00000004   Data   RW         1220    .data               message_layer.o
    0x20002200   0x00000038   Data   RW         1370    .data               inv_mpu.o
    0x20002238   0x00000004   Data   RW         1419    .data               system_nrf52840.o
    0x2000223c   0x00000010   Data   RW         1448    .data               libmpllib.lib(compass_vec_cal.o)
    0x2000224c   0x00000004   Data   RW         2304    .data               mc_w.l(mvars.o)
    0x20002250   0x00000004   Data   RW         2305    .data               mc_w.l(mvars.o)
    0x20002254   0x00000004   Data   RW         2309    .data               mc_w.l(errno.o)
    0x20002258   0x00000020   Zero   RW            5    .bss                main.o
    0x20002278   0x00000524   Zero   RW            6    .bss                main.o
    0x2000279c   0x00000028   Zero   RW          344    .bss                nrf_drv_twi.o
    0x200027c4   0x00000010   Zero   RW          426    .bss                nrf_drv_mpu_twi.o
    0x200027d4   0x00000014   Zero   RW          602    .bss                nrf_drv_clock.o
    0x200027e8   0x00000020   Zero   RW          682    .bss                nrf_drv_uart.o
    0x20002808   0x00000058   Zero   RW          728    .bss                nrf_drv_gpiote.o
    0x20002860   0x0000010c   Zero   RW          773    .bss                app_timer_1.o
    0x2000296c   0x00000020   Zero   RW          807    .bss                app_error.o
    0x2000298c   0x00000020   Zero   RW          890    .bss                app_uart_fifo.o
    0x200029ac   0x00000100   Zero   RW         1053    .bss                nrf_log_backend_serial.o
    0x20002aac   0x0000001c   Zero   RW         1095    .bss                nrf_log_frontend.o
    0x20002ac8   0x000002d8   Zero   RW         1160    .bss                data_builder.o
    0x20002da0   0x000000c4   Zero   RW         1197    .bss                hal_outputs.o
    0x20002e64   0x00000088   Zero   RW         1286    .bss                results_holder.o
    0x20002eec   0x00000054   Zero   RW         1301    .bss                start_manager.o
    0x20002f40   0x00000198   Zero   RW         1315    .bss                storage_manager.o
    0x200030d8   0x00000010   Zero   RW         1332    .bss                inv_mpu_dmp_motion_driver.o
    0x200030e8   0x00000028   Zero   RW         1395    .bss                empl_outputs.o
    0x20003110   0x00000460   Zero   RW         1447    .bss                libmpllib.lib(compass_vec_cal.o)
    0x20003570   0x000002a0   Zero   RW         1537    .bss                libmpllib.lib(fast_no_motion.o)
    0x20003810   0x00000138   Zero   RW         1570    .bss                libmpllib.lib(fusion_9axis.o)
    0x20003948   0x000000b8   Zero   RW         1592    .bss                libmpllib.lib(mag_disturb.o)
    0x20003a00   0x0000006c   Zero   RW         1614    .bss                libmpllib.lib(quaternion_supervisor.o)
    0x20003a6c   0x00000004   PAD
    0x20003a70   0x000004b8   Zero   RW         1632    .bss                libmpllib.lib(accel_auto_cal.o)
    0x20003f28   0x00002000   Zero   RW         1409    HEAP                arm_startup_nrf52840.o
    0x20005f28   0x00002000   Zero   RW         1408    STACK               arm_startup_nrf52840.o


==============================================================================

Image component sizes


      Code (inc. data)   RO Data    RW Data    ZI Data      Debug   Object Name

       144          4          0          0         32       3931   app_error.o
        96         54          0          0          0      27389   app_error_weak.o
       316          0          0          0          0       5204   app_fifo.o
       262          0          0          0          0       3913   app_mpu.o
      1576         44          0         20        268      39182   app_timer_1.o
       472         18         32         16         32      11648   app_uart_fifo.o
       108          4          0          4          0      33742   app_util_platform.o
        36          8        512          0      16384        952   arm_startup_nrf52840.o
       432         10          8          0          0       9225   boards.o
      2636         62         68          0        728      25692   data_builder.o
       928         48          0          0         40       5801   empl_outputs.o
      1468         38          0         20        196       8621   hal_outputs.o
     11416       1504        616         56          0      31824   inv_mpu.o
      2894        186       3062          0         16      16869   inv_mpu_dmp_motion_driver.o
      1732        462         41         22       1348      70414   main.o
        36          6          0          4          0       1818   message_layer.o
      3388        110       1024          0          0      17483   ml_math_func.o
       228         66         47          0          0       5282   mpl.o
       628         18          0          0         20      12589   nrf_drv_clock.o
        68          0          0          0          0      29600   nrf_drv_common.o
      2228        162         75          0         88      28566   nrf_drv_gpiote.o
       196         24          0          0          0       3221   nrf_drv_inv_dmp.o
       912         92         24          2         16      13130   nrf_drv_mpu_twi.o
      1792         36         12          0         40      58502   nrf_drv_twi.o
      2588         28          0          0         32      30993   nrf_drv_uart.o
       884         40         32         12        256       6947   nrf_log_backend_serial.o
       568          4          0          0         28       8945   nrf_log_frontend.o
        72          4       1035          0          0       2273   nrf_strerror.o
       940         18          0          0        136      10059   results_holder.o
        32          0          0          4          0       3088   retarget.o
       152          6          0          0         84       2646   start_manager.o
       412          4          0          0        408       3838   storage_manager.o
       496         56          0          4          0       2679   system_nrf52840.o

    ----------------------------------------------------------------------
     40140       3116       6632        164      20152     536066   Object Totals
         0          0         32          0          0          0   (incl. Generated)
         4          0         12          0          0          0   (incl. Padding)

    ----------------------------------------------------------------------

      Code (inc. data)   RO Data    RW Data    ZI Data      Debug   Library Member Name

      3140        190          0          0       1208       9672   accel_auto_cal.o
      9456        298          0         16       1120      19892   compass_vec_cal.o
      2584         42          0          0        672      13744   fast_no_motion.o
      1712         72          0          0        312       5636   fusion_9axis.o
      1472         48          0          0        184       7614   mag_disturb.o
      2452        130          0          0        108       5637   quaternion_supervisor.o
       856        118         80          0          0        288   acos.o
       280         46          0          0          0        176   acosf.o
       300         42          0          0          0        176   asinf.o
       592         90          0          0          0        184   atan2f.o
       200         20          0          0          0        164   cos.o
       368         46         48          0          0        200   cos_i.o
       336         56          0          0          0        136   cosf.o
       132         36          0          0          0        496   dunder.o
        44          0          0          0          0        248   fabs.o
        48          0          0          0          0        124   fpclassify.o
        38          0          0          0          0        116   fpclassifyf.o
        44         12          0          0          0        464   funder.o
       964         92         56          0          0        316   log.o
       248          0          0          0          0        152   poly.o
         0          0          8          0          0          0   qnan.o
      1080        142        200          0          0        188   rred.o
       340         24         32          0          0        160   rredf.o
       304         24         40          0          0        208   sin_i.o
       400         56          0          0          0        212   sinf.o
       232          0          0          0          0        296   sqrt.o
       120          0          0          0          0        272   sqrtf.o
         8          4        133          0          0         68   ctype_o.o
         0          0          0          0          0          0   entry.o
         0          0          0          0          0          0   entry10a.o
         0          0          0          0          0          0   entry11a.o
         8          4          0          0          0          0   entry2.o
         4          0          0          0          0          0   entry5.o
         0          0          0          0          0          0   entry7b.o
         0          0          0          0          0          0   entry8b.o
         8          4          0          0          0          0   entry9a.o
        12          6          0          4          0         68   errno.o
        30          0          0          0          0          0   handlers.o
        36          8          0          0          0         68   init.o
         0          0          0          0          0          0   iusefp.o
        98          0          0          0          0         84   ldiv.o
        30          0          0          0          0         68   llshl.o
        36          0          0          0          0         68   llsshr.o
        32          0          0          0          0         68   llushr.o
       188         20          0          0          0        160   malloc.o
        26          0          0          0          0         80   memcmp.o
        64          0          0          0          0         76   memmovea.o
        36          0          0          0          0        108   memseta.o
         0          0          0          8          0          0   mvars.o
      2374        100          0          0          0        752   printfa.o
        14          0          0          0          0         68   strlen.o
        44          0          0          0          0         80   uidiv.o
        98          0          0          0          0         92   uldiv.o
        48          0          0          0          0         68   cdcmple.o
        48          0          0          0          0         68   cdrcmple.o
        56          0          0          0          0         88   d2f.o
       334          0          0          0          0        148   dadd.o
       222          0          0          0          0        100   ddiv.o
       186          0          0          0          0        176   depilogue.o
        62          0          0          0          0         80   dfixi.o
        48          0          0          0          0         68   dfixul.o
        34          0          0          0          0         76   dflti.o
        26          0          0          0          0         76   dfltui.o
       228          0          0          0          0         96   dmul.o
       162          0          0          0          0        100   dsqrt.o
        38          0          0          0          0         68   f2d.o
       110          0          0          0          0        168   fepilogue.o
        66          0          0          0          0         76   ffixl.o
        44          0          0          0          0         92   ffltl.o

    ----------------------------------------------------------------------
     32620       1734        600         28       3608      70227   Library Totals
        20          4          3          0          4          0   (incl. Padding)

    ----------------------------------------------------------------------

      Code (inc. data)   RO Data    RW Data    ZI Data      Debug   Library Name

     20816        780          0         16       3604      62195   libmpllib.lib
      6926        804        464          0          0       4576   m_wm.l
      3146        146        133         12          0       1908   mc_w.l
      1712          0          0          0          0       1548   mf_w.l

    ----------------------------------------------------------------------
     32620       1734        600         28       3608      70227   Library Totals

    ----------------------------------------------------------------------

==============================================================================


      Code (inc. data)   RO Data    RW Data    ZI Data      Debug   

     72760       4850       7232        192      23760     591925   Grand Totals
     72760       4850       7232        192      23760     591925   ELF Image Totals
     72760       4850       7232        192          0          0   ROM Totals

==============================================================================

    Total RO  Size (Code + RO Data)                79992 (  78.12kB)
    Total RW  Size (RW Data + ZI Data)             23952 (  23.39kB)
    Total ROM Size (Code + RO Data + RW Data)      80184 (  78.30kB)

==============================================================================

