Component: ARM Compiler 5.06 update 4 (build 422) Tool: armlink [4d35d2]

==============================================================================

Section Cross References

    main.o(i.magn_setup) refers to app_mpu.o(i.mpu_magnetometer_init) for mpu_magnetometer_init
    main.o(i.magn_setup) refers to app_error.o(i.app_error_handler_bare) for app_error_handler_bare
    main.o(i.main) refers to main.o(i.uart_config) for uart_config
    main.o(i.main) refers to main.o(i.mpu_setup) for mpu_setup
    main.o(i.main) refers to main.o(i.magn_setup) for magn_setup
    main.o(i.main) refers to nrf_drv_mpu_twi.o(i.mpu_twi_read_test) for mpu_twi_read_test
    main.o(i.main) refers to app_error.o(i.app_error_handler_bare) for app_error_handler_bare
    main.o(i.main) refers to printf8.o(i.__0printf$8) for __2printf
    main.o(i.main) refers to nrf_drv_clock.o(i.nrf_drv_clock_init) for nrf_drv_clock_init
    main.o(i.main) refers to nrf_drv_clock.o(i.nrf_drv_clock_lfclk_request) for nrf_drv_clock_lfclk_request
    main.o(i.main) refers to app_timer_1.o(i.app_timer_init) for app_timer_init
    main.o(i.main) refers to app_timer_1.o(i.app_timer_create) for app_timer_create
    main.o(i.main) refers to app_timer_1.o(i.app_timer_start) for app_timer_start
    main.o(i.main) refers to app_mpu.o(i.mpu_read_accel) for mpu_read_accel
    main.o(i.main) refers to app_mpu.o(i.mpu_read_gyro) for mpu_read_gyro
    main.o(i.main) refers to app_mpu.o(i.mpu_read_magnetometer) for mpu_read_magnetometer
    main.o(i.main) refers to nrf_drv_inv_dmp.o(i.millis) for millis
    main.o(i.main) refers to main.o(i.nrf_delay_us) for nrf_delay_us
    main.o(i.main) refers to main.o(i.timer_a_handler) for timer_a_handler
    main.o(i.main) refers to main.o(.constdata) for .constdata
    main.o(i.mpu_setup) refers to printf8.o(i.__0printf$8) for __2printf
    main.o(i.mpu_setup) refers to app_mpu.o(i.mpu_init) for mpu_init
    main.o(i.mpu_setup) refers to app_error.o(i.app_error_handler_bare) for app_error_handler_bare
    main.o(i.mpu_setup) refers to app_mpu.o(i.mpu_config) for mpu_config
    main.o(i.mpu_setup) refers to main.o(.constdata) for .constdata
    main.o(i.nrf_delay_us) refers to system_nrf52840.o(.data) for SystemCoreClock
    main.o(i.uart_config) refers to boards.o(i.bsp_board_leds_init) for bsp_board_leds_init
    main.o(i.uart_config) refers to memmovea.o(.text) for __aeabi_memcpy4
    main.o(i.uart_config) refers to app_uart_fifo.o(i.app_uart_init) for app_uart_init
    main.o(i.uart_config) refers to app_error.o(i.app_error_handler_bare) for app_error_handler_bare
    main.o(i.uart_config) refers to main.o(.constdata) for .constdata
    main.o(i.uart_config) refers to main.o(.bss) for .bss
    main.o(i.uart_config) refers to main.o(i.uart_error_handle) for uart_error_handle
    main.o(i.uart_error_handle) refers to app_error.o(i.app_error_handler_bare) for app_error_handler_bare
    main.o(.constdata) refers to main.o(.bss) for timer1_data
    nrf_drv_twi.o(i.SPIM0_SPIS0_TWIM0_TWIS0_SPI0_TWI0_IRQHandler) refers to nrf_drv_twi.o(i.irq_handler_twim) for irq_handler_twim
    nrf_drv_twi.o(i.SPIM0_SPIS0_TWIM0_TWIS0_SPI0_TWI0_IRQHandler) refers to nrf_drv_twi.o(.bss) for .bss
    nrf_drv_twi.o(i.irq_handler_twim) refers to nrf_drv_twi.o(i.nrf_twim_event_check) for nrf_twim_event_check
    nrf_drv_twi.o(i.irq_handler_twim) refers to nrf_drv_twi.o(i.nrf_twim_event_clear) for nrf_twim_event_clear
    nrf_drv_twi.o(i.nrf_delay_us) refers to system_nrf52840.o(.data) for SystemCoreClock
    nrf_drv_twi.o(i.nrf_drv_twi_disable) refers to nrf_drv_twi.o(.bss) for .bss
    nrf_drv_twi.o(i.nrf_drv_twi_enable) refers to nrf_drv_twi.o(.bss) for .bss
    nrf_drv_twi.o(i.nrf_drv_twi_init) refers to nrf_drv_twi.o(i.twi_clear_bus) for twi_clear_bus
    nrf_drv_twi.o(i.nrf_drv_twi_init) refers to nrf_drv_common.o(i.nrf_drv_common_irq_enable) for nrf_drv_common_irq_enable
    nrf_drv_twi.o(i.nrf_drv_twi_init) refers to nrf_drv_twi.o(.bss) for .bss
    nrf_drv_twi.o(i.nrf_drv_twi_is_busy) refers to nrf_drv_twi.o(.bss) for .bss
    nrf_drv_twi.o(i.nrf_drv_twi_rx) refers to nrf_drv_twi.o(i.nrf_drv_twi_xfer) for nrf_drv_twi_xfer
    nrf_drv_twi.o(i.nrf_drv_twi_rx) refers to nrf_drv_twi.o(.constdata) for .constdata
    nrf_drv_twi.o(i.nrf_drv_twi_tx) refers to nrf_drv_twi.o(i.nrf_drv_twi_xfer) for nrf_drv_twi_xfer
    nrf_drv_twi.o(i.nrf_drv_twi_uninit) refers to nrf_drv_twi.o(i.nrf_drv_twi_disable) for nrf_drv_twi_disable
    nrf_drv_twi.o(i.nrf_drv_twi_uninit) refers to nrf_drv_twi.o(.bss) for .bss
    nrf_drv_twi.o(i.nrf_drv_twi_xfer) refers to nrf_drv_twi.o(i.twim_xfer) for twim_xfer
    nrf_drv_twi.o(i.nrf_drv_twi_xfer) refers to nrf_drv_twi.o(.bss) for .bss
    nrf_drv_twi.o(i.nrf_gpio_pin_clear) refers to nrf_drv_twi.o(i.nrf_gpio_pin_port_decode) for nrf_gpio_pin_port_decode
    nrf_drv_twi.o(i.nrf_gpio_pin_set) refers to nrf_drv_twi.o(i.nrf_gpio_pin_port_decode) for nrf_gpio_pin_port_decode
[...]
    atan.o(i.__softfp_atan) refers to atan.o(i.__hardfp_atan) for __hardfp_atan
    atan.o(i.atan) refers (Special) to iusefp.o(.text) for __I$use$fp
    atan.o(i.atan) refers to atan.o(i.__hardfp_atan) for __hardfp_atan
    atan.o(.constdata) refers (Special) to iusefp.o(.text) for __I$use$fp
    atan_x.o(i.____hardfp_atan$lsc) refers (Special) to iusefp.o(.text) for __I$use$fp
    atan_x.o(i.____hardfp_atan$lsc) refers to dunder.o(i.__mathlib_dbl_infnan) for __mathlib_dbl_infnan
    atan_x.o(i.____hardfp_atan$lsc) refers to fabs.o(i.fabs) for fabs
    atan_x.o(i.____hardfp_atan$lsc) refers to dadd.o(.text) for __aeabi_dadd
    atan_x.o(i.____hardfp_atan$lsc) refers to dmul.o(.text) for __aeabi_dmul
    atan_x.o(i.____hardfp_atan$lsc) refers to ddiv.o(.text) for __aeabi_ddiv
    atan_x.o(i.____hardfp_atan$lsc) refers to poly.o(i.__kernel_poly) for __kernel_poly
    atan_x.o(i.____hardfp_atan$lsc) refers to atan_x.o(.constdata) for .constdata
    atan_x.o(i.____softfp_atan$lsc) refers (Special) to iusefp.o(.text) for __I$use$fp
    atan_x.o(i.____softfp_atan$lsc) refers to atan_x.o(i.____hardfp_atan$lsc) for ____hardfp_atan$lsc
    atan_x.o(i.__atan$lsc) refers (Special) to iusefp.o(.text) for __I$use$fp
    atan_x.o(i.__atan$lsc) refers to atan_x.o(i.____hardfp_atan$lsc) for ____hardfp_atan$lsc
    atan_x.o(.constdata) refers (Special) to iusefp.o(.text) for __I$use$fp
    atan2.o(i.__hardfp_atan2) refers (Special) to iusefp.o(.text) for __I$use$fp
    atan2.o(i.__hardfp_atan2) refers to dunder.o(i.__mathlib_dbl_infnan2) for __mathlib_dbl_infnan2
    atan2.o(i.__hardfp_atan2) refers to atan.o(i.atan) for atan
    atan2.o(i.__hardfp_atan2) refers to ddiv.o(.text) for __aeabi_ddiv
    atan2.o(i.__hardfp_atan2) refers to fabs.o(i.fabs) for fabs
    atan2.o(i.__hardfp_atan2) refers to dadd.o(.text) for __aeabi_dsub
    atan2.o(i.__hardfp_atan2) refers to qnan.o(.constdata) for __mathlib_zero
    atan2.o(i.__softfp_atan2) refers (Special) to iusefp.o(.text) for __I$use$fp
    atan2.o(i.__softfp_atan2) refers to atan2.o(i.__hardfp_atan2) for __hardfp_atan2
    atan2.o(i.atan2) refers (Special) to iusefp.o(.text) for __I$use$fp
    atan2.o(i.atan2) refers to atan2.o(i.__hardfp_atan2) for __hardfp_atan2
    atan2_x.o(i.____hardfp_atan2$lsc) refers (Special) to iusefp.o(.text) for __I$use$fp
    atan2_x.o(i.____hardfp_atan2$lsc) refers to dunder.o(i.__mathlib_dbl_infnan2) for __mathlib_dbl_infnan2
    atan2_x.o(i.____hardfp_atan2$lsc) refers to atan.o(i.atan) for atan
    atan2_x.o(i.____hardfp_atan2$lsc) refers to errno.o(i.__set_errno) for __set_errno
    atan2_x.o(i.____hardfp_atan2$lsc) refers to ddiv.o(.text) for __aeabi_ddiv
    atan2_x.o(i.____hardfp_atan2$lsc) refers to fabs.o(i.fabs) for fabs
    atan2_x.o(i.____hardfp_atan2$lsc) refers to dadd.o(.text) for __aeabi_dsub
    atan2_x.o(i.____hardfp_atan2$lsc) refers to qnan.o(.constdata) for __mathlib_zero
    atan2_x.o(i.____softfp_atan2$lsc) refers (Special) to iusefp.o(.text) for __I$use$fp
    atan2_x.o(i.____softfp_atan2$lsc) refers to atan2_x.o(i.____hardfp_atan2$lsc) for ____hardfp_atan2$lsc
    atan2_x.o(i.__atan2$lsc) refers (Special) to iusefp.o(.text) for __I$use$fp
    atan2_x.o(i.__atan2$lsc) refers to atan2_x.o(i.____hardfp_atan2$lsc) for ____hardfp_atan2$lsc
    atan2f.o(i.__hardfp_atan2f) refers (Special) to iusefp.o(.text) for __I$use$fp
    atan2f.o(i.__hardfp_atan2f) refers to fpclassifyf.o(i.__ARM_fpclassifyf) for __ARM_fpclassifyf
    atan2f.o(i.__hardfp_atan2f) refers to funder.o(i.__mathlib_flt_underflow) for __mathlib_flt_underflow
    atan2f.o(i.__hardfp_atan2f) refers to funder.o(i.__mathlib_flt_infnan2) for __mathlib_flt_infnan2
    atan2f.o(i.__softfp_atan2f) refers (Special) to iusefp.o(.text) for __I$use$fp
    atan2f.o(i.__softfp_atan2f) refers to atan2f.o(i.__hardfp_atan2f) for __hardfp_atan2f
    atan2f.o(i.atan2f) refers (Special) to iusefp.o(.text) for __I$use$fp
    atan2f.o(i.atan2f) refers to atan2f.o(i.__hardfp_atan2f) for __hardfp_atan2f
    atan2f_x.o(i.____hardfp_atan2f$lsc) refers (Special) to iusefp.o(.text) for __I$use$fp
    atan2f_x.o(i.____hardfp_atan2f$lsc) refers to funder.o(i.__mathlib_flt_infnan2) for __mathlib_flt_infnan2
    atan2f_x.o(i.____hardfp_atan2f$lsc) refers to errno.o(i.__set_errno) for __set_errno
    atan2f_x.o(i.____softfp_atan2f$lsc) refers (Special) to iusefp.o(.text) for __I$use$fp
    atan2f_x.o(i.____softfp_atan2f$lsc) refers to atan2f_x.o(i.____hardfp_atan2f$lsc) for ____hardfp_atan2f$lsc
    atan2f_x.o(i.__atan2f$lsc) refers (Special) to iusefp.o(.text) for __I$use$fp
    atan2f_x.o(i.__atan2f$lsc) refers to atan2f_x.o(i.____hardfp_atan2f$lsc) for ____hardfp_atan2f$lsc
    ceil.o(i.__hardfp_ceil) refers (Special) to iusefp.o(.text) for __I$use$fp
    ceil.o(i.__hardfp_ceil) refers to dadd.o(.text) for __aeabi_dadd
    ceil.o(i.__hardfp_ceil) refers to cdrcmple.o(.text) for __aeabi_cdrcmple
    ceil.o(i.__softfp_ceil) refers (Special) to iusefp.o(.text) for __I$use$fp
    ceil.o(i.__softfp_ceil) refers to ceil.o(i.__hardfp_ceil) for __hardfp_ceil
    ceil.o(i.ceil) refers (Special) to iusefp.o(.text) for __I$use$fp
    ceil.o(i.ceil) refers to ceil.o(i.__hardfp_ceil) for __hardfp_ceil
    cos.o(i.__hardfp_cos) refers (Special) to iusefp.o(.text) for __I$use$fp
    cos.o(i.__hardfp_cos) refers to errno.o(i.__set_errno) for __set_errno
    cos.o(i.__hardfp_cos) refers to dunder.o(i.__mathlib_dbl_invalid) for __mathlib_dbl_invalid
    cos.o(i.__hardfp_cos) refers to dunder.o(i.__mathlib_dbl_infnan) for __mathlib_dbl_infnan
    cos.o(i.__hardfp_cos) refers to rred.o(i.__ieee754_rem_pio2) for __ieee754_rem_pio2
    cos.o(i.__hardfp_cos) refers to sin_i.o(i.__kernel_sin) for __kernel_sin
    cos.o(i.__hardfp_cos) refers to cos_i.o(i.__kernel_cos) for __kernel_cos
    cos.o(i.__softfp_cos) refers (Special) to iusefp.o(.text) for __I$use$fp
    cos.o(i.__softfp_cos) refers to cos.o(i.__hardfp_cos) for __hardfp_cos
    cos.o(i.cos) refers (Special) to iusefp.o(.text) for __I$use$fp
    cos.o(i.cos) refers to cos.o(i.__hardfp_cos) for __hardfp_cos
    cos_x.o(i.____hardfp_cos$lsc) refers (Special) to iusefp.o(.text) for __I$use$fp
    cos_x.o(i.____hardfp_cos$lsc) refers to errno.o(i.__set_errno) for __set_errno
    cos_x.o(i.____hardfp_cos$lsc) refers to dunder.o(i.__mathlib_dbl_infnan) for __mathlib_dbl_infnan
    cos_x.o(i.____hardfp_cos$lsc) refers to rred.o(i.__ieee754_rem_pio2) for __ieee754_rem_pio2
    cos_x.o(i.____hardfp_cos$lsc) refers to sin_i.o(i.__kernel_sin) for __kernel_sin
    cos_x.o(i.____hardfp_cos$lsc) refers to cos_i.o(i.__kernel_cos) for __kernel_cos
    cos_x.o(i.____softfp_cos$lsc) refers (Special) to iusefp.o(.text) for __I$use$fp
    cos_x.o(i.____softfp_cos$lsc) refers to cos_x.o(i.____hardfp_cos$lsc) for ____hardfp_cos$lsc
    cos_x.o(i.__cos$lsc) refers (Special) to iusefp.o(.text) for __I$use$fp
    cos_x.o(i.__cos$lsc) refers to cos_x.o(i.____hardfp_cos$lsc) for ____hardfp_cos$lsc
    fabs.o(i.__hardfp_fabs) refers (Special) to iusefp.o(.text) for __I$use$fp
    fabs.o(i.__softfp_fabs) refers (Special) to iusefp.o(.text) for __I$use$fp
    fabs.o(i.fabs) refers (Special) to iusefp.o(.text) for __I$use$fp
    floor.o(i.__hardfp_floor) refers (Special) to iusefp.o(.text) for __I$use$fp
    floor.o(i.__hardfp_floor) refers to dadd.o(.text) for __aeabi_dadd
    floor.o(i.__hardfp_floor) refers to cdrcmple.o(.text) for __aeabi_cdrcmple
    floor.o(i.__softfp_floor) refers (Special) to iusefp.o(.text) for __I$use$fp
    floor.o(i.__softfp_floor) refers to floor.o(i.__hardfp_floor) for __hardfp_floor
    floor.o(i.floor) refers (Special) to iusefp.o(.text) for __I$use$fp
    floor.o(i.floor) refers to floor.o(i.__hardfp_floor) for __hardfp_floor
    log.o(i.__hardfp_log) refers (Special) to iusefp.o(.text) for __I$use$fp
    log.o(i.__hardfp_log) refers to dunder.o(i.__mathlib_dbl_infnan) for __mathlib_dbl_infnan
    log.o(i.__hardfp_log) refers to errno.o(i.__set_errno) for __set_errno
    log.o(i.__hardfp_log) refers to dunder.o(i.__mathlib_dbl_invalid) for __mathlib_dbl_invalid
    log.o(i.__hardfp_log) refers to dunder.o(i.__mathlib_dbl_divzero) for __mathlib_dbl_divzero
    log.o(i.__hardfp_log) refers to dmul.o(.text) for __aeabi_dmul
    log.o(i.__hardfp_log) refers to dadd.o(.text) for __aeabi_dsub
    log.o(i.__hardfp_log) refers to cdcmple.o(.text) for __aeabi_cdcmpeq
    log.o(i.__hardfp_log) refers to dflti.o(.text) for __aeabi_i2d
    log.o(i.__hardfp_log) refers to ddiv.o(.text) for __aeabi_ddiv
    log.o(i.__hardfp_log) refers to poly.o(i.__kernel_poly) for __kernel_poly
    log.o(i.__hardfp_log) refers to qnan.o(.constdata) for __mathlib_zero
    log.o(i.__hardfp_log) refers to log.o(.constdata) for .constdata
    log.o(i.__softfp_log) refers (Special) to iusefp.o(.text) for __I$use$fp
    log.o(i.__softfp_log) refers to log.o(i.__hardfp_log) for __hardfp_log
    log.o(i.log) refers (Special) to iusefp.o(.text) for __I$use$fp
    log.o(i.log) refers to log.o(i.__hardfp_log) for __hardfp_log
    log.o(.constdata) refers (Special) to iusefp.o(.text) for __I$use$fp
    log_x.o(i.____hardfp_log$lsc) refers (Special) to iusefp.o(.text) for __I$use$fp
    log_x.o(i.____hardfp_log$lsc) refers to dunder.o(i.__mathlib_dbl_infnan) for __mathlib_dbl_infnan
    log_x.o(i.____hardfp_log$lsc) refers to errno.o(i.__set_errno) for __set_errno
    log_x.o(i.____hardfp_log$lsc) refers to dmul.o(.text) for __aeabi_dmul
    log_x.o(i.____hardfp_log$lsc) refers to dadd.o(.text) for __aeabi_dsub
    log_x.o(i.____hardfp_log$lsc) refers to cdcmple.o(.text) for __aeabi_cdcmpeq
    log_x.o(i.____hardfp_log$lsc) refers to dflti.o(.text) for __aeabi_i2d
    log_x.o(i.____hardfp_log$lsc) refers to ddiv.o(.text) for __aeabi_ddiv
    log_x.o(i.____hardfp_log$lsc) refers to poly.o(i.__kernel_poly) for __kernel_poly
    log_x.o(i.____hardfp_log$lsc) refers to qnan.o(.constdata) for __mathlib_zero
    log_x.o(i.____hardfp_log$lsc) refers to log_x.o(.constdata) for .constdata
    log_x.o(i.____softfp_log$lsc) refers (Special) to iusefp.o(.text) for __I$use$fp
    log_x.o(i.____softfp_log$lsc) refers to log_x.o(i.____hardfp_log$lsc) for ____hardfp_log$lsc
    log_x.o(i.__log$lsc) refers (Special) to iusefp.o(.text) for __I$use$fp
    log_x.o(i.__log$lsc) refers to log_x.o(i.____hardfp_log$lsc) for ____hardfp_log$lsc
    log_x.o(.constdata) refers (Special) to iusefp.o(.text) for __I$use$fp
    pow.o(i.__hardfp_pow) refers (Special) to iusefp.o(.text) for __I$use$fp
    pow.o(i.__hardfp_pow) refers to dunder.o(i.__mathlib_dbl_infnan2) for __mathlib_dbl_infnan2
    pow.o(i.__hardfp_pow) refers to errno.o(i.__set_errno) for __set_errno
    pow.o(i.__hardfp_pow) refers to dunder.o(i.__mathlib_dbl_divzero) for __mathlib_dbl_divzero
    pow.o(i.__hardfp_pow) refers to dunder.o(i.__mathlib_dbl_overflow) for __mathlib_dbl_overflow
    pow.o(i.__hardfp_pow) refers to ddiv.o(.text) for __aeabi_ddiv
    pow.o(i.__hardfp_pow) refers to sqrt.o(i.sqrt) for sqrt
    pow.o(i.__hardfp_pow) refers to fabs.o(i.fabs) for fabs
    pow.o(i.__hardfp_pow) refers to dflti.o(.text) for __aeabi_i2d
    pow.o(i.__hardfp_pow) refers to dunder.o(i.__mathlib_dbl_invalid) for __mathlib_dbl_invalid
    pow.o(i.__hardfp_pow) refers to dmul.o(.text) for __aeabi_dmul
    pow.o(i.__hardfp_pow) refers to dunder.o(i.__mathlib_dbl_underflow) for __mathlib_dbl_underflow
    pow.o(i.__hardfp_pow) refers to dadd.o(.text) for __aeabi_dsub
    pow.o(i.__hardfp_pow) refers to qnan.o(.constdata) for __mathlib_zero
    pow.o(i.__hardfp_pow) refers to poly.o(i.__kernel_poly) for __kernel_poly
    pow.o(i.__hardfp_pow) refers to pow.o(.constdata) for .constdata
    pow.o(i.__hardfp_pow) refers to cdrcmple.o(.text) for __aeabi_cdrcmple
    pow.o(i.__hardfp_pow) refers to dscalb.o(.text) for __ARM_scalbn
    pow.o(i.__hardfp_pow) refers to fpclassify.o(i.__ARM_fpclassify) for __ARM_fpclassify
    pow.o(i.__softfp_pow) refers (Special) to iusefp.o(.text) for __I$use$fp
    pow.o(i.__softfp_pow) refers to pow.o(i.__hardfp_pow) for __hardfp_pow
    pow.o(i.pow) refers (Special) to iusefp.o(.text) for __I$use$fp
    pow.o(i.pow) refers to pow.o(i.__hardfp_pow) for __hardfp_pow
    pow.o(.constdata) refers (Special) to iusefp.o(.text) for __I$use$fp
    pow_x.o(i.____hardfp_pow$lsc) refers (Special) to iusefp.o(.text) for __I$use$fp
    pow_x.o(i.____hardfp_pow$lsc) refers to dunder.o(i.__mathlib_dbl_infnan2) for __mathlib_dbl_infnan2
    pow_x.o(i.____hardfp_pow$lsc) refers to errno.o(i.__set_errno) for __set_errno
    pow_x.o(i.____hardfp_pow$lsc) refers to ddiv.o(.text) for __aeabi_ddiv
    pow_x.o(i.____hardfp_pow$lsc) refers to sqrt.o(i.sqrt) for sqrt
    pow_x.o(i.____hardfp_pow$lsc) refers to fabs.o(i.fabs) for fabs
    pow_x.o(i.____hardfp_pow$lsc) refers to dflti.o(.text) for __aeabi_i2d
    pow_x.o(i.____hardfp_pow$lsc) refers to dmul.o(.text) for __aeabi_dmul
    pow_x.o(i.____hardfp_pow$lsc) refers to dadd.o(.text) for __aeabi_dsub
    pow_x.o(i.____hardfp_pow$lsc) refers to qnan.o(.constdata) for __mathlib_zero
    pow_x.o(i.____hardfp_pow$lsc) refers to poly.o(i.__kernel_poly) for __kernel_poly
    pow_x.o(i.____hardfp_pow$lsc) refers to pow_x.o(.constdata) for .constdata
    pow_x.o(i.____hardfp_pow$lsc) refers to cdrcmple.o(.text) for __aeabi_cdrcmple
    pow_x.o(i.____hardfp_pow$lsc) refers to dscalb.o(.text) for __ARM_scalbn
    pow_x.o(i.____softfp_pow$lsc) refers (Special) to iusefp.o(.text) for __I$use$fp
    pow_x.o(i.____softfp_pow$lsc) refers to pow_x.o(i.____hardfp_pow$lsc) for ____hardfp_pow$lsc
    pow_x.o(i.__pow$lsc) refers (Special) to iusefp.o(.text) for __I$use$fp
    pow_x.o(i.__pow$lsc) refers to pow_x.o(i.____hardfp_pow$lsc) for ____hardfp_pow$lsc
    pow_x.o(.constdata) refers (Special) to iusefp.o(.text) for __I$use$fp
    sin.o(i.__hardfp_sin) refers (Special) to iusefp.o(.text) for __I$use$fp
    sin.o(i.__hardfp_sin) refers to errno.o(i.__set_errno) for __set_errno
    sin.o(i.__hardfp_sin) refers to dunder.o(i.__mathlib_dbl_invalid) for __mathlib_dbl_invalid
    sin.o(i.__hardfp_sin) refers to dunder.o(i.__mathlib_dbl_infnan) for __mathlib_dbl_infnan
    sin.o(i.__hardfp_sin) refers to rred.o(i.__ieee754_rem_pio2) for __ieee754_rem_pio2
    sin.o(i.__hardfp_sin) refers to cos_i.o(i.__kernel_cos) for __kernel_cos
    sin.o(i.__hardfp_sin) refers to sin_i.o(i.__kernel_sin) for __kernel_sin
    sin.o(i.__softfp_sin) refers (Special) to iusefp.o(.text) for __I$use$fp
    sin.o(i.__softfp_sin) refers to sin.o(i.__hardfp_sin) for __hardfp_sin
    sin.o(i.sin) refers (Special) to iusefp.o(.text) for __I$use$fp
    sin.o(i.sin) refers to sin.o(i.__hardfp_sin) for __hardfp_sin
    sin_x.o(i.____hardfp_sin$lsc) refers (Special) to iusefp.o(.text) for __I$use$fp
    sin_x.o(i.____hardfp_sin$lsc) refers to errno.o(i.__set_errno) for __set_errno
    sin_x.o(i.____hardfp_sin$lsc) refers to dunder.o(i.__mathlib_dbl_infnan) for __mathlib_dbl_infnan
    sin_x.o(i.____hardfp_sin$lsc) refers to rred.o(i.__ieee754_rem_pio2) for __ieee754_rem_pio2
    sin_x.o(i.____hardfp_sin$lsc) refers to cos_i.o(i.__kernel_cos) for __kernel_cos
    sin_x.o(i.____hardfp_sin$lsc) refers to sin_i.o(i.__kernel_sin) for __kernel_sin
    sin_x.o(i.____softfp_sin$lsc) refers (Special) to iusefp.o(.text) for __I$use$fp
    sin_x.o(i.____softfp_sin$lsc) refers to sin_x.o(i.____hardfp_sin$lsc) for ____hardfp_sin$lsc
    sin_x.o(i.__sin$lsc) refers (Special) to iusefp.o(.text) for __I$use$fp
    sin_x.o(i.__sin$lsc) refers to sin_x.o(i.____hardfp_sin$lsc) for ____hardfp_sin$lsc
    sqrt.o(i.__hardfp_sqrt) refers (Special) to iusefp.o(.text) for __I$use$fp
    sqrt.o(i.__hardfp_sqrt) refers to dsqrt.o(.text) for _dsqrt
    sqrt.o(i.__hardfp_sqrt) refers to errno.o(i.__set_errno) for __set_errno
    sqrt.o(i.__softfp_sqrt) refers (Special) to iusefp.o(.text) for __I$use$fp
    sqrt.o(i.__softfp_sqrt) refers to dsqrt.o(.text) for _dsqrt
    sqrt.o(i.__softfp_sqrt) refers to errno.o(i.__set_errno) for __set_errno
    sqrt.o(i.sqrt) refers (Special) to iusefp.o(.text) for __I$use$fp
    sqrt.o(i.sqrt) refers to dsqrt.o(.text) for _dsqrt
    sqrt.o(i.sqrt) refers to errno.o(i.__set_errno) for __set_errno
    sqrt_x.o(i.____hardfp_sqrt$lsc) refers (Special) to iusefp.o(.text) for __I$use$fp
    sqrt_x.o(i.____hardfp_sqrt$lsc) refers to cdcmple.o(.text) for __aeabi_cdcmple
    sqrt_x.o(i.____hardfp_sqrt$lsc) refers to errno.o(i.__set_errno) for __set_errno
    sqrt_x.o(i.____hardfp_sqrt$lsc) refers to dsqrt.o(.text) for _dsqrt
    sqrt_x.o(i.____softfp_sqrt$lsc) refers (Special) to iusefp.o(.text) for __I$use$fp
    sqrt_x.o(i.____softfp_sqrt$lsc) refers to cdcmple.o(.text) for __aeabi_cdcmple
    sqrt_x.o(i.____softfp_sqrt$lsc) refers to errno.o(i.__set_errno) for __set_errno
    sqrt_x.o(i.____softfp_sqrt$lsc) refers to dsqrt.o(.text) for _dsqrt
    sqrt_x.o(i.__sqrt$lsc) refers (Special) to iusefp.o(.text) for __I$use$fp
    sqrt_x.o(i.__sqrt$lsc) refers to cdcmple.o(.text) for __aeabi_cdcmple
    sqrt_x.o(i.__sqrt$lsc) refers to errno.o(i.__set_errno) for __set_errno
    sqrt_x.o(i.__sqrt$lsc) refers to dsqrt.o(.text) for _dsqrt
    sqrtf.o(i.__hardfp_sqrtf) refers (Special) to iusefp.o(.text) for __I$use$fp
    sqrtf.o(i.__hardfp_sqrtf) refers to errno.o(i.__set_errno) for __set_errno
    sqrtf.o(i.__softfp_sqrtf) refers (Special) to iusefp.o(.text) for __I$use$fp
    sqrtf.o(i.__softfp_sqrtf) refers to errno.o(i.__set_errno) for __set_errno
    sqrtf.o(i.sqrtf) refers (Special) to iusefp.o(.text) for __I$use$fp
    sqrtf.o(i.sqrtf) refers to errno.o(i.__set_errno) for __set_errno
    sqrtf_x.o(i.____hardfp_sqrtf$lsc) refers (Special) to iusefp.o(.text) for __I$use$fp
    sqrtf_x.o(i.____hardfp_sqrtf$lsc) refers to errno.o(i.__set_errno) for __set_errno
    sqrtf_x.o(i.____softfp_sqrtf$lsc) refers (Special) to iusefp.o(.text) for __I$use$fp
    sqrtf_x.o(i.____softfp_sqrtf$lsc) refers to errno.o(i.__set_errno) for __set_errno
    sqrtf_x.o(i.__sqrtf$lsc) refers (Special) to iusefp.o(.text) for __I$use$fp
    sqrtf_x.o(i.__sqrtf$lsc) refers to errno.o(i.__set_errno) for __set_errno
    entry.o(.ARM.Collect$$$$00000000) refers (Special) to entry10a.o(.ARM.Collect$$$$0000000D) for __rt_final_cpp
    entry.o(.ARM.Collect$$$$00000000) refers (Special) to entry11a.o(.ARM.Collect$$$$0000000F) for __rt_final_exit
    entry.o(.ARM.Collect$$$$00000000) refers (Special) to entry7b.o(.ARM.Collect$$$$00000008) for _main_clock
    entry.o(.ARM.Collect$$$$00000000) refers (Special) to entry8b.o(.ARM.Collect$$$$0000000A) for _main_cpp_init
    entry.o(.ARM.Collect$$$$00000000) refers (Special) to entry9a.o(.ARM.Collect$$$$0000000B) for _main_init
    entry.o(.ARM.Collect$$$$00000000) refers (Special) to entry5.o(.ARM.Collect$$$$00000004) for _main_scatterload
    entry.o(.ARM.Collect$$$$00000000) refers (Special) to entry2.o(.ARM.Collect$$$$00000001) for _main_stk
    ldiv.o(.text) refers to uldiv.o(.text) for __aeabi_uldivmod
    ctype_o.o(.text) refers to ctype_o.o(.constdata) for .constdata
    ctype_o.o(.constdata) refers to ctype_o.o(.constdata) for __ctype_table
    isalnum_o.o(.text) refers to ctype_o.o(.text) for __rt_ctype_table
    isalpha_o.o(.text) refers to ctype_o.o(.text) for __rt_ctype_table
    isblank_o.o(.text) refers to ctype_o.o(.constdata) for __ctype_table
    iscntrl_o.o(.text) refers to ctype_o.o(.text) for __rt_ctype_table
    isdigit_o.o(.text) refers to ctype_o.o(.text) for __rt_ctype_table
    isgraph_o.o(.text) refers to ctype_o.o(.text) for __rt_ctype_table
    islower_o.o(.text) refers to ctype_o.o(.text) for __rt_ctype_table
    isprint_o.o(.text) refers to ctype_o.o(.text) for __rt_ctype_table
    ispunct_o.o(.text) refers to ctype_o.o(.text) for __rt_ctype_table
    isspace_o.o(.text) refers to ctype_o.o(.text) for __rt_ctype_table
    isupper_o.o(.text) refers to ctype_o.o(.text) for __rt_ctype_table
    isxdigit_o.o(.text) refers to ctype_o.o(.text) for __rt_ctype_table
    printfb.o(i.__0fprintf$bare) refers to printfb.o(i._printf_core) for _printf_core
    printfb.o(i.__0fprintf$bare) refers to retarget.o(i.fputc) for fputc
    printfb.o(i.__0printf$bare) refers to printfb.o(i._printf_core) for _printf_core
    printfb.o(i.__0printf$bare) refers to retarget.o(i.fputc) for fputc
    printfb.o(i.__0printf$bare) refers to retarget.o(.data) for __stdout
    printfb.o(i.__0snprintf$bare) refers to printfb.o(i._printf_core) for _printf_core
    printfb.o(i.__0snprintf$bare) refers to printfb.o(i._snputc) for _snputc
    printfb.o(i.__0sprintf$bare) refers to printfb.o(i._printf_core) for _printf_core
    printfb.o(i.__0sprintf$bare) refers to printfb.o(i._sputc) for _sputc
    printfb.o(i.__0vfprintf$bare) refers to printfb.o(i._printf_core) for _printf_core
    printfb.o(i.__0vfprintf$bare) refers to retarget.o(i.fputc) for fputc
    printfb.o(i.__0vprintf$bare) refers to printfb.o(i._printf_core) for _printf_core
    printfb.o(i.__0vprintf$bare) refers to retarget.o(i.fputc) for fputc
    printfb.o(i.__0vprintf$bare) refers to retarget.o(.data) for __stdout
    printfb.o(i.__0vsnprintf$bare) refers to printfb.o(i._printf_core) for _printf_core
    printfb.o(i.__0vsnprintf$bare) refers to printfb.o(i._snputc) for _snputc
    printfb.o(i.__0vsprintf$bare) refers to printfb.o(i._printf_core) for _printf_core
    printfb.o(i.__0vsprintf$bare) refers to printfb.o(i._sputc) for _sputc
    printf0.o(i.__0fprintf$0) refers to printf0.o(i._printf_core) for _printf_core
    printf0.o(i.__0fprintf$0) refers to retarget.o(i.fputc) for fputc
    printf0.o(i.__0printf$0) refers to printf0.o(i._printf_core) for _printf_core
    printf0.o(i.__0printf$0) refers to retarget.o(i.fputc) for fputc
    printf0.o(i.__0printf$0) refers to retarget.o(.data) for __stdout
    printf0.o(i.__0snprintf$0) refers to printf0.o(i._printf_core) for _printf_core
    printf0.o(i.__0snprintf$0) refers to printf0.o(i._snputc) for _snputc
    printf0.o(i.__0sprintf$0) refers to printf0.o(i._printf_core) for _printf_core
    printf0.o(i.__0sprintf$0) refers to printf0.o(i._sputc) for _sputc
    printf0.o(i.__0vfprintf$0) refers to printf0.o(i._printf_core) for _printf_core
    printf0.o(i.__0vfprintf$0) refers to retarget.o(i.fputc) for fputc
    printf0.o(i.__0vprintf$0) refers to printf0.o(i._printf_core) for _printf_core
    printf0.o(i.__0vprintf$0) refers to retarget.o(i.fputc) for fputc
    printf0.o(i.__0vprintf$0) refers to retarget.o(.data) for __stdout
    printf0.o(i.__0vsnprintf$0) refers to printf0.o(i._printf_core) for _printf_core
    printf0.o(i.__0vsnprintf$0) refers to printf0.o(i._snputc) for _snputc
    printf0.o(i.__0vsprintf$0) refers to printf0.o(i._printf_core) for _printf_core
    printf0.o(i.__0vsprintf$0) refers to printf0.o(i._sputc) for _sputc
    printf1.o(i.__0fprintf$1) refers to printf1.o(i._printf_core) for _printf_core
    printf1.o(i.__0fprintf$1) refers to retarget.o(i.fputc) for fputc
    printf1.o(i.__0printf$1) refers to printf1.o(i._printf_core) for _printf_core
    printf1.o(i.__0printf$1) refers to retarget.o(i.fputc) for fputc
    printf1.o(i.__0printf$1) refers to retarget.o(.data) for __stdout
    printf1.o(i.__0snprintf$1) refers to printf1.o(i._printf_core) for _printf_core
    printf1.o(i.__0snprintf$1) refers to printf1.o(i._snputc) for _snputc
    printf1.o(i.__0sprintf$1) refers to printf1.o(i._printf_core) for _printf_core
    printf1.o(i.__0sprintf$1) refers to printf1.o(i._sputc) for _sputc
    printf1.o(i.__0vfprintf$1) refers to printf1.o(i._printf_core) for _printf_core
    printf1.o(i.__0vfprintf$1) refers to retarget.o(i.fputc) for fputc
    printf1.o(i.__0vprintf$1) refers to printf1.o(i._printf_core) for _printf_core
    printf1.o(i.__0vprintf$1) refers to retarget.o(i.fputc) for fputc
    printf1.o(i.__0vprintf$1) refers to retarget.o(.data) for __stdout
    printf1.o(i.__0vsnprintf$1) refers to printf1.o(i._printf_core) for _printf_core
    printf1.o(i.__0vsnprintf$1) refers to printf1.o(i._snputc) for _snputc
    printf1.o(i.__0vsprintf$1) refers to printf1.o(i._printf_core) for _printf_core
    printf1.o(i.__0vsprintf$1) refers to printf1.o(i._sputc) for _sputc
    printf1.o(i._printf_core) refers to uidiv.o(.text) for __aeabi_uidivmod
    printf2.o(i.__0fprintf$2) refers to printf2.o(i._printf_core) for _printf_core
    printf2.o(i.__0fprintf$2) refers to retarget.o(i.fputc) for fputc
    printf2.o(i.__0printf$2) refers to printf2.o(i._printf_core) for _printf_core
    printf2.o(i.__0printf$2) refers to retarget.o(i.fputc) for fputc
    printf2.o(i.__0printf$2) refers to retarget.o(.data) for __stdout
    printf2.o(i.__0snprintf$2) refers to printf2.o(i._printf_core) for _printf_core
    printf2.o(i.__0snprintf$2) refers to printf2.o(i._snputc) for _snputc
    printf2.o(i.__0sprintf$2) refers to printf2.o(i._printf_core) for _printf_core
    printf2.o(i.__0sprintf$2) refers to printf2.o(i._sputc) for _sputc
    printf2.o(i.__0vfprintf$2) refers to printf2.o(i._printf_core) for _printf_core
    printf2.o(i.__0vfprintf$2) refers to retarget.o(i.fputc) for fputc
    printf2.o(i.__0vprintf$2) refers to printf2.o(i._printf_core) for _printf_core
    printf2.o(i.__0vprintf$2) refers to retarget.o(i.fputc) for fputc
    printf2.o(i.__0vprintf$2) refers to retarget.o(.data) for __stdout
    printf2.o(i.__0vsnprintf$2) refers to printf2.o(i._printf_core) for _printf_core
    printf2.o(i.__0vsnprintf$2) refers to printf2.o(i._snputc) for _snputc
    printf2.o(i.__0vsprintf$2) refers to printf2.o(i._printf_core) for _printf_core
    printf2.o(i.__0vsprintf$2) refers to printf2.o(i._sputc) for _sputc
    printf3.o(i.__0fprintf$3) refers to printf3.o(i._printf_core) for _printf_core
    printf3.o(i.__0fprintf$3) refers to retarget.o(i.fputc) for fputc
    printf3.o(i.__0printf$3) refers to printf3.o(i._printf_core) for _printf_core
    printf3.o(i.__0printf$3) refers to retarget.o(i.fputc) for fputc
    printf3.o(i.__0printf$3) refers to retarget.o(.data) for __stdout
    printf3.o(i.__0snprintf$3) refers to printf3.o(i._printf_core) for _printf_core
    printf3.o(i.__0snprintf$3) refers to printf3.o(i._snputc) for _snputc
    printf3.o(i.__0sprintf$3) refers to printf3.o(i._printf_core) for _printf_core
    printf3.o(i.__0sprintf$3) refers to printf3.o(i._sputc) for _sputc
    printf3.o(i.__0vfprintf$3) refers to printf3.o(i._printf_core) for _printf_core
    printf3.o(i.__0vfprintf$3) refers to retarget.o(i.fputc) for fputc
    printf3.o(i.__0vprintf$3) refers to printf3.o(i._printf_core) for _printf_core
    printf3.o(i.__0vprintf$3) refers to retarget.o(i.fputc) for fputc
    printf3.o(i.__0vprintf$3) refers to retarget.o(.data) for __stdout
    printf3.o(i.__0vsnprintf$3) refers to printf3.o(i._printf_core) for _printf_core
    printf3.o(i.__0vsnprintf$3) refers to printf3.o(i._snputc) for _snputc
    printf3.o(i.__0vsprintf$3) refers to printf3.o(i._printf_core) for _printf_core
    printf3.o(i.__0vsprintf$3) refers to printf3.o(i._sputc) for _sputc
    printf3.o(i._printf_core) refers to uidiv.o(.text) for __aeabi_uidivmod
    printf4.o(i.__0fprintf$4) refers to printf4.o(i._printf_core) for _printf_core
    printf4.o(i.__0fprintf$4) refers to retarget.o(i.fputc) for fputc
    printf4.o(i.__0printf$4) refers to printf4.o(i._printf_core) for _printf_core
    printf4.o(i.__0printf$4) refers to retarget.o(i.fputc) for fputc
    printf4.o(i.__0printf$4) refers to retarget.o(.data) for __stdout
    printf4.o(i.__0snprintf$4) refers to printf4.o(i._printf_core) for _printf_core
    printf4.o(i.__0snprintf$4) refers to printf4.o(i._snputc) for _snputc
    printf4.o(i.__0sprintf$4) refers to printf4.o(i._printf_core) for _printf_core
    printf4.o(i.__0sprintf$4) refers to printf4.o(i._sputc) for _sputc
    printf4.o(i.__0vfprintf$4) refers to printf4.o(i._printf_core) for _printf_core
    printf4.o(i.__0vfprintf$4) refers to retarget.o(i.fputc) for fputc
    printf4.o(i.__0vprintf$4) refers to printf4.o(i._printf_core) for _printf_core
    printf4.o(i.__0vprintf$4) refers to retarget.o(i.fputc) for fputc
    printf4.o(i.__0vprintf$4) refers to retarget.o(.data) for __stdout
    printf4.o(i.__0vsnprintf$4) refers to printf4.o(i._printf_core) for _printf_core
    printf4.o(i.__0vsnprintf$4) refers to printf4.o(i._snputc) for _snputc
    printf4.o(i.__0vsprintf$4) refers to printf4.o(i._printf_core) for _printf_core
    printf4.o(i.__0vsprintf$4) refers to printf4.o(i._sputc) for _sputc
    printf4.o(i._printf_core) refers to uldiv.o(.text) for __aeabi_uldivmod
    printf5.o(i.__0fprintf$5) refers to printf5.o(i._printf_core) for _printf_core
    printf5.o(i.__0fprintf$5) refers to retarget.o(i.fputc) for fputc
    printf5.o(i.__0printf$5) refers to printf5.o(i._printf_core) for _printf_core
    printf5.o(i.__0printf$5) refers to retarget.o(i.fputc) for fputc
    printf5.o(i.__0printf$5) refers to retarget.o(.data) for __stdout
    printf5.o(i.__0snprintf$5) refers to printf5.o(i._printf_core) for _printf_core
    printf5.o(i.__0snprintf$5) refers to printf5.o(i._snputc) for _snputc
    printf5.o(i.__0sprintf$5) refers to printf5.o(i._printf_core) for _printf_core
    printf5.o(i.__0sprintf$5) refers to printf5.o(i._sputc) for _sputc
    printf5.o(i.__0vfprintf$5) refers to printf5.o(i._printf_core) for _printf_core
    printf5.o(i.__0vfprintf$5) refers to retarget.o(i.fputc) for fputc
    printf5.o(i.__0vprintf$5) refers to printf5.o(i._printf_core) for _printf_core
    printf5.o(i.__0vprintf$5) refers to retarget.o(i.fputc) for fputc
    printf5.o(i.__0vprintf$5) refers to retarget.o(.data) for __stdout
    printf5.o(i.__0vsnprintf$5) refers to printf5.o(i._printf_core) for _printf_core
    printf5.o(i.__0vsnprintf$5) refers to printf5.o(i._snputc) for _snputc
    printf5.o(i.__0vsprintf$5) refers to printf5.o(i._printf_core) for _printf_core
    printf5.o(i.__0vsprintf$5) refers to printf5.o(i._sputc) for _sputc
    printf5.o(i._printf_core) refers to uldiv.o(.text) for __aeabi_uldivmod
    printf6.o(i.__0fprintf$6) refers to printf6.o(i._printf_core) for _printf_core
    printf6.o(i.__0fprintf$6) refers to retarget.o(i.fputc) for fputc
    printf6.o(i.__0printf$6) refers to printf6.o(i._printf_core) for _printf_core
    printf6.o(i.__0printf$6) refers to retarget.o(i.fputc) for fputc
    printf6.o(i.__0printf$6) refers to retarget.o(.data) for __stdout
    printf6.o(i.__0snprintf$6) refers to printf6.o(i._printf_core) for _printf_core
    printf6.o(i.__0snprintf$6) refers to printf6.o(i._snputc) for _snputc
    printf6.o(i.__0sprintf$6) refers to printf6.o(i._printf_core) for _printf_core
    printf6.o(i.__0sprintf$6) refers to printf6.o(i._sputc) for _sputc
    printf6.o(i.__0vfprintf$6) refers to printf6.o(i._printf_core) for _printf_core
    printf6.o(i.__0vfprintf$6) refers to retarget.o(i.fputc) for fputc
    printf6.o(i.__0vprintf$6) refers to printf6.o(i._printf_core) for _printf_core
    printf6.o(i.__0vprintf$6) refers to retarget.o(i.fputc) for fputc
    printf6.o(i.__0vprintf$6) refers to retarget.o(.data) for __stdout
    printf6.o(i.__0vsnprintf$6) refers to printf6.o(i._printf_core) for _printf_core
    printf6.o(i.__0vsnprintf$6) refers to printf6.o(i._snputc) for _snputc
    printf6.o(i.__0vsprintf$6) refers to printf6.o(i._printf_core) for _printf_core
    printf6.o(i.__0vsprintf$6) refers to printf6.o(i._sputc) for _sputc
    printf6.o(i._printf_core) refers to printf6.o(i._printf_pre_padding) for _printf_pre_padding
    printf6.o(i._printf_core) refers to uidiv.o(.text) for __aeabi_uidivmod
    printf6.o(i._printf_core) refers to printf6.o(i._printf_post_padding) for _printf_post_padding
    printf7.o(i.__0fprintf$7) refers to printf7.o(i._printf_core) for _printf_core
    printf7.o(i.__0fprintf$7) refers to retarget.o(i.fputc) for fputc
    printf7.o(i.__0printf$7) refers to printf7.o(i._printf_core) for _printf_core
    printf7.o(i.__0printf$7) refers to retarget.o(i.fputc) for fputc
    printf7.o(i.__0printf$7) refers to retarget.o(.data) for __stdout
    printf7.o(i.__0snprintf$7) refers to printf7.o(i._printf_core) for _printf_core
    printf7.o(i.__0snprintf$7) refers to printf7.o(i._snputc) for _snputc
    printf7.o(i.__0sprintf$7) refers to printf7.o(i._printf_core) for _printf_core
    printf7.o(i.__0sprintf$7) refers to printf7.o(i._sputc) for _sputc
    printf7.o(i.__0vfprintf$7) refers to printf7.o(i._printf_core) for _printf_core
    printf7.o(i.__0vfprintf$7) refers to retarget.o(i.fputc) for fputc
    printf7.o(i.__0vprintf$7) refers to printf7.o(i._printf_core) for _printf_core
    printf7.o(i.__0vprintf$7) refers to retarget.o(i.fputc) for fputc
    printf7.o(i.__0vprintf$7) refers to retarget.o(.data) for __stdout
    printf7.o(i.__0vsnprintf$7) refers to printf7.o(i._printf_core) for _printf_core
    printf7.o(i.__0vsnprintf$7) refers to printf7.o(i._snputc) for _snputc
    printf7.o(i.__0vsprintf$7) refers to printf7.o(i._printf_core) for _printf_core
    printf7.o(i.__0vsprintf$7) refers to printf7.o(i._sputc) for _sputc
    printf7.o(i._printf_core) refers to printf7.o(i._printf_pre_padding) for _printf_pre_padding
    printf7.o(i._printf_core) refers to uldiv.o(.text) for __aeabi_uldivmod
    printf7.o(i._printf_core) refers to printf7.o(i._printf_post_padding) for _printf_post_padding
    printf8.o(i.__0fprintf$8) refers to printf8.o(i._printf_core) for _printf_core
    printf8.o(i.__0fprintf$8) refers to retarget.o(i.fputc) for fputc
    printf8.o(i.__0printf$8) refers to printf8.o(i._printf_core) for _printf_core
    printf8.o(i.__0printf$8) refers to retarget.o(i.fputc) for fputc
    printf8.o(i.__0printf$8) refers to retarget.o(.data) for __stdout
    printf8.o(i.__0snprintf$8) refers to printf8.o(i._printf_core) for _printf_core
    printf8.o(i.__0snprintf$8) refers to printf8.o(i._snputc) for _snputc
    printf8.o(i.__0sprintf$8) refers to printf8.o(i._printf_core) for _printf_core
    printf8.o(i.__0sprintf$8) refers to printf8.o(i._sputc) for _sputc
    printf8.o(i.__0vfprintf$8) refers to printf8.o(i._printf_core) for _printf_core
    printf8.o(i.__0vfprintf$8) refers to retarget.o(i.fputc) for fputc
    printf8.o(i.__0vprintf$8) refers to printf8.o(i._printf_core) for _printf_core
    printf8.o(i.__0vprintf$8) refers to retarget.o(i.fputc) for fputc
    printf8.o(i.__0vprintf$8) refers to retarget.o(.data) for __stdout
    printf8.o(i.__0vsnprintf$8) refers to printf8.o(i._printf_core) for _printf_core
    printf8.o(i.__0vsnprintf$8) refers to printf8.o(i._snputc) for _snputc
    printf8.o(i.__0vsprintf$8) refers to printf8.o(i._printf_core) for _printf_core
    printf8.o(i.__0vsprintf$8) refers to printf8.o(i._sputc) for _sputc
    printf8.o(i._printf_core) refers to printf8.o(i._printf_pre_padding) for _printf_pre_padding
    printf8.o(i._printf_core) refers to uldiv.o(.text) for __aeabi_uldivmod
    printf8.o(i._printf_core) refers to printf8.o(i._printf_post_padding) for _printf_post_padding
    printfa.o(i.__0fprintf) refers (Special) to iusefp.o(.text) for __I$use$fp
    printfa.o(i.__0fprintf) refers to printfa.o(i._printf_core) for _printf_core
    printfa.o(i.__0fprintf) refers to retarget.o(i.fputc) for fputc
    printfa.o(i.__0printf) refers (Special) to iusefp.o(.text) for __I$use$fp
    printfa.o(i.__0printf) refers to printfa.o(i._printf_core) for _printf_core
    printfa.o(i.__0printf) refers to retarget.o(i.fputc) for fputc
    printfa.o(i.__0printf) refers to retarget.o(.data) for __stdout
    printfa.o(i.__0snprintf) refers (Special) to iusefp.o(.text) for __I$use$fp
    printfa.o(i.__0snprintf) refers to printfa.o(i._printf_core) for _printf_core
    printfa.o(i.__0snprintf) refers to printfa.o(i._snputc) for _snputc
    printfa.o(i.__0sprintf) refers (Special) to iusefp.o(.text) for __I$use$fp
    printfa.o(i.__0sprintf) refers to printfa.o(i._printf_core) for _printf_core
    printfa.o(i.__0sprintf) refers to printfa.o(i._sputc) for _sputc
    printfa.o(i.__0vfprintf) refers (Special) to iusefp.o(.text) for __I$use$fp
    printfa.o(i.__0vfprintf) refers to printfa.o(i._printf_core) for _printf_core
    printfa.o(i.__0vfprintf) refers to retarget.o(i.fputc) for fputc
    printfa.o(i.__0vprintf) refers (Special) to iusefp.o(.text) for __I$use$fp
    printfa.o(i.__0vprintf) refers to printfa.o(i._printf_core) for _printf_core
    printfa.o(i.__0vprintf) refers to retarget.o(i.fputc) for fputc
    printfa.o(i.__0vprintf) refers to retarget.o(.data) for __stdout
    printfa.o(i.__0vsnprintf) refers (Special) to iusefp.o(.text) for __I$use$fp
    printfa.o(i.__0vsnprintf) refers to printfa.o(i._printf_core) for _printf_core
    printfa.o(i.__0vsnprintf) refers to printfa.o(i._snputc) for _snputc
    printfa.o(i.__0vsprintf) refers (Special) to iusefp.o(.text) for __I$use$fp
    printfa.o(i.__0vsprintf) refers to printfa.o(i._printf_core) for _printf_core
    printfa.o(i.__0vsprintf) refers to printfa.o(i._sputc) for _sputc
    printfa.o(i._fp_digits) refers (Special) to iusefp.o(.text) for __I$use$fp
    printfa.o(i._fp_digits) refers to dmul.o(.text) for __aeabi_dmul
    printfa.o(i._fp_digits) refers to ddiv.o(.text) for __aeabi_ddiv
    printfa.o(i._fp_digits) refers to cdrcmple.o(.text) for __aeabi_cdrcmple
    printfa.o(i._fp_digits) refers to dadd.o(.text) for __aeabi_dadd
    printfa.o(i._fp_digits) refers to dfixul.o(.text) for __aeabi_d2ulz
    printfa.o(i._fp_digits) refers to uldiv.o(.text) for __aeabi_uldivmod
    printfa.o(i._printf_core) refers (Special) to iusefp.o(.text) for __I$use$fp
    printfa.o(i._printf_core) refers to printfa.o(i._printf_pre_padding) for _printf_pre_padding
    printfa.o(i._printf_core) refers to uldiv.o(.text) for __aeabi_uldivmod
    printfa.o(i._printf_core) refers to printfa.o(i._printf_post_padding) for _printf_post_padding
    printfa.o(i._printf_core) refers to printfa.o(i._fp_digits) for _fp_digits
    printfa.o(i._printf_core) refers to uidiv.o(.text) for __aeabi_uidivmod
    printfa.o(i._printf_post_padding) refers (Special) to iusefp.o(.text) for __I$use$fp
    printfa.o(i._printf_pre_padding) refers (Special) to iusefp.o(.text) for __I$use$fp
    printfa.o(i._snputc) refers (Special) to iusefp.o(.text) for __I$use$fp
    printfa.o(i._sputc) refers (Special) to iusefp.o(.text) for __I$use$fp
    dadd.o(.text) refers (Special) to iusefp.o(.text) for __I$use$fp
    dadd.o(.text) refers to llshl.o(.text) for __aeabi_llsl
    dadd.o(.text) refers to llsshr.o(.text) for __aeabi_lasr
    dadd.o(.text) refers to depilogue.o(.text) for _double_epilogue
    dmul.o(.text) refers (Special) to iusefp.o(.text) for __I$use$fp
    dmul.o(.text) refers to depilogue.o(.text) for _double_epilogue
    ddiv.o(.text) refers (Special) to iusefp.o(.text) for __I$use$fp
    ddiv.o(.text) refers to depilogue.o(.text) for _double_round
    dflti.o(.text) refers (Special) to iusefp.o(.text) for __I$use$fp
    dflti.o(.text) refers to depilogue.o(.text) for _double_epilogue
    dfixi.o(.text) refers (Special) to iusefp.o(.text) for __I$use$fp
    dfixi.o(.text) refers to llushr.o(.text) for __aeabi_llsr
    f2d.o(.text) refers (Special) to iusefp.o(.text) for __I$use$fp
    cdcmple.o(.text) refers (Special) to iusefp.o(.text) for __I$use$fp
    cdrcmple.o(.text) refers (Special) to iusefp.o(.text) for __I$use$fp
    cos_i.o(i.__kernel_cos) refers (Special) to iusefp.o(.text) for __I$use$fp
    cos_i.o(i.__kernel_cos) refers to dfixi.o(.text) for __aeabi_d2iz
    cos_i.o(i.__kernel_cos) refers to dmul.o(.text) for __aeabi_dmul
    cos_i.o(i.__kernel_cos) refers to poly.o(i.__kernel_poly) for __kernel_poly
    cos_i.o(i.__kernel_cos) refers to dadd.o(.text) for __aeabi_dsub
    cos_i.o(i.__kernel_cos) refers to cos_i.o(.constdata) for .constdata
    cos_i.o(.constdata) refers (Special) to iusefp.o(.text) for __I$use$fp
    dunder.o(i.__mathlib_dbl_divzero) refers to ddiv.o(.text) for __aeabi_ddiv
    dunder.o(i.__mathlib_dbl_infnan) refers to dadd.o(.text) for __aeabi_dadd
    dunder.o(i.__mathlib_dbl_infnan2) refers to dadd.o(.text) for __aeabi_dadd
    dunder.o(i.__mathlib_dbl_invalid) refers to ddiv.o(.text) for __aeabi_ddiv
    dunder.o(i.__mathlib_dbl_overflow) refers to dmul.o(.text) for __aeabi_dmul
    dunder.o(i.__mathlib_dbl_posinfnan) refers to dmul.o(.text) for __aeabi_dmul
    dunder.o(i.__mathlib_dbl_underflow) refers to dmul.o(.text) for __aeabi_dmul
    fpclassify.o(i.__ARM_fpclassify) refers (Special) to iusefp.o(.text) for __I$use$fp
    fpclassifyf.o(i.__ARM_fpclassifyf) refers (Special) to iusefp.o(.text) for __I$use$fp
    poly.o(i.__kernel_poly) refers (Special) to iusefp.o(.text) for __I$use$fp
    poly.o(i.__kernel_poly) refers to dmul.o(.text) for __aeabi_dmul
    poly.o(i.__kernel_poly) refers to dadd.o(.text) for __aeabi_dadd
    qnan.o(.constdata) refers (Special) to iusefp.o(.text) for __I$use$fp
    rred.o(i.__ieee754_rem_pio2) refers (Special) to iusefp.o(.text) for __I$use$fp
    rred.o(i.__ieee754_rem_pio2) refers to dadd.o(.text) for __aeabi_dsub
    rred.o(i.__ieee754_rem_pio2) refers to fabs.o(i.fabs) for fabs
    rred.o(i.__ieee754_rem_pio2) refers to dmul.o(.text) for __aeabi_dmul
    rred.o(i.__ieee754_rem_pio2) refers to dfixi.o(.text) for __aeabi_d2iz
    rred.o(i.__ieee754_rem_pio2) refers to dflti.o(.text) for __aeabi_i2d
    rred.o(i.__ieee754_rem_pio2) refers to dfltui.o(.text) for __aeabi_ui2d
    rred.o(i.__ieee754_rem_pio2) refers to rred.o(.constdata) for .constdata
    rred.o(i.__use_accurate_range_reduction) refers (Special) to iusefp.o(.text) for __I$use$fp
    rred.o(.constdata) refers (Special) to iusefp.o(.text) for __I$use$fp
    sin_i.o(i.__kernel_sin) refers (Special) to iusefp.o(.text) for __I$use$fp
    sin_i.o(i.__kernel_sin) refers to fpclassify.o(i.__ARM_fpclassify) for __ARM_fpclassify
    sin_i.o(i.__kernel_sin) refers to dunder.o(i.__mathlib_dbl_underflow) for __mathlib_dbl_underflow
    sin_i.o(i.__kernel_sin) refers to dmul.o(.text) for __aeabi_dmul
    sin_i.o(i.__kernel_sin) refers to poly.o(i.__kernel_poly) for __kernel_poly
    sin_i.o(i.__kernel_sin) refers to dadd.o(.text) for __aeabi_dsub
    sin_i.o(i.__kernel_sin) refers to sin_i.o(.constdata) for .constdata
    sin_i.o(.constdata) refers (Special) to iusefp.o(.text) for __I$use$fp
    sin_i_x.o(i.____kernel_sin$lsc) refers (Special) to iusefp.o(.text) for __I$use$fp
    sin_i_x.o(i.____kernel_sin$lsc) refers to dmul.o(.text) for __aeabi_dmul
    sin_i_x.o(i.____kernel_sin$lsc) refers to poly.o(i.__kernel_poly) for __kernel_poly
    sin_i_x.o(i.____kernel_sin$lsc) refers to dadd.o(.text) for __aeabi_dsub
    sin_i_x.o(i.____kernel_sin$lsc) refers to sin_i_x.o(.constdata) for .constdata
    sin_i_x.o(.constdata) refers (Special) to iusefp.o(.text) for __I$use$fp
    entry2.o(.ARM.Collect$$$$00000001) refers to entry2.o(.ARM.Collect$$$$00002712) for __lit__00000000
    entry2.o(.ARM.Collect$$$$00002712) refers to arm_startup_nrf52840.o(STACK) for __initial_sp
    entry2.o(__vectab_stack_and_reset_area) refers to arm_startup_nrf52840.o(STACK) for __initial_sp
    entry2.o(__vectab_stack_and_reset_area) refers to entry.o(.ARM.Collect$$$$00000000) for __main
    entry5.o(.ARM.Collect$$$$00000004) refers to init.o(.text) for __scatterload
    entry9a.o(.ARM.Collect$$$$0000000B) refers to main.o(i.main) for main
    entry9b.o(.ARM.Collect$$$$0000000C) refers to main.o(i.main) for main
    uldiv.o(.text) refers to llushr.o(.text) for __aeabi_llsr
    uldiv.o(.text) refers to llshl.o(.text) for __aeabi_llsl
    errno.o(i.__aeabi_errno_addr) refers to errno.o(.data) for .data
    errno.o(i.__read_errno) refers to errno.o(.data) for .data
    errno.o(i.__set_errno) refers to errno.o(.data) for .data
    depilogue.o(.text) refers to llshl.o(.text) for __aeabi_llsl
    depilogue.o(.text) refers to llushr.o(.text) for __aeabi_llsr
    dsqrt.o(.text) refers to llushr.o(.text) for __aeabi_llsr
    dsqrt.o(.text) refers to depilogue.o(.text) for _double_round
    dfixul.o(.text) refers to llushr.o(.text) for __aeabi_llsr
    dfixul.o(.text) refers to llshl.o(.text) for __aeabi_llsl
    init.o(.text) refers to entry5.o(.ARM.Collect$$$$00000004) for __main_after_scatterload
    dfltui.o(.text) refers to depilogue.o(.text) for _double_epilogue


==============================================================================

Removing Unused input sections from the image.

    Removing main.o(.rev16_text), (4 bytes).
    Removing main.o(.revsh_text), (4 bytes).
    Removing main.o(.rrx_text), (6 bytes).
    Removing nrf_drv_twi.o(.rev16_text), (4 bytes).
    Removing nrf_drv_twi.o(.revsh_text), (4 bytes).
    Removing nrf_drv_twi.o(.rrx_text), (6 bytes).
    Removing nrf_drv_twi.o(i.nrf_drv_twi_data_count_get), (4 bytes).
    Removing nrf_drv_twi.o(i.nrf_drv_twi_disable), (48 bytes).
    Removing nrf_drv_twi.o(i.nrf_drv_twi_is_busy), (24 bytes).
    Removing nrf_drv_twi.o(i.nrf_drv_twi_start_task_get), (16 bytes).
    Removing nrf_drv_twi.o(i.nrf_drv_twi_stopped_event_get), (8 bytes).
    Removing nrf_drv_twi.o(i.nrf_drv_twi_uninit), (108 bytes).
    Removing nrf_drv_twi.o(.constdata), (17 bytes).
    Removing nrf_drv_twi.o(.constdata), (10 bytes).
    Removing nrf_drv_twi.o(.constdata), (17 bytes).
    Removing nrf_drv_mpu_twi.o(.rev16_text), (4 bytes).
    Removing nrf_drv_mpu_twi.o(.revsh_text), (4 bytes).
    Removing nrf_drv_mpu_twi.o(.rrx_text), (6 bytes).
    Removing nrf_drv_mpu_twi.o(i.i2c_read_porting), (4 bytes).
    Removing nrf_drv_mpu_twi.o(i.i2c_write_porting), (4 bytes).
    Removing nrf_drv_mpu_twi.o(i.mpu_twi_write_single_test), (64 bytes).
    Removing nrf_drv_mpu_twi.o(i.mpu_twi_write_test), (100 bytes).
    Removing app_mpu.o(.rev16_text), (4 bytes).
    Removing app_mpu.o(.revsh_text), (4 bytes).
    Removing app_mpu.o(.rrx_text), (6 bytes).
    Removing app_mpu.o(i.mpu_int_enable), (8 bytes).
    Removing app_mpu.o(i.mpu_read_int_source), (10 bytes).
    Removing app_mpu.o(i.mpu_read_magnetometer_test), (4 bytes).
    Removing app_mpu.o(i.mpu_read_temp), (38 bytes).
    Removing nrf_drv_inv_dmp.o(.rev16_text), (4 bytes).
    Removing nrf_drv_inv_dmp.o(.revsh_text), (4 bytes).
    Removing nrf_drv_inv_dmp.o(.rrx_text), (6 bytes).
    Removing boards.o(.rev16_text), (4 bytes).
    Removing boards.o(.revsh_text), (4 bytes).
    Removing boards.o(.rrx_text), (6 bytes).
    Removing boards.o(i.bsp_board_button_idx_to_pin), (12 bytes).
    Removing boards.o(i.bsp_board_button_state_get), (40 bytes).
    Removing boards.o(i.bsp_board_buttons_init), (36 bytes).
    Removing boards.o(i.bsp_board_led_idx_to_pin), (12 bytes).
    Removing boards.o(i.bsp_board_led_invert), (44 bytes).
    Removing boards.o(i.bsp_board_led_on), (16 bytes).
    Removing boards.o(i.bsp_board_led_state_get), (40 bytes).
    Removing boards.o(i.bsp_board_leds_on), (18 bytes).
    Removing boards.o(i.bsp_board_pin_to_button_idx), (36 bytes).
    Removing boards.o(i.bsp_board_pin_to_led_idx), (36 bytes).
    Removing nrf_drv_clock.o(.rev16_text), (4 bytes).
    Removing nrf_drv_clock.o(.revsh_text), (4 bytes).
    Removing nrf_drv_clock.o(.rrx_text), (6 bytes).
    Removing nrf_drv_clock.o(i.clock_calibration_hf_started), (76 bytes).
    Removing nrf_drv_clock.o(i.lfclk_stop), (44 bytes).
    Removing nrf_drv_clock.o(i.nrf_drv_clock_calibration_abort), (84 bytes).
    Removing nrf_drv_clock.o(i.nrf_drv_clock_calibration_start), (104 bytes).
    Removing nrf_drv_clock.o(i.nrf_drv_clock_hfclk_is_running), (6 bytes).
    Removing nrf_drv_clock.o(i.nrf_drv_clock_init_check), (12 bytes).
    Removing nrf_drv_clock.o(i.nrf_drv_clock_is_calibrating), (24 bytes).
    Removing nrf_drv_clock.o(i.nrf_drv_clock_lfclk_is_running), (16 bytes).
    Removing nrf_drv_clock.o(i.nrf_drv_clock_lfclk_release), (40 bytes).
    Removing nrf_drv_clock.o(i.nrf_drv_clock_uninit), (40 bytes).
    Removing nrf_drv_clock.o(.constdata), (19 bytes).
    Removing nrf_drv_clock.o(.constdata), (32 bytes).
    Removing nrf_drv_clock.o(.constdata), (32 bytes).
    Removing nrf_drv_clock.o(.constdata), (29 bytes).
    Removing nrf_drv_common.o(.rev16_text), (4 bytes).
    Removing nrf_drv_common.o(.revsh_text), (4 bytes).
    Removing nrf_drv_common.o(.rrx_text), (6 bytes).
    Removing nrf_drv_common.o(i.nrf_drv_common_clock_irq_disable), (12 bytes).
    Removing nrf_drv_uart.o(.rev16_text), (4 bytes).
    Removing nrf_drv_uart.o(.revsh_text), (4 bytes).
    Removing nrf_drv_uart.o(.rrx_text), (6 bytes).
    Removing nrf_drv_uart.o(i.nrf_drv_uart_errorsrc_get), (48 bytes).
    Removing nrf_drv_uart.o(i.nrf_drv_uart_rx_abort), (40 bytes).
    Removing nrf_drv_uart.o(i.nrf_drv_uart_rx_disable), (36 bytes).
    Removing nrf_drv_uart.o(i.nrf_drv_uart_rx_ready), (36 bytes).
    Removing nrf_drv_uart.o(i.nrf_drv_uart_tx_abort), (88 bytes).
    Removing nrf_drv_uart.o(.constdata), (18 bytes).
    Removing nrf_drv_uart.o(.constdata), (25 bytes).
    Removing nrf_drv_uart.o(.constdata), (26 bytes).
    Removing nrf_drv_uart.o(.constdata), (16 bytes).
    Removing nrf_drv_uart.o(.constdata), (25 bytes).
    Removing nrf_drv_uart.o(.constdata), (26 bytes).
    Removing nrf_drv_uart.o(.constdata), (16 bytes).
    Removing app_timer_1.o(.rev16_text), (4 bytes).
    Removing app_timer_1.o(.revsh_text), (4 bytes).
    Removing app_timer_1.o(.rrx_text), (6 bytes).
    Removing app_timer_1.o(i.app_timer_cnt_diff_compute), (8 bytes).
    Removing app_timer_1.o(i.app_timer_pause), (12 bytes).
    Removing app_timer_1.o(i.app_timer_resume), (12 bytes).
    Removing app_timer_1.o(i.app_timer_stop), (32 bytes).
    Removing app_timer_1.o(i.app_timer_stop_all), (24 bytes).
    Removing app_timer_1.o(i.timer_stop_op_schedule), (64 bytes).
    Removing app_error.o(.rev16_text), (4 bytes).
    Removing app_error.o(.revsh_text), (4 bytes).
    Removing app_error.o(.rrx_text), (6 bytes).
    Removing app_error.o(i.app_error_handler), (24 bytes).
    Removing app_error.o(i.app_error_save_and_stop), (100 bytes).
    Removing app_error.o(.bss), (32 bytes).
    Removing app_error_weak.o(.rev16_text), (4 bytes).
    Removing app_error_weak.o(.revsh_text), (4 bytes).
    Removing app_error_weak.o(.rrx_text), (6 bytes).
    Removing app_fifo.o(.rev16_text), (4 bytes).
    Removing app_fifo.o(.revsh_text), (4 bytes).
    Removing app_fifo.o(.rrx_text), (6 bytes).
    Removing app_fifo.o(i.app_fifo_flush), (8 bytes).
    Removing app_fifo.o(i.app_fifo_peek), (34 bytes).
    Removing app_fifo.o(i.app_fifo_read), (74 bytes).
    Removing app_fifo.o(i.app_fifo_write), (82 bytes).
    Removing app_uart_fifo.o(.rev16_text), (4 bytes).
    Removing app_uart_fifo.o(.revsh_text), (4 bytes).
    Removing app_uart_fifo.o(.rrx_text), (6 bytes).
    Removing app_uart_fifo.o(i.app_uart_close), (16 bytes).
    Removing app_uart_fifo.o(i.app_uart_flush), (32 bytes).
    Removing app_uart_fifo.o(i.app_uart_get), (52 bytes).
    Removing app_util_platform.o(.rev16_text), (4 bytes).
    Removing app_util_platform.o(.revsh_text), (4 bytes).
    Removing app_util_platform.o(.rrx_text), (6 bytes).
    Removing app_util_platform.o(i.current_int_priority_get), (48 bytes).
    Removing app_util_platform.o(i.privilege_level_get), (26 bytes).
    Removing nrf_assert.o(.rev16_text), (4 bytes).
    Removing nrf_assert.o(.revsh_text), (4 bytes).
    Removing nrf_assert.o(.rrx_text), (6 bytes).
    Removing nrf_assert.o(i.assert_nrf_callback), (22 bytes).
    Removing nrf_strerror.o(.rev16_text), (4 bytes).
    Removing nrf_strerror.o(.revsh_text), (4 bytes).
    Removing nrf_strerror.o(.rrx_text), (6 bytes).
    Removing nrf_strerror.o(i.nrf_strerror_find), (56 bytes).
    Removing nrf_strerror.o(i.nrf_strerror_get), (20 bytes).
    Removing nrf_strerror.o(.constdata), (260 bytes).
    Removing nrf_strerror.o(.conststring), (776 bytes).
    Removing retarget.o(.rev16_text), (4 bytes).
    Removing retarget.o(.revsh_text), (4 bytes).
    Removing retarget.o(.rrx_text), (6 bytes).
    Removing retarget.o(i.fgetc), (18 bytes).
    Removing retarget.o(.data), (4 bytes).
    Removing nrf_log_backend_serial.o(.rev16_text), (4 bytes).
    Removing nrf_log_backend_serial.o(.revsh_text), (4 bytes).
    Removing nrf_log_backend_serial.o(.rrx_text), (6 bytes).
    Removing nrf_log_backend_serial.o(i.buf_len_update), (18 bytes).
    Removing nrf_log_backend_serial.o(i.nrf_log_backend_getchar), (52 bytes).
    Removing nrf_log_backend_serial.o(i.nrf_log_backend_hexdump_handler_get), (8 bytes).
    Removing nrf_log_backend_serial.o(i.nrf_log_backend_serial_hexdump_handler), (302 bytes).
    Removing nrf_log_backend_serial.o(i.nrf_log_backend_serial_std_handler), (276 bytes).
    Removing nrf_log_backend_serial.o(i.nrf_log_backend_std_handler_get), (8 bytes).
    Removing nrf_log_backend_serial.o(i.serial_is_busy), (12 bytes).
    Removing nrf_log_backend_serial.o(i.serial_tx), (44 bytes).
    Removing nrf_log_backend_serial.o(i.timestamp_process), (52 bytes).
    Removing nrf_log_backend_serial.o(.bss), (256 bytes).
    Removing nrf_log_backend_serial.o(.constdata), (5 bytes).
    Removing nrf_log_frontend.o(.rev16_text), (4 bytes).
    Removing nrf_log_frontend.o(.revsh_text), (4 bytes).
    Removing nrf_log_frontend.o(.rrx_text), (6 bytes).
    Removing nrf_log_frontend.o(i.cont_buf_prealloc), (116 bytes).
    Removing nrf_log_frontend.o(i.nrf_log_frontend_hexdump), (144 bytes).
    Removing nrf_log_frontend.o(i.nrf_log_frontend_init), (20 bytes).
    Removing nrf_log_frontend.o(i.nrf_log_frontend_std_1), (88 bytes).
    Removing nrf_log_frontend.o(i.nrf_log_frontend_std_2), (104 bytes).
    Removing nrf_log_frontend.o(i.nrf_log_frontend_std_3), (124 bytes).
    Removing nrf_log_frontend.o(i.nrf_log_frontend_std_4), (136 bytes).
    Removing nrf_log_frontend.o(i.nrf_log_frontend_std_5), (152 bytes).
    Removing nrf_log_frontend.o(i.nrf_log_frontend_std_6), (164 bytes).
    Removing nrf_log_frontend.o(i.nrf_log_getchar), (4 bytes).
    Removing nrf_log_frontend.o(i.nrf_log_handlers_set), (16 bytes).
    Removing nrf_log_frontend.o(i.nrf_log_init), (36 bytes).
    Removing nrf_log_frontend.o(i.nrf_log_push), (96 bytes).
    Removing segger_rtt.o(.rev16_text), (4 bytes).
    Removing segger_rtt.o(.revsh_text), (4 bytes).
    Removing segger_rtt.o(.rrx_text), (6 bytes).
    Removing segger_rtt.o(i.SEGGER_RTT_ConfigDownBuffer), (92 bytes).
    Removing segger_rtt.o(i.SEGGER_RTT_ConfigUpBuffer), (92 bytes).
    Removing segger_rtt.o(i.SEGGER_RTT_GetKey), (28 bytes).
    Removing segger_rtt.o(i.SEGGER_RTT_HasData), (24 bytes).
    Removing segger_rtt.o(i.SEGGER_RTT_HasKey), (32 bytes).
    Removing segger_rtt.o(i.SEGGER_RTT_Init), (20 bytes).
    Removing segger_rtt.o(i.SEGGER_RTT_Read), (38 bytes).
    Removing segger_rtt.o(i.SEGGER_RTT_ReadNoLock), (124 bytes).
    Removing segger_rtt.o(i.SEGGER_RTT_SetNameDownBuffer), (60 bytes).
    Removing segger_rtt.o(i.SEGGER_RTT_SetNameUpBuffer), (60 bytes).
    Removing segger_rtt.o(i.SEGGER_RTT_SetTerminal), (132 bytes).
    Removing segger_rtt.o(i.SEGGER_RTT_TerminalOut), (172 bytes).
    Removing segger_rtt.o(i.SEGGER_RTT_WaitKey), (14 bytes).
    Removing segger_rtt.o(i.SEGGER_RTT_Write), (52 bytes).
    Removing segger_rtt.o(i.SEGGER_RTT_WriteNoLock), (92 bytes).
    Removing segger_rtt.o(i.SEGGER_RTT_WriteSkipNoLock), (116 bytes).
    Removing segger_rtt.o(i.SEGGER_RTT_WriteString), (26 bytes).
    Removing segger_rtt.o(i._DoInit), (104 bytes).
    Removing segger_rtt.o(i._GetAvailWriteSpace), (22 bytes).
    Removing segger_rtt.o(i._PostTerminalSwitch), (32 bytes).
    Removing segger_rtt.o(i._WriteBlocking), (90 bytes).
    Removing segger_rtt.o(i._WriteNoCheck), (62 bytes).
    Removing segger_rtt.o(.bss), (200 bytes).
    Removing segger_rtt.o(.data), (17 bytes).
    Removing data_builder.o(i.inv_accel_was_turned_off), (16 bytes).
    Removing data_builder.o(i.inv_apply_calibration), (106 bytes).
    Removing data_builder.o(i.inv_build_accel), (128 bytes).
    Removing data_builder.o(i.inv_build_compass), (140 bytes).
    Removing data_builder.o(i.inv_build_gyro), (52 bytes).
    Removing data_builder.o(i.inv_build_quat), (44 bytes).
    Removing data_builder.o(i.inv_build_temp), (44 bytes).
    Removing data_builder.o(i.inv_compass_was_turned_off), (16 bytes).
    Removing data_builder.o(i.inv_db_load_func), (60 bytes).
    Removing data_builder.o(i.inv_db_save_func), (20 bytes).
    Removing data_builder.o(i.inv_disable_compass_soft_iron_matrix), (16 bytes).
    Removing data_builder.o(i.inv_enable_compass_soft_iron_matrix), (16 bytes).
    Removing data_builder.o(i.inv_execute_on_data), (128 bytes).
    Removing data_builder.o(i.inv_get_accel_accuracy), (12 bytes).
    Removing data_builder.o(i.inv_get_accel_bias), (36 bytes).
    Removing data_builder.o(i.inv_get_accel_on), (16 bytes).
    Removing data_builder.o(i.inv_get_accel_orient), (16 bytes).
    Removing data_builder.o(i.inv_get_accel_sample_rate_ms), (12 bytes).
    Removing data_builder.o(i.inv_get_accel_sensitivity), (12 bytes).
    Removing data_builder.o(i.inv_get_accel_set), (44 bytes).
    Removing data_builder.o(i.inv_get_compass_bias), (20 bytes).
    Removing data_builder.o(i.inv_get_compass_disturbance), (12 bytes).
    Removing data_builder.o(i.inv_get_compass_on), (16 bytes).
    Removing data_builder.o(i.inv_get_compass_sample_rate_ms), (16 bytes).
    Removing data_builder.o(i.inv_get_compass_sensitivity), (12 bytes).
    Removing data_builder.o(i.inv_get_compass_set), (56 bytes).
    Removing data_builder.o(i.inv_get_compass_soft_iron_input_data), (28 bytes).
    Removing data_builder.o(i.inv_get_compass_soft_iron_matrix_d), (28 bytes).
    Removing data_builder.o(i.inv_get_compass_soft_iron_matrix_f), (32 bytes).
    Removing data_builder.o(i.inv_get_compass_soft_iron_output_data), (28 bytes).
    Removing data_builder.o(i.inv_get_gyro), (16 bytes).
    Removing data_builder.o(i.inv_get_gyro_accuracy), (12 bytes).
    Removing data_builder.o(i.inv_get_gyro_bias), (36 bytes).
    Removing data_builder.o(i.inv_get_gyro_bias_tc_set), (24 bytes).
    Removing data_builder.o(i.inv_get_gyro_on), (16 bytes).
    Removing data_builder.o(i.inv_get_gyro_orient), (16 bytes).
    Removing data_builder.o(i.inv_get_gyro_sample_rate_ms), (12 bytes).
    Removing data_builder.o(i.inv_get_gyro_sensitivity), (12 bytes).
    Removing data_builder.o(i.inv_get_gyro_set), (40 bytes).
    Removing data_builder.o(i.inv_get_gyro_set_raw), (40 bytes).
    Removing data_builder.o(i.inv_get_last_timestamp), (100 bytes).
    Removing data_builder.o(i.inv_get_mag_accuracy), (28 bytes).
    Removing data_builder.o(i.inv_get_temp_set), (36 bytes).
    Removing data_builder.o(i.inv_gyro_was_turned_off), (12 bytes).
    Removing data_builder.o(i.inv_init_data_builder), (60 bytes).
    Removing data_builder.o(i.inv_matrix_vector_mult), (110 bytes).
    Removing data_builder.o(i.inv_quaternion_sensor_was_turned_off), (16 bytes).
    Removing data_builder.o(i.inv_register_data_cb), (164 bytes).
    Removing data_builder.o(i.inv_reset_compass_soft_iron_matrix), (84 bytes).
    Removing data_builder.o(i.inv_set_accel_accuracy), (28 bytes).
    Removing data_builder.o(i.inv_set_accel_bandwidth), (12 bytes).
    Removing data_builder.o(i.inv_set_accel_bias), (76 bytes).
    Removing data_builder.o(i.inv_set_accel_bias_mask), (84 bytes).
    Removing data_builder.o(i.inv_set_accel_orientation_and_scale), (12 bytes).
    Removing data_builder.o(i.inv_set_accel_sample_rate), (44 bytes).
    Removing data_builder.o(i.inv_set_compass_bandwidth), (12 bytes).
    Removing data_builder.o(i.inv_set_compass_bias), (72 bytes).
    Removing data_builder.o(i.inv_set_compass_disturbance), (12 bytes).
    Removing data_builder.o(i.inv_set_compass_orientation_and_scale), (16 bytes).
    Removing data_builder.o(i.inv_set_compass_sample_rate), (44 bytes).
    Removing data_builder.o(i.inv_set_compass_soft_iron_input_data), (80 bytes).
    Removing data_builder.o(i.inv_set_compass_soft_iron_matrix_d), (60 bytes).
    Removing data_builder.o(i.inv_set_compass_soft_iron_matrix_f), (60 bytes).
    Removing data_builder.o(i.inv_set_contiguous), (160 bytes).
    Removing data_builder.o(i.inv_set_gyro_bandwidth), (12 bytes).
    Removing data_builder.o(i.inv_set_gyro_bias), (92 bytes).
    Removing data_builder.o(i.inv_set_gyro_orientation_and_scale), (12 bytes).
    Removing data_builder.o(i.inv_set_gyro_sample_rate), (40 bytes).
    Removing data_builder.o(i.inv_set_quat_sample_rate), (24 bytes).
    Removing data_builder.o(i.inv_temperature_was_turned_off), (16 bytes).
    Removing data_builder.o(i.inv_unregister_data_cb), (76 bytes).
    Removing data_builder.o(i.set_sensor_orientation_and_scale), (6 bytes).
    Removing data_builder.o(.bss), (784 bytes).
    Removing data_builder.o(.conststring), (68 bytes).
    Removing hal_outputs.o(i.google_orientation), (128 bytes).
    Removing hal_outputs.o(i.inv_disable_hal_outputs), (28 bytes).
    Removing hal_outputs.o(i.inv_enable_hal_outputs), (20 bytes).
    Removing hal_outputs.o(i.inv_generate_hal_outputs), (364 bytes).
    Removing hal_outputs.o(i.inv_get_rotation), (184 bytes).
    Removing hal_outputs.o(i.inv_get_sensor_type_accelerometer), (88 bytes).
    Removing hal_outputs.o(i.inv_get_sensor_type_gravity), (100 bytes).
    Removing hal_outputs.o(i.inv_get_sensor_type_gyroscope), (88 bytes).
    Removing hal_outputs.o(i.inv_get_sensor_type_gyroscope_raw), (88 bytes).
    Removing hal_outputs.o(i.inv_get_sensor_type_linear_acceleration), (112 bytes).
    Removing hal_outputs.o(i.inv_get_sensor_type_magnetic_field), (68 bytes).
    Removing hal_outputs.o(i.inv_get_sensor_type_orientation), (28 bytes).
    Removing hal_outputs.o(i.inv_get_sensor_type_rotation_vector), (184 bytes).
    Removing hal_outputs.o(i.inv_init_hal_outputs), (56 bytes).
    Removing hal_outputs.o(i.inv_start_hal_outputs), (16 bytes).
    Removing hal_outputs.o(i.inv_stop_hal_outputs), (12 bytes).
    Removing hal_outputs.o(.bss), (208 bytes).
    Removing hal_outputs.o(.data), (20 bytes).
    Removing message_layer.o(i.inv_get_message_level_0), (20 bytes).
    Removing message_layer.o(i.inv_set_message), (20 bytes).
    Removing message_layer.o(.data), (4 bytes).
    Removing ml_math_func.o(i.inv_angle_diff), (80 bytes).
    Removing ml_math_func.o(i.inv_big8_to_int16), (8 bytes).
    Removing ml_math_func.o(i.inv_big8_to_int32), (14 bytes).
    Removing ml_math_func.o(i.inv_biquad_filter_process), (70 bytes).
    Removing ml_math_func.o(i.inv_calc_state_to_match_output), (42 bytes).
    Removing ml_math_func.o(i.inv_checksum), (28 bytes).
    Removing ml_math_func.o(i.inv_compass_angle), (172 bytes).
    Removing ml_math_func.o(i.inv_convert_to_body), (70 bytes).
    Removing ml_math_func.o(i.inv_convert_to_body_with_scale), (92 bytes).
    Removing ml_math_func.o(i.inv_convert_to_chip), (70 bytes).
    Removing ml_math_func.o(i.inv_get_cross_product_vec), (86 bytes).
    Removing ml_math_func.o(i.inv_get_gyro_sum_of_sqr), (26 bytes).
    Removing ml_math_func.o(i.inv_init_biquad_filter), (44 bytes).
    Removing ml_math_func.o(i.inv_int16_to_big8), (10 bytes).
    Removing ml_math_func.o(i.inv_int32_to_big8), (18 bytes).
    Removing ml_math_func.o(i.inv_little8_to_int16), (6 bytes).
    Removing ml_math_func.o(i.inv_matrix_det), (156 bytes).
    Removing ml_math_func.o(i.inv_matrix_det_inc), (96 bytes).
    Removing ml_math_func.o(i.inv_matrix_det_incd), (96 bytes).
    Removing ml_math_func.o(i.inv_matrix_detd), (224 bytes).
    Removing ml_math_func.o(i.inv_orientation_matrix_to_scalar), (34 bytes).
    Removing ml_math_func.o(i.inv_q29_mult), (12 bytes).
    Removing ml_math_func.o(i.inv_q30_div), (22 bytes).
    Removing ml_math_func.o(i.inv_q30_mult), (12 bytes).
    Removing ml_math_func.o(i.inv_q30_to_double), (32 bytes).
    Removing ml_math_func.o(i.inv_q_add), (36 bytes).
    Removing ml_math_func.o(i.inv_q_addf), (66 bytes).
    Removing ml_math_func.o(i.inv_q_invert), (24 bytes).
    Removing ml_math_func.o(i.inv_q_invertf), (46 bytes).
    Removing ml_math_func.o(i.inv_q_mult), (176 bytes).
    Removing ml_math_func.o(i.inv_q_multf), (210 bytes).
    Removing ml_math_func.o(i.inv_q_norm4), (132 bytes).
    Removing ml_math_func.o(i.inv_q_normalize), (6 bytes).
    Removing ml_math_func.o(i.inv_q_normalizef), (176 bytes).
    Removing ml_math_func.o(i.inv_q_rotate), (62 bytes).
    Removing ml_math_func.o(i.inv_q_shift_mult), (12 bytes).
    Removing ml_math_func.o(i.inv_quaternion_to_rotation), (218 bytes).
    Removing ml_math_func.o(i.inv_quaternion_to_rotation_vector), (34 bytes).
    Removing ml_math_func.o(i.inv_row_2_scale), (72 bytes).
    Removing ml_math_func.o(i.inv_vector_norm), (46 bytes).
    Removing ml_math_func.o(i.inv_vector_normalize), (216 bytes).
    Removing ml_math_func.o(i.inv_wrap_angle), (48 bytes).
    Removing ml_math_func.o(i.mlMatrixVectorMult), (50 bytes).
    Removing ml_math_func.o(i.quaternion_to_rotation_angle), (188 bytes).
    Removing mlmath.o(i.ml_acos), (4 bytes).
    Removing mlmath.o(i.ml_asin), (4 bytes).
    Removing mlmath.o(i.ml_atan), (4 bytes).
    Removing mlmath.o(i.ml_atan2), (4 bytes).
    Removing mlmath.o(i.ml_ceil), (4 bytes).
    Removing mlmath.o(i.ml_cos), (4 bytes).
    Removing mlmath.o(i.ml_floor), (4 bytes).
    Removing mlmath.o(i.ml_log), (4 bytes).
    Removing mlmath.o(i.ml_pow), (4 bytes).
    Removing mlmath.o(i.ml_sin), (4 bytes).
    Removing mlmath.o(i.ml_sqrt), (4 bytes).
    Removing mpl.o(i.__print_result_location), (48 bytes).
    Removing mpl.o(i.inv_get_version), (12 bytes).
    Removing mpl.o(i.inv_init_mpl), (136 bytes).
    Removing mpl.o(i.inv_start_mpl), (76 bytes).
    Removing mpl.o(.constdata), (47 bytes).
    Removing results_holder.o(i.inv_enable_results_holder), (28 bytes).
    Removing results_holder.o(i.inv_generate_results), (16 bytes).
    Removing results_holder.o(i.inv_get_6axis_quaternion), (20 bytes).
    Removing results_holder.o(i.inv_get_acc_state), (12 bytes).
    Removing results_holder.o(i.inv_get_accel), (20 bytes).
    Removing results_holder.o(i.inv_get_accel_float), (68 bytes).
    Removing results_holder.o(i.inv_get_compass_bias_error), (16 bytes).
    Removing results_holder.o(i.inv_get_compass_correction), (28 bytes).
    Removing results_holder.o(i.inv_get_compass_state), (12 bytes).
    Removing results_holder.o(i.inv_get_gravity), (84 bytes).
    Removing results_holder.o(i.inv_get_gyro_float), (68 bytes).
    Removing results_holder.o(i.inv_get_heading_confidence_interval), (12 bytes).
    Removing results_holder.o(i.inv_get_large_mag_field), (12 bytes).
    Removing results_holder.o(i.inv_get_linear_accel), (58 bytes).
    Removing results_holder.o(i.inv_get_linear_accel_float), (68 bytes).
    Removing results_holder.o(i.inv_get_local_field), (16 bytes).
    Removing results_holder.o(i.inv_get_mag_scale), (16 bytes).
    Removing results_holder.o(i.inv_get_motion_state), (16 bytes).
    Removing results_holder.o(i.inv_get_quaternion), (56 bytes).
    Removing results_holder.o(i.inv_get_quaternion_float), (58 bytes).
    Removing results_holder.o(i.inv_get_quaternion_set), (58 bytes).
    Removing results_holder.o(i.inv_got_accel_bias), (12 bytes).
    Removing results_holder.o(i.inv_got_compass_bias), (12 bytes).
    Removing results_holder.o(i.inv_init_results_holder), (48 bytes).
    Removing results_holder.o(i.inv_q30_to_float), (24 bytes).
    Removing results_holder.o(i.inv_set_acc_state), (12 bytes).
    Removing results_holder.o(i.inv_set_accel_bias_found), (12 bytes).
    Removing results_holder.o(i.inv_set_compass_bias_error), (16 bytes).
    Removing results_holder.o(i.inv_set_compass_bias_found), (12 bytes).
    Removing results_holder.o(i.inv_set_compass_correction), (36 bytes).
    Removing results_holder.o(i.inv_set_compass_state), (12 bytes).
    Removing results_holder.o(i.inv_set_heading_confidence_interval), (12 bytes).
    Removing results_holder.o(i.inv_set_large_mag_field), (12 bytes).
    Removing results_holder.o(i.inv_set_local_field), (16 bytes).
    Removing results_holder.o(i.inv_set_mag_scale), (16 bytes).
    Removing results_holder.o(i.inv_set_motion_state), (52 bytes).
    Removing results_holder.o(i.inv_start_results_holder), (24 bytes).
    Removing results_holder.o(i.inv_store_gaming_quaternion), (32 bytes).
    Removing results_holder.o(.bss), (144 bytes).
    Removing start_manager.o(i.inv_execute_mpl_start_notification), (44 bytes).
    Removing start_manager.o(i.inv_init_start_manager), (20 bytes).
    Removing start_manager.o(i.inv_register_mpl_start_notification), (32 bytes).
    Removing start_manager.o(i.inv_unregister_mpl_start_notification), (72 bytes).
    Removing start_manager.o(.bss), (84 bytes).
    Removing storage_manager.o(i.inv_get_mpl_state_size), (16 bytes).
    Removing storage_manager.o(i.inv_init_storage_manager), (24 bytes).
    Removing storage_manager.o(i.inv_load_mpl_states), (168 bytes).
    Removing storage_manager.o(i.inv_register_load_store), (108 bytes).
    Removing storage_manager.o(i.inv_save_mpl_states), (120 bytes).
    Removing storage_manager.o(.bss), (408 bytes).
    Removing inv_mpu_dmp_motion_driver.o(.rev16_text), (4 bytes).
    Removing inv_mpu_dmp_motion_driver.o(.revsh_text), (4 bytes).
    Removing inv_mpu_dmp_motion_driver.o(.rrx_text), (6 bytes).
    Removing inv_mpu_dmp_motion_driver.o(i.dmp_enable_6x_lp_quat), (58 bytes).
    Removing inv_mpu_dmp_motion_driver.o(i.dmp_enable_feature), (472 bytes).
    Removing inv_mpu_dmp_motion_driver.o(i.dmp_enable_gyro_cal), (60 bytes).
    Removing inv_mpu_dmp_motion_driver.o(i.dmp_enable_lp_quat), (58 bytes).
    Removing inv_mpu_dmp_motion_driver.o(i.dmp_get_enabled_features), (16 bytes).
    Removing inv_mpu_dmp_motion_driver.o(i.dmp_get_fifo_rate), (16 bytes).
    Removing inv_mpu_dmp_motion_driver.o(i.dmp_get_pedometer_step_count), (48 bytes).
    Removing inv_mpu_dmp_motion_driver.o(i.dmp_get_pedometer_walk_time), (54 bytes).
    Removing inv_mpu_dmp_motion_driver.o(i.dmp_load_motion_driver_firmware), (20 bytes).
    Removing inv_mpu_dmp_motion_driver.o(i.dmp_read_fifo), (328 bytes).
    Removing inv_mpu_dmp_motion_driver.o(i.dmp_register_android_orient_cb), (12 bytes).
    Removing inv_mpu_dmp_motion_driver.o(i.dmp_register_tap_cb), (12 bytes).
    Removing inv_mpu_dmp_motion_driver.o(i.dmp_set_accel_bias), (224 bytes).
    Removing inv_mpu_dmp_motion_driver.o(i.dmp_set_fifo_rate), (100 bytes).
    Removing inv_mpu_dmp_motion_driver.o(i.dmp_set_gyro_bias), (204 bytes).
    Removing inv_mpu_dmp_motion_driver.o(i.dmp_set_interrupt_mode), (84 bytes).
    Removing inv_mpu_dmp_motion_driver.o(i.dmp_set_orientation), (268 bytes).
    Removing inv_mpu_dmp_motion_driver.o(i.dmp_set_pedometer_step_count), (38 bytes).
    Removing inv_mpu_dmp_motion_driver.o(i.dmp_set_pedometer_walk_time), (44 bytes).
    Removing inv_mpu_dmp_motion_driver.o(i.dmp_set_shake_reject_thresh), (48 bytes).
    Removing inv_mpu_dmp_motion_driver.o(i.dmp_set_shake_reject_time), (32 bytes).
    Removing inv_mpu_dmp_motion_driver.o(i.dmp_set_shake_reject_timeout), (32 bytes).
    Removing inv_mpu_dmp_motion_driver.o(i.dmp_set_tap_axes), (64 bytes).
    Removing inv_mpu_dmp_motion_driver.o(i.dmp_set_tap_count), (34 bytes).
    Removing inv_mpu_dmp_motion_driver.o(i.dmp_set_tap_thresh), (352 bytes).
    Removing inv_mpu_dmp_motion_driver.o(i.dmp_set_tap_time), (32 bytes).
    Removing inv_mpu_dmp_motion_driver.o(i.dmp_set_tap_time_multi), (32 bytes).
    Removing inv_mpu_dmp_motion_driver.o(i.nrf_delay_us), (140 bytes).
    Removing inv_mpu_dmp_motion_driver.o(.bss), (16 bytes).
    Removing inv_mpu_dmp_motion_driver.o(.constdata), (3062 bytes).
    Removing inv_mpu.o(.rev16_text), (4 bytes).
    Removing inv_mpu.o(.revsh_text), (4 bytes).
    Removing inv_mpu.o(.rrx_text), (6 bytes).
    Removing inv_mpu.o(i.accel_6500_self_test), (408 bytes).
    Removing inv_mpu.o(i.compass_self_test), (280 bytes).
    Removing inv_mpu.o(i.get_st_6500_biases), (876 bytes).
    Removing inv_mpu.o(i.get_st_biases), (792 bytes).
    Removing inv_mpu.o(i.gyro_6500_self_test), (376 bytes).
    Removing inv_mpu.o(i.mpu_configure_fifo), (84 bytes).
    Removing inv_mpu.o(i.mpu_get_accel_fsr), (60 bytes).
    Removing inv_mpu.o(i.mpu_get_accel_reg), (80 bytes).
    Removing inv_mpu.o(i.mpu_get_accel_sens), (68 bytes).
    Removing inv_mpu.o(i.mpu_get_compass_fsr), (16 bytes).
    Removing inv_mpu.o(i.mpu_get_compass_reg), (140 bytes).
    Removing inv_mpu.o(i.mpu_get_compass_sample_rate), (16 bytes).
    Removing inv_mpu.o(i.mpu_get_dmp_state), (16 bytes).
    Removing inv_mpu.o(i.mpu_get_fifo_config), (16 bytes).
    Removing inv_mpu.o(i.mpu_get_gyro_fsr), (52 bytes).
    Removing inv_mpu.o(i.mpu_get_gyro_reg), (84 bytes).
    Removing inv_mpu.o(i.mpu_get_gyro_sens), (76 bytes).
    Removing inv_mpu.o(i.mpu_get_int_status), (52 bytes).
    Removing inv_mpu.o(i.mpu_get_lpf), (56 bytes).
    Removing inv_mpu.o(i.mpu_get_power_state), (20 bytes).
    Removing inv_mpu.o(i.mpu_get_sample_rate), (28 bytes).
    Removing inv_mpu.o(i.mpu_get_temperature), (136 bytes).
    Removing inv_mpu.o(i.mpu_init_inv), (216 bytes).
    Removing inv_mpu.o(i.mpu_load_firmware), (160 bytes).
    Removing inv_mpu.o(i.mpu_lp_accel_mode), (236 bytes).
    Removing inv_mpu.o(i.mpu_lp_motion_interrupt), (552 bytes).
    Removing inv_mpu.o(i.mpu_read_6050_accel_bias), (100 bytes).
    Removing inv_mpu.o(i.mpu_read_6500_accel_bias), (100 bytes).
    Removing inv_mpu.o(i.mpu_read_6500_gyro_bias), (100 bytes).
    Removing inv_mpu.o(i.mpu_read_fifo), (352 bytes).
    Removing inv_mpu.o(i.mpu_read_fifo_stream), (144 bytes).
    Removing inv_mpu.o(i.mpu_read_mem), (84 bytes).
    Removing inv_mpu.o(i.mpu_read_reg), (56 bytes).
    Removing inv_mpu.o(i.mpu_reg_dump), (64 bytes).
    Removing inv_mpu.o(i.mpu_reset_fifo), (352 bytes).
    Removing inv_mpu.o(i.mpu_run_6500_self_test), (264 bytes).
    Removing inv_mpu.o(i.mpu_run_self_test), (156 bytes).
    Removing inv_mpu.o(i.mpu_set_accel_bias_6050_reg), (176 bytes).
    Removing inv_mpu.o(i.mpu_set_accel_bias_6500_reg), (176 bytes).
    Removing inv_mpu.o(i.mpu_set_accel_fsr), (104 bytes).
    Removing inv_mpu.o(i.mpu_set_bypass), (220 bytes).
    Removing inv_mpu.o(i.mpu_set_compass_sample_rate), (76 bytes).
    Removing inv_mpu.o(i.mpu_set_dmp_state), (120 bytes).
    Removing inv_mpu.o(i.mpu_set_gyro_bias_reg), (132 bytes).
    Removing inv_mpu.o(i.mpu_set_gyro_fsr), (108 bytes).
    Removing inv_mpu.o(i.mpu_set_int_latched), (100 bytes).
    Removing inv_mpu.o(i.mpu_set_int_level), (16 bytes).
    Removing inv_mpu.o(i.mpu_set_lpf), (136 bytes).
    Removing inv_mpu.o(i.mpu_set_sample_rate), (144 bytes).
    Removing inv_mpu.o(i.mpu_set_sensors), (308 bytes).
    Removing inv_mpu.o(i.mpu_write_mem), (84 bytes).
    Removing inv_mpu.o(i.nrf_delay_ms), (10 bytes).
    Removing inv_mpu.o(i.nrf_delay_us), (140 bytes).
    Removing inv_mpu.o(i.set_int_enable), (88 bytes).
    Removing inv_mpu.o(i.setup_compass), (444 bytes).
    Removing inv_mpu.o(.constdata), (42 bytes).
    Removing inv_mpu.o(.constdata), (14 bytes).
    Removing inv_mpu.o(.constdata), (48 bytes).
    Removing inv_mpu.o(.constdata), (512 bytes).
    Removing inv_mpu.o(.data), (56 bytes).
    Removing empl_outputs.o(i.inv_disable_eMPL_outputs), (28 bytes).
    Removing empl_outputs.o(i.inv_enable_eMPL_outputs), (28 bytes).
    Removing empl_outputs.o(i.inv_generate_eMPL_outputs), (172 bytes).
    Removing empl_outputs.o(i.inv_get_sensor_type_accel), (28 bytes).
    Removing empl_outputs.o(i.inv_get_sensor_type_compass), (28 bytes).
    Removing empl_outputs.o(i.inv_get_sensor_type_euler), (448 bytes).
    Removing empl_outputs.o(i.inv_get_sensor_type_gyro), (28 bytes).
    Removing empl_outputs.o(i.inv_get_sensor_type_heading), (168 bytes).
    Removing empl_outputs.o(i.inv_get_sensor_type_quat), (32 bytes).
    Removing empl_outputs.o(i.inv_get_sensor_type_rot_mat), (36 bytes).
    Removing empl_outputs.o(i.inv_start_eMPL_outputs), (16 bytes).
    Removing empl_outputs.o(.bss), (48 bytes).
    Removing arm_startup_nrf52840.o(HEAP), (8192 bytes).
    Removing system_nrf52840.o(.rev16_text), (4 bytes).
    Removing system_nrf52840.o(.revsh_text), (4 bytes).
    Removing system_nrf52840.o(.rrx_text), (6 bytes).
    Removing system_nrf52840.o(i.SystemCoreClockUpdate), (16 bytes).
    Removing dadd.o(.text), (334 bytes).
    Removing dmul.o(.text), (228 bytes).
    Removing ddiv.o(.text), (222 bytes).
    Removing dflti.o(.text), (34 bytes).
    Removing dfixi.o(.text), (62 bytes).
    Removing f2d.o(.text), (38 bytes).
    Removing cdcmple.o(.text), (48 bytes).
    Removing cdrcmple.o(.text), (48 bytes).
    Removing depilogue.o(.text), (186 bytes).
    Removing dneg.o(.text), (6 bytes).
    Removing dscalb.o(.text), (46 bytes).
    Removing dsqrt.o(.text), (162 bytes).
    Removing dfixul.o(.text), (48 bytes).
    Removing dfltui.o(.text), (26 bytes).

522 unused section(s) (total 46285 bytes) removed from the image.

==============================================================================

Memory Map of the image

  Image Entry point : 0x00000000

  Load Region LR_IROM1 (Base: 0x00000000, Size: 0x00003004, Max: 0x00100000, ABSOLUTE)

    Execution Region ER_IROM1 (Base: 0x00000000, Size: 0x00002fc0, Max: 0x00100000, ABSOLUTE)

    Base Addr    Size         Type   Attr      Idx    E Section Name        Object

    0x00000000   0x00000200   Data   RO         4102    RESET               arm_startup_nrf52840.o
    0x00000200   0x00000000   Code   RO         4315  * .ARM.Collect$$$$00000000  mc_w.l(entry.o)
    0x00000200   0x00000004   Code   RO         4692    .ARM.Collect$$$$00000001  mc_w.l(entry2.o)
    0x00000204   0x00000004   Code   RO         4695    .ARM.Collect$$$$00000004  mc_w.l(entry5.o)
    0x00000208   0x00000000   Code   RO         4697    .ARM.Collect$$$$00000008  mc_w.l(entry7b.o)
    0x00000208   0x00000000   Code   RO         4699    .ARM.Collect$$$$0000000A  mc_w.l(entry8b.o)
    0x00000208   0x00000008   Code   RO         4700    .ARM.Collect$$$$0000000B  mc_w.l(entry9a.o)
    0x00000210   0x00000000   Code   RO         4702    .ARM.Collect$$$$0000000D  mc_w.l(entry10a.o)
    0x00000210   0x00000000   Code   RO         4704    .ARM.Collect$$$$0000000F  mc_w.l(entry11a.o)
    0x00000210   0x00000004   Code   RO         4693    .ARM.Collect$$$$00002712  mc_w.l(entry2.o)
    0x00000214   0x00000024   Code   RO         4103    .text               arm_startup_nrf52840.o
    0x00000238   0x00000040   Code   RO         4352    .text               mc_w.l(memmovea.o)
    0x00000278   0x00000062   Code   RO         4708    .text               mc_w.l(uldiv.o)
    0x000002da   0x0000001e   Code   RO         4710    .text               mc_w.l(llshl.o)
    0x000002f8   0x00000020   Code   RO         4712    .text               mc_w.l(llushr.o)
    0x00000318   0x00000024   Code   RO         4732    .text               mc_w.l(init.o)
    0x0000033c   0x00000016   Code   RO         1274    i.NVIC_ClearPendingIRQ  app_timer_1.o
    0x00000352   0x00000016   Code   RO         1275    i.NVIC_EnableIRQ    app_timer_1.o
    0x00000368   0x00000016   Code   RO         1276    i.NVIC_SetPendingIRQ  app_timer_1.o
    0x0000037e   0x00000020   Code   RO         1277    i.NVIC_SetPriority  app_timer_1.o
    0x0000039e   0x00000002   PAD
    0x000003a0   0x000000b8   Code   RO          835    i.POWER_CLOCK_IRQHandler  nrf_drv_clock.o
    0x00000458   0x00000024   Code   RO         1278    i.RTC1_IRQHandler   app_timer_1.o
    0x0000047c   0x00000010   Code   RO          266    i.SPIM0_SPIS0_TWIM0_TWIS0_SPI0_TWI0_IRQHandler  nrf_drv_twi.o
    0x0000048c   0x00000004   Code   RO         1279    i.SWI0_EGU0_IRQHandler  app_timer_1.o
    0x00000490   0x000001e8   Code   RO         4111    i.SystemInit        system_nrf52840.o
    0x00000678   0x0000001c   Code   RO         1033    i.UARTE0_UART0_IRQHandler  nrf_drv_uart.o
    0x00000694   0x00000020   Code   RO         4573    i.__0printf$8       mc_w.l(printf8.o)
    0x000006b4   0x00000410   Code   RO         4580    i._printf_core      mc_w.l(printf8.o)
    0x00000ac4   0x00000024   Code   RO         4581    i._printf_post_padding  mc_w.l(printf8.o)
    0x00000ae8   0x0000002e   Code   RO         4582    i._printf_pre_padding  mc_w.l(printf8.o)
    0x00000b16   0x00000002   PAD
    0x00000b18   0x0000006c   Code   RO         1483    i.app_error_fault_handler  app_error_weak.o
    0x00000b84   0x00000016   Code   RO         1444    i.app_error_handler_bare  app_error.o
    0x00000b9a   0x00000016   Code   RO         1512    i.app_fifo_get      app_fifo.o
    0x00000bb0   0x00000020   Code   RO         1513    i.app_fifo_init     app_fifo.o
    0x00000bd0   0x0000001a   Code   RO         1515    i.app_fifo_put      app_fifo.o
    0x00000bea   0x00000002   PAD
    0x00000bec   0x0000000c   Code   RO         1281    i.app_timer_cnt_get  app_timer_1.o
    0x00000bf8   0x00000024   Code   RO         1282    i.app_timer_create  app_timer_1.o
    0x00000c1c   0x00000054   Code   RO         1283    i.app_timer_init    app_timer_1.o
    0x00000c70   0x00000080   Code   RO         1286    i.app_timer_start   app_timer_1.o
    0x00000cf0   0x000000b4   Code   RO         1587    i.app_uart_init     app_uart_fifo.o
    0x00000da4   0x0000003c   Code   RO         1588    i.app_uart_put      app_uart_fifo.o
    0x00000de0   0x00000004   Code   RO         1656    i.app_util_critical_region_enter  app_util_platform.o
    0x00000de4   0x00000004   Code   RO         1657    i.app_util_critical_region_exit  app_util_platform.o
    0x00000de8   0x00000010   Code   RO         1658    i.app_util_disable_irq  app_util_platform.o
    0x00000df8   0x00000014   Code   RO         1659    i.app_util_enable_irq  app_util_platform.o
    0x00000e0c   0x000000a8   Code   RO         1034    i.apply_config      nrf_drv_uart.o
    0x00000eb4   0x00000010   Code   RO          726    i.bsp_board_led_off  boards.o
    0x00000ec4   0x0000002c   Code   RO          729    i.bsp_board_leds_init  boards.o
    0x00000ef0   0x00000012   Code   RO          730    i.bsp_board_leds_off  boards.o
    0x00000f02   0x00000002   PAD
    0x00000f04   0x00000060   Code   RO         1911    i.buf_prealloc      nrf_log_frontend.o
    0x00000f64   0x00000014   Code   RO         1912    i.buffer_is_empty   nrf_log_frontend.o
    0x00000f78   0x00000028   Code   RO          837    i.clock_clk_started_notify  nrf_drv_clock.o
    0x00000fa0   0x000000ac   Code   RO         1289    i.compare_reg_update  app_timer_1.o
    0x0000104c   0x00000040   Code   RO         1290    i.elapsed_ticks_acquire  app_timer_1.o
    0x0000108c   0x00000014   Code   RO         1518    i.fifo_get          app_fifo.o
    0x000010a0   0x00000012   Code   RO         1519    i.fifo_put          app_fifo.o
    0x000010b2   0x0000000e   Code   RO         1779    i.fputc             retarget.o
    0x000010c0   0x00000020   Code   RO          838    i.hfclk_stop        nrf_drv_clock.o
    0x000010e0   0x00000078   Code   RO         1035    i.interrupts_enable  nrf_drv_uart.o
    0x00001158   0x0000014e   Code   RO          267    i.irq_handler_twim  nrf_drv_twi.o
    0x000012a6   0x00000016   Code   RO          839    i.item_enqueue      nrf_drv_clock.o
    0x000012bc   0x000000f8   Code   RO         1291    i.list_insertions_handler  app_timer_1.o
    0x000013b4   0x00000024   Code   RO            4    i.magn_setup        main.o
    0x000013d8   0x000001b4   Code   RO            5    i.main              main.o
    0x0000158c   0x0000001e   Code   RO          673    i.millis            nrf_drv_inv_dmp.o
    0x000015aa   0x0000000a   Code   RO          583    i.mpu_config        app_mpu.o
    0x000015b4   0x00000024   Code   RO          584    i.mpu_init          app_mpu.o
    0x000015d8   0x00000008   Code   RO          585    i.mpu_int_cfg_pin   app_mpu.o
    0x000015e0   0x0000002e   Code   RO          587    i.mpu_magnetometer_init  app_mpu.o
    0x0000160e   0x00000002   PAD
    0x00001610   0x0000002e   Code   RO          588    i.mpu_read_accel    app_mpu.o
    0x0000163e   0x00000002   PAD
    0x00001640   0x0000002e   Code   RO          589    i.mpu_read_gyro     app_mpu.o
    0x0000166e   0x0000002e   Code   RO          591    i.mpu_read_magnetometer  app_mpu.o
    0x0000169c   0x00000088   Code   RO            6    i.mpu_setup         main.o
    0x00001724   0x0000006c   Code   RO          464    i.mpu_twi_read_test  nrf_drv_mpu_twi.o
    0x00001790   0x0000000e   Code   RO          841    i.nrf_clock_event_check  nrf_drv_clock.o
    0x0000179e   0x00000010   Code   RO          842    i.nrf_clock_event_clear  nrf_drv_clock.o
    0x000017ae   0x00000002   PAD
    0x000017b0   0x0000001c   Code   RO          843    i.nrf_clock_hf_is_running  nrf_drv_clock.o
    0x000017cc   0x0000008c   Code   RO            7    i.nrf_delay_us      main.o
    0x00001858   0x0000008c   Code   RO          268    i.nrf_delay_us      nrf_drv_twi.o
    0x000018e4   0x0000008c   Code   RO         1292    i.nrf_delay_us      app_timer_1.o
    0x00001970   0x00000028   Code   RO          847    i.nrf_drv_clock_hfclk_release  nrf_drv_clock.o
    0x00001998   0x00000058   Code   RO          848    i.nrf_drv_clock_hfclk_request  nrf_drv_clock.o
    0x000019f0   0x0000004c   Code   RO          849    i.nrf_drv_clock_init  nrf_drv_clock.o
    0x00001a3c   0x00000060   Code   RO          854    i.nrf_drv_clock_lfclk_request  nrf_drv_clock.o
    0x00001a9c   0x00000016   Code   RO         1036    i.nrf_drv_common_irq_disable  nrf_drv_uart.o
    0x00001ab2   0x00000038   Code   RO          987    i.nrf_drv_common_irq_enable  nrf_drv_common.o
    0x00001aea   0x00000006   Code   RO         1037    i.nrf_drv_get_IRQn  nrf_drv_uart.o
    0x00001af0   0x00000010   Code   RO          269    i.nrf_drv_is_in_RAM  nrf_drv_twi.o
    0x00001b00   0x00000010   Code   RO         1038    i.nrf_drv_is_in_RAM  nrf_drv_uart.o
    0x00001b10   0x00000034   Code   RO          467    i.nrf_drv_mpu_init  nrf_drv_mpu_twi.o
    0x00001b44   0x0000006c   Code   RO          468    i.nrf_drv_mpu_read_magnetometer_registers  nrf_drv_mpu_twi.o
    0x00001bb0   0x0000006c   Code   RO          469    i.nrf_drv_mpu_read_registers  nrf_drv_mpu_twi.o
    0x00001c1c   0x00000028   Code   RO          470    i.nrf_drv_mpu_twi_event_handler  nrf_drv_mpu_twi.o
    0x00001c44   0x00000040   Code   RO          471    i.nrf_drv_mpu_write_magnetometer_register  nrf_drv_mpu_twi.o
    0x00001c84   0x00000054   Code   RO          472    i.nrf_drv_mpu_write_registers  nrf_drv_mpu_twi.o
    0x00001cd8   0x00000040   Code   RO          473    i.nrf_drv_mpu_write_single_register  nrf_drv_mpu_twi.o
    0x00001d18   0x00000020   Code   RO          272    i.nrf_drv_twi_enable  nrf_drv_twi.o
    0x00001d38   0x0000008c   Code   RO          273    i.nrf_drv_twi_init  nrf_drv_twi.o
    0x00001dc4   0x00000024   Code   RO          275    i.nrf_drv_twi_rx    nrf_drv_twi.o
    0x00001de8   0x00000024   Code   RO          278    i.nrf_drv_twi_tx    nrf_drv_twi.o
    0x00001e0c   0x00000024   Code   RO          280    i.nrf_drv_twi_xfer  nrf_drv_twi.o
    0x00001e30   0x00000068   Code   RO         1040    i.nrf_drv_uart_init  nrf_drv_uart.o
    0x00001e98   0x000000b0   Code   RO         1041    i.nrf_drv_uart_rx   nrf_drv_uart.o
    0x00001f48   0x00000030   Code   RO         1044    i.nrf_drv_uart_rx_enable  nrf_drv_uart.o
    0x00001f78   0x000000a8   Code   RO         1045    i.nrf_drv_uart_rx_for_uart  nrf_drv_uart.o
    0x00002020   0x000000b0   Code   RO         1046    i.nrf_drv_uart_rx_for_uarte  nrf_drv_uart.o
    0x000020d0   0x0000010c   Code   RO         1048    i.nrf_drv_uart_tx   nrf_drv_uart.o
    0x000021dc   0x00000018   Code   RO         1050    i.nrf_drv_uart_tx_in_progress  nrf_drv_uart.o
    0x000021f4   0x00000054   Code   RO         1051    i.nrf_drv_uart_uninit  nrf_drv_uart.o
    0x00002248   0x00000032   Code   RO          734    i.nrf_gpio_cfg      boards.o
    0x0000227a   0x00000032   Code   RO         1052    i.nrf_gpio_cfg      nrf_drv_uart.o
    0x000022ac   0x00000012   Code   RO         1053    i.nrf_gpio_cfg_default  nrf_drv_uart.o
    0x000022be   0x00000012   Code   RO         1054    i.nrf_gpio_cfg_input  nrf_drv_uart.o
    0x000022d0   0x00000014   Code   RO         1055    i.nrf_gpio_cfg_output  nrf_drv_uart.o
    0x000022e4   0x00000014   Code   RO          281    i.nrf_gpio_pin_clear  nrf_drv_twi.o
    0x000022f8   0x0000001c   Code   RO          282    i.nrf_gpio_pin_port_decode  nrf_drv_twi.o
    0x00002314   0x0000001c   Code   RO          735    i.nrf_gpio_pin_port_decode  boards.o
    0x00002330   0x0000001c   Code   RO         1056    i.nrf_gpio_pin_port_decode  nrf_drv_uart.o
    0x0000234c   0x00000014   Code   RO          283    i.nrf_gpio_pin_set  nrf_drv_twi.o
    0x00002360   0x00000014   Code   RO         1057    i.nrf_gpio_pin_set  nrf_drv_uart.o
    0x00002374   0x00000026   Code   RO          736    i.nrf_gpio_pin_write  boards.o
    0x0000239a   0x00000002   PAD
    0x0000239c   0x00000070   Code   RO         1819    i.nrf_log_backend_init  nrf_log_backend_serial.o
    0x0000240c   0x00000006   Code   RO         1914    i.nrf_log_blocking_backend_set  nrf_log_frontend.o
    0x00002412   0x00000002   PAD
    0x00002414   0x00000130   Code   RO         1915    i.nrf_log_frontend_dequeue  nrf_log_frontend.o
    0x00002544   0x0000004c   Code   RO         1918    i.nrf_log_frontend_std_0  nrf_log_frontend.o
    0x00002590   0x0000000a   Code   RO          284    i.nrf_twim_event_check  nrf_drv_twi.o
    0x0000259a   0x0000000c   Code   RO          285    i.nrf_twim_event_clear  nrf_drv_twi.o
    0x000025a6   0x0000000a   Code   RO         1058    i.nrf_uart_event_check  nrf_drv_uart.o
    0x000025b0   0x0000000c   Code   RO         1059    i.nrf_uart_event_clear  nrf_drv_uart.o
    0x000025bc   0x0000000c   Code   RO         1060    i.nrf_uart_int_enable_check  nrf_drv_uart.o
    0x000025c8   0x0000000a   Code   RO         1061    i.nrf_uarte_event_check  nrf_drv_uart.o
    0x000025d2   0x0000000c   Code   RO         1062    i.nrf_uarte_event_clear  nrf_drv_uart.o
    0x000025de   0x00000002   PAD
    0x000025e0   0x00000078   Code   RO         1063    i.pins_to_default   nrf_drv_uart.o
    0x00002658   0x0000003c   Code   RO         1293    i.rtc1_stop         app_timer_1.o
    0x00002694   0x00000032   Code   RO         1064    i.rx_byte           nrf_drv_uart.o
    0x000026c6   0x00000018   Code   RO         1065    i.rx_done_event     nrf_drv_uart.o
    0x000026de   0x00000020   Code   RO         1066    i.rx_enable         nrf_drv_uart.o
    0x000026fe   0x00000002   Code   RO            8    i.timer_a_handler   main.o
    0x00002700   0x00000080   Code   RO         1294    i.timer_list_handler  app_timer_1.o
    0x00002780   0x0000003c   Code   RO         1295    i.timer_list_insert  app_timer_1.o
    0x000027bc   0x00000060   Code   RO         1296    i.timer_list_remove  app_timer_1.o
    0x0000281c   0x00000074   Code   RO         1298    i.timer_timeouts_check  app_timer_1.o
    0x00002890   0x000000a4   Code   RO          286    i.twi_clear_bus     nrf_drv_twi.o
    0x00002934   0x00000240   Code   RO          287    i.twim_xfer         nrf_drv_twi.o
    0x00002b74   0x00000020   Code   RO         1067    i.tx_byte           nrf_drv_uart.o
    0x00002b94   0x0000001c   Code   RO         1068    i.tx_done_event     nrf_drv_uart.o
    0x00002bb0   0x00000050   Code   RO            9    i.uart_config       main.o
    0x00002c00   0x00000012   Code   RO           10    i.uart_error_handle  main.o
    0x00002c12   0x00000002   PAD
    0x00002c14   0x000000a0   Code   RO         1589    i.uart_event_handler  app_uart_fifo.o
    0x00002cb4   0x00000010   Code   RO         1826    i.uart_event_handler  nrf_log_backend_serial.o
    0x00002cc4   0x0000011e   Code   RO         1069    i.uart_irq_handler  nrf_drv_uart.o
    0x00002de2   0x000000f0   Code   RO         1070    i.uarte_irq_handler  nrf_drv_uart.o
    0x00002ed2   0x00000002   PAD
    0x00002ed4   0x00000030   Code   RO         1299    i.user_op_alloc     app_timer_1.o
    0x00002f04   0x00000020   Data   RO           13    .constdata          main.o
    0x00002f24   0x0000000c   Data   RO          292    .constdata          nrf_drv_twi.o
    0x00002f30   0x00000018   Data   RO          475    .constdata          nrf_drv_mpu_twi.o
    0x00002f48   0x00000008   Data   RO          737    .constdata          boards.o
    0x00002f50   0x00000020   Data   RO         1591    .constdata          app_uart_fifo.o
    0x00002f70   0x00000020   Data   RO         1829    .constdata          nrf_log_backend_serial.o
    0x00002f90   0x00000024   Data   RO         1930    .constdata          nrf_log_frontend.o
    0x00002fb4   0x0000000b   Data   RO         1931    .conststring        nrf_log_frontend.o
    0x00002fbf   0x00000001   PAD
    0x00002fc0   0x00000000   Data   RO         4736    Region$$Table       anon$$obj.o


    Execution Region RW_IRAM1 (Base: 0x20000000, Size: 0x00002a80, Max: 0x00040000, ABSOLUTE)

    Base Addr    Size         Type   Attr      Idx    E Section Name        Object

    0x20000000   0x00000002   Data   RW          476    .data               nrf_drv_mpu_twi.o
    0x20000002   0x00000002   PAD
    0x20000004   0x00000014   Data   RW         1301    .data               app_timer_1.o
    0x20000018   0x00000010   Data   RW         1592    .data               app_uart_fifo.o
    0x20000028   0x00000004   Data   RW         1662    .data               app_util_platform.o
    0x2000002c   0x00000004   Data   RW         1780    .data               retarget.o
    0x20000030   0x0000000c   Data   RW         1830    .data               nrf_log_backend_serial.o
    0x2000003c   0x00000004   Data   RW         1932    .data               nrf_log_frontend.o
    0x20000040   0x00000004   Data   RW         4112    .data               system_nrf52840.o
    0x20000044   0x00000020   Zero   RW           11    .bss                main.o
    0x20000064   0x00000500   Zero   RW           12    .bss                main.o
    0x20000564   0x00000028   Zero   RW          288    .bss                nrf_drv_twi.o
    0x2000058c   0x00000010   Zero   RW          474    .bss                nrf_drv_mpu_twi.o
    0x2000059c   0x00000024   Zero   RW          856    .bss                nrf_drv_clock.o
    0x200005c0   0x00000020   Zero   RW         1071    .bss                nrf_drv_uart.o
    0x200005e0   0x00000064   Zero   RW         1300    .bss                app_timer_1.o
    0x20000644   0x00000020   Zero   RW         1590    .bss                app_uart_fifo.o
    0x20000664   0x00000418   Zero   RW         1929    .bss                nrf_log_frontend.o
    0x20000a7c   0x00000004   PAD
    0x20000a80   0x00002000   Zero   RW         4100    STACK               arm_startup_nrf52840.o

