Component: ARM Compiler 5.06 update 4 (build 422) Tool: armlink [4d35d2]

==============================================================================

Section Cross References

    main.o(i.assert_nrf_callback) refers to app_error.o(i.app_error_handler) for app_error_handler
    main.o(i.ble_app_uart_c_setup) refers to bsp.o(i.bsp_init) for bsp_init
    main.o(i.ble_app_uart_c_setup) refers to app_error.o(i.app_error_handler_bare) for app_error_handler_bare
    main.o(i.ble_app_uart_c_setup) refers to bsp_btn_ble.o(i.bsp_btn_ble_init) for bsp_btn_ble_init
    main.o(i.ble_app_uart_c_setup) refers to ble_db_discovery.o(i.ble_db_discovery_init) for ble_db_discovery_init
    main.o(i.ble_app_uart_c_setup) refers to main.o(i.ble_stack_init) for ble_stack_init
    main.o(i.ble_app_uart_c_setup) refers to main.o(i.gatt_init) for gatt_init
    main.o(i.ble_app_uart_c_setup) refers to ble_nus_c.o(i.ble_nus_c_init) for ble_nus_c_init
    main.o(i.ble_app_uart_c_setup) refers to nrf_log_frontend.o(i.nrf_log_frontend_std_0) for nrf_log_frontend_std_0
    main.o(i.ble_app_uart_c_setup) refers to main.o(i.scan_start) for scan_start
    main.o(i.ble_app_uart_c_setup) refers to main.o(i.bsp_event_handler) for bsp_event_handler
    main.o(i.ble_app_uart_c_setup) refers to main.o(i.db_disc_handler) for db_disc_handler
    main.o(i.ble_app_uart_c_setup) refers to main.o(i.ble_nus_c_evt_handler) for ble_nus_c_evt_handler
    main.o(i.ble_app_uart_c_setup) refers to main.o(.bss) for .bss
    main.o(i.ble_evt_dispatch) refers to main.o(i.on_ble_evt) for on_ble_evt
    main.o(i.ble_evt_dispatch) refers to bsp_btn_ble.o(i.bsp_btn_ble_on_ble_evt) for bsp_btn_ble_on_ble_evt
    main.o(i.ble_evt_dispatch) refers to nrf_ble_gatt.o(i.nrf_ble_gatt_on_ble_evt) for nrf_ble_gatt_on_ble_evt
    main.o(i.ble_evt_dispatch) refers to ble_db_discovery.o(i.ble_db_discovery_on_ble_evt) for ble_db_discovery_on_ble_evt
    main.o(i.ble_evt_dispatch) refers to ble_nus_c.o(i.ble_nus_c_on_ble_evt) for ble_nus_c_on_ble_evt
    main.o(i.ble_evt_dispatch) refers to main.o(.bss) for .bss
    main.o(i.ble_nus_c_evt_handler) refers to nrf_log_frontend.o(i.nrf_log_frontend_std_0) for nrf_log_frontend_std_0
    main.o(i.ble_nus_c_evt_handler) refers to main.o(i.scan_start) for scan_start
    main.o(i.ble_nus_c_evt_handler) refers to ble_nus_c.o(i.ble_nus_c_handles_assign) for ble_nus_c_handles_assign
    main.o(i.ble_nus_c_evt_handler) refers to app_error.o(i.app_error_handler_bare) for app_error_handler_bare
    main.o(i.ble_nus_c_evt_handler) refers to ble_nus_c.o(i.ble_nus_c_tx_notif_enable) for ble_nus_c_tx_notif_enable
    main.o(i.ble_nus_c_evt_handler) refers to printfa.o(i.__0printf) for __2printf
    main.o(i.ble_nus_c_evt_handler) refers to app_uart_fifo.o(i.app_uart_put) for app_uart_put
    main.o(i.ble_nus_c_evt_handler) refers to nrf_log_frontend.o(i.nrf_log_frontend_std_1) for nrf_log_frontend_std_1
    main.o(i.ble_stack_init) refers to softdevice_handler.o(i.softdevice_handler_init) for softdevice_handler_init
    main.o(i.ble_stack_init) refers to app_error.o(i.app_error_handler_bare) for app_error_handler_bare
    main.o(i.ble_stack_init) refers to softdevice_handler.o(i.softdevice_app_ram_start_get) for softdevice_app_ram_start_get
    main.o(i.ble_stack_init) refers to softdevice_handler.o(i.softdevice_enable) for softdevice_enable
    main.o(i.ble_stack_init) refers to softdevice_handler.o(i.softdevice_ble_evt_handler_set) for softdevice_ble_evt_handler_set
    main.o(i.ble_stack_init) refers to main.o(.constdata) for .constdata
    main.o(i.ble_stack_init) refers to main.o(.bss) for .bss
    main.o(i.ble_stack_init) refers to main.o(i.ble_evt_dispatch) for ble_evt_dispatch
    main.o(i.bsp_event_handler) refers to app_error.o(i.app_error_handler_bare) for app_error_handler_bare
    main.o(i.bsp_event_handler) refers to main.o(.bss) for .bss
    main.o(i.db_disc_handler) refers to ble_nus_c.o(i.ble_nus_c_on_db_disc_evt) for ble_nus_c_on_db_disc_evt
    main.o(i.db_disc_handler) refers to main.o(.bss) for .bss
    main.o(i.gatt_evt_handler) refers to nrf_log_frontend.o(i.nrf_log_frontend_std_0) for nrf_log_frontend_std_0
    main.o(i.gatt_evt_handler) refers to nrf_log_frontend.o(i.nrf_log_frontend_std_2) for nrf_log_frontend_std_2
    main.o(i.gatt_evt_handler) refers to main.o(.data) for .data
    main.o(i.gatt_init) refers to nrf_ble_gatt.o(i.nrf_ble_gatt_init) for nrf_ble_gatt_init
    main.o(i.gatt_init) refers to app_error.o(i.app_error_handler_bare) for app_error_handler_bare
    main.o(i.gatt_init) refers to nrf_ble_gatt.o(i.nrf_ble_gatt_att_mtu_central_set) for nrf_ble_gatt_att_mtu_central_set
    main.o(i.gatt_init) refers to main.o(i.gatt_evt_handler) for gatt_evt_handler
    main.o(i.gatt_init) refers to main.o(.bss) for .bss
    main.o(i.main) refers to nrf_drv_clock.o(i.nrf_drv_clock_init) for nrf_drv_clock_init
    main.o(i.main) refers to app_error.o(i.app_error_handler_bare) for app_error_handler_bare
[...]
    __mathlib_flt_underflow                  0x00029d2d   Thumb Code    10  funder.o(i.__mathlib_flt_underflow)
    __mathlib_rredf2                         0x00029d3d   Thumb Code   316  rredf.o(i.__mathlib_rredf2)
    __scatterload_copy                       0x00029ec1   Thumb Code    14  handlers.o(i.__scatterload_copy)
    __scatterload_null                       0x00029ecf   Thumb Code     2  handlers.o(i.__scatterload_null)
    __scatterload_zeroinit                   0x00029ed1   Thumb Code    14  handlers.o(i.__scatterload_zeroinit)
    __set_errno                              0x00029f05   Thumb Code     6  errno.o(i.__set_errno)
    app_button_enable                        0x0002acd9   Thumb Code    32  app_button.o(i.app_button_enable)
    app_button_init                          0x0002acfd   Thumb Code    96  app_button.o(i.app_button_init)
    app_error_fault_handler                  0x0002ad6d   Thumb Code    42  app_error_weak.o(i.app_error_fault_handler)
    app_error_handler_bare                   0x0002adcd   Thumb Code    22  app_error.o(i.app_error_handler_bare)
    app_fifo_get                             0x0002ade3   Thumb Code    22  app_fifo.o(i.app_fifo_get)
    app_fifo_init                            0x0002adf9   Thumb Code    32  app_fifo.o(i.app_fifo_init)
    app_fifo_put                             0x0002ae19   Thumb Code    26  app_fifo.o(i.app_fifo_put)
    app_timer_cnt_get                        0x0002ae35   Thumb Code     6  app_timer_1.o(i.app_timer_cnt_get)
    app_timer_create                         0x0002ae41   Thumb Code    32  app_timer_1.o(i.app_timer_create)
    app_timer_init                           0x0002ae65   Thumb Code    70  app_timer_1.o(i.app_timer_init)
    app_timer_start                          0x0002aeb9   Thumb Code   128  app_timer_1.o(i.app_timer_start)
    app_timer_stop                           0x0002af41   Thumb Code    26  app_timer_1.o(i.app_timer_stop)
    app_uart_init                            0x0002af61   Thumb Code   164  app_uart_fifo.o(i.app_uart_init)
    app_uart_put                             0x0002b015   Thumb Code    52  app_uart_fifo.o(i.app_uart_put)
    app_util_critical_region_enter           0x0002b051   Thumb Code    64  app_util_platform.o(i.app_util_critical_region_enter)
    app_util_critical_region_exit            0x0002b099   Thumb Code    46  app_util_platform.o(i.app_util_critical_region_exit)
    ble_db_discovery_evt_register            0x0002b205   Thumb Code    56  ble_db_discovery.o(i.ble_db_discovery_evt_register)
    ble_db_discovery_init                    0x0002b245   Thumb Code    24  ble_db_discovery.o(i.ble_db_discovery_init)
    ble_db_discovery_on_ble_evt              0x0002b261   Thumb Code    70  ble_db_discovery.o(i.ble_db_discovery_on_ble_evt)
    ble_db_discovery_start                   0x0002b2ad   Thumb Code    84  ble_db_discovery.o(i.ble_db_discovery_start)
    ble_nus_c_handles_assign                 0x0002b475   Thumb Code    26  ble_nus_c.o(i.ble_nus_c_handles_assign)
    ble_nus_c_init                           0x0002b491   Thumb Code    72  ble_nus_c.o(i.ble_nus_c_init)
    ble_nus_c_on_ble_evt                     0x0002b4dd   Thumb Code   106  ble_nus_c.o(i.ble_nus_c_on_ble_evt)
    ble_nus_c_on_db_disc_evt                 0x0002b547   Thumb Code   128  ble_nus_c.o(i.ble_nus_c_on_db_disc_evt)
    ble_nus_c_string_send                    0x0002b5c9   Thumb Code    74  ble_nus_c.o(i.ble_nus_c_string_send)
    ble_nus_c_tx_notif_enable                0x0002b66d   Thumb Code    66  ble_nus_c.o(i.ble_nus_c_tx_notif_enable)
    bsp_board_button_state_get               0x0002b785   Thumb Code    36  boards.o(i.bsp_board_button_state_get)
    bsp_board_led_invert                     0x0002b7ad   Thumb Code    40  boards.o(i.bsp_board_led_invert)
    bsp_board_led_off                        0x0002b7d9   Thumb Code    10  boards.o(i.bsp_board_led_off)
    bsp_board_led_on                         0x0002b7e9   Thumb Code    10  boards.o(i.bsp_board_led_on)
    bsp_board_led_state_get                  0x0002b7f9   Thumb Code    36  boards.o(i.bsp_board_led_state_get)
    bsp_board_leds_init                      0x0002b821   Thumb Code    38  boards.o(i.bsp_board_leds_init)
    bsp_board_leds_off                       0x0002b84d   Thumb Code    18  boards.o(i.bsp_board_leds_off)
    bsp_board_leds_on                        0x0002b85f   Thumb Code    18  boards.o(i.bsp_board_leds_on)
    bsp_board_pin_to_button_idx              0x0002b871   Thumb Code    30  boards.o(i.bsp_board_pin_to_button_idx)
    bsp_btn_ble_init                         0x0002b895   Thumb Code    52  bsp_btn_ble.o(i.bsp_btn_ble_init)
    bsp_btn_ble_on_ble_evt                   0x0002b8cd   Thumb Code   106  bsp_btn_ble.o(i.bsp_btn_ble_on_ble_evt)
    bsp_button_is_pressed                    0x0002b9cd   Thumb Code     4  bsp.o(i.bsp_button_is_pressed)
    bsp_event_handler                        0x0002b9d1   Thumb Code    26  main.o(i.bsp_event_handler)
    bsp_event_to_button_action_assign        0x0002b9f1   Thumb Code    64  bsp.o(i.bsp_event_to_button_action_assign)
    bsp_indication_set                       0x0002ba35   Thumb Code    20  bsp.o(i.bsp_indication_set)
    bsp_init                                 0x0002ba4d   Thumb Code   126  bsp.o(i.bsp_init)
    dmp_enable_6x_lp_quat                    0x0002c139   Thumb Code    58  inv_mpu_dmp_motion_driver.o(i.dmp_enable_6x_lp_quat)
    dmp_enable_feature                       0x0002c175   Thumb Code   464  inv_mpu_dmp_motion_driver.o(i.dmp_enable_feature)
    dmp_enable_gyro_cal                      0x0002c34d   Thumb Code    34  inv_mpu_dmp_motion_driver.o(i.dmp_enable_gyro_cal)
    dmp_enable_lp_quat                       0x0002c389   Thumb Code    58  inv_mpu_dmp_motion_driver.o(i.dmp_enable_lp_quat)
    dmp_load_motion_driver_firmware          0x0002c3c5   Thumb Code    16  inv_mpu_dmp_motion_driver.o(i.dmp_load_motion_driver_firmware)
    dmp_read_fifo                            0x0002c3d9   Thumb Code   336  inv_mpu_dmp_motion_driver.o(i.dmp_read_fifo)
    dmp_register_android_orient_cb           0x0002c559   Thumb Code     8  inv_mpu_dmp_motion_driver.o(i.dmp_register_android_orient_cb)
    dmp_register_tap_cb                      0x0002c565   Thumb Code     8  inv_mpu_dmp_motion_driver.o(i.dmp_register_tap_cb)
    dmp_set_fifo_rate                        0x0002c571   Thumb Code    82  inv_mpu_dmp_motion_driver.o(i.dmp_set_fifo_rate)
    dmp_set_orientation                      0x0002c5d5   Thumb Code   246  inv_mpu_dmp_motion_driver.o(i.dmp_set_orientation)
    dmp_set_shake_reject_thresh              0x0002c6e1   Thumb Code    48  inv_mpu_dmp_motion_driver.o(i.dmp_set_shake_reject_thresh)
    dmp_set_shake_reject_time                0x0002c711   Thumb Code    32  inv_mpu_dmp_motion_driver.o(i.dmp_set_shake_reject_time)
    dmp_set_shake_reject_timeout             0x0002c731   Thumb Code    32  inv_mpu_dmp_motion_driver.o(i.dmp_set_shake_reject_timeout)
    dmp_set_tap_axes                         0x0002c751   Thumb Code    64  inv_mpu_dmp_motion_driver.o(i.dmp_set_tap_axes)
    dmp_set_tap_count                        0x0002c791   Thumb Code    34  inv_mpu_dmp_motion_driver.o(i.dmp_set_tap_count)
    dmp_set_tap_thresh                       0x0002c7b5   Thumb Code   314  inv_mpu_dmp_motion_driver.o(i.dmp_set_tap_thresh)
    dmp_set_tap_time                         0x0002c915   Thumb Code    32  inv_mpu_dmp_motion_driver.o(i.dmp_set_tap_time)
    dmp_set_tap_time_multi                   0x0002c935   Thumb Code    32  inv_mpu_dmp_motion_driver.o(i.dmp_set_tap_time_multi)
    fabs                                     0x0002c995   Thumb Code    24  fabs.o(i.fabs)
    fputc                                    0x0002c9d3   Thumb Code    14  retarget.o(i.fputc)
    free                                     0x0002c9e1   Thumb Code    76  malloc.o(i.free)
    gatt_evt_handler                         0x0002ca31   Thumb Code    48  main.o(i.gatt_evt_handler)
    gatt_init                                0x0002cac1   Thumb Code    38  main.o(i.gatt_init)
    i2c_write_porting                        0x0002d481   Thumb Code   100  nrf_drv_mpu_twi.o(i.i2c_write_porting)
    intern_softdevice_events_execute         0x0002d501   Thumb Code   114  softdevice_handler.o(i.intern_softdevice_events_execute)
    inv_apply_calibration                    0x0002d5f1   Thumb Code   106  data_builder.o(i.inv_apply_calibration)
    inv_build_accel                          0x0002d65d   Thumb Code    96  data_builder.o(i.inv_build_accel)
    inv_build_gyro                           0x0002d6c5   Thumb Code    42  data_builder.o(i.inv_build_gyro)
    inv_build_quat                           0x0002d6f5   Thumb Code    40  data_builder.o(i.inv_build_quat)
    inv_compass_angle                        0x0002d721   Thumb Code   162  ml_math_func.o(i.inv_compass_angle)
    inv_convert_to_body_with_scale           0x0002d7cd   Thumb Code    92  ml_math_func.o(i.inv_convert_to_body_with_scale)
    inv_enable_eMPL_outputs                  0x0002d879   Thumb Code    20  empl_outputs.o(i.inv_enable_eMPL_outputs)
    inv_enable_results_holder                0x0002d895   Thumb Code    22  results_holder.o(i.inv_enable_results_holder)
    inv_execute_mpl_start_notification       0x0002d8b1   Thumb Code    38  start_manager.o(i.inv_execute_mpl_start_notification)
    inv_execute_on_data                      0x0002d8dd   Thumb Code   120  data_builder.o(i.inv_execute_on_data)
    inv_generate_results                     0x0002da01   Thumb Code    10  results_holder.o(i.inv_generate_results)
    inv_get_6axis_quaternion                 0x0002da11   Thumb Code    14  results_holder.o(i.inv_get_6axis_quaternion)
    inv_get_acc_state                        0x0002da25   Thumb Code     6  results_holder.o(i.inv_get_acc_state)
    inv_get_accel_accuracy                   0x0002da31   Thumb Code     6  data_builder.o(i.inv_get_accel_accuracy)
    inv_get_accel_on                         0x0002da3d   Thumb Code    12  data_builder.o(i.inv_get_accel_on)
    inv_get_accel_set                        0x0002da4d   Thumb Code    34  data_builder.o(i.inv_get_accel_set)
    inv_get_compass_bias                     0x0002da75   Thumb Code    14  data_builder.o(i.inv_get_compass_bias)
    inv_get_compass_correction               0x0002da89   Thumb Code    20  results_holder.o(i.inv_get_compass_correction)
    inv_get_compass_on                       0x0002daa1   Thumb Code    12  data_builder.o(i.inv_get_compass_on)
    inv_get_compass_state                    0x0002dab1   Thumb Code     6  results_holder.o(i.inv_get_compass_state)
    inv_get_gravity                          0x0002dabd   Thumb Code    80  results_holder.o(i.inv_get_gravity)
    inv_get_gyro                             0x0002db11   Thumb Code    10  data_builder.o(i.inv_get_gyro)
    inv_get_gyro_accuracy                    0x0002db21   Thumb Code     6  data_builder.o(i.inv_get_gyro_accuracy)
    inv_get_gyro_bias                        0x0002db2d   Thumb Code    26  data_builder.o(i.inv_get_gyro_bias)
    inv_get_gyro_bias_tc_set                 0x0002db51   Thumb Code    20  data_builder.o(i.inv_get_gyro_bias_tc_set)
    inv_get_gyro_on                          0x0002db69   Thumb Code    10  data_builder.o(i.inv_get_gyro_on)
    inv_get_gyro_sum_of_sqr                  0x0002db79   Thumb Code    26  ml_math_func.o(i.inv_get_gyro_sum_of_sqr)
    inv_get_large_mag_field                  0x0002db95   Thumb Code     6  results_holder.o(i.inv_get_large_mag_field)
    inv_get_last_timestamp                   0x0002dba1   Thumb Code    66  data_builder.o(i.inv_get_last_timestamp)
    inv_get_linear_accel                     0x0002dbe9   Thumb Code    58  results_holder.o(i.inv_get_linear_accel)
    inv_get_linear_accel_float               0x0002dc25   Thumb Code    64  results_holder.o(i.inv_get_linear_accel_float)
    inv_get_local_field                      0x0002dc69   Thumb Code    10  results_holder.o(i.inv_get_local_field)
    inv_get_mag_accuracy                     0x0002dc79   Thumb Code    20  data_builder.o(i.inv_get_mag_accuracy)
    inv_get_motion_state                     0x0002dc95   Thumb Code    12  results_holder.o(i.inv_get_motion_state)
    inv_get_quaternion                       0x0002dca5   Thumb Code    48  results_holder.o(i.inv_get_quaternion)
    inv_get_quaternion_set                   0x0002dcd9   Thumb Code    56  results_holder.o(i.inv_get_quaternion_set)
    inv_get_sensor_type_gravity              0x0002dd11   Thumb Code    88  hal_outputs.o(i.inv_get_sensor_type_gravity)
    inv_get_sensor_type_linear_acceleration  0x0002dd71   Thumb Code   106  hal_outputs.o(i.inv_get_sensor_type_linear_acceleration)
    inv_get_sensor_type_quat                 0x0002dde1   Thumb Code    24  empl_outputs.o(i.inv_get_sensor_type_quat)
    inv_got_compass_bias                     0x0002ddfd   Thumb Code     6  results_holder.o(i.inv_got_compass_bias)
    inv_init_data_builder                    0x0002de09   Thumb Code    44  data_builder.o(i.inv_init_data_builder)
    inv_init_mpl                             0x0002de45   Thumb Code    94  mpl.o(i.inv_init_mpl)
    inv_init_results_holder                  0x0002decd   Thumb Code    40  results_holder.o(i.inv_init_results_holder)
    inv_init_start_manager                   0x0002defd   Thumb Code    14  start_manager.o(i.inv_init_start_manager)
    inv_init_storage_manager                 0x0002df11   Thumb Code    20  storage_manager.o(i.inv_init_storage_manager)
    inv_orientation_matrix_to_scalar         0x0002df29   Thumb Code    34  ml_math_func.o(i.inv_orientation_matrix_to_scalar)
    inv_q29_mult                             0x0002df4b   Thumb Code    12  ml_math_func.o(i.inv_q29_mult)
    inv_q30_mult                             0x0002df57   Thumb Code    12  ml_math_func.o(i.inv_q30_mult)
    inv_q_add                                0x0002df63   Thumb Code    36  ml_math_func.o(i.inv_q_add)
    inv_q_addf                               0x0002df87   Thumb Code    66  ml_math_func.o(i.inv_q_addf)
    inv_q_invert                             0x0002dfc9   Thumb Code    24  ml_math_func.o(i.inv_q_invert)
    inv_q_invertf                            0x0002dfe1   Thumb Code    46  ml_math_func.o(i.inv_q_invertf)
    inv_q_mult                               0x0002e00f   Thumb Code   176  ml_math_func.o(i.inv_q_mult)
    inv_q_multf                              0x0002e0bf   Thumb Code   210  ml_math_func.o(i.inv_q_multf)
    inv_q_norm4                              0x0002e191   Thumb Code   126  ml_math_func.o(i.inv_q_norm4)
    inv_q_normalizef                         0x0002e215   Thumb Code   170  ml_math_func.o(i.inv_q_normalizef)
    inv_q_rotate                             0x0002e2c5   Thumb Code    62  ml_math_func.o(i.inv_q_rotate)
    inv_quaternion_to_rotation               0x0002e303   Thumb Code   218  ml_math_func.o(i.inv_quaternion_to_rotation)
    inv_register_data_cb                     0x0002e3dd   Thumb Code   150  data_builder.o(i.inv_register_data_cb)
    inv_register_load_store                  0x0002e481   Thumb Code   102  storage_manager.o(i.inv_register_load_store)
    inv_register_mpl_start_notification      0x0002e4ed   Thumb Code    28  start_manager.o(i.inv_register_mpl_start_notification)
    inv_reset_compass_soft_iron_matrix       0x0002e50d   Thumb Code    70  data_builder.o(i.inv_reset_compass_soft_iron_matrix)
    inv_set_accel_accuracy                   0x0002e5a9   Thumb Code    22  data_builder.o(i.inv_set_accel_accuracy)
    inv_set_accel_bias                       0x0002e5c5   Thumb Code    68  data_builder.o(i.inv_set_accel_bias)
    inv_set_accel_bias_found                 0x0002e60d   Thumb Code     6  results_holder.o(i.inv_set_accel_bias_found)
    inv_set_accel_bias_mask                  0x0002e619   Thumb Code    72  data_builder.o(i.inv_set_accel_bias_mask)
    inv_set_accel_orientation_and_scale      0x0002e669   Thumb Code     8  data_builder.o(i.inv_set_accel_orientation_and_scale)
    inv_set_accel_sample_rate                0x0002e675   Thumb Code    34  data_builder.o(i.inv_set_accel_sample_rate)
    inv_set_compass_bias                     0x0002e6a1   Thumb Code    68  data_builder.o(i.inv_set_compass_bias)
    inv_set_compass_bias_error               0x0002e6e9   Thumb Code    10  results_holder.o(i.inv_set_compass_bias_error)
    inv_set_compass_bias_found               0x0002e6f9   Thumb Code     6  results_holder.o(i.inv_set_compass_bias_found)
    inv_set_compass_correction               0x0002e705   Thumb Code    28  results_holder.o(i.inv_set_compass_correction)
    inv_set_compass_disturbance              0x0002e725   Thumb Code     8  data_builder.o(i.inv_set_compass_disturbance)
    inv_set_compass_orientation_and_scale    0x0002e731   Thumb Code    12  data_builder.o(i.inv_set_compass_orientation_and_scale)
    inv_set_compass_sample_rate              0x0002e741   Thumb Code    34  data_builder.o(i.inv_set_compass_sample_rate)
    inv_set_compass_state                    0x0002e76d   Thumb Code     6  results_holder.o(i.inv_set_compass_state)
    inv_set_gyro_bias                        0x0002e7f9   Thumb Code    88  data_builder.o(i.inv_set_gyro_bias)
    inv_set_gyro_orientation_and_scale       0x0002e855   Thumb Code     8  data_builder.o(i.inv_set_gyro_orientation_and_scale)
    inv_set_gyro_sample_rate                 0x0002e861   Thumb Code    30  data_builder.o(i.inv_set_gyro_sample_rate)
    inv_set_message                          0x0002e889   Thumb Code    16  message_layer.o(i.inv_set_message)
    inv_set_motion_state                     0x0002e89d   Thumb Code    48  results_holder.o(i.inv_set_motion_state)
    inv_set_quat_sample_rate                 0x0002e8d1   Thumb Code    20  data_builder.o(i.inv_set_quat_sample_rate)
    inv_start_mpl                            0x0002e8f9   Thumb Code    34  mpl.o(i.inv_start_mpl)
    inv_start_results_holder                 0x0002e945   Thumb Code    18  results_holder.o(i.inv_start_results_holder)
    inv_store_gaming_quaternion              0x0002e95d   Thumb Code    28  results_holder.o(i.inv_store_gaming_quaternion)
    inv_unregister_data_cb                   0x0002e97d   Thumb Code    72  data_builder.o(i.inv_unregister_data_cb)
    inv_unregister_mpl_start_notification    0x0002e9c9   Thumb Code    68  start_manager.o(i.inv_unregister_mpl_start_notification)
    main                                     0x0002edf9   Thumb Code   814  main.o(i.main)
    malloc                                   0x0002f269   Thumb Code    92  malloc.o(i.malloc)
    millis                                   0x0002f2d5   Thumb Code    30  nrf_drv_inv_dmp.o(i.millis)
    mpu_configure_fifo                       0x0002f2f5   Thumb Code    78  inv_mpu.o(i.mpu_configure_fifo)
    mpu_get_accel_fsr                        0x0002f349   Thumb Code    54  inv_mpu.o(i.mpu_get_accel_fsr)
    mpu_get_accel_sens                       0x0002f385   Thumb Code    62  inv_mpu.o(i.mpu_get_accel_sens)
    mpu_get_compass_fsr                      0x0002f3c9   Thumb Code    12  inv_mpu.o(i.mpu_get_compass_fsr)
    mpu_get_gyro_fsr                         0x0002f3d9   Thumb Code    48  inv_mpu.o(i.mpu_get_gyro_fsr)
    mpu_get_gyro_sens                        0x0002f40d   Thumb Code    54  inv_mpu.o(i.mpu_get_gyro_sens)
    mpu_get_lpf                              0x0002f459   Thumb Code    52  inv_mpu.o(i.mpu_get_lpf)
    mpu_get_sample_rate                      0x0002f491   Thumb Code    22  inv_mpu.o(i.mpu_get_sample_rate)
    mpu_init                                 0x0002f4ad   Thumb Code     4  app_mpu.o(i.mpu_init)
    mpu_init_inv                             0x0002f4b1   Thumb Code   212  inv_mpu.o(i.mpu_init_inv)
    mpu_load_firmware                        0x0002f589   Thumb Code   178  inv_mpu.o(i.mpu_load_firmware)
    mpu_lp_accel_mode                        0x0002f641   Thumb Code   232  inv_mpu.o(i.mpu_lp_accel_mode)
    mpu_read_fifo_stream                     0x0002f72d   Thumb Code   174  inv_mpu.o(i.mpu_read_fifo_stream)
    mpu_read_mem                             0x0002f801   Thumb Code    80  inv_mpu.o(i.mpu_read_mem)
    mpu_reset_fifo                           0x0002f855   Thumb Code   346  inv_mpu.o(i.mpu_reset_fifo)
    mpu_run_6500_self_test                   0x0002f9b5   Thumb Code   368  inv_mpu.o(i.mpu_run_6500_self_test)
    mpu_set_accel_fsr                        0x0002fc71   Thumb Code    98  inv_mpu.o(i.mpu_set_accel_fsr)
    mpu_set_bypass                           0x0002fcd9   Thumb Code   214  inv_mpu.o(i.mpu_set_bypass)
    mpu_set_compass_sample_rate              0x0002fdb5   Thumb Code    76  inv_mpu.o(i.mpu_set_compass_sample_rate)
    mpu_set_dmp_state                        0x0002fe05   Thumb Code   114  inv_mpu.o(i.mpu_set_dmp_state)
    mpu_set_gyro_fsr                         0x0002fe7d   Thumb Code   104  inv_mpu.o(i.mpu_set_gyro_fsr)
    mpu_set_int_latched                      0x0002fee9   Thumb Code    94  inv_mpu.o(i.mpu_set_int_latched)
    mpu_set_lpf                              0x0002ff4d   Thumb Code   132  inv_mpu.o(i.mpu_set_lpf)
    mpu_set_sample_rate                      0x0002ffd5   Thumb Code   138  inv_mpu.o(i.mpu_set_sample_rate)
    mpu_set_sensors                          0x00030065   Thumb Code   304  inv_mpu.o(i.mpu_set_sensors)
    mpu_twi_read_test                        0x00030199   Thumb Code   116  nrf_drv_mpu_twi.o(i.mpu_twi_read_test)
    mpu_write_mem                            0x00030251   Thumb Code   102  inv_mpu.o(i.mpu_write_mem)
    nrf_ble_gatt_att_mtu_central_set         0x000302cd   Thumb Code    24  nrf_ble_gatt.o(i.nrf_ble_gatt_att_mtu_central_set)
    nrf_ble_gatt_init                        0x000302e5   Thumb Code    44  nrf_ble_gatt.o(i.nrf_ble_gatt_init)
    nrf_ble_gatt_on_ble_evt                  0x00030311   Thumb Code   308  nrf_ble_gatt.o(i.nrf_ble_gatt_on_ble_evt)
    nrf_drv_clock_init                       0x000306a9   Thumb Code    64  nrf_drv_clock.o(i.nrf_drv_clock_init)
    nrf_drv_clock_lfclk_request              0x000306f1   Thumb Code    96  nrf_drv_clock.o(i.nrf_drv_clock_lfclk_request)
    nrf_drv_clock_on_sd_enable               0x00030759   Thumb Code    44  nrf_drv_clock.o(i.nrf_drv_clock_on_sd_enable)
    nrf_drv_clock_on_soc_event               0x00030789   Thumb Code    10  nrf_drv_clock.o(i.nrf_drv_clock_on_soc_event)
    nrf_drv_common_irq_enable                0x00030793   Thumb Code    56  nrf_drv_common.o(i.nrf_drv_common_irq_enable)
    nrf_drv_gpiote_in_event_enable           0x000307d1   Thumb Code   144  nrf_drv_gpiote.o(i.nrf_drv_gpiote_in_event_enable)
    nrf_drv_gpiote_in_init                   0x00030869   Thumb Code   196  nrf_drv_gpiote.o(i.nrf_drv_gpiote_in_init)
    nrf_drv_gpiote_in_is_set                 0x00030969   Thumb Code    14  nrf_drv_gpiote.o(i.nrf_drv_gpiote_in_is_set)
    nrf_drv_gpiote_init                      0x00030979   Thumb Code   118  nrf_drv_gpiote.o(i.nrf_drv_gpiote_init)
    nrf_drv_gpiote_is_init                   0x00030a59   Thumb Code    14  nrf_drv_gpiote.o(i.nrf_drv_gpiote_is_init)
    nrf_drv_mpu_init                         0x00030a8d   Thumb Code    42  nrf_drv_mpu_twi.o(i.nrf_drv_mpu_init)
    nrf_drv_twi_enable                       0x00030ae9   Thumb Code    28  nrf_drv_twi.o(i.nrf_drv_twi_enable)
    nrf_drv_twi_init                         0x00030b09   Thumb Code   134  nrf_drv_twi.o(i.nrf_drv_twi_init)
    nrf_drv_twi_rx                           0x00030b95   Thumb Code    32  nrf_drv_twi.o(i.nrf_drv_twi_rx)
    nrf_drv_twi_tx                           0x00030bb9   Thumb Code    36  nrf_drv_twi.o(i.nrf_drv_twi_tx)
    nrf_drv_twi_xfer                         0x00030bdd   Thumb Code    30  nrf_drv_twi.o(i.nrf_drv_twi_xfer)
    nrf_drv_uart_init                        0x00030c01   Thumb Code    98  nrf_drv_uart.o(i.nrf_drv_uart_init)
    nrf_drv_uart_rx                          0x00030c69   Thumb Code   170  nrf_drv_uart.o(i.nrf_drv_uart_rx)
    nrf_drv_uart_rx_enable                   0x00030d19   Thumb Code    42  nrf_drv_uart.o(i.nrf_drv_uart_rx_enable)
    nrf_drv_uart_tx                          0x00030ea1   Thumb Code   262  nrf_drv_uart.o(i.nrf_drv_uart_tx)
    nrf_drv_uart_tx_in_progress              0x00030fad   Thumb Code    18  nrf_drv_uart.o(i.nrf_drv_uart_tx_in_progress)
    nrf_log_backend_hexdump_handler_get      0x000311e9   Thumb Code     4  nrf_log_backend_serial.o(i.nrf_log_backend_hexdump_handler_get)
    nrf_log_backend_init                     0x000311f1   Thumb Code    30  nrf_log_backend_serial.o(i.nrf_log_backend_init)
    nrf_log_backend_std_handler_get          0x00031439   Thumb Code     4  nrf_log_backend_serial.o(i.nrf_log_backend_std_handler_get)
    nrf_log_frontend_std_0                   0x00031459   Thumb Code     8  nrf_log_frontend.o(i.nrf_log_frontend_std_0)
    nrf_log_frontend_std_1                   0x00031461   Thumb Code    14  nrf_log_frontend.o(i.nrf_log_frontend_std_1)
    nrf_log_frontend_std_2                   0x0003146f   Thumb Code    16  nrf_log_frontend.o(i.nrf_log_frontend_std_2)
    nrf_log_frontend_std_3                   0x0003147f   Thumb Code    18  nrf_log_frontend.o(i.nrf_log_frontend_std_3)
    nrf_log_frontend_std_4                   0x00031491   Thumb Code    20  nrf_log_frontend.o(i.nrf_log_frontend_std_4)
    nrf_log_frontend_std_6                   0x000314a5   Thumb Code    28  nrf_log_frontend.o(i.nrf_log_frontend_std_6)
    nrf_log_handlers_set                     0x000314c1   Thumb Code     8  nrf_log_frontend.o(i.nrf_log_handlers_set)
    nrf_log_init                             0x000314cd   Thumb Code    34  nrf_log_frontend.o(i.nrf_log_init)
    nrf_log_push                             0x000314ef   Thumb Code     2  nrf_log_frontend.o(i.nrf_log_push)
    nrf_strerror_find                        0x000314f1   Thumb Code    52  nrf_strerror.o(i.nrf_strerror_find)
    nrf_strerror_get                         0x00031529   Thumb Code    14  nrf_strerror.o(i.nrf_strerror_get)
    softdevice_app_ram_start_get             0x00032165   Thumb Code    14  softdevice_handler.o(i.softdevice_app_ram_start_get)
    softdevice_ble_evt_handler_set           0x00032179   Thumb Code    14  softdevice_handler.o(i.softdevice_ble_evt_handler_set)
    softdevice_enable                        0x0003218d   Thumb Code    70  softdevice_handler.o(i.softdevice_enable)
    softdevice_fault_handler                 0x0003227d   Thumb Code     4  softdevice_handler.o(i.softdevice_fault_handler)
    softdevice_handler_init                  0x00032281   Thumb Code    92  softdevice_handler.o(i.softdevice_handler_init)
    softdevice_handler_is_enabled            0x000322e5   Thumb Code     6  softdevice_handler.o(i.softdevice_handler_is_enabled)
    sqrtf                                    0x000322f1   Thumb Code    62  sqrtf.o(i.sqrtf)
    ml_ver                                   0x00032d9c   Data          20  mpl.o(.constdata)
    reg                                      0x000339c1   Data          42  inv_mpu.o(.constdata)
    hw                                       0x000339ec   Data          14  inv_mpu.o(.constdata)
    test                                     0x000339fc   Data          48  inv_mpu.o(.constdata)
    __ctype_table                            0x00033c68   Data         129  ctype_o.o(.constdata)
    __mathlib_zero                           0x00033d20   Data           8  qnan.o(.constdata)
    Region$$Table$$Base                      0x00034318   Number         0  anon$$obj.o(Region$$Table)
    Region$$Table$$Limit                     0x00034338   Number         0  anon$$obj.o(Region$$Table)
    Image$$RW_IRAM1$$Base                    0x20002198   Number         0  anon$$obj.o ABSOLUTE
    mpl_out_fre                              0x2000219c   Data           4  main.o(.data)
    mpl_key                                  0x200021b4   Data           4  main.o(.data)
    __stdout                                 0x2000221c   Data           4  retarget.o(.data)
    SystemCoreClock                          0x20002274   Data           4  system_nrf52840.o(.data)
    __microlib_freelist                      0x20002288   Data           4  mvars.o(.data)
    __microlib_freelist_initialised          0x2000228c   Data           4  mvars.o(.data)
    nrf_nvic_state                           0x20003048   Data          12  app_util_platform.o(.bss)
    _SEGGER_RTT                              0x20003280   Data         120  segger_rtt.o(.bss)
    cb                                       0x20003df8   Data         232  compass_vec_cal.o(.bss)
    cb_test                                  0x20003ee0   Data         232  compass_vec_cal.o(.bss)
    cb_sim                                   0x20003fc8   Data         232  compass_vec_cal.o(.bss)
    vc                                       0x200040b0   Data         424  compass_vec_cal.o(.bss)
    fnm                                      0x20004258   Data         608  fast_no_motion.o(.bss)
    s9axis                                   0x200044f8   Data         312  fusion_9axis.o(.bss)
    mag_disturb                              0x200047f4   Data         184  mag_disturb.o(.bss)
    __heap_base                              0x20004918   Data           0  arm_startup_nrf52840.o(HEAP)
    __heap_limit                             0x20006918   Data           0  arm_startup_nrf52840.o(HEAP)
    __initial_sp                             0x20008918   Data           0  arm_startup_nrf52840.o(STACK)



==============================================================================

Memory Map of the image

  Image Entry point : 0x00022201

  Load Region LR_IROM1 (Base: 0x00022000, Size: 0x00012434, Max: 0x000de000, ABSOLUTE)

    Execution Region ER_IROM1 (Base: 0x00022000, Size: 0x00012338, Max: 0x000de000, ABSOLUTE)

    Base Addr    Size         Type   Attr      Idx    E Section Name        Object

    0x00022000   0x00000200   Data   RO         5583    RESET               arm_startup_nrf52840.o
    0x00022200   0x00000000   Code   RO         6064  * .ARM.Collect$$$$00000000  mc_w.l(entry.o)
    0x00022200   0x00000004   Code   RO         6482    .ARM.Collect$$$$00000001  mc_w.l(entry2.o)
    0x00022204   0x00000004   Code   RO         6485    .ARM.Collect$$$$00000004  mc_w.l(entry5.o)
    0x00022208   0x00000000   Code   RO         6487    .ARM.Collect$$$$00000008  mc_w.l(entry7b.o)
    0x00022208   0x00000000   Code   RO         6489    .ARM.Collect$$$$0000000A  mc_w.l(entry8b.o)
    0x00022208   0x00000008   Code   RO         6490    .ARM.Collect$$$$0000000B  mc_w.l(entry9a.o)
    0x00022210   0x00000000   Code   RO         6492    .ARM.Collect$$$$0000000D  mc_w.l(entry10a.o)
    0x00022210   0x00000000   Code   RO         6494    .ARM.Collect$$$$0000000F  mc_w.l(entry11a.o)
    0x00022210   0x00000004   Code   RO         6483    .ARM.Collect$$$$00002712  mc_w.l(entry2.o)
    0x00022214   0x00000024   Code   RO         5584    .text               arm_startup_nrf52840.o
    0x00022238   0x00000c44   Code   RO         5624    .text               libmpllib.lib(accel_auto_cal.o)
    0x00022e7c   0x000024f0   Code   RO         5722    .text               libmpllib.lib(compass_vec_cal.o)
    0x0002536c   0x00000a18   Code   RO         5752    .text               libmpllib.lib(fast_no_motion.o)
    0x00025d84   0x000006b0   Code   RO         5776    .text               libmpllib.lib(fusion_9axis.o)
    0x00026434   0x000004c4   Code   RO         5798    .text               libmpllib.lib(gyro_tc.o)
    0x000268f8   0x000005c0   Code   RO         5816    .text               libmpllib.lib(mag_disturb.o)
    0x00026eb8   0x00000994   Code   RO         5838    .text               libmpllib.lib(quaternion_supervisor.o)
    0x0002784c   0x00000062   Code   RO         6067    .text               mc_w.l(uldiv.o)
    0x000278ae   0x00000062   Code   RO         6069    .text               mc_w.l(ldiv.o)
    0x00027910   0x0000001e   Code   RO         6071    .text               mc_w.l(llshl.o)
    0x0002792e   0x00000024   Code   RO         6073    .text               mc_w.l(llsshr.o)
    0x00027952   0x00000002   PAD
    0x00027954   0x00000008   Code   RO         6075    .text               mc_w.l(ctype_o.o)
    0x0002795c   0x00000040   Code   RO         6105    .text               mc_w.l(memmovea.o)
    0x0002799c   0x00000024   Code   RO         6107    .text               mc_w.l(memseta.o)
    0x000279c0   0x0000000e   Code   RO         6109    .text               mc_w.l(strlen.o)
    0x000279ce   0x0000001a   Code   RO         6111    .text               mc_w.l(memcmp.o)
    0x000279e8   0x00000012   Code   RO         6113    .text               mc_w.l(strcpy.o)
    0x000279fa   0x0000014e   Code   RO         6408    .text               mf_w.l(dadd.o)
    0x00027b48   0x000000e4   Code   RO         6410    .text               mf_w.l(dmul.o)
    0x00027c2c   0x000000de   Code   RO         6412    .text               mf_w.l(ddiv.o)
    0x00027d0a   0x0000002c   Code   RO         6414    .text               mf_w.l(ffltl.o)
    0x00027d36   0x00000022   Code   RO         6416    .text               mf_w.l(dflti.o)
    0x00027d58   0x00000042   Code   RO         6418    .text               mf_w.l(ffixl.o)
    0x00027d9a   0x0000003e   Code   RO         6420    .text               mf_w.l(dfixi.o)
    0x00027dd8   0x00000026   Code   RO         6422    .text               mf_w.l(f2d.o)
    0x00027dfe   0x00000002   PAD
    0x00027e00   0x00000030   Code   RO         6424    .text               mf_w.l(cdcmple.o)
    0x00027e30   0x00000030   Code   RO         6426    .text               mf_w.l(cdrcmple.o)
    0x00027e60   0x00000038   Code   RO         6428    .text               mf_w.l(d2f.o)
    0x00027e98   0x0000002c   Code   RO         6496    .text               mc_w.l(uidiv.o)
    0x00027ec4   0x00000020   Code   RO         6498    .text               mc_w.l(llushr.o)
    0x00027ee4   0x00000000   Code   RO         6509    .text               mc_w.l(iusefp.o)
    0x00027ee4   0x0000006e   Code   RO         6510    .text               mf_w.l(fepilogue.o)
    0x00027f52   0x000000ba   Code   RO         6512    .text               mf_w.l(depilogue.o)
    0x0002800c   0x000000a2   Code   RO         6518    .text               mf_w.l(dsqrt.o)
    0x000280ae   0x00000030   Code   RO         6520    .text               mf_w.l(dfixul.o)
    0x000280de   0x00000002   PAD
    0x000280e0   0x00000024   Code   RO         6522    .text               mc_w.l(init.o)
    0x00028104   0x0000001a   Code   RO         6524    .text               mf_w.l(dfltui.o)
    0x0002811e   0x00000002   PAD
    0x00028120   0x000001b8   Code   RO         2160    i.GPIOTE_IRQHandler  nrf_drv_gpiote.o
    0x000282d8   0x00000016   Code   RO         2764    i.NVIC_ClearPendingIRQ  app_timer_1.o
    0x000282ee   0x00000016   Code   RO         3549    i.NVIC_DisableIRQ   softdevice_handler.o
    0x00028304   0x00000016   Code   RO         2765    i.NVIC_EnableIRQ    app_timer_1.o
    0x0002831a   0x00000016   Code   RO         3550    i.NVIC_EnableIRQ    softdevice_handler.o
    0x00028330   0x00000016   Code   RO         2766    i.NVIC_SetPendingIRQ  app_timer_1.o
    0x00028346   0x00000020   Code   RO         2767    i.NVIC_SetPriority  app_timer_1.o
    0x00028366   0x00000002   PAD
    0x00028368   0x00000058   Code   RO         1699    i.POWER_CLOCK_IRQHandler  nrf_drv_clock.o
    0x000283c0   0x00000024   Code   RO         2768    i.RTC1_IRQHandler   app_timer_1.o
    0x000283e4   0x00000014   Code   RO         3400    i.SEGGER_RTT_Init   segger_rtt.o
    0x000283f8   0x0000005c   Code   RO         3409    i.SEGGER_RTT_WriteNoLock  segger_rtt.o
    0x00028454   0x00000010   Code   RO         1327    i.SPIM0_SPIS0_TWIM0_TWIS0_SPI0_TWI0_IRQHandler  nrf_drv_twi.o
    0x00028464   0x00000004   Code   RO         2769    i.SWI0_EGU0_IRQHandler  app_timer_1.o
    0x00028468   0x00000024   Code   RO         3551    i.SWI2_EGU2_IRQHandler  softdevice_handler.o
    0x0002848c   0x000001e8   Code   RO         5592    i.SystemInit        system_nrf52840.o
    0x00028674   0x0000001c   Code   RO         1919    i.UARTE0_UART0_IRQHandler  nrf_drv_uart.o
    0x00028690   0x00000068   Code   RO         3412    i._DoInit           segger_rtt.o
    0x000286f8   0x00000016   Code   RO         3413    i._GetAvailWriteSpace  segger_rtt.o
    0x0002870e   0x00000002   PAD
    0x00028710   0x000000a4   Code   RO         1650    i._MLPrintLog       nrf_drv_inv_dmp.o
    0x000287b4   0x0000005a   Code   RO         3415    i._WriteBlocking    segger_rtt.o
    0x0002880e   0x0000003e   Code   RO         3416    i._WriteNoCheck     segger_rtt.o
    0x0002884c   0x00000020   Code   RO         6352    i.__0printf         mc_w.l(printfa.o)
    0x0002886c   0x00000030   Code   RO         6353    i.__0snprintf       mc_w.l(printfa.o)
    0x0002889c   0x00000024   Code   RO         6358    i.__0vsprintf       mc_w.l(printfa.o)
    0x000288c0   0x00000030   Code   RO         6447    i.__ARM_fpclassify  m_wm.l(fpclassify.o)
    0x000288f0   0x00000026   Code   RO         6449    i.__ARM_fpclassifyf  m_wm.l(fpclassifyf.o)
    0x00028916   0x00000002   PAD
    0x00028918   0x00000118   Code   RO         5870    i.__hardfp_acosf    m_wm.l(acosf.o)
    0x00028a30   0x00000250   Code   RO         5934    i.__hardfp_atan2f   m_wm.l(atan2f.o)
    0x00028c80   0x000000c8   Code   RO         5952    i.__hardfp_cos      m_wm.l(cos.o)
    0x00028d48   0x00000150   Code   RO         5964    i.__hardfp_cosf     m_wm.l(cosf.o)
    0x00028e98   0x00000014   Code   RO         5976    i.__hardfp_fabs     m_wm.l(fabs.o)
    0x00028eac   0x00000004   PAD
    0x00028eb0   0x000003c4   Code   RO         5988    i.__hardfp_log      m_wm.l(log.o)
    0x00029274   0x00000190   Code   RO         6028    i.__hardfp_sinf     m_wm.l(sinf.o)
    0x00029404   0x0000007a   Code   RO         6040    i.__hardfp_sqrt     m_wm.l(sqrt.o)
    0x0002947e   0x0000003a   Code   RO         6052    i.__hardfp_sqrtf    m_wm.l(sqrtf.o)
    0x000294b8   0x00000438   Code   RO         6468    i.__ieee754_rem_pio2  m_wm.l(rred.o)
    0x000298f0   0x00000170   Code   RO         6430    i.__kernel_cos      m_wm.l(cos_i.o)
    0x00029a60   0x000000f8   Code   RO         6465    i.__kernel_poly     m_wm.l(poly.o)
    0x00029b58   0x00000130   Code   RO         6476    i.__kernel_sin      m_wm.l(sin_i.o)
    0x00029c88   0x00000030   Code   RO         6433    i.__mathlib_dbl_divzero  m_wm.l(dunder.o)
    0x00029cb8   0x00000014   Code   RO         6434    i.__mathlib_dbl_infnan  m_wm.l(dunder.o)
    0x00029ccc   0x00000004   PAD
    0x00029cd0   0x00000020   Code   RO         6436    i.__mathlib_dbl_invalid  m_wm.l(dunder.o)
    0x00029cf0   0x00000020   Code   RO         6439    i.__mathlib_dbl_underflow  m_wm.l(dunder.o)
    0x00029d10   0x00000006   Code   RO         6452    i.__mathlib_flt_infnan  m_wm.l(funder.o)
    0x00029d16   0x00000006   Code   RO         6453    i.__mathlib_flt_infnan2  m_wm.l(funder.o)
    0x00029d1c   0x00000010   Code   RO         6454    i.__mathlib_flt_invalid  m_wm.l(funder.o)
    0x00029d2c   0x00000010   Code   RO         6457    i.__mathlib_flt_underflow  m_wm.l(funder.o)
    0x00029d3c   0x00000154   Code   RO         6473    i.__mathlib_rredf2  m_wm.l(rredf.o)
    0x00029e90   0x00000030   Code   RO         4634    i.__print_result_location  mpl.o
    0x00029ec0   0x0000000e   Code   RO         6528    i.__scatterload_copy  mc_w.l(handlers.o)
    0x00029ece   0x00000002   Code   RO         6529    i.__scatterload_null  mc_w.l(handlers.o)
    0x00029ed0   0x0000000e   Code   RO         6530    i.__scatterload_zeroinit  mc_w.l(handlers.o)
    0x00029ede   0x00000002   PAD
    0x00029ee0   0x00000024   Code   RO         3552    i.__sd_nvic_app_accessible_irq  softdevice_handler.o
    0x00029f04   0x0000000c   Code   RO         6504    i.__set_errno       mc_w.l(errno.o)
    0x00029f10   0x00000184   Code   RO         6359    i._fp_digits        mc_w.l(printfa.o)
    0x0002a094   0x000006dc   Code   RO         6360    i._printf_core      mc_w.l(printfa.o)
    0x0002a770   0x00000024   Code   RO         6361    i._printf_post_padding  mc_w.l(printfa.o)
    0x0002a794   0x0000002e   Code   RO         6362    i._printf_pre_padding  mc_w.l(printfa.o)
    0x0002a7c2   0x00000016   Code   RO         6363    i._snputc           mc_w.l(printfa.o)
    0x0002a7d8   0x0000000a   Code   RO         6364    i._sputc            mc_w.l(printfa.o)
    0x0002a7e2   0x00000002   PAD
    0x0002a7e4   0x000004b4   Code   RO         5167    i.accel_6500_self_test  inv_mpu.o
    0x0002ac98   0x00000036   Code   RO          712    i.advertising_buttons_configure  bsp_btn_ble.o
    0x0002acce   0x00000006   Code   RO          585    i.alert_timer_handler  bsp.o
    0x0002acd4   0x00000002   Code   RO            4    i.android_orient_cb  main.o
    0x0002acd6   0x00000002   PAD
    0x0002acd8   0x00000024   Code   RO         2508    i.app_button_enable  app_button.o
    0x0002acfc   0x00000070   Code   RO         2509    i.app_button_init   app_button.o
    0x0002ad6c   0x00000060   Code   RO         2612    i.app_error_fault_handler  app_error_weak.o
    0x0002adcc   0x00000016   Code   RO         2573    i.app_error_handler_bare  app_error.o
    0x0002ade2   0x00000016   Code   RO         2641    i.app_fifo_get      app_fifo.o
    0x0002adf8   0x00000020   Code   RO         2642    i.app_fifo_init     app_fifo.o
    0x0002ae18   0x0000001a   Code   RO         2644    i.app_fifo_put      app_fifo.o
    0x0002ae32   0x00000002   PAD
    0x0002ae34   0x0000000c   Code   RO         2771    i.app_timer_cnt_get  app_timer_1.o
    0x0002ae40   0x00000024   Code   RO         2772    i.app_timer_create  app_timer_1.o
    0x0002ae64   0x00000054   Code   RO         2773    i.app_timer_init    app_timer_1.o
    0x0002aeb8   0x00000088   Code   RO         2776    i.app_timer_start   app_timer_1.o
    0x0002af40   0x00000020   Code   RO         2777    i.app_timer_stop    app_timer_1.o
    0x0002af60   0x000000b4   Code   RO         2933    i.app_uart_init     app_uart_fifo.o
    0x0002b014   0x0000003c   Code   RO         2934    i.app_uart_put      app_uart_fifo.o
    0x0002b050   0x00000048   Code   RO         2999    i.app_util_critical_region_enter  app_util_platform.o
    0x0002b098   0x00000034   Code   RO         3000    i.app_util_critical_region_exit  app_util_platform.o
    0x0002b0cc   0x000000a8   Code   RO         1920    i.apply_config      nrf_drv_uart.o
    0x0002b174   0x00000090   Code   RO            6    i.ble_app_uart_c_setup  main.o
    0x0002b204   0x00000040   Code   RO          996    i.ble_db_discovery_evt_register  ble_db_discovery.o
    0x0002b244   0x0000001c   Code   RO          997    i.ble_db_discovery_init  ble_db_discovery.o
    0x0002b260   0x0000004c   Code   RO          998    i.ble_db_discovery_on_ble_evt  ble_db_discovery.o
    0x0002b2ac   0x0000005c   Code   RO          999    i.ble_db_discovery_start  ble_db_discovery.o
    0x0002b308   0x00000034   Code   RO            7    i.ble_evt_dispatch  main.o
    0x0002b33c   0x00000138   Code   RO            8    i.ble_nus_c_evt_handler  main.o
    0x0002b474   0x0000001a   Code   RO         1260    i.ble_nus_c_handles_assign  ble_nus_c.o
    0x0002b48e   0x00000002   PAD
    0x0002b490   0x0000004c   Code   RO         1261    i.ble_nus_c_init    ble_nus_c.o
    0x0002b4dc   0x0000006a   Code   RO         1262    i.ble_nus_c_on_ble_evt  ble_nus_c.o
    0x0002b546   0x00000080   Code   RO         1263    i.ble_nus_c_on_db_disc_evt  ble_nus_c.o
    0x0002b5c6   0x00000002   PAD
    0x0002b5c8   0x000000a4   Code   RO         1264    i.ble_nus_c_string_send  ble_nus_c.o
    0x0002b66c   0x00000048   Code   RO         1265    i.ble_nus_c_tx_notif_enable  ble_nus_c.o
    0x0002b6b4   0x000000d0   Code   RO            9    i.ble_stack_init    main.o
    0x0002b784   0x00000028   Code   RO          457    i.bsp_board_button_state_get  boards.o
    0x0002b7ac   0x0000002c   Code   RO          460    i.bsp_board_led_invert  boards.o
    0x0002b7d8   0x00000010   Code   RO          461    i.bsp_board_led_off  boards.o
    0x0002b7e8   0x00000010   Code   RO          462    i.bsp_board_led_on  boards.o
    0x0002b7f8   0x00000028   Code   RO          463    i.bsp_board_led_state_get  boards.o
    0x0002b820   0x0000002c   Code   RO          464    i.bsp_board_leds_init  boards.o
    0x0002b84c   0x00000012   Code   RO          465    i.bsp_board_leds_off  boards.o
    0x0002b85e   0x00000012   Code   RO          466    i.bsp_board_leds_on  boards.o
    0x0002b870   0x00000024   Code   RO          467    i.bsp_board_pin_to_button_idx  boards.o
    0x0002b894   0x00000038   Code   RO          713    i.bsp_btn_ble_init  bsp_btn_ble.o
    0x0002b8cc   0x00000070   Code   RO          714    i.bsp_btn_ble_on_ble_evt  bsp_btn_ble.o
    0x0002b93c   0x00000090   Code   RO          586    i.bsp_button_event_handler  bsp.o
    0x0002b9cc   0x00000004   Code   RO          587    i.bsp_button_is_pressed  bsp.o
    0x0002b9d0   0x00000020   Code   RO           10    i.bsp_event_handler  main.o
    0x0002b9f0   0x00000044   Code   RO          590    i.bsp_event_to_button_action_assign  bsp.o
    0x0002ba34   0x00000018   Code   RO          591    i.bsp_indication_set  bsp.o
    0x0002ba4c   0x00000094   Code   RO          592    i.bsp_init          bsp.o
    0x0002bae0   0x000001b8   Code   RO          593    i.bsp_led_indication  bsp.o
    0x0002bc98   0x00000012   Code   RO         3183    i.buf_len_update    nrf_log_backend_serial.o
    0x0002bcaa   0x00000008   Code   RO          596    i.button_timer_handler  bsp.o
    0x0002bcb2   0x00000002   PAD
    0x0002bcb4   0x0000001c   Code   RO         2161    i.channel_free      nrf_drv_gpiote.o
    0x0002bcd0   0x00000048   Code   RO         2162    i.channel_port_alloc  nrf_drv_gpiote.o
    0x0002bd18   0x00000010   Code   RO         2163    i.channel_port_get  nrf_drv_gpiote.o
    0x0002bd28   0x00000042   Code   RO         1000    i.characteristics_discover  ble_db_discovery.o
    0x0002bd6a   0x00000002   PAD
    0x0002bd6c   0x00000028   Code   RO         1700    i.clock_clk_started_notify  nrf_drv_clock.o
    0x0002bd94   0x000000ac   Code   RO         2779    i.compare_reg_update  app_timer_1.o
    0x0002be40   0x00000118   Code   RO         5168    i.compass_self_test  inv_mpu.o
    0x0002bf58   0x0000000c   Code   RO           11    i.db_disc_handler   main.o
    0x0002bf64   0x0000008c   Code   RO         1001    i.descriptors_discover  ble_db_discovery.o
    0x0002bff0   0x00000060   Code   RO         2511    i.detection_delay_timeout_handler  app_button.o
    0x0002c050   0x000000b4   Code   RO         1002    i.discovery_complete_evt_trigger  ble_db_discovery.o
    0x0002c104   0x00000034   Code   RO         1003    i.discovery_error_evt_trigger  ble_db_discovery.o
    0x0002c138   0x0000003a   Code   RO         4977    i.dmp_enable_6x_lp_quat  inv_mpu_dmp_motion_driver.o
    0x0002c172   0x00000002   PAD
    0x0002c174   0x000001d8   Code   RO         4978    i.dmp_enable_feature  inv_mpu_dmp_motion_driver.o
    0x0002c34c   0x0000003c   Code   RO         4979    i.dmp_enable_gyro_cal  inv_mpu_dmp_motion_driver.o
    0x0002c388   0x0000003a   Code   RO         4980    i.dmp_enable_lp_quat  inv_mpu_dmp_motion_driver.o
    0x0002c3c2   0x00000002   PAD
    0x0002c3c4   0x00000014   Code   RO         4985    i.dmp_load_motion_driver_firmware  inv_mpu_dmp_motion_driver.o
    0x0002c3d8   0x00000180   Code   RO         4986    i.dmp_read_fifo     inv_mpu_dmp_motion_driver.o
    0x0002c558   0x0000000c   Code   RO         4987    i.dmp_register_android_orient_cb  inv_mpu_dmp_motion_driver.o
    0x0002c564   0x0000000c   Code   RO         4988    i.dmp_register_tap_cb  inv_mpu_dmp_motion_driver.o
    0x0002c570   0x00000064   Code   RO         4990    i.dmp_set_fifo_rate  inv_mpu_dmp_motion_driver.o
    0x0002c5d4   0x0000010c   Code   RO         4993    i.dmp_set_orientation  inv_mpu_dmp_motion_driver.o
    0x0002c6e0   0x00000030   Code   RO         4996    i.dmp_set_shake_reject_thresh  inv_mpu_dmp_motion_driver.o
    0x0002c710   0x00000020   Code   RO         4997    i.dmp_set_shake_reject_time  inv_mpu_dmp_motion_driver.o
    0x0002c730   0x00000020   Code   RO         4998    i.dmp_set_shake_reject_timeout  inv_mpu_dmp_motion_driver.o
    0x0002c750   0x00000040   Code   RO         4999    i.dmp_set_tap_axes  inv_mpu_dmp_motion_driver.o
    0x0002c790   0x00000022   Code   RO         5000    i.dmp_set_tap_count  inv_mpu_dmp_motion_driver.o
    0x0002c7b2   0x00000002   PAD
    0x0002c7b4   0x00000160   Code   RO         5001    i.dmp_set_tap_thresh  inv_mpu_dmp_motion_driver.o
    0x0002c914   0x00000020   Code   RO         5002    i.dmp_set_tap_time  inv_mpu_dmp_motion_driver.o
    0x0002c934   0x00000020   Code   RO         5003    i.dmp_set_tap_time_multi  inv_mpu_dmp_motion_driver.o
    0x0002c954   0x00000040   Code   RO         2780    i.elapsed_ticks_acquire  app_timer_1.o
    0x0002c994   0x00000018   Code   RO         5978    i.fabs              m_wm.l(fabs.o)
    0x0002c9ac   0x00000014   Code   RO         2647    i.fifo_get          app_fifo.o
    0x0002c9c0   0x00000012   Code   RO         2648    i.fifo_put          app_fifo.o
    0x0002c9d2   0x0000000e   Code   RO         3128    i.fputc             retarget.o
    0x0002c9e0   0x00000050   Code   RO         6380    i.free              mc_w.l(malloc.o)
    0x0002ca30   0x00000090   Code   RO           12    i.gatt_evt_handler  main.o
    0x0002cac0   0x00000030   Code   RO           13    i.gatt_init         main.o
    0x0002caf0   0x000004c8   Code   RO         5169    i.get_st_6500_biases  inv_mpu.o
    0x0002cfb8   0x00000058   Code   RO         2512    i.gpiote_event_handler  app_button.o
    0x0002d010   0x00000470   Code   RO         5171    i.gyro_6500_self_test  inv_mpu.o
    0x0002d480   0x00000080   Code   RO         1504    i.i2c_write_porting  nrf_drv_mpu_twi.o
    0x0002d500   0x00000078   Code   RO         3553    i.intern_softdevice_events_execute  softdevice_handler.o
    0x0002d578   0x00000078   Code   RO         1921    i.interrupts_enable  nrf_drv_uart.o
    0x0002d5f0   0x0000006a   Code   RO         3689    i.inv_apply_calibration  data_builder.o
    0x0002d65a   0x00000002   PAD
    0x0002d65c   0x00000068   Code   RO         3690    i.inv_build_accel   data_builder.o
    0x0002d6c4   0x00000030   Code   RO         3692    i.inv_build_gyro    data_builder.o
    0x0002d6f4   0x0000002c   Code   RO         3693    i.inv_build_quat    data_builder.o
    0x0002d720   0x000000ac   Code   RO         4281    i.inv_compass_angle  ml_math_func.o
    0x0002d7cc   0x0000005c   Code   RO         4283    i.inv_convert_to_body_with_scale  ml_math_func.o
    0x0002d828   0x0000003c   Code   RO         3696    i.inv_db_load_func  data_builder.o
    0x0002d864   0x00000014   Code   RO         3697    i.inv_db_save_func  data_builder.o
    0x0002d878   0x0000001c   Code   RO         5510    i.inv_enable_eMPL_outputs  empl_outputs.o
    0x0002d894   0x0000001c   Code   RO         4669    i.inv_enable_results_holder  results_holder.o
    0x0002d8b0   0x0000002c   Code   RO         4904    i.inv_execute_mpl_start_notification  start_manager.o
    0x0002d8dc   0x00000080   Code   RO         3700    i.inv_execute_on_data  data_builder.o
    0x0002d95c   0x000000a4   Code   RO         5511    i.inv_generate_eMPL_outputs  empl_outputs.o
    0x0002da00   0x00000010   Code   RO         4670    i.inv_generate_results  results_holder.o
    0x0002da10   0x00000014   Code   RO         4671    i.inv_get_6axis_quaternion  results_holder.o
    0x0002da24   0x0000000c   Code   RO         4672    i.inv_get_acc_state  results_holder.o
    0x0002da30   0x0000000c   Code   RO         3701    i.inv_get_accel_accuracy  data_builder.o
    0x0002da3c   0x00000010   Code   RO         3703    i.inv_get_accel_on  data_builder.o
    0x0002da4c   0x00000028   Code   RO         3707    i.inv_get_accel_set  data_builder.o
    0x0002da74   0x00000014   Code   RO         3708    i.inv_get_compass_bias  data_builder.o
    0x0002da88   0x00000018   Code   RO         4676    i.inv_get_compass_correction  results_holder.o
    0x0002daa0   0x00000010   Code   RO         3710    i.inv_get_compass_on  data_builder.o
    0x0002dab0   0x0000000c   Code   RO         4677    i.inv_get_compass_state  results_holder.o
    0x0002dabc   0x00000054   Code   RO         4678    i.inv_get_gravity   results_holder.o
    0x0002db10   0x00000010   Code   RO         3718    i.inv_get_gyro      data_builder.o
    0x0002db20   0x0000000c   Code   RO         3719    i.inv_get_gyro_accuracy  data_builder.o
    0x0002db2c   0x00000024   Code   RO         3720    i.inv_get_gyro_bias  data_builder.o
    0x0002db50   0x00000018   Code   RO         3721    i.inv_get_gyro_bias_tc_set  data_builder.o
    0x0002db68   0x00000010   Code   RO         3722    i.inv_get_gyro_on   data_builder.o
    0x0002db78   0x0000001a   Code   RO         4287    i.inv_get_gyro_sum_of_sqr  ml_math_func.o
    0x0002db92   0x00000002   PAD
    0x0002db94   0x0000000c   Code   RO         4681    i.inv_get_large_mag_field  results_holder.o
    0x0002dba0   0x00000048   Code   RO         3728    i.inv_get_last_timestamp  data_builder.o
    0x0002dbe8   0x0000003a   Code   RO         4682    i.inv_get_linear_accel  results_holder.o
    0x0002dc22   0x00000002   PAD
    0x0002dc24   0x00000044   Code   RO         4683    i.inv_get_linear_accel_float  results_holder.o
    0x0002dc68   0x00000010   Code   RO         4684    i.inv_get_local_field  results_holder.o
    0x0002dc78   0x0000001c   Code   RO         3729    i.inv_get_mag_accuracy  data_builder.o
    0x0002dc94   0x00000010   Code   RO         4686    i.inv_get_motion_state  results_holder.o
    0x0002dca4   0x00000034   Code   RO         4687    i.inv_get_quaternion  results_holder.o
    0x0002dcd8   0x00000038   Code   RO         4689    i.inv_get_quaternion_set  results_holder.o
    0x0002dd10   0x00000060   Code   RO         4151    i.inv_get_sensor_type_gravity  hal_outputs.o
    0x0002dd70   0x00000070   Code   RO         4154    i.inv_get_sensor_type_linear_acceleration  hal_outputs.o
    0x0002dde0   0x0000001c   Code   RO         5517    i.inv_get_sensor_type_quat  empl_outputs.o
    0x0002ddfc   0x0000000c   Code   RO         4691    i.inv_got_compass_bias  results_holder.o
    0x0002de08   0x0000003c   Code   RO         3732    i.inv_init_data_builder  data_builder.o
    0x0002de44   0x00000088   Code   RO         4636    i.inv_init_mpl      mpl.o
    0x0002decc   0x00000030   Code   RO         4692    i.inv_init_results_holder  results_holder.o
    0x0002defc   0x00000014   Code   RO         4905    i.inv_init_start_manager  start_manager.o
    0x0002df10   0x00000018   Code   RO         4937    i.inv_init_storage_manager  storage_manager.o
    0x0002df28   0x00000022   Code   RO         4296    i.inv_orientation_matrix_to_scalar  ml_math_func.o
    0x0002df4a   0x0000000c   Code   RO         4297    i.inv_q29_mult      ml_math_func.o
    0x0002df56   0x0000000c   Code   RO         4299    i.inv_q30_mult      ml_math_func.o
    0x0002df62   0x00000024   Code   RO         4301    i.inv_q_add         ml_math_func.o
    0x0002df86   0x00000042   Code   RO         4302    i.inv_q_addf        ml_math_func.o
    0x0002dfc8   0x00000018   Code   RO         4303    i.inv_q_invert      ml_math_func.o
    0x0002dfe0   0x0000002e   Code   RO         4304    i.inv_q_invertf     ml_math_func.o
    0x0002e00e   0x000000b0   Code   RO         4305    i.inv_q_mult        ml_math_func.o
    0x0002e0be   0x000000d2   Code   RO         4306    i.inv_q_multf       ml_math_func.o
    0x0002e190   0x00000084   Code   RO         4307    i.inv_q_norm4       ml_math_func.o
    0x0002e214   0x000000b0   Code   RO         4309    i.inv_q_normalizef  ml_math_func.o
    0x0002e2c4   0x0000003e   Code   RO         4310    i.inv_q_rotate      ml_math_func.o
    0x0002e302   0x000000da   Code   RO         4312    i.inv_quaternion_to_rotation  ml_math_func.o
    0x0002e3dc   0x000000a4   Code   RO         3735    i.inv_register_data_cb  data_builder.o
    0x0002e480   0x0000006c   Code   RO         4939    i.inv_register_load_store  storage_manager.o
    0x0002e4ec   0x00000020   Code   RO         4906    i.inv_register_mpl_start_notification  start_manager.o
    0x0002e50c   0x00000054   Code   RO         3736    i.inv_reset_compass_soft_iron_matrix  data_builder.o
    0x0002e560   0x00000048   Code   RO         4314    i.inv_row_2_scale   ml_math_func.o
    0x0002e5a8   0x0000001c   Code   RO         3737    i.inv_set_accel_accuracy  data_builder.o
    0x0002e5c4   0x00000048   Code   RO         3739    i.inv_set_accel_bias  data_builder.o
    0x0002e60c   0x0000000c   Code   RO         4695    i.inv_set_accel_bias_found  results_holder.o
    0x0002e618   0x00000050   Code   RO         3740    i.inv_set_accel_bias_mask  data_builder.o
    0x0002e668   0x0000000c   Code   RO         3741    i.inv_set_accel_orientation_and_scale  data_builder.o
    0x0002e674   0x0000002c   Code   RO         3742    i.inv_set_accel_sample_rate  data_builder.o
    0x0002e6a0   0x00000048   Code   RO         3744    i.inv_set_compass_bias  data_builder.o
    0x0002e6e8   0x00000010   Code   RO         4696    i.inv_set_compass_bias_error  results_holder.o
    0x0002e6f8   0x0000000c   Code   RO         4697    i.inv_set_compass_bias_found  results_holder.o
    0x0002e704   0x00000020   Code   RO         4698    i.inv_set_compass_correction  results_holder.o
    0x0002e724   0x0000000c   Code   RO         3745    i.inv_set_compass_disturbance  data_builder.o
    0x0002e730   0x00000010   Code   RO         3746    i.inv_set_compass_orientation_and_scale  data_builder.o
    0x0002e740   0x0000002c   Code   RO         3747    i.inv_set_compass_sample_rate  data_builder.o
    0x0002e76c   0x0000000c   Code   RO         4699    i.inv_set_compass_state  results_holder.o
    0x0002e778   0x00000080   Code   RO         3751    i.inv_set_contiguous  data_builder.o
    0x0002e7f8   0x0000005c   Code   RO         3753    i.inv_set_gyro_bias  data_builder.o
    0x0002e854   0x0000000c   Code   RO         3754    i.inv_set_gyro_orientation_and_scale  data_builder.o
    0x0002e860   0x00000028   Code   RO         3755    i.inv_set_gyro_sample_rate  data_builder.o
    0x0002e888   0x00000014   Code   RO         4256    i.inv_set_message   message_layer.o
    0x0002e89c   0x00000034   Code   RO         4704    i.inv_set_motion_state  results_holder.o
    0x0002e8d0   0x00000018   Code   RO         3756    i.inv_set_quat_sample_rate  data_builder.o
    0x0002e8e8   0x00000010   Code   RO         5519    i.inv_start_eMPL_outputs  empl_outputs.o
    0x0002e8f8   0x0000004c   Code   RO         4637    i.inv_start_mpl     mpl.o
    0x0002e944   0x00000018   Code   RO         4705    i.inv_start_results_holder  results_holder.o
    0x0002e95c   0x00000020   Code   RO         4706    i.inv_store_gaming_quaternion  results_holder.o
    0x0002e97c   0x0000004c   Code   RO         3758    i.inv_unregister_data_cb  data_builder.o
    0x0002e9c8   0x00000048   Code   RO         4907    i.inv_unregister_mpl_start_notification  start_manager.o
    0x0002ea10   0x0000014e   Code   RO         1328    i.irq_handler_twim  nrf_drv_twi.o
    0x0002eb5e   0x0000004c   Code   RO         1004    i.is_desc_discovery_reqd  ble_db_discovery.o
    0x0002ebaa   0x00000002   PAD
    0x0002ebac   0x000000e2   Code   RO           14    i.is_uuid_present   main.o
    0x0002ec8e   0x00000016   Code   RO         1702    i.item_enqueue      nrf_drv_clock.o
    0x0002eca4   0x00000030   Code   RO          597    i.leds_off          bsp.o
    0x0002ecd4   0x00000014   Code   RO          598    i.leds_timer_handler  bsp.o
    0x0002ece8   0x00000018   Code   RO         1168    i.link_init         nrf_ble_gatt.o
    0x0002ed00   0x000000f8   Code   RO         2781    i.list_insertions_handler  app_timer_1.o
    0x0002edf8   0x00000470   Code   RO           15    i.main              main.o
    0x0002f268   0x0000006c   Code   RO         6381    i.malloc            mc_w.l(malloc.o)
    0x0002f2d4   0x0000001e   Code   RO         1651    i.millis            nrf_drv_inv_dmp.o
    0x0002f2f2   0x00000002   PAD
    0x0002f2f4   0x00000054   Code   RO         5172    i.mpu_configure_fifo  inv_mpu.o
    0x0002f348   0x0000003c   Code   RO         5173    i.mpu_get_accel_fsr  inv_mpu.o
    0x0002f384   0x00000044   Code   RO         5175    i.mpu_get_accel_sens  inv_mpu.o
    0x0002f3c8   0x00000010   Code   RO         5176    i.mpu_get_compass_fsr  inv_mpu.o
    0x0002f3d8   0x00000034   Code   RO         5181    i.mpu_get_gyro_fsr  inv_mpu.o
    0x0002f40c   0x0000004c   Code   RO         5183    i.mpu_get_gyro_sens  inv_mpu.o
    0x0002f458   0x00000038   Code   RO         5185    i.mpu_get_lpf       inv_mpu.o
    0x0002f490   0x0000001c   Code   RO         5187    i.mpu_get_sample_rate  inv_mpu.o
    0x0002f4ac   0x00000004   Code   RO         2424    i.mpu_init          app_mpu.o
    0x0002f4b0   0x000000d8   Code   RO         5189    i.mpu_init_inv      inv_mpu.o
    0x0002f588   0x000000b8   Code   RO         5190    i.mpu_load_firmware  inv_mpu.o
    0x0002f640   0x000000ec   Code   RO         5191    i.mpu_lp_accel_mode  inv_mpu.o
    0x0002f72c   0x000000d4   Code   RO         5197    i.mpu_read_fifo_stream  inv_mpu.o
    0x0002f800   0x00000054   Code   RO         5198    i.mpu_read_mem      inv_mpu.o
    0x0002f854   0x00000160   Code   RO         5201    i.mpu_reset_fifo    inv_mpu.o
    0x0002f9b4   0x000002bc   Code   RO         5202    i.mpu_run_6500_self_test  inv_mpu.o
    0x0002fc70   0x00000068   Code   RO         5206    i.mpu_set_accel_fsr  inv_mpu.o
    0x0002fcd8   0x000000dc   Code   RO         5207    i.mpu_set_bypass    inv_mpu.o
    0x0002fdb4   0x00000050   Code   RO         5208    i.mpu_set_compass_sample_rate  inv_mpu.o
    0x0002fe04   0x00000078   Code   RO         5209    i.mpu_set_dmp_state  inv_mpu.o
    0x0002fe7c   0x0000006c   Code   RO         5211    i.mpu_set_gyro_fsr  inv_mpu.o
    0x0002fee8   0x00000064   Code   RO         5212    i.mpu_set_int_latched  inv_mpu.o
    0x0002ff4c   0x00000088   Code   RO         5214    i.mpu_set_lpf       inv_mpu.o
    0x0002ffd4   0x00000090   Code   RO         5215    i.mpu_set_sample_rate  inv_mpu.o
    0x00030064   0x00000134   Code   RO         5216    i.mpu_set_sensors   inv_mpu.o
    0x00030198   0x000000b8   Code   RO         1505    i.mpu_twi_read_test  nrf_drv_mpu_twi.o
    0x00030250   0x0000006c   Code   RO         5217    i.mpu_write_mem     inv_mpu.o
    0x000302bc   0x00000010   Code   RO         2164    i.nrf_bitmask_bit_is_set  nrf_drv_gpiote.o
    0x000302cc   0x00000018   Code   RO         1169    i.nrf_ble_gatt_att_mtu_central_set  nrf_ble_gatt.o
    0x000302e4   0x0000002c   Code   RO         1174    i.nrf_ble_gatt_init  nrf_ble_gatt.o
    0x00030310   0x00000140   Code   RO         1175    i.nrf_ble_gatt_on_ble_evt  nrf_ble_gatt.o
    0x00030450   0x0000000e   Code   RO         1704    i.nrf_clock_event_check  nrf_drv_clock.o
    0x0003045e   0x00000010   Code   RO         1705    i.nrf_clock_event_clear  nrf_drv_clock.o
    0x0003046e   0x0000000a   Code   RO         5218    i.nrf_delay_ms      inv_mpu.o
    0x00030478   0x0000008c   Code   RO           16    i.nrf_delay_us      main.o
    0x00030504   0x0000008c   Code   RO         1329    i.nrf_delay_us      nrf_drv_twi.o
    0x00030590   0x0000008c   Code   RO         2782    i.nrf_delay_us      app_timer_1.o
    0x0003061c   0x0000008c   Code   RO         5219    i.nrf_delay_us      inv_mpu.o
    0x000306a8   0x00000048   Code   RO         1712    i.nrf_drv_clock_init  nrf_drv_clock.o
    0x000306f0   0x00000068   Code   RO         1717    i.nrf_drv_clock_lfclk_request  nrf_drv_clock.o
    0x00030758   0x00000030   Code   RO         1719    i.nrf_drv_clock_on_sd_enable  nrf_drv_clock.o
    0x00030788   0x0000000a   Code   RO         1720    i.nrf_drv_clock_on_soc_event  nrf_drv_clock.o
    0x00030792   0x00000038   Code   RO         1873    i.nrf_drv_common_irq_enable  nrf_drv_common.o
    0x000307ca   0x00000006   Code   RO         1923    i.nrf_drv_get_IRQn  nrf_drv_uart.o
    0x000307d0   0x00000098   Code   RO         2169    i.nrf_drv_gpiote_in_event_enable  nrf_drv_gpiote.o
    0x00030868   0x00000100   Code   RO         2170    i.nrf_drv_gpiote_in_init  nrf_drv_gpiote.o
    0x00030968   0x0000000e   Code   RO         2171    i.nrf_drv_gpiote_in_is_set  nrf_drv_gpiote.o
    0x00030976   0x00000002   PAD
    0x00030978   0x000000e0   Code   RO         2173    i.nrf_drv_gpiote_init  nrf_drv_gpiote.o
    0x00030a58   0x00000014   Code   RO         2174    i.nrf_drv_gpiote_is_init  nrf_drv_gpiote.o
    0x00030a6c   0x00000010   Code   RO         1330    i.nrf_drv_is_in_RAM  nrf_drv_twi.o
    0x00030a7c   0x00000010   Code   RO         1924    i.nrf_drv_is_in_RAM  nrf_drv_uart.o
    0x00030a8c   0x00000034   Code   RO         1508    i.nrf_drv_mpu_init  nrf_drv_mpu_twi.o
    0x00030ac0   0x00000028   Code   RO         1511    i.nrf_drv_mpu_twi_event_handler  nrf_drv_mpu_twi.o
    0x00030ae8   0x00000020   Code   RO         1333    i.nrf_drv_twi_enable  nrf_drv_twi.o
    0x00030b08   0x0000008c   Code   RO         1334    i.nrf_drv_twi_init  nrf_drv_twi.o
    0x00030b94   0x00000024   Code   RO         1336    i.nrf_drv_twi_rx    nrf_drv_twi.o
    0x00030bb8   0x00000024   Code   RO         1339    i.nrf_drv_twi_tx    nrf_drv_twi.o
    0x00030bdc   0x00000024   Code   RO         1341    i.nrf_drv_twi_xfer  nrf_drv_twi.o
    0x00030c00   0x00000068   Code   RO         1926    i.nrf_drv_uart_init  nrf_drv_uart.o
    0x00030c68   0x000000b0   Code   RO         1927    i.nrf_drv_uart_rx   nrf_drv_uart.o
    0x00030d18   0x00000030   Code   RO         1930    i.nrf_drv_uart_rx_enable  nrf_drv_uart.o
    0x00030d48   0x000000a8   Code   RO         1931    i.nrf_drv_uart_rx_for_uart  nrf_drv_uart.o
    0x00030df0   0x000000b0   Code   RO         1932    i.nrf_drv_uart_rx_for_uarte  nrf_drv_uart.o
    0x00030ea0   0x0000010c   Code   RO         1934    i.nrf_drv_uart_tx   nrf_drv_uart.o
    0x00030fac   0x00000018   Code   RO         1936    i.nrf_drv_uart_tx_in_progress  nrf_drv_uart.o
    0x00030fc4   0x00000032   Code   RO          469    i.nrf_gpio_cfg      boards.o
    0x00030ff6   0x00000032   Code   RO         1938    i.nrf_gpio_cfg      nrf_drv_uart.o
    0x00031028   0x00000032   Code   RO         2188    i.nrf_gpio_cfg      nrf_drv_gpiote.o
    0x0003105a   0x00000012   Code   RO         1940    i.nrf_gpio_cfg_input  nrf_drv_uart.o
    0x0003106c   0x00000014   Code   RO         1941    i.nrf_gpio_cfg_output  nrf_drv_uart.o
    0x00031080   0x00000030   Code   RO         2190    i.nrf_gpio_cfg_sense_set  nrf_drv_gpiote.o
    0x000310b0   0x00000014   Code   RO         1342    i.nrf_gpio_pin_clear  nrf_drv_twi.o
    0x000310c4   0x0000001c   Code   RO          470    i.nrf_gpio_pin_port_decode  boards.o
    0x000310e0   0x0000001c   Code   RO         1343    i.nrf_gpio_pin_port_decode  nrf_drv_twi.o
    0x000310fc   0x0000001c   Code   RO         1942    i.nrf_gpio_pin_port_decode  nrf_drv_uart.o
    0x00031118   0x0000001c   Code   RO         2192    i.nrf_gpio_pin_port_decode  nrf_drv_gpiote.o
    0x00031134   0x00000016   Code   RO         2193    i.nrf_gpio_pin_read  nrf_drv_gpiote.o
    0x0003114a   0x00000014   Code   RO         1344    i.nrf_gpio_pin_set  nrf_drv_twi.o
    0x0003115e   0x00000014   Code   RO         1943    i.nrf_gpio_pin_set  nrf_drv_uart.o
    0x00031172   0x00000026   Code   RO          471    i.nrf_gpio_pin_write  boards.o
    0x00031198   0x0000002c   Code   RO         2195    i.nrf_gpio_ports_read  nrf_drv_gpiote.o
    0x000311c4   0x00000014   Code   RO         2196    i.nrf_gpiote_event_clear  nrf_drv_gpiote.o
    0x000311d8   0x00000010   Code   RO         2197    i.nrf_gpiote_event_is_set  nrf_drv_gpiote.o
    0x000311e8   0x00000008   Code   RO         3185    i.nrf_log_backend_hexdump_handler_get  nrf_log_backend_serial.o
    0x000311f0   0x00000024   Code   RO         3186    i.nrf_log_backend_init  nrf_log_backend_serial.o
    0x00031214   0x0000011c   Code   RO         3187    i.nrf_log_backend_serial_hexdump_handler  nrf_log_backend_serial.o
    0x00031330   0x00000108   Code   RO         3188    i.nrf_log_backend_serial_std_handler  nrf_log_backend_serial.o
    0x00031438   0x00000008   Code   RO         3189    i.nrf_log_backend_std_handler_get  nrf_log_backend_serial.o
    0x00031440   0x00000018   Code   RO         3275    i.nrf_log_direct_feed  nrf_log_frontend.o
    0x00031458   0x00000008   Code   RO         3279    i.nrf_log_frontend_std_0  nrf_log_frontend.o
    0x00031460   0x0000000e   Code   RO         3280    i.nrf_log_frontend_std_1  nrf_log_frontend.o
    0x0003146e   0x00000010   Code   RO         3281    i.nrf_log_frontend_std_2  nrf_log_frontend.o
    0x0003147e   0x00000012   Code   RO         3282    i.nrf_log_frontend_std_3  nrf_log_frontend.o
    0x00031490   0x00000014   Code   RO         3283    i.nrf_log_frontend_std_4  nrf_log_frontend.o
    0x000314a4   0x0000001c   Code   RO         3285    i.nrf_log_frontend_std_6  nrf_log_frontend.o
    0x000314c0   0x0000000c   Code   RO         3287    i.nrf_log_handlers_set  nrf_log_frontend.o
    0x000314cc   0x00000022   Code   RO         3288    i.nrf_log_init      nrf_log_frontend.o
    0x000314ee   0x00000002   Code   RO         3289    i.nrf_log_push      nrf_log_frontend.o
    0x000314f0   0x00000038   Code   RO         3094    i.nrf_strerror_find  nrf_strerror.o
    0x00031528   0x00000014   Code   RO         3095    i.nrf_strerror_get  nrf_strerror.o
    0x0003153c   0x0000000a   Code   RO         1345    i.nrf_twim_event_check  nrf_drv_twi.o
    0x00031546   0x0000000c   Code   RO         1346    i.nrf_twim_event_clear  nrf_drv_twi.o
    0x00031552   0x0000000a   Code   RO         1944    i.nrf_uart_event_check  nrf_drv_uart.o
    0x0003155c   0x0000000c   Code   RO         1945    i.nrf_uart_event_clear  nrf_drv_uart.o
    0x00031568   0x0000000c   Code   RO         1946    i.nrf_uart_int_enable_check  nrf_drv_uart.o
    0x00031574   0x0000000a   Code   RO         1947    i.nrf_uarte_event_check  nrf_drv_uart.o
    0x0003157e   0x0000000c   Code   RO         1948    i.nrf_uarte_event_clear  nrf_drv_uart.o
    0x0003158a   0x00000002   PAD
    0x0003158c   0x0000019c   Code   RO           17    i.on_ble_evt        main.o
    0x00031728   0x00000114   Code   RO         1005    i.on_characteristic_discovery_rsp  ble_db_discovery.o
    0x0003183c   0x00000084   Code   RO         1176    i.on_connected_evt  nrf_ble_gatt.o
    0x000318c0   0x000000f0   Code   RO         1006    i.on_descriptor_discovery_rsp  ble_db_discovery.o
    0x000319b0   0x00000068   Code   RO         1177    i.on_exchange_mtu_request_evt  nrf_ble_gatt.o
    0x00031a18   0x0000006c   Code   RO         1007    i.on_primary_srv_discovery_rsp  ble_db_discovery.o
    0x00031a84   0x0000007c   Code   RO         1008    i.on_srv_disc_completion  ble_db_discovery.o
    0x00031b00   0x0000000c   Code   RO           18    i.pin_in_read       main.o
    0x00031b0c   0x00000018   Code   RO         2198    i.pin_in_use_by_port  nrf_drv_gpiote.o
    0x00031b24   0x00000018   Code   RO         2199    i.pin_in_use_by_te  nrf_drv_gpiote.o
    0x00031b3c   0x00000144   Code   RO           19    i.read_from_mpl     main.o
    0x00031c80   0x00000038   Code   RO         1009    i.registered_handler_get  ble_db_discovery.o
    0x00031cb8   0x0000003c   Code   RO         2783    i.rtc1_stop         app_timer_1.o
    0x00031cf4   0x00000104   Code   RO           20    i.run_self_test     main.o
    0x00031df8   0x00000032   Code   RO         1950    i.rx_byte           nrf_drv_uart.o
    0x00031e2a   0x00000018   Code   RO         1951    i.rx_done_event     nrf_drv_uart.o
    0x00031e42   0x00000020   Code   RO         1952    i.rx_enable         nrf_drv_uart.o
    0x00031e62   0x00000002   PAD
    0x00031e64   0x00000024   Code   RO           21    i.scan_start        main.o
    0x00031e88   0x00000070   Code   RO         3554    i.sd_nvic_EnableIRQ  softdevice_handler.o
    0x00031ef8   0x0000002e   Code   RO         3190    i.serial_tx         nrf_log_backend_serial.o
    0x00031f26   0x00000002   PAD
    0x00031f28   0x00000058   Code   RO         5220    i.set_int_enable    inv_mpu.o
    0x00031f80   0x000001e4   Code   RO         5221    i.setup_compass     inv_mpu.o
    0x00032164   0x00000014   Code   RO         3555    i.softdevice_app_ram_start_get  softdevice_handler.o
    0x00032178   0x00000014   Code   RO         3556    i.softdevice_ble_evt_handler_set  softdevice_handler.o
    0x0003218c   0x000000f0   Code   RO         3557    i.softdevice_enable  softdevice_handler.o
    0x0003227c   0x00000004   Code   RO         3558    i.softdevice_fault_handler  softdevice_handler.o
    0x00032280   0x00000064   Code   RO         3559    i.softdevice_handler_init  softdevice_handler.o
    0x000322e4   0x0000000c   Code   RO         3560    i.softdevice_handler_is_enabled  softdevice_handler.o
    0x000322f0   0x0000003e   Code   RO         6054    i.sqrtf             m_wm.l(sqrtf.o)
    0x0003232e   0x00000002   Code   RO           22    i.tap_cb            main.o
    0x00032330   0x00000002   Code   RO           23    i.timer_a_handler   main.o
    0x00032332   0x00000002   PAD
    0x00032334   0x00000080   Code   RO         2784    i.timer_list_handler  app_timer_1.o
    0x000323b4   0x0000003c   Code   RO         2785    i.timer_list_insert  app_timer_1.o
    0x000323f0   0x00000060   Code   RO         2786    i.timer_list_remove  app_timer_1.o
    0x00032450   0x00000048   Code   RO         2787    i.timer_stop_op_schedule  app_timer_1.o
    0x00032498   0x00000074   Code   RO         2788    i.timer_timeouts_check  app_timer_1.o
    0x0003250c   0x00000034   Code   RO         3191    i.timestamp_process  nrf_log_backend_serial.o
    0x00032540   0x000000a4   Code   RO         1347    i.twi_clear_bus     nrf_drv_twi.o
    0x000325e4   0x00000240   Code   RO         1348    i.twim_xfer         nrf_drv_twi.o
    0x00032824   0x00000020   Code   RO         1953    i.tx_byte           nrf_drv_uart.o
    0x00032844   0x0000001c   Code   RO         1954    i.tx_done_event     nrf_drv_uart.o
    0x00032860   0x00000012   Code   RO           24    i.uart_error_handle  main.o
    0x00032872   0x00000002   PAD
    0x00032874   0x000000a0   Code   RO         2935    i.uart_event_handler  app_uart_fifo.o
    0x00032914   0x0000011e   Code   RO         1955    i.uart_irq_handler  nrf_drv_uart.o
    0x00032a32   0x000000f0   Code   RO         1956    i.uarte_irq_handler  nrf_drv_uart.o
    0x00032b22   0x00000002   PAD
    0x00032b24   0x00000030   Code   RO         2789    i.user_op_alloc     app_timer_1.o
    0x00032b54   0x00000038   Data   RO           27    .constdata          main.o
    0x00032b8c   0x00000008   Data   RO          472    .constdata          boards.o
    0x00032b94   0x0000002c   Data   RO          604    .constdata          bsp.o
    0x00032bc0   0x00000016   Data   RO         1178    .constdata          nrf_ble_gatt.o
    0x00032bd6   0x00000002   PAD
    0x00032bd8   0x00000028   Data   RO         1266    .constdata          ble_nus_c.o
    0x00032c00   0x0000000c   Data   RO         1353    .constdata          nrf_drv_twi.o
    0x00032c0c   0x00000018   Data   RO         1516    .constdata          nrf_drv_mpu_twi.o
    0x00032c24   0x0000004b   Data   RO         2201    .constdata          nrf_drv_gpiote.o
    0x00032c6f   0x00000001   PAD
    0x00032c70   0x00000008   Data   RO         2514    .constdata          app_button.o
    0x00032c78   0x00000020   Data   RO         2937    .constdata          app_uart_fifo.o
    0x00032c98   0x00000104   Data   RO         3096    .constdata          nrf_strerror.o
    0x00032d9c   0x0000002f   Data   RO         4638    .constdata          mpl.o
    0x00032dcb   0x00000bf6   Data   RO         5006    .constdata          inv_mpu_dmp_motion_driver.o
    0x000339c1   0x0000002a   Data   RO         5222    .constdata          inv_mpu.o
    0x000339eb   0x00000001   PAD
    0x000339ec   0x0000000e   Data   RO         5223    .constdata          inv_mpu.o
    0x000339fa   0x00000002   PAD
    0x000339fc   0x00000030   Data   RO         5224    .constdata          inv_mpu.o
    0x00033a2c   0x00000200   Data   RO         5225    .constdata          inv_mpu.o
    0x00033c2c   0x00000004   PAD
    0x00033c30   0x00000038   Data   RO         5991    .constdata          m_wm.l(log.o)
    0x00033c68   0x00000081   Data   RO         6076    .constdata          mc_w.l(ctype_o.o)
    0x00033ce9   0x00000003   PAD
    0x00033cec   0x00000004   Data   RO         6077    .constdata          mc_w.l(ctype_o.o)
    0x00033cf0   0x00000030   Data   RO         6431    .constdata          m_wm.l(cos_i.o)
    0x00033d20   0x00000008   Data   RO         6467    .constdata          m_wm.l(qnan.o)
    0x00033d28   0x000000c8   Data   RO         6470    .constdata          m_wm.l(rred.o)
    0x00033df0   0x00000020   Data   RO         6474    .constdata          m_wm.l(rredf.o)
    0x00033e10   0x00000028   Data   RO         6477    .constdata          m_wm.l(sin_i.o)
    0x00033e38   0x00000009   Data   RO           28    .conststring        main.o
    0x00033e41   0x00000003   PAD
    0x00033e44   0x00000186   Data   RO         1179    .conststring        nrf_ble_gatt.o
    0x00033fca   0x00000002   PAD
    0x00033fcc   0x00000307   Data   RO         3097    .conststring        nrf_strerror.o
    0x000342d3   0x00000001   PAD
    0x000342d4   0x00000044   Data   RO         3761    .conststring        data_builder.o
    0x00034318   0x00000020   Data   RO         6526    Region$$Table       anon$$obj.o


    Execution Region RW_IRAM1 (Base: 0x20002198, Size: 0x00006780, Max: 0x0003de68, ABSOLUTE)

    Base Addr    Size         Type   Attr      Idx    E Section Name        Object

    0x20002198   0x0000001a   Data   RW           29    .data               main.o
    0x200021b2   0x00000002   PAD
    0x200021b4   0x00000004   Data   RW           30    .data               main.o
    0x200021b8   0x00000010   Data   RW          605    .data               bsp.o
    0x200021c8   0x00000008   Data   RW          716    .data               bsp_btn_ble.o
    0x200021d0   0x00000010   Data   RW         1011    .data               ble_db_discovery.o
    0x200021e0   0x00000002   Data   RW         1517    .data               nrf_drv_mpu_twi.o
    0x200021e2   0x00000002   PAD
    0x200021e4   0x00000014   Data   RW         2515    .data               app_button.o
    0x200021f8   0x00000014   Data   RW         2791    .data               app_timer_1.o
    0x2000220c   0x00000010   Data   RW         2938    .data               app_uart_fifo.o
    0x2000221c   0x00000004   Data   RW         3129    .data               retarget.o
    0x20002220   0x00000002   Data   RW         3193    .data               nrf_log_backend_serial.o
    0x20002222   0x00000002   PAD
    0x20002224   0x00000014   Data   RW         3566    .data               softdevice_handler.o
    0x20002238   0x00000004   Data   RW         4257    .data               message_layer.o
    0x2000223c   0x00000038   Data   RW         5226    .data               inv_mpu.o
    0x20002274   0x00000004   Data   RW         5593    .data               system_nrf52840.o
    0x20002278   0x00000010   Data   RW         5724    .data               libmpllib.lib(compass_vec_cal.o)
    0x20002288   0x00000004   Data   RW         6500    .data               mc_w.l(mvars.o)
    0x2000228c   0x00000004   Data   RW         6501    .data               mc_w.l(mvars.o)
    0x20002290   0x00000004   Data   RW         6505    .data               mc_w.l(errno.o)
    0x20002294   0x00000020   Zero   RW           25    .bss                main.o
    0x200022b4   0x00000888   Zero   RW           26    .bss                main.o
    0x20002b3c   0x00000020   Zero   RW          600    .bss                bsp.o
    0x20002b5c   0x00000020   Zero   RW          601    .bss                bsp.o
    0x20002b7c   0x0000000c   Zero   RW          602    .bss                bsp.o
    0x20002b88   0x00000020   Zero   RW          603    .bss                bsp.o
    0x20002ba8   0x000002a0   Zero   RW         1010    .bss                ble_db_discovery.o
    0x20002e48   0x00000028   Zero   RW         1349    .bss                nrf_drv_twi.o
    0x20002e70   0x00000014   Zero   RW         1722    .bss                nrf_drv_clock.o
    0x20002e84   0x00000020   Zero   RW         1957    .bss                nrf_drv_uart.o
    0x20002ea4   0x00000058   Zero   RW         2200    .bss                nrf_drv_gpiote.o
    0x20002efc   0x00000020   Zero   RW         2513    .bss                app_button.o
    0x20002f1c   0x0000010c   Zero   RW         2790    .bss                app_timer_1.o
    0x20003028   0x00000020   Zero   RW         2936    .bss                app_uart_fifo.o
    0x20003048   0x0000000c   Zero   RW         3005    .bss                app_util_platform.o
    0x20003054   0x0000001c   Zero   RW         3290    .bss                nrf_log_frontend.o
    0x20003070   0x00000288   Zero   RW         3417    .bss                segger_rtt.o
    0x200032f8   0x000002d8   Zero   RW         3760    .bss                data_builder.o
    0x200035d0   0x000000c4   Zero   RW         4161    .bss                hal_outputs.o
    0x20003694   0x00000088   Zero   RW         4707    .bss                results_holder.o
    0x2000371c   0x00000054   Zero   RW         4908    .bss                start_manager.o
    0x20003770   0x00000198   Zero   RW         4941    .bss                storage_manager.o
    0x20003908   0x00000010   Zero   RW         5005    .bss                inv_mpu_dmp_motion_driver.o
    0x20003918   0x00000028   Zero   RW         5520    .bss                empl_outputs.o
    0x20003940   0x000004b8   Zero   RW         5625    .bss                libmpllib.lib(accel_auto_cal.o)
    0x20003df8   0x00000460   Zero   RW         5723    .bss                libmpllib.lib(compass_vec_cal.o)
    0x20004258   0x000002a0   Zero   RW         5753    .bss                libmpllib.lib(fast_no_motion.o)
    0x200044f8   0x00000138   Zero   RW         5777    .bss                libmpllib.lib(fusion_9axis.o)
    0x20004630   0x000001c4   Zero   RW         5799    .bss                libmpllib.lib(gyro_tc.o)
    0x200047f4   0x000000b8   Zero   RW         5817    .bss                libmpllib.lib(mag_disturb.o)
    0x200048ac   0x0000006c   Zero   RW         5839    .bss                libmpllib.lib(quaternion_supervisor.o)
    0x20004918   0x00002000   Zero   RW         5582    HEAP                arm_startup_nrf52840.o
    0x20006918   0x00002000   Zero   RW         5581    STACK               arm_startup_nrf52840.o


==============================================================================

Image component sizes


      Code (inc. data)   RO Data    RW Data    ZI Data      Debug   Object Name

       332         34          8         20         32      10346   app_button.o
        22          0          0          0          0       2285   app_error.o
        96         54          0          0          0      27389   app_error_weak.o
       118          0          0          0          0       5138   app_fifo.o
         4          0          0          0          0        559   app_mpu.o
         0          0          0          0          0      20784   app_scheduler.o
      1642        128          0         20        268      48855   app_timer_1.o
       400         32         32         16         32      11959   app_uart_fifo.o
       124         14          0          0         12       9562   app_util_platform.o
        36          8        512          0      16384        952   arm_startup_nrf52840.o
         0          0          0          0          0        392   ble_advdata.o
      1578         66          0         16        672      18447   ble_db_discovery.o
       572        100         40          0          0      16342   ble_nus_c.o
       388         42          8          0          0      15402   boards.o
       910         84         44         16        108      15832   bsp.o
       222         10          0          8          0      44684   bsp_btn_ble.o
         0          0          0          0          0       1684   bsp_nfc.o
      1878        238         68          0        728      35077   data_builder.o
       236         20          0          0         40       4313   empl_outputs.o
       208         14          0          0        196       4707   hal_outputs.o
      8418       1786        616         56          0      38626   inv_mpu.o
      2070        172       3062          0         16      23044   inv_mpu_dmp_motion_driver.o
      3522        974         65         30       2216     131231   main.o
        20          4          0          4          0       1522   message_layer.o
      1566         22          0          0          0      15592   ml_math_func.o
       260        110         47          0          0       5860   mpl.o
       648         32        412          0          0      32757   nrf_ble_gatt.o
       414         30          0          0         20      18578   nrf_drv_clock.o
        56          0          0          0          0      27575   nrf_drv_common.o
      1514        236         75          0         88      33394   nrf_drv_gpiote.o
       194         22          0          0          0       2255   nrf_drv_inv_dmp.o
       404        112         24          2          0      10607   nrf_drv_mpu_twi.o
      1616         48         12          0         40      34212   nrf_drv_twi.o
      2186         74          0          0         32      42365   nrf_drv_uart.o
       716         30          0          2          0      10039   nrf_log_backend_serial.o
       176          8          0          0         28      11009   nrf_log_frontend.o
        76         10       1035          0          0       2819   nrf_strerror.o
       726        118          0          0        136      18509   results_holder.o
        14          0          0          4          0       2934   retarget.o
       390         40          0          0        648       8773   segger_rtt.o
       744        216          0         20          0      43087   softdevice_handler.o
       168         20          0          0         84       4036   start_manager.o
       132         10          0          0        408       2973   storage_manager.o
       488         56          0          4          0       2515   system_nrf52840.o

    ----------------------------------------------------------------------
     35330       4974       6108        224      22188     819021   Object Totals
         0          0         32          0          0          0   (incl. Generated)
        46          0         16          6          0          0   (incl. Padding)

    ----------------------------------------------------------------------

      Code (inc. data)   RO Data    RW Data    ZI Data      Debug   Library Member Name

      3140        190          0          0       1208      21008   accel_auto_cal.o
      9456        298          0         16       1120       9988   compass_vec_cal.o
      2584         42          0          0        672      12312   fast_no_motion.o
      1712         72          0          0        312       5636   fusion_9axis.o
      1220         32          0          0        452       5735   gyro_tc.o
      1472         48          0          0        184       7614   mag_disturb.o
      2452        130          0          0        108       5637   quaternion_supervisor.o
       280         46          0          0          0        176   acosf.o
       592         90          0          0          0        184   atan2f.o
       200         20          0          0          0        164   cos.o
       368         46         48          0          0        200   cos_i.o
       336         56          0          0          0        136   cosf.o
       132         36          0          0          0        496   dunder.o
        44          0          0          0          0        248   fabs.o
        48          0          0          0          0        124   fpclassify.o
        38          0          0          0          0        116   fpclassifyf.o
        44         12          0          0          0        464   funder.o
       964         92         56          0          0        316   log.o
       248          0          0          0          0        152   poly.o
         0          0          8          0          0          0   qnan.o
      1080        142        200          0          0        188   rred.o
       340         24         32          0          0        160   rredf.o
       304         24         40          0          0        208   sin_i.o
       400         56          0          0          0        212   sinf.o
       122          0          0          0          0        148   sqrt.o
       120          0          0          0          0        272   sqrtf.o
         8          4        133          0          0         68   ctype_o.o
         0          0          0          0          0          0   entry.o
         0          0          0          0          0          0   entry10a.o
         0          0          0          0          0          0   entry11a.o
         8          4          0          0          0          0   entry2.o
         4          0          0          0          0          0   entry5.o
         0          0          0          0          0          0   entry7b.o
         0          0          0          0          0          0   entry8b.o
         8          4          0          0          0          0   entry9a.o
        12          6          0          4          0         68   errno.o
        30          0          0          0          0          0   handlers.o
        36          8          0          0          0         68   init.o
         0          0          0          0          0          0   iusefp.o
        98          0          0          0          0         84   ldiv.o
        30          0          0          0          0         68   llshl.o
        36          0          0          0          0         68   llsshr.o
        32          0          0          0          0         68   llushr.o
       188         20          0          0          0        160   malloc.o
        26          0          0          0          0         80   memcmp.o
        64          0          0          0          0         76   memmovea.o
        36          0          0          0          0        108   memseta.o
         0          0          0          8          0          0   mvars.o
      2374        100          0          0          0        752   printfa.o
        18          0          0          0          0         68   strcpy.o
        14          0          0          0          0         68   strlen.o
        44          0          0          0          0         80   uidiv.o
        98          0          0          0          0         92   uldiv.o
        48          0          0          0          0         68   cdcmple.o
        48          0          0          0          0         68   cdrcmple.o
        56          0          0          0          0         88   d2f.o
       334          0          0          0          0        148   dadd.o
       222          0          0          0          0        100   ddiv.o
       186          0          0          0          0        176   depilogue.o
        62          0          0          0          0         80   dfixi.o
        48          0          0          0          0         68   dfixul.o
        34          0          0          0          0         76   dflti.o
        26          0          0          0          0         76   dfltui.o
       228          0          0          0          0         96   dmul.o
       162          0          0          0          0        100   dsqrt.o
        38          0          0          0          0         68   f2d.o
       110          0          0          0          0        168   fepilogue.o
        66          0          0          0          0         76   ffixl.o
        44          0          0          0          0         92   ffltl.o

    ----------------------------------------------------------------------
     32594       1602        520         28       4056      75418   Library Totals
        22          0          3          0          0          0   (incl. Padding)

    ----------------------------------------------------------------------

      Code (inc. data)   RO Data    RW Data    ZI Data      Debug   Library Name

     22036        812          0         16       4056      67930   libmpllib.lib
      5660        644        384          0          0       3964   m_wm.l
      3164        146        133         12          0       1976   mc_w.l
      1712          0          0          0          0       1548   mf_w.l

    ----------------------------------------------------------------------
     32594       1602        520         28       4056      75418   Library Totals

    ----------------------------------------------------------------------

==============================================================================


      Code (inc. data)   RO Data    RW Data    ZI Data      Debug   

     67924       6576       6628        252      26244     851219   Grand Totals
     67924       6576       6628        252      26244     851219   ELF Image Totals
     67924       6576       6628        252          0          0   ROM Totals

==============================================================================

    Total RO  Size (Code + RO Data)                74552 (  72.80kB)
    Total RW  Size (RW Data + ZI Data)             26496 (  25.88kB)
    Total ROM Size (Code + RO Data + RW Data)      74804 (  73.05kB)

==============================================================================

