Component: ARM Compiler 5.06 update 4 (build 422) Tool: armlink [4d35d2]

==============================================================================

Section Cross References

    main.o(.text) refers to app_error.o(.text) for app_error_handler_bare
    main.o(.text) refers to ble_nus_c.o(.text) for ble_nus_c_on_db_disc_evt
    main.o(.text) refers to nrf_log_frontend.o(.text) for nrf_log_frontend_std_0
    main.o(.text) refers to printfa.o(i.__0printf) for __2printf
    main.o(.text) refers to app_uart_fifo.o(.text) for app_uart_put
    main.o(.text) refers to bsp.o(.text) for bsp_indication_set
    main.o(.text) refers to ble_db_discovery.o(.text) for ble_db_discovery_start
    main.o(.text) refers to bsp_btn_ble.o(.text) for bsp_btn_ble_on_ble_evt
    main.o(.text) refers to nrf_ble_gatt.o(.text) for nrf_ble_gatt_on_ble_evt
    main.o(.text) refers to softdevice_handler.o(.text) for softdevice_handler_init
    main.o(.text) refers to memseta.o(.text) for __aeabi_memclr4
    main.o(.text) refers to empl_outputs.o(.text) for inv_get_sensor_type_quat
    main.o(.text) refers to hal_outputs.o(.text) for inv_get_sensor_type_linear_acceleration
    main.o(.text) refers to main.o(.bss) for .bss
    main.o(.text) refers to main.o(.constdata) for .constdata
    main.o(.text) refers to main.o(.data) for .data
    main.o(.text) refers to nrf_drv_clock.o(.text) for nrf_drv_clock_init
    main.o(.text) refers to app_timer_1.o(.text) for app_timer_init
    main.o(.text) refers to memmovea.o(.text) for __aeabi_memcpy4
    main.o(.text) refers to nrf_drv_gpiote.o(.text) for nrf_drv_gpiote_init
    main.o(.text) refers to app_mpu.o(.text) for mpu_init
    main.o(.text) refers to inv_mpu.o(.text) for mpu_init_inv
    main.o(.text) refers to mpl.o(.text) for inv_init_mpl
    main.o(.text) refers to quaternion_supervisor.o(.text) for inv_enable_quaternion
    main.o(.text) refers to fusion_9axis.o(.text) for inv_enable_9x_sensor_fusion
    main.o(.text) refers to fast_no_motion.o(.text) for inv_enable_fast_nomot
    main.o(.text) refers to compass_vec_cal.o(.text) for inv_enable_vector_compass_cal
    main.o(.text) refers to mag_disturb.o(.text) for inv_enable_magnetic_disturbance
    main.o(.text) refers to data_builder.o(.text) for inv_set_gyro_sample_rate
    main.o(.text) refers to ml_math_func.o(.text) for inv_orientation_matrix_to_scalar
    main.o(.text) refers to nrf_drv_inv_dmp.o(.text) for millis
    main.o(.text) refers to inv_mpu_dmp_motion_driver.o(.text) for dmp_load_motion_driver_firmware
    main.o(.text) refers to system_nrf52840.o(.data) for SystemCoreClock
    main.o(.constdata) refers to main.o(.bss) for timer1_data
    main.o(.data) refers to main.o(.conststring) for .conststring
    boards.o(.text) refers to boards.o(.constdata) for .constdata
    bsp.o(.text) refers to boards.o(.text) for bsp_board_button_state_get
    bsp.o(.text) refers to app_timer_1.o(.text) for app_timer_start
    bsp.o(.text) refers to uldiv.o(.text) for __aeabi_uldivmod
    bsp.o(.text) refers to app_button.o(.text) for app_button_init
    bsp.o(.text) refers to bsp.o(.constdata) for .constdata
    bsp.o(.text) refers to bsp.o(.data) for .data
    bsp.o(.text) refers to bsp.o(.bss) for .bss
    bsp.o(.constdata) refers to bsp.o(.bss) for m_leds_timer_id_data
    bsp.o(.constdata) refers to bsp.o(.bss) for m_alert_timer_id_data
    bsp.o(.constdata) refers to bsp.o(.bss) for m_button_timer_id_data
    bsp.o(.constdata) refers to bsp.o(.text) for bsp_button_event_handler
    bsp_btn_ble.o(.text) refers to bsp.o(.text) for bsp_event_to_button_action_assign
    bsp_btn_ble.o(.text) refers to bsp_btn_ble.o(.data) for .data
    bsp_nfc.o(.text) refers to bsp.o(.text) for bsp_event_to_button_action_assign
    bsp_nfc.o(.text) refers to app_util_platform.o(.text) for app_util_critical_region_enter
    ble_advdata.o(.text) refers to memmovea.o(.text) for __aeabi_memcpy
    ble_conn_params.o(.text) refers to memmovea.o(.text) for __aeabi_memcpy4
    ble_conn_params.o(.text) refers to app_timer_1.o(.text) for app_timer_create
    ble_conn_params.o(.text) refers to ble_srv_common.o(.text) for ble_srv_is_notification_enabled
    ble_conn_params.o(.text) refers to ble_conn_params.o(.data) for .data
    ble_conn_params.o(.text) refers to ble_conn_params.o(.bss) for .bss
    ble_conn_params.o(.text) refers to ble_conn_params.o(.constdata) for .constdata
    ble_conn_params.o(.constdata) refers to ble_conn_params.o(.bss) for m_conn_params_timer_id_data
    ble_db_discovery.o(.text) refers to memmovea.o(.text) for __aeabi_memcpy
    ble_db_discovery.o(.text) refers to ble_db_discovery.o(.bss) for .bss
    ble_db_discovery.o(.text) refers to ble_db_discovery.o(.data) for .data
    ble_srv_common.o(.text) refers to strlen.o(.text) for strlen
    ble_srv_common.o(.text) refers to memseta.o(.text) for __aeabi_memclr4
    nrf_ble_gatt.o(.text) refers to memmovea.o(.text) for __aeabi_memcpy4
[...]
    nrf_drv_gpiote_in_init                   0x00025d55   Thumb Code   346  nrf_drv_gpiote.o(.text)
    nrf_drv_gpiote_in_event_enable           0x00025eaf   Thumb Code   144  nrf_drv_gpiote.o(.text)
    nrf_drv_gpiote_in_is_set                 0x00025f3f   Thumb Code    14  nrf_drv_gpiote.o(.text)
    nrf_drv_gpiote_in_event_addr_get         0x00025f4d   Thumb Code    36  nrf_drv_gpiote.o(.text)
    GPIOTE_IRQHandler                        0x00025f71   Thumb Code   430  nrf_drv_gpiote.o(.text)
    mpu_config                               0x00026295   Thumb Code    10  app_mpu.o(.text)
    mpu_int_cfg_pin                          0x0002629f   Thumb Code     8  app_mpu.o(.text)
    mpu_int_enable                           0x000262a7   Thumb Code     8  app_mpu.o(.text)
    mpu_init                                 0x000262af   Thumb Code     4  app_mpu.o(.text)
    mpu_read_accel                           0x000262b3   Thumb Code    44  app_mpu.o(.text)
    mpu_read_gyro                            0x000262df   Thumb Code    44  app_mpu.o(.text)
    mpu_read_temp                            0x0002630b   Thumb Code    38  app_mpu.o(.text)
    mpu_read_int_source                      0x00026331   Thumb Code    10  app_mpu.o(.text)
    mpu_magnetometer_init                    0x0002633b   Thumb Code    46  app_mpu.o(.text)
    mpu_read_magnetometer                    0x00026369   Thumb Code    46  app_mpu.o(.text)
    mpu_read_magnetometer_test               0x00026397   Thumb Code     4  app_mpu.o(.text)
    app_button_init                          0x00026445   Thumb Code    96  app_button.o(.text)
    app_button_enable                        0x000264a5   Thumb Code    32  app_button.o(.text)
    app_button_disable                       0x000264c5   Thumb Code    38  app_button.o(.text)
    app_button_is_pushed                     0x000264eb   Thumb Code    32  app_button.o(.text)
    app_error_handler                        0x0002651d   Thumb Code    24  app_error.o(.text)
    app_error_handler_bare                   0x00026535   Thumb Code    22  app_error.o(.text)
    app_error_save_and_stop                  0x0002654b   Thumb Code    94  app_error.o(.text)
    app_error_fault_handler                  0x000265ad   Thumb Code    42  app_error_weak.o(.text)
    app_fifo_init                            0x0002660d   Thumb Code    32  app_fifo.o(.text)
    app_fifo_put                             0x0002662d   Thumb Code    26  app_fifo.o(.text)
    app_fifo_get                             0x00026647   Thumb Code    22  app_fifo.o(.text)
    app_fifo_peek                            0x0002665d   Thumb Code    34  app_fifo.o(.text)
    app_fifo_flush                           0x0002667f   Thumb Code     8  app_fifo.o(.text)
    app_fifo_read                            0x00026687   Thumb Code    76  app_fifo.o(.text)
    app_fifo_write                           0x000266d3   Thumb Code    80  app_fifo.o(.text)
    RTC1_IRQHandler                          0x00026959   Thumb Code    32  app_timer_1.o(.text)
    SWI0_EGU0_IRQHandler                     0x00026979   Thumb Code     4  app_timer_1.o(.text)
    app_timer_init                           0x0002697d   Thumb Code    70  app_timer_1.o(.text)
    app_timer_create                         0x000269c3   Thumb Code    32  app_timer_1.o(.text)
    app_timer_start                          0x000269e3   Thumb Code   132  app_timer_1.o(.text)
    app_timer_stop                           0x00026a67   Thumb Code    24  app_timer_1.o(.text)
    app_timer_stop_all                       0x00026a7f   Thumb Code    16  app_timer_1.o(.text)
    app_timer_cnt_get                        0x00026a8f   Thumb Code     8  app_timer_1.o(.text)
    app_timer_cnt_diff_compute               0x00026a97   Thumb Code     8  app_timer_1.o(.text)
    app_timer_pause                          0x00026a9f   Thumb Code     8  app_timer_1.o(.text)
    app_timer_resume                         0x00026aa7   Thumb Code     8  app_timer_1.o(.text)
    app_uart_init                            0x00026e19   Thumb Code   164  app_uart_fifo.o(.text)
    app_uart_flush                           0x00026ebd   Thumb Code    26  app_uart_fifo.o(.text)
    app_uart_get                             0x00026ed7   Thumb Code    42  app_uart_fifo.o(.text)
    app_uart_put                             0x00026f01   Thumb Code    56  app_uart_fifo.o(.text)
    app_uart_close                           0x00026f39   Thumb Code    14  app_uart_fifo.o(.text)
    app_util_disable_irq                     0x00026f59   Thumb Code    12  app_util_platform.o(.text)
    app_util_enable_irq                      0x00026f65   Thumb Code    14  app_util_platform.o(.text)
    app_util_critical_region_enter           0x00026f73   Thumb Code    64  app_util_platform.o(.text)
    app_util_critical_region_exit            0x00026fb3   Thumb Code    46  app_util_platform.o(.text)
    privilege_level_get                      0x00026fe1   Thumb Code    26  app_util_platform.o(.text)
    current_int_priority_get                 0x00026ffb   Thumb Code    48  app_util_platform.o(.text)
    nrf_strerror_find                        0x00027039   Thumb Code    52  nrf_strerror.o(.text)
    nrf_strerror_get                         0x0002706d   Thumb Code    16  nrf_strerror.o(.text)
    fgetc                                    0x00027081   Thumb Code    18  retarget.o(.text)
    fputc                                    0x00027093   Thumb Code    14  retarget.o(.text)
    nrf_log_backend_init                     0x000270ad   Thumb Code   100  nrf_log_backend_serial.o(.text)
    nrf_log_backend_std_handler_get          0x0002737f   Thumb Code     4  nrf_log_backend_serial.o(.text)
    nrf_log_backend_hexdump_handler_get      0x00027383   Thumb Code     4  nrf_log_backend_serial.o(.text)
    nrf_log_backend_getchar                  0x00027387   Thumb Code    48  nrf_log_backend_serial.o(.text)
    nrf_log_handlers_set                     0x00027415   Thumb Code     8  nrf_log_frontend.o(.text)
    nrf_log_frontend_init                    0x0002741d   Thumb Code     2  nrf_log_frontend.o(.text)
    nrf_log_init                             0x0002741f   Thumb Code    34  nrf_log_frontend.o(.text)
    nrf_log_blocking_backend_set             0x00027441   Thumb Code     6  nrf_log_frontend.o(.text)
    nrf_log_push                             0x00027447   Thumb Code     2  nrf_log_frontend.o(.text)
    nrf_log_frontend_std_0                   0x00027449   Thumb Code     8  nrf_log_frontend.o(.text)
    nrf_log_frontend_std_1                   0x00027451   Thumb Code    14  nrf_log_frontend.o(.text)
    nrf_log_frontend_std_2                   0x0002745f   Thumb Code    16  nrf_log_frontend.o(.text)
    nrf_log_frontend_std_3                   0x0002746f   Thumb Code    18  nrf_log_frontend.o(.text)
    nrf_log_frontend_std_4                   0x00027481   Thumb Code    20  nrf_log_frontend.o(.text)
    nrf_log_frontend_std_5                   0x00027495   Thumb Code    28  nrf_log_frontend.o(.text)
    nrf_log_frontend_std_6                   0x000274b1   Thumb Code    28  nrf_log_frontend.o(.text)
    nrf_log_frontend_hexdump                 0x000274cd   Thumb Code    48  nrf_log_frontend.o(.text)
    buffer_is_empty                          0x000274fd   Thumb Code    16  nrf_log_frontend.o(.text)
    nrf_log_frontend_dequeue                 0x0002750d   Thumb Code   292  nrf_log_frontend.o(.text)
    nrf_log_getchar                          0x00027631   Thumb Code     4  nrf_log_frontend.o(.text)
    softdevice_fault_handler                 0x000276d7   Thumb Code     4  softdevice_handler.o(.text)
    intern_softdevice_events_execute         0x000276db   Thumb Code   114  softdevice_handler.o(.text)
    softdevice_handler_is_enabled            0x0002774d   Thumb Code     6  softdevice_handler.o(.text)
    softdevice_handler_init                  0x00027753   Thumb Code    92  softdevice_handler.o(.text)
    softdevice_handler_sd_disable            0x000277af   Thumb Code    20  softdevice_handler.o(.text)
    softdevice_ble_evt_handler_set           0x000277c3   Thumb Code    14  softdevice_handler.o(.text)
    softdevice_sys_evt_handler_set           0x000277d1   Thumb Code    14  softdevice_handler.o(.text)
    SWI2_EGU2_IRQHandler                     0x000277df   Thumb Code    30  softdevice_handler.o(.text)
    softdevice_handler_suspend               0x000277fd   Thumb Code    52  softdevice_handler.o(.text)
    softdevice_handler_resume                0x00027831   Thumb Code    64  softdevice_handler.o(.text)
    softdevice_handler_is_suspended          0x00027871   Thumb Code     6  softdevice_handler.o(.text)
    softdevice_app_ram_start_get             0x00027877   Thumb Code    14  softdevice_handler.o(.text)
    softdevice_enable                        0x00027885   Thumb Code    70  softdevice_handler.o(.text)
    inv_disable_compass_soft_iron_matrix     0x000279f5   Thumb Code    12  data_builder.o(.text)
    inv_reset_compass_soft_iron_matrix       0x00027a01   Thumb Code    70  data_builder.o(.text)
    inv_init_data_builder                    0x00027a47   Thumb Code    48  data_builder.o(.text)
    inv_get_gyro_sensitivity                 0x00027a77   Thumb Code     8  data_builder.o(.text)
    inv_get_accel_sensitivity                0x00027a7f   Thumb Code     8  data_builder.o(.text)
    inv_get_compass_sensitivity              0x00027a87   Thumb Code    10  data_builder.o(.text)
    set_sensor_orientation_and_scale         0x00027a91   Thumb Code     6  data_builder.o(.text)
    inv_set_gyro_orientation_and_scale       0x00027a97   Thumb Code    10  data_builder.o(.text)
    inv_set_gyro_sample_rate                 0x00027aa1   Thumb Code    32  data_builder.o(.text)
    inv_set_accel_sample_rate                0x00027ac1   Thumb Code    36  data_builder.o(.text)
    inv_set_compass_sample_rate              0x00027ae5   Thumb Code    36  data_builder.o(.text)
    inv_get_gyro_sample_rate_ms              0x00027b09   Thumb Code    10  data_builder.o(.text)
    inv_get_accel_sample_rate_ms             0x00027b13   Thumb Code    10  data_builder.o(.text)
    inv_get_compass_sample_rate_ms           0x00027b1d   Thumb Code    12  data_builder.o(.text)
    inv_set_quat_sample_rate                 0x00027b29   Thumb Code    22  data_builder.o(.text)
    inv_set_gyro_bandwidth                   0x00027b3f   Thumb Code     8  data_builder.o(.text)
    inv_set_accel_bandwidth                  0x00027b47   Thumb Code    10  data_builder.o(.text)
    inv_set_compass_bandwidth                0x00027b51   Thumb Code    10  data_builder.o(.text)
    inv_get_compass_on                       0x00027b5b   Thumb Code    14  data_builder.o(.text)
    inv_get_gyro_on                          0x00027b69   Thumb Code    12  data_builder.o(.text)
    inv_get_accel_on                         0x00027b75   Thumb Code    14  data_builder.o(.text)
    inv_get_last_timestamp                   0x00027b83   Thumb Code    68  data_builder.o(.text)
    inv_set_accel_orientation_and_scale      0x00027bc7   Thumb Code    10  data_builder.o(.text)
    inv_set_compass_orientation_and_scale    0x00027bd1   Thumb Code    14  data_builder.o(.text)
    inv_matrix_vector_mult                   0x00027bdf   Thumb Code   110  data_builder.o(.text)
    inv_apply_calibration                    0x00027c4d   Thumb Code   106  data_builder.o(.text)
    inv_get_compass_bias                     0x00027cb7   Thumb Code    14  data_builder.o(.text)
    inv_set_compass_bias                     0x00027cc5   Thumb Code    68  data_builder.o(.text)
    inv_set_compass_disturbance              0x00027d09   Thumb Code    10  data_builder.o(.text)
    inv_get_compass_disturbance              0x00027d13   Thumb Code    10  data_builder.o(.text)
    inv_set_accel_bias                       0x00027d1d   Thumb Code    72  data_builder.o(.text)
    inv_set_accel_accuracy                   0x00027d65   Thumb Code    24  data_builder.o(.text)
    inv_set_accel_bias_mask                  0x00027d7d   Thumb Code   102  data_builder.o(.text)
    inv_set_gyro_bias                        0x00027de3   Thumb Code    90  data_builder.o(.text)
    inv_get_gyro_bias_tc_set                 0x00027e3d   Thumb Code    20  data_builder.o(.text)
    inv_get_gyro_bias                        0x00027e51   Thumb Code    28  data_builder.o(.text)
    inv_get_accel_bias                       0x00027e6d   Thumb Code    28  data_builder.o(.text)
    inv_build_accel                          0x00027e89   Thumb Code    96  data_builder.o(.text)
    inv_build_gyro                           0x00027ee9   Thumb Code    44  data_builder.o(.text)
    inv_get_compass_soft_iron_output_data    0x00027f15   Thumb Code    24  data_builder.o(.text)
    inv_set_compass_soft_iron_input_data     0x00027f2d   Thumb Code    72  data_builder.o(.text)
    inv_build_compass                        0x00027f75   Thumb Code   124  data_builder.o(.text)
    inv_build_temp                           0x00027ff1   Thumb Code    24  data_builder.o(.text)
    inv_build_quat                           0x00028009   Thumb Code    40  data_builder.o(.text)
    inv_accel_was_turned_off                 0x00028031   Thumb Code     8  data_builder.o(.text)
    inv_compass_was_turned_off               0x00028039   Thumb Code    10  data_builder.o(.text)
    inv_quaternion_sensor_was_turned_off     0x00028043   Thumb Code    10  data_builder.o(.text)
    inv_gyro_was_turned_off                  0x0002804d   Thumb Code     8  data_builder.o(.text)
    inv_temperature_was_turned_off           0x00028055   Thumb Code    10  data_builder.o(.text)
    inv_register_data_cb                     0x0002805f   Thumb Code   148  data_builder.o(.text)
    inv_unregister_data_cb                   0x000280f3   Thumb Code    70  data_builder.o(.text)
    inv_execute_on_data                      0x000281c9   Thumb Code   118  data_builder.o(.text)
    inv_get_accel_set                        0x0002823f   Thumb Code    34  data_builder.o(.text)
    inv_get_gyro_set                         0x00028261   Thumb Code    32  data_builder.o(.text)
    inv_get_gyro_set_raw                     0x00028281   Thumb Code    32  data_builder.o(.text)
    inv_get_gyro                             0x000282a1   Thumb Code    12  data_builder.o(.text)
    inv_get_compass_set                      0x000282ad   Thumb Code    46  data_builder.o(.text)
    inv_get_temp_set                         0x000282db   Thumb Code    30  data_builder.o(.text)
    inv_get_gyro_accuracy                    0x000282f9   Thumb Code     6  data_builder.o(.text)
    inv_get_mag_accuracy                     0x000282ff   Thumb Code    20  data_builder.o(.text)
    inv_get_accel_accuracy                   0x00028313   Thumb Code     6  data_builder.o(.text)
    inv_get_gyro_orient                      0x00028319   Thumb Code    10  data_builder.o(.text)
    inv_get_accel_orient                     0x00028323   Thumb Code    10  data_builder.o(.text)
    inv_get_compass_soft_iron_matrix_d       0x0002832d   Thumb Code    24  data_builder.o(.text)
    inv_set_compass_soft_iron_matrix_d       0x00028345   Thumb Code    52  data_builder.o(.text)
    inv_get_compass_soft_iron_matrix_f       0x00028379   Thumb Code    28  data_builder.o(.text)
    inv_set_compass_soft_iron_matrix_f       0x00028395   Thumb Code    52  data_builder.o(.text)
    inv_get_compass_soft_iron_input_data     0x000283c9   Thumb Code    24  data_builder.o(.text)
    inv_enable_compass_soft_iron_matrix      0x000283e1   Thumb Code    10  data_builder.o(.text)
    inv_get_sensor_type_accelerometer        0x000283fd   Thumb Code    80  hal_outputs.o(.text)
    inv_get_sensor_type_linear_acceleration  0x0002844d   Thumb Code   106  hal_outputs.o(.text)
    inv_get_sensor_type_gravity              0x000284b7   Thumb Code    88  hal_outputs.o(.text)
    inv_get_sensor_type_gyroscope            0x0002850f   Thumb Code    80  hal_outputs.o(.text)
    inv_get_sensor_type_gyroscope_raw        0x0002855f   Thumb Code    80  hal_outputs.o(.text)
    inv_get_sensor_type_rotation_vector      0x000285af   Thumb Code   170  hal_outputs.o(.text)
    inv_get_sensor_type_magnetic_field       0x00028659   Thumb Code    58  hal_outputs.o(.text)
    inv_get_sensor_type_orientation          0x00028693   Thumb Code    20  hal_outputs.o(.text)
    inv_generate_hal_outputs                 0x000286a7   Thumb Code   374  hal_outputs.o(.text)
    inv_stop_hal_outputs                     0x0002881d   Thumb Code     8  hal_outputs.o(.text)
    inv_start_hal_outputs                    0x00028825   Thumb Code    14  hal_outputs.o(.text)
    inv_init_hal_outputs                     0x00028833   Thumb Code    44  hal_outputs.o(.text)
    inv_enable_hal_outputs                   0x0002885f   Thumb Code    18  hal_outputs.o(.text)
    inv_disable_hal_outputs                  0x00028871   Thumb Code    22  hal_outputs.o(.text)
    inv_set_message                          0x000289b9   Thumb Code    16  message_layer.o(.text)
    inv_get_message_level_0                  0x000289c9   Thumb Code    14  message_layer.o(.text)
    inv_sinf                                 0x000289dd   Thumb Code    38  ml_math_func.o(.text)
    inv_cosf                                 0x00028a03   Thumb Code    40  ml_math_func.o(.text)
    inv_q30_mult                             0x00028a2b   Thumb Code    12  ml_math_func.o(.text)
    inv_q_mult                               0x00028a37   Thumb Code   176  ml_math_func.o(.text)
    inv_q_invert                             0x00028ae7   Thumb Code    24  ml_math_func.o(.text)
    inv_compass_angle                        0x00028aff   Thumb Code   162  ml_math_func.o(.text)
    inv_get_gyro_sum_of_sqr                  0x00028ba1   Thumb Code    26  ml_math_func.o(.text)
    inv_q29_mult                             0x00028bbb   Thumb Code    12  ml_math_func.o(.text)
    inv_q30_div                              0x00028bc7   Thumb Code    22  ml_math_func.o(.text)
    inv_q_shift_mult                         0x00028bdd   Thumb Code    12  ml_math_func.o(.text)
    inv_q_add                                0x00028be9   Thumb Code    36  ml_math_func.o(.text)
    inv_vector_normalize                     0x00028c0d   Thumb Code   200  ml_math_func.o(.text)
    inv_q_normalize                          0x00028cd5   Thumb Code     4  ml_math_func.o(.text)
    quaternion_to_rotation_angle             0x00028cd9   Thumb Code   140  ml_math_func.o(.text)
    inv_q_rotate                             0x00028d65   Thumb Code    62  ml_math_func.o(.text)
    inv_q_multf                              0x00028da3   Thumb Code   288  ml_math_func.o(.text)
    inv_q_addf                               0x00028ec3   Thumb Code    66  ml_math_func.o(.text)
    inv_q_normalizef                         0x00028f05   Thumb Code   170  ml_math_func.o(.text)
    inv_q_norm4                              0x00028faf   Thumb Code   126  ml_math_func.o(.text)
    inv_q_invertf                            0x0002902d   Thumb Code    46  ml_math_func.o(.text)
    inv_quaternion_to_rotation               0x0002905b   Thumb Code   218  ml_math_func.o(.text)
    inv_quaternion_to_rotation_vector        0x00029135   Thumb Code    34  ml_math_func.o(.text)
    inv_int32_to_big8                        0x00029157   Thumb Code    18  ml_math_func.o(.text)
    inv_big8_to_int32                        0x00029169   Thumb Code    14  ml_math_func.o(.text)
    inv_big8_to_int16                        0x00029177   Thumb Code     8  ml_math_func.o(.text)
    inv_little8_to_int16                     0x0002917f   Thumb Code     6  ml_math_func.o(.text)
    inv_int16_to_big8                        0x00029185   Thumb Code    10  ml_math_func.o(.text)
    inv_matrix_det_inc                       0x0002918f   Thumb Code    96  ml_math_func.o(.text)
    inv_matrix_det_incd                      0x000291ef   Thumb Code    94  ml_math_func.o(.text)
    inv_matrix_det                           0x0002924d   Thumb Code   150  ml_math_func.o(.text)
    inv_matrix_detd                          0x000292e3   Thumb Code   218  ml_math_func.o(.text)
    inv_wrap_angle                           0x000293bd   Thumb Code    36  ml_math_func.o(.text)
    inv_angle_diff                           0x000293e1   Thumb Code    66  ml_math_func.o(.text)
    inv_checksum                             0x00029423   Thumb Code    28  ml_math_func.o(.text)
    inv_orientation_matrix_to_scalar         0x00029487   Thumb Code    34  ml_math_func.o(.text)
    inv_convert_to_body                      0x000294a9   Thumb Code    70  ml_math_func.o(.text)
    inv_convert_to_chip                      0x000294ef   Thumb Code    70  ml_math_func.o(.text)
    inv_convert_to_body_with_scale           0x00029535   Thumb Code    92  ml_math_func.o(.text)
    inv_vector_norm                          0x00029591   Thumb Code    46  ml_math_func.o(.text)
    inv_init_biquad_filter                   0x000295bf   Thumb Code    38  ml_math_func.o(.text)
    inv_calc_state_to_match_output           0x000295e5   Thumb Code    42  ml_math_func.o(.text)
    inv_biquad_filter_process                0x0002960f   Thumb Code    94  ml_math_func.o(.text)
    inv_get_cross_product_vec                0x0002966d   Thumb Code    86  ml_math_func.o(.text)
    mlMatrixVectorMult                       0x000296c3   Thumb Code    52  ml_math_func.o(.text)
    inv_init_mpl                             0x00029719   Thumb Code    94  mpl.o(.text)
    inv_get_version                          0x00029777   Thumb Code    10  mpl.o(.text)
    inv_start_mpl                            0x00029781   Thumb Code    36  mpl.o(.text)
    inv_store_gaming_quaternion              0x000297fd   Thumb Code    28  results_holder.o(.text)
    inv_set_compass_correction               0x00029819   Thumb Code    28  results_holder.o(.text)
    inv_get_compass_correction               0x00029835   Thumb Code    20  results_holder.o(.text)
    inv_get_large_mag_field                  0x00029849   Thumb Code     6  results_holder.o(.text)
    inv_set_large_mag_field                  0x0002984f   Thumb Code     6  results_holder.o(.text)
    inv_get_acc_state                        0x00029855   Thumb Code     6  results_holder.o(.text)
    inv_set_acc_state                        0x0002985b   Thumb Code     6  results_holder.o(.text)
    inv_get_motion_state                     0x00029861   Thumb Code    12  results_holder.o(.text)
    inv_set_motion_state                     0x0002986d   Thumb Code    48  results_holder.o(.text)
    inv_set_local_field                      0x0002989d   Thumb Code    12  results_holder.o(.text)
    inv_get_local_field                      0x000298a9   Thumb Code    12  results_holder.o(.text)
    inv_set_mag_scale                        0x000298b5   Thumb Code    12  results_holder.o(.text)
    inv_get_mag_scale                        0x000298c1   Thumb Code    12  results_holder.o(.text)
    inv_get_gravity                          0x000298cd   Thumb Code    80  results_holder.o(.text)
    inv_get_6axis_quaternion                 0x0002991d   Thumb Code    16  results_holder.o(.text)
    inv_get_quaternion                       0x0002992d   Thumb Code    48  results_holder.o(.text)
    inv_get_quaternion_float                 0x0002995d   Thumb Code    58  results_holder.o(.text)
    inv_get_quaternion_set                   0x00029997   Thumb Code    56  results_holder.o(.text)
    inv_generate_results                     0x000299cf   Thumb Code    10  results_holder.o(.text)
    inv_start_results_holder                 0x000299d9   Thumb Code    20  results_holder.o(.text)
    inv_init_results_holder                  0x000299ed   Thumb Code    40  results_holder.o(.text)
    inv_enable_results_holder                0x00029a15   Thumb Code    24  results_holder.o(.text)
    inv_got_accel_bias                       0x00029a2d   Thumb Code     6  results_holder.o(.text)
    inv_set_accel_bias_found                 0x00029a33   Thumb Code     6  results_holder.o(.text)
    inv_got_compass_bias                     0x00029a39   Thumb Code     6  results_holder.o(.text)
    inv_set_compass_bias_found               0x00029a3f   Thumb Code     6  results_holder.o(.text)
    inv_set_compass_state                    0x00029a45   Thumb Code     6  results_holder.o(.text)
    inv_get_compass_state                    0x00029a4b   Thumb Code     6  results_holder.o(.text)
    inv_set_compass_bias_error               0x00029a51   Thumb Code    12  results_holder.o(.text)
    inv_get_compass_bias_error               0x00029a5d   Thumb Code    12  results_holder.o(.text)
    inv_get_linear_accel                     0x00029a69   Thumb Code    58  results_holder.o(.text)
    inv_get_accel                            0x00029aa3   Thumb Code    20  results_holder.o(.text)
    inv_get_accel_float                      0x00029ab7   Thumb Code    62  results_holder.o(.text)
    inv_get_gyro_float                       0x00029af5   Thumb Code    64  results_holder.o(.text)
    inv_set_heading_confidence_interval      0x00029b35   Thumb Code     8  results_holder.o(.text)
    inv_get_heading_confidence_interval      0x00029b3d   Thumb Code     8  results_holder.o(.text)
    inv_get_linear_accel_float               0x00029b45   Thumb Code    64  results_holder.o(.text)
    inv_init_start_manager                   0x00029ba9   Thumb Code    14  start_manager.o(.text)
    inv_unregister_mpl_start_notification    0x00029bb7   Thumb Code    66  start_manager.o(.text)
    inv_register_mpl_start_notification      0x00029bf9   Thumb Code    28  start_manager.o(.text)
    inv_execute_mpl_start_notification       0x00029c15   Thumb Code    38  start_manager.o(.text)
    inv_init_storage_manager                 0x00029c41   Thumb Code    20  storage_manager.o(.text)
    inv_register_load_store                  0x00029c55   Thumb Code   102  storage_manager.o(.text)
    inv_get_mpl_state_size                   0x00029cbb   Thumb Code    10  storage_manager.o(.text)
    inv_load_mpl_states                      0x00029cc5   Thumb Code   162  storage_manager.o(.text)
    inv_save_mpl_states                      0x00029d67   Thumb Code   114  storage_manager.o(.text)
    dmp_load_motion_driver_firmware          0x00029ddd   Thumb Code    16  inv_mpu_dmp_motion_driver.o(.text)
    dmp_set_orientation                      0x00029ded   Thumb Code   246  inv_mpu_dmp_motion_driver.o(.text)
    dmp_set_gyro_bias                        0x00029ee3   Thumb Code   196  inv_mpu_dmp_motion_driver.o(.text)
    dmp_set_accel_bias                       0x00029fa7   Thumb Code   214  inv_mpu_dmp_motion_driver.o(.text)
    dmp_set_fifo_rate                        0x0002a07d   Thumb Code    82  inv_mpu_dmp_motion_driver.o(.text)
    dmp_get_fifo_rate                        0x0002a0cf   Thumb Code    10  inv_mpu_dmp_motion_driver.o(.text)
    dmp_set_tap_thresh                       0x0002a0d9   Thumb Code   392  inv_mpu_dmp_motion_driver.o(.text)
    dmp_set_tap_axes                         0x0002a261   Thumb Code    64  inv_mpu_dmp_motion_driver.o(.text)
    dmp_set_tap_count                        0x0002a2a1   Thumb Code    34  inv_mpu_dmp_motion_driver.o(.text)
    dmp_set_tap_time                         0x0002a2c3   Thumb Code    32  inv_mpu_dmp_motion_driver.o(.text)
    dmp_set_tap_time_multi                   0x0002a2e3   Thumb Code    32  inv_mpu_dmp_motion_driver.o(.text)
    dmp_set_shake_reject_thresh              0x0002a303   Thumb Code    48  inv_mpu_dmp_motion_driver.o(.text)
    dmp_set_shake_reject_time                0x0002a333   Thumb Code    32  inv_mpu_dmp_motion_driver.o(.text)
    dmp_set_shake_reject_timeout             0x0002a353   Thumb Code    32  inv_mpu_dmp_motion_driver.o(.text)
    dmp_get_pedometer_step_count             0x0002a373   Thumb Code    48  inv_mpu_dmp_motion_driver.o(.text)
    dmp_set_pedometer_step_count             0x0002a3a3   Thumb Code    38  inv_mpu_dmp_motion_driver.o(.text)
    dmp_get_pedometer_walk_time              0x0002a3c9   Thumb Code    54  inv_mpu_dmp_motion_driver.o(.text)
    dmp_set_pedometer_walk_time              0x0002a3ff   Thumb Code    44  inv_mpu_dmp_motion_driver.o(.text)
    dmp_enable_6x_lp_quat                    0x0002a42b   Thumb Code    58  inv_mpu_dmp_motion_driver.o(.text)
    dmp_enable_lp_quat                       0x0002a465   Thumb Code    58  inv_mpu_dmp_motion_driver.o(.text)
    dmp_enable_gyro_cal                      0x0002a49f   Thumb Code    34  inv_mpu_dmp_motion_driver.o(.text)
    dmp_enable_feature                       0x0002a4c1   Thumb Code   464  inv_mpu_dmp_motion_driver.o(.text)
    dmp_get_enabled_features                 0x0002a691   Thumb Code    10  inv_mpu_dmp_motion_driver.o(.text)
    dmp_set_interrupt_mode                   0x0002a69b   Thumb Code    60  inv_mpu_dmp_motion_driver.o(.text)
    dmp_read_fifo                            0x0002a6d7   Thumb Code   336  inv_mpu_dmp_motion_driver.o(.text)
    dmp_register_tap_cb                      0x0002a827   Thumb Code     8  inv_mpu_dmp_motion_driver.o(.text)
    dmp_register_android_orient_cb           0x0002a82f   Thumb Code     8  inv_mpu_dmp_motion_driver.o(.text)
    mpu_reg_dump                             0x0002a981   Thumb Code    72  inv_mpu.o(.text)
    mpu_read_reg                             0x0002a9c9   Thumb Code    52  inv_mpu.o(.text)
    mpu_set_int_latched                      0x0002a9fd   Thumb Code    94  inv_mpu.o(.text)
    mpu_set_sensors                          0x0002aa5b   Thumb Code   304  inv_mpu.o(.text)
    mpu_set_compass_sample_rate              0x0002ab8b   Thumb Code    76  inv_mpu.o(.text)
    mpu_set_bypass                           0x0002abd7   Thumb Code   212  inv_mpu.o(.text)
    mpu_reset_fifo                           0x0002aea3   Thumb Code   344  inv_mpu.o(.text)
    mpu_configure_fifo                       0x0002affb   Thumb Code    78  inv_mpu.o(.text)
    mpu_set_lpf                              0x0002b049   Thumb Code   132  inv_mpu.o(.text)
    mpu_lp_accel_mode                        0x0002b0cd   Thumb Code   232  inv_mpu.o(.text)
    mpu_set_sample_rate                      0x0002b1b5   Thumb Code   138  inv_mpu.o(.text)
    mpu_set_accel_fsr                        0x0002b23f   Thumb Code   104  inv_mpu.o(.text)
    mpu_set_gyro_fsr                         0x0002b2a7   Thumb Code   104  inv_mpu.o(.text)
    mpu_init_inv                             0x0002b30f   Thumb Code   212  inv_mpu.o(.text)
    mpu_get_gyro_reg                         0x0002b3e3   Thumb Code    78  inv_mpu.o(.text)
    mpu_get_accel_reg                        0x0002b431   Thumb Code    76  inv_mpu.o(.text)
    mpu_get_temperature                      0x0002b47d   Thumb Code   122  inv_mpu.o(.text)
    mpu_read_6500_accel_bias                 0x0002b4f7   Thumb Code    96  inv_mpu.o(.text)
    mpu_read_6050_accel_bias                 0x0002b557   Thumb Code    94  inv_mpu.o(.text)
    mpu_read_6500_gyro_bias                  0x0002b5b5   Thumb Code    94  inv_mpu.o(.text)
    mpu_set_gyro_bias_reg                    0x0002b613   Thumb Code   142  inv_mpu.o(.text)
    mpu_set_accel_bias_6050_reg              0x0002b6a1   Thumb Code   172  inv_mpu.o(.text)
    mpu_set_accel_bias_6500_reg              0x0002b74d   Thumb Code   170  inv_mpu.o(.text)
    mpu_get_gyro_fsr                         0x0002b7f7   Thumb Code    48  inv_mpu.o(.text)
    mpu_get_accel_fsr                        0x0002b827   Thumb Code    54  inv_mpu.o(.text)
    mpu_get_lpf                              0x0002b85d   Thumb Code    52  inv_mpu.o(.text)
    mpu_get_sample_rate                      0x0002b891   Thumb Code    22  inv_mpu.o(.text)
    mpu_get_compass_sample_rate              0x0002b8a7   Thumb Code    10  inv_mpu.o(.text)
    mpu_get_gyro_sens                        0x0002b8b1   Thumb Code    54  inv_mpu.o(.text)
    mpu_get_accel_sens                       0x0002b8e7   Thumb Code    62  inv_mpu.o(.text)
    mpu_get_fifo_config                      0x0002b925   Thumb Code    10  inv_mpu.o(.text)
    mpu_get_power_state                      0x0002b92f   Thumb Code    14  inv_mpu.o(.text)
    mpu_get_int_status                       0x0002b93d   Thumb Code    52  inv_mpu.o(.text)
    mpu_read_fifo                            0x0002b971   Thumb Code   370  inv_mpu.o(.text)
    mpu_read_fifo_stream                     0x0002bae3   Thumb Code   198  inv_mpu.o(.text)
    mpu_set_int_level                        0x0002bba9   Thumb Code    10  inv_mpu.o(.text)
    mpu_set_dmp_state                        0x0002cc99   Thumb Code   114  inv_mpu.o(.text)
    mpu_run_6500_self_test                   0x0002cd0b   Thumb Code   368  inv_mpu.o(.text)
    mpu_run_self_test                        0x0002ce7b   Thumb Code   152  inv_mpu.o(.text)
    mpu_write_mem                            0x0002cf13   Thumb Code   102  inv_mpu.o(.text)
    mpu_read_mem                             0x0002cf79   Thumb Code    80  inv_mpu.o(.text)
    mpu_load_firmware                        0x0002cfc9   Thumb Code   630  inv_mpu.o(.text)
    mpu_get_dmp_state                        0x0002d23f   Thumb Code    12  inv_mpu.o(.text)
    mpu_get_compass_reg                      0x0002d24b   Thumb Code   148  inv_mpu.o(.text)
    mpu_get_compass_fsr                      0x0002d2df   Thumb Code    12  inv_mpu.o(.text)
    mpu_lp_motion_interrupt                  0x0002d2eb   Thumb Code   548  inv_mpu.o(.text)
    inv_get_sensor_type_accel                0x0002d5c5   Thumb Code    22  empl_outputs.o(.text)
    inv_get_sensor_type_gyro                 0x0002d5db   Thumb Code    22  empl_outputs.o(.text)
    inv_get_sensor_type_compass              0x0002d5f1   Thumb Code    22  empl_outputs.o(.text)
    inv_get_sensor_type_quat                 0x0002d607   Thumb Code    24  empl_outputs.o(.text)
    inv_get_sensor_type_heading              0x0002d61f   Thumb Code   146  empl_outputs.o(.text)
    inv_get_sensor_type_euler                0x0002d6b1   Thumb Code   408  empl_outputs.o(.text)
    inv_get_sensor_type_rot_mat              0x0002d849   Thumb Code    28  empl_outputs.o(.text)
    inv_enable_eMPL_outputs                  0x0002d90f   Thumb Code    20  empl_outputs.o(.text)
    inv_disable_eMPL_outputs                 0x0002d923   Thumb Code    18  empl_outputs.o(.text)
    Reset_Handler                            0x0002d965   Thumb Code     8  arm_startup_nrf52840.o(.text)
    NMI_Handler                              0x0002d96d   Thumb Code     2  arm_startup_nrf52840.o(.text)
    HardFault_Handler                        0x0002d96f   Thumb Code     2  arm_startup_nrf52840.o(.text)
    MemoryManagement_Handler                 0x0002d971   Thumb Code     2  arm_startup_nrf52840.o(.text)
    BusFault_Handler                         0x0002d973   Thumb Code     2  arm_startup_nrf52840.o(.text)
    UsageFault_Handler                       0x0002d975   Thumb Code     2  arm_startup_nrf52840.o(.text)
    SVC_Handler                              0x0002d977   Thumb Code     2  arm_startup_nrf52840.o(.text)
    DebugMon_Handler                         0x0002d979   Thumb Code     2  arm_startup_nrf52840.o(.text)
    PendSV_Handler                           0x0002d97b   Thumb Code     2  arm_startup_nrf52840.o(.text)
    SysTick_Handler                          0x0002d97d   Thumb Code     2  arm_startup_nrf52840.o(.text)
    CCM_AAR_IRQHandler                       0x0002d97f   Thumb Code     0  arm_startup_nrf52840.o(.text)
    COMP_LPCOMP_IRQHandler                   0x0002d97f   Thumb Code     0  arm_startup_nrf52840.o(.text)
    CRYPTOCELL_IRQHandler                    0x0002d97f   Thumb Code     0  arm_startup_nrf52840.o(.text)
    ECB_IRQHandler                           0x0002d97f   Thumb Code     0  arm_startup_nrf52840.o(.text)
    FPU_IRQHandler                           0x0002d97f   Thumb Code     0  arm_startup_nrf52840.o(.text)
    I2S_IRQHandler                           0x0002d97f   Thumb Code     0  arm_startup_nrf52840.o(.text)
    MWU_IRQHandler                           0x0002d97f   Thumb Code     0  arm_startup_nrf52840.o(.text)
    NFCT_IRQHandler                          0x0002d97f   Thumb Code     0  arm_startup_nrf52840.o(.text)
    PDM_IRQHandler                           0x0002d97f   Thumb Code     0  arm_startup_nrf52840.o(.text)
    PWM0_IRQHandler                          0x0002d97f   Thumb Code     0  arm_startup_nrf52840.o(.text)
    PWM1_IRQHandler                          0x0002d97f   Thumb Code     0  arm_startup_nrf52840.o(.text)
    PWM2_IRQHandler                          0x0002d97f   Thumb Code     0  arm_startup_nrf52840.o(.text)
    PWM3_IRQHandler                          0x0002d97f   Thumb Code     0  arm_startup_nrf52840.o(.text)
    QDEC_IRQHandler                          0x0002d97f   Thumb Code     0  arm_startup_nrf52840.o(.text)
    QSPI_IRQHandler                          0x0002d97f   Thumb Code     0  arm_startup_nrf52840.o(.text)
    RADIO_IRQHandler                         0x0002d97f   Thumb Code     0  arm_startup_nrf52840.o(.text)
    RNG_IRQHandler                           0x0002d97f   Thumb Code     0  arm_startup_nrf52840.o(.text)
    RTC0_IRQHandler                          0x0002d97f   Thumb Code     0  arm_startup_nrf52840.o(.text)
    RTC2_IRQHandler                          0x0002d97f   Thumb Code     0  arm_startup_nrf52840.o(.text)
    SAADC_IRQHandler                         0x0002d97f   Thumb Code     0  arm_startup_nrf52840.o(.text)
    SPIM1_SPIS1_TWIM1_TWIS1_SPI1_TWI1_IRQHandler 0x0002d97f   Thumb Code     0  arm_startup_nrf52840.o(.text)
    SPIM2_SPIS2_SPI2_IRQHandler              0x0002d97f   Thumb Code     0  arm_startup_nrf52840.o(.text)
    SPIM3_IRQHandler                         0x0002d97f   Thumb Code     0  arm_startup_nrf52840.o(.text)
    SWI1_EGU1_IRQHandler                     0x0002d97f   Thumb Code     0  arm_startup_nrf52840.o(.text)
    SWI3_EGU3_IRQHandler                     0x0002d97f   Thumb Code     0  arm_startup_nrf52840.o(.text)
    SWI4_EGU4_IRQHandler                     0x0002d97f   Thumb Code     0  arm_startup_nrf52840.o(.text)
    SWI5_EGU5_IRQHandler                     0x0002d97f   Thumb Code     0  arm_startup_nrf52840.o(.text)
    TEMP_IRQHandler                          0x0002d97f   Thumb Code     0  arm_startup_nrf52840.o(.text)
    TIMER0_IRQHandler                        0x0002d97f   Thumb Code     0  arm_startup_nrf52840.o(.text)
    TIMER1_IRQHandler                        0x0002d97f   Thumb Code     0  arm_startup_nrf52840.o(.text)
    TIMER2_IRQHandler                        0x0002d97f   Thumb Code     0  arm_startup_nrf52840.o(.text)
    TIMER3_IRQHandler                        0x0002d97f   Thumb Code     0  arm_startup_nrf52840.o(.text)
    TIMER4_IRQHandler                        0x0002d97f   Thumb Code     0  arm_startup_nrf52840.o(.text)
    UARTE1_IRQHandler                        0x0002d97f   Thumb Code     0  arm_startup_nrf52840.o(.text)
    USBD_IRQHandler                          0x0002d97f   Thumb Code     0  arm_startup_nrf52840.o(.text)
    WDT_IRQHandler                           0x0002d97f   Thumb Code     0  arm_startup_nrf52840.o(.text)
    SystemCoreClockUpdate                    0x0002d989   Thumb Code     8  system_nrf52840.o(.text)
    SystemInit                               0x0002d991   Thumb Code   432  system_nrf52840.o(.text)
    inv_vector_compass_cal_sensitivity       0x0002db79   Thumb Code     8  compass_vec_cal.o(.text)
    inv_cheap_rand                           0x0002dd67   Thumb Code    42  compass_vec_cal.o(.text)
    inv_cheap_gaussian                       0x0002dd91   Thumb Code   134  compass_vec_cal.o(.text)
    inv_combine_compass_data                 0x0002de17   Thumb Code   416  compass_vec_cal.o(.text)
    inv_set_terms                            0x0002dfb7   Thumb Code   932  compass_vec_cal.o(.text)
    inv_compute_bias                         0x0002e35b   Thumb Code  2142  compass_vec_cal.o(.text)
    inv_center_sum                           0x0002ebb9   Thumb Code  1784  compass_vec_cal.o(.text)
    inv_get_current_calibrated_compass       0x0002f2b1   Thumb Code    82  compass_vec_cal.o(.text)
    inv_add_compass_block_data               0x0002f303   Thumb Code   172  compass_vec_cal.o(.text)
    inv_check_sim                            0x0002f61b   Thumb Code   400  compass_vec_cal.o(.text)
    inv_reset_data_collection                0x0002f7ab   Thumb Code    50  compass_vec_cal.o(.text)
    inv_process_compass_only_cal             0x0002f7dd   Thumb Code  1720  compass_vec_cal.o(.text)
    inv_generate_vector_compass_cal          0x0002fe95   Thumb Code    62  compass_vec_cal.o(.text)
    inv_start_vector_compass_cal             0x0002fed3   Thumb Code    14  compass_vec_cal.o(.text)
    inv_stop_vector_compass_cal              0x0002fee1   Thumb Code     8  compass_vec_cal.o(.text)
    inv_init_vector_compass_cal              0x0002fee9   Thumb Code    92  compass_vec_cal.o(.text)
    inv_enable_vector_compass_cal            0x0002ff45   Thumb Code    24  compass_vec_cal.o(.text)
    inv_disable_vector_compass_cal           0x0002ff5d   Thumb Code    22  compass_vec_cal.o(.text)
    inv_init_maxmin                          0x00030069   Thumb Code    78  fast_no_motion.o(.text)
    inv_fast_nomot_parameter                 0x000300b7   Thumb Code   332  fast_no_motion.o(.text)
    inv_fast_nomot_parameter_3rd             0x00030203   Thumb Code   190  fast_no_motion.o(.text)
    inv_fast_nomot_set_gyro_bias             0x000302c1   Thumb Code   232  fast_no_motion.o(.text)
    inv_set_fast_nomot_compass_threshold     0x000303a9   Thumb Code     8  fast_no_motion.o(.text)
    int_set_fast_nomot_gyro_threshold        0x000303b1   Thumb Code     8  fast_no_motion.o(.text)
    inv_set_fast_nomot_accel_threshold       0x000303b9   Thumb Code     8  fast_no_motion.o(.text)
    inv_get_fast_nomot_compass_param         0x000303c1   Thumb Code    18  fast_no_motion.o(.text)
    inv_get_fast_nomot_accel_param           0x000303d3   Thumb Code    18  fast_no_motion.o(.text)
    inv_fast_nomot_store_data                0x000303e5   Thumb Code   140  fast_no_motion.o(.text)
    inv_fast_nomot_store_data_compass        0x00030471   Thumb Code    74  fast_no_motion.o(.text)
    inv_fast_nomot_reset_data_compass        0x000304bb   Thumb Code    36  fast_no_motion.o(.text)
    inv_fast_nomot_get_time_elaps            0x000304df   Thumb Code     8  fast_no_motion.o(.text)
    inv_fast_nomot_parameter_compass         0x000304e7   Thumb Code    22  fast_no_motion.o(.text)
    inv_get_right_shift_by_rounding          0x000304fd   Thumb Code    76  fast_no_motion.o(.text)
    inv_reset_min_max_gyro_accel_statistics  0x00030549   Thumb Code    38  fast_no_motion.o(.text)
    inv_record_max_moment_in_no_motion_gyro  0x0003056f   Thumb Code    32  fast_no_motion.o(.text)
    inv_record_max_moment_in_no_motion_accel 0x0003058f   Thumb Code    32  fast_no_motion.o(.text)
    inv_record_min_moment_in_motion_gyro     0x000305af   Thumb Code    34  fast_no_motion.o(.text)
    inv_record_min_moment_in_motion_accel    0x000305d1   Thumb Code    34  fast_no_motion.o(.text)
    inv_detect_motion_by_gyro_accel          0x000305f3   Thumb Code   214  fast_no_motion.o(.text)
    inv_sensor_data_preprocess               0x000306c9   Thumb Code   132  fast_no_motion.o(.text)
    inv_generate_fast_nomot                  0x0003074d   Thumb Code   504  fast_no_motion.o(.text)
    inv_set_default_number_of_samples        0x00030945   Thumb Code    62  fast_no_motion.o(.text)
    inv_init_fast_nomot                      0x00030983   Thumb Code    78  fast_no_motion.o(.text)
    inv_start_fast_nomot                     0x000309d1   Thumb Code    56  fast_no_motion.o(.text)
    inv_stop_fast_nomot                      0x00030a09   Thumb Code    20  fast_no_motion.o(.text)
    inv_enable_fast_nomot                    0x00030a1d   Thumb Code    24  fast_no_motion.o(.text)
    inv_disable_fast_nomot                   0x00030a35   Thumb Code    18  fast_no_motion.o(.text)
    inv_get_fnm_gyro_no_motion_param         0x00030a47   Thumb Code     8  fast_no_motion.o(.text)
    inv_fnm_debug_print                      0x00030a4f   Thumb Code     2  fast_no_motion.o(.text)
    inv_filter_correction_angle              0x00030b2d   Thumb Code   374  fusion_9axis.o(.text)
    inv_perform_9x_fusion                    0x00030ca3   Thumb Code   894  fusion_9axis.o(.text)
    inv_process_9x_sensor_fusion_cb          0x00031021   Thumb Code   120  fusion_9axis.o(.text)
    inv_init_9x_fusion                       0x00031099   Thumb Code    52  fusion_9axis.o(.text)
    inv_9x_fusion_set_mag_fb                 0x000310cd   Thumb Code    10  fusion_9axis.o(.text)
    inv_9x_fusion_enable_jitter_reduction    0x000310d7   Thumb Code    10  fusion_9axis.o(.text)
    inv_9x_fusion_use_timestamps             0x000310e1   Thumb Code    10  fusion_9axis.o(.text)
    inv_start_9x_sensor_fusion               0x000310eb   Thumb Code    14  fusion_9axis.o(.text)
    inv_stop_9x_sensor_fusion                0x000310f9   Thumb Code     8  fusion_9axis.o(.text)
    inv_enable_9x_sensor_fusion              0x00031101   Thumb Code    30  fusion_9axis.o(.text)
    inv_disable_9x_sensor_fusion             0x0003111f   Thumb Code     8  fusion_9axis.o(.text)
    inv_set_magnetic_disturbance             0x00031131   Thumb Code    16  mag_disturb.o(.text)
    inv_init_magnetic_disturbance            0x00031141   Thumb Code    68  mag_disturb.o(.text)
    MagDisturbSetDisturbance                 0x00031185   Thumb Code   108  mag_disturb.o(.text)
    MagDisturbCheckSettling                  0x000311f1   Thumb Code    68  mag_disturb.o(.text)
    ComputeAngleVelocity                     0x00031235   Thumb Code    94  mag_disturb.o(.text)
    inv_disable_dip_tracking                 0x00031293   Thumb Code    10  mag_disturb.o(.text)
    Mag3ofNormalizedLong                     0x0003129d   Thumb Code    60  mag_disturb.o(.text)
    inv_track_dip_angle                      0x000312d9   Thumb Code   126  mag_disturb.o(.text)
    inv_check_magnetic_disturbance           0x00031357   Thumb Code   758  mag_disturb.o(.text)
    inv_magnetic_disturbance_process         0x0003164d   Thumb Code    50  mag_disturb.o(.text)
    inv_start_magnetic_disturbance           0x0003167f   Thumb Code    14  mag_disturb.o(.text)
    inv_stop_magnetic_disturbance            0x0003168d   Thumb Code     8  mag_disturb.o(.text)
    inv_enable_magnetic_disturbance          0x00031695   Thumb Code    40  mag_disturb.o(.text)
    inv_disable_magnetic_disturbance         0x000316bd   Thumb Code    22  mag_disturb.o(.text)
    inv_enable_dip_tracking                  0x000316d3   Thumb Code    14  mag_disturb.o(.text)
    inv_get_magnetic_disturbance_state       0x000316e1   Thumb Code     8  mag_disturb.o(.text)
    inv_generate_gyro_quaternion             0x00031aa9   Thumb Code   348  quaternion_supervisor.o(.text)
    inv_set_quaternion                       0x00031dbb   Thumb Code    36  quaternion_supervisor.o(.text)
    inv_generate_accel_gyro_quaternion       0x00031ddf   Thumb Code   468  quaternion_supervisor.o(.text)
    inv_stop_quaternion                      0x00031ff7   Thumb Code     6  quaternion_supervisor.o(.text)
    inv_init_quaternion                      0x00031ffd   Thumb Code    34  quaternion_supervisor.o(.text)
    inv_start_quaternion                     0x0003201f   Thumb Code    34  quaternion_supervisor.o(.text)
    inv_enable_quaternion                    0x00032041   Thumb Code    24  quaternion_supervisor.o(.text)
    inv_disable_quaternion                   0x00032059   Thumb Code    20  quaternion_supervisor.o(.text)
    inv_init_accel_maxmin                    0x00032085   Thumb Code    34  accel_auto_cal.o(.text)
    inv_record_good_accel_maxmin             0x000320a7   Thumb Code    58  accel_auto_cal.o(.text)
    inv_get_current_calibrated_accel         0x000320e1   Thumb Code    70  accel_auto_cal.o(.text)
    inv_sort_order_4_T                       0x000324d1   Thumb Code   134  accel_auto_cal.o(.text)
    inv_init_check_sample_balance            0x00032557   Thumb Code    36  accel_auto_cal.o(.text)
    inv_init_check_sample_balance_parameter  0x0003257b   Thumb Code    28  accel_auto_cal.o(.text)
    inv_add_accel_block_data                 0x00032597   Thumb Code   180  accel_auto_cal.o(.text)
    inv_add_vector_block_data                0x0003264b   Thumb Code   152  accel_auto_cal.o(.text)
    inv_check_sample_balance                 0x000326e3   Thumb Code   372  accel_auto_cal.o(.text)
    inv_auto_calibrate                       0x000328a9   Thumb Code   828  accel_auto_cal.o(.text)
    inv_init_in_use_auto_calibration         0x00032be5   Thumb Code    92  accel_auto_cal.o(.text)
    inv_start_in_use_auto_calibration        0x00032c41   Thumb Code    14  accel_auto_cal.o(.text)
    inv_stop_in_use_auto_calibration         0x00032c4f   Thumb Code     8  accel_auto_cal.o(.text)
    inv_enable_in_use_auto_calibration       0x00032c57   Thumb Code    24  accel_auto_cal.o(.text)
    inv_disable_in_use_auto_calibration      0x00032c6f   Thumb Code    22  accel_auto_cal.o(.text)
    inv_get_accel_bias_stage                 0x00032c85   Thumb Code     6  accel_auto_cal.o(.text)
    __aeabi_uldivmod                         0x00032cc9   Thumb Code    98  uldiv.o(.text)
    __aeabi_ldivmod                          0x00032d2b   Thumb Code    98  ldiv.o(.text)
    __aeabi_llsl                             0x00032d8d   Thumb Code    30  llshl.o(.text)
    _ll_shift_l                              0x00032d8d   Thumb Code     0  llshl.o(.text)
    __aeabi_lasr                             0x00032dab   Thumb Code    36  llsshr.o(.text)
    _ll_sshift_r                             0x00032dab   Thumb Code     0  llsshr.o(.text)
    __rt_ctype_table                         0x00032dd1   Thumb Code     4  ctype_o.o(.text)
    ___aeabi_memcpy8$move                    0x00032dd9   Thumb Code     0  memmovea.o(.text)
    __aeabi_memcpy                           0x00032dd9   Thumb Code    64  memmovea.o(.text)
    __aeabi_memcpy4                          0x00032dd9   Thumb Code     0  memmovea.o(.text)
    __aeabi_memmove                          0x00032dd9   Thumb Code     0  memmovea.o(.text)
    __aeabi_memmove4                         0x00032dd9   Thumb Code     0  memmovea.o(.text)
    __aeabi_memmove8                         0x00032dd9   Thumb Code     0  memmovea.o(.text)
    __aeabi_memset                           0x00032e19   Thumb Code    14  memseta.o(.text)
    __aeabi_memset4                          0x00032e19   Thumb Code     0  memseta.o(.text)
    __aeabi_memset8                          0x00032e19   Thumb Code     0  memseta.o(.text)
    __aeabi_memclr                           0x00032e27   Thumb Code     4  memseta.o(.text)
    __aeabi_memclr4                          0x00032e27   Thumb Code     0  memseta.o(.text)
    __aeabi_memclr8                          0x00032e27   Thumb Code     0  memseta.o(.text)
    _memset$wrapper                          0x00032e2b   Thumb Code    18  memseta.o(.text)
    strlen                                   0x00032e3d   Thumb Code    14  strlen.o(.text)
    memcmp                                   0x00032e4b   Thumb Code    26  memcmp.o(.text)
    __aeabi_dadd                             0x00032e65   Thumb Code   322  dadd.o(.text)
    __aeabi_dsub                             0x00032fa7   Thumb Code     6  dadd.o(.text)
    __aeabi_drsub                            0x00032fad   Thumb Code     6  dadd.o(.text)
    __aeabi_dmul                             0x00032fb3   Thumb Code   228  dmul.o(.text)
    __aeabi_ddiv                             0x00033097   Thumb Code   222  ddiv.o(.text)
    __aeabi_l2f                              0x00033175   Thumb Code    44  ffltl.o(.text)
    __aeabi_i2d                              0x000331a1   Thumb Code    34  dflti.o(.text)
    __aeabi_f2lz                             0x000331c3   Thumb Code    66  ffixl.o(.text)
    __aeabi_d2iz                             0x00033205   Thumb Code    62  dfixi.o(.text)
    __aeabi_f2d                              0x00033243   Thumb Code    38  f2d.o(.text)
    __aeabi_cdcmpeq                          0x00033269   Thumb Code     0  cdcmple.o(.text)
    __aeabi_cdcmple                          0x00033269   Thumb Code    48  cdcmple.o(.text)
    __aeabi_cdrcmple                         0x00033299   Thumb Code    48  cdrcmple.o(.text)
    __aeabi_d2f                              0x000332c9   Thumb Code    56  d2f.o(.text)
    __aeabi_uidiv                            0x00033301   Thumb Code     0  uidiv.o(.text)
    __aeabi_uidivmod                         0x00033301   Thumb Code    44  uidiv.o(.text)
    __aeabi_llsr                             0x0003332d   Thumb Code    32  llushr.o(.text)
    _ll_ushift_r                             0x0003332d   Thumb Code     0  llushr.o(.text)
    __I$use$fp                               0x0003334d   Thumb Code     0  iusefp.o(.text)
    _float_round                             0x0003334d   Thumb Code    18  fepilogue.o(.text)
    _float_epilogue                          0x0003335f   Thumb Code    92  fepilogue.o(.text)
    _double_round                            0x000333bb   Thumb Code    30  depilogue.o(.text)
    _double_epilogue                         0x000333d9   Thumb Code   156  depilogue.o(.text)
    _dsqrt                                   0x00033475   Thumb Code   162  dsqrt.o(.text)
    __aeabi_d2ulz                            0x00033517   Thumb Code    48  dfixul.o(.text)
    __scatterload                            0x00033549   Thumb Code    28  init.o(.text)
    __scatterload_rt2                        0x00033549   Thumb Code     0  init.o(.text)
    __aeabi_ui2d                             0x0003356d   Thumb Code    26  dfltui.o(.text)
    __0printf                                0x00033589   Thumb Code    22  printfa.o(i.__0printf)
    __1printf                                0x00033589   Thumb Code     0  printfa.o(i.__0printf)
    __2printf                                0x00033589   Thumb Code     0  printfa.o(i.__0printf)
    __c89printf                              0x00033589   Thumb Code     0  printfa.o(i.__0printf)
    printf                                   0x00033589   Thumb Code     0  printfa.o(i.__0printf)
    __0snprintf                              0x000335a9   Thumb Code    44  printfa.o(i.__0snprintf)
    __1snprintf                              0x000335a9   Thumb Code     0  printfa.o(i.__0snprintf)
    __2snprintf                              0x000335a9   Thumb Code     0  printfa.o(i.__0snprintf)
    __c89snprintf                            0x000335a9   Thumb Code     0  printfa.o(i.__0snprintf)
    snprintf                                 0x000335a9   Thumb Code     0  printfa.o(i.__0snprintf)
    __0vsprintf                              0x000335d9   Thumb Code    30  printfa.o(i.__0vsprintf)
    __1vsprintf                              0x000335d9   Thumb Code     0  printfa.o(i.__0vsprintf)
    __2vsprintf                              0x000335d9   Thumb Code     0  printfa.o(i.__0vsprintf)
    __c89vsprintf                            0x000335d9   Thumb Code     0  printfa.o(i.__0vsprintf)
    vsprintf                                 0x000335d9   Thumb Code     0  printfa.o(i.__0vsprintf)
    __ARM_fpclassify                         0x000335fd   Thumb Code    48  fpclassify.o(i.__ARM_fpclassify)
    __ARM_fpclassifyf                        0x0003362d   Thumb Code    38  fpclassifyf.o(i.__ARM_fpclassifyf)
    __hardfp_acos                            0x00033659   Thumb Code   738  acos.o(i.__hardfp_acos)
    __hardfp_acosf                           0x000339b1   Thumb Code   234  acosf.o(i.__hardfp_acosf)
    __hardfp_asinf                           0x00033ac9   Thumb Code   258  asinf.o(i.__hardfp_asinf)
    __hardfp_atan2f                          0x00033bf5   Thumb Code   502  atan2f.o(i.__hardfp_atan2f)
    __hardfp_cos                             0x00033e49   Thumb Code   180  cos.o(i.__hardfp_cos)
    __hardfp_cosf                            0x00033f11   Thumb Code   280  cosf.o(i.__hardfp_cosf)
    __hardfp_fabs                            0x00034061   Thumb Code    20  fabs.o(i.__hardfp_fabs)
    __hardfp_log                             0x00034079   Thumb Code   872  log.o(i.__hardfp_log)
    __hardfp_sinf                            0x0003443d   Thumb Code   344  sinf.o(i.__hardfp_sinf)
    __hardfp_sqrt                            0x000345cd   Thumb Code   122  sqrt.o(i.__hardfp_sqrt)
    __hardfp_sqrtf                           0x00034647   Thumb Code    58  sqrtf.o(i.__hardfp_sqrtf)
    __ieee754_rem_pio2                       0x00034681   Thumb Code   938  rred.o(i.__ieee754_rem_pio2)
    __kernel_cos                             0x00034ab9   Thumb Code   322  cos_i.o(i.__kernel_cos)
    __kernel_poly                            0x00034c29   Thumb Code   248  poly.o(i.__kernel_poly)
    __kernel_sin                             0x00034d21   Thumb Code   280  sin_i.o(i.__kernel_sin)
    __mathlib_dbl_divzero                    0x00034e51   Thumb Code    28  dunder.o(i.__mathlib_dbl_divzero)
    __mathlib_dbl_infnan                     0x00034e81   Thumb Code    20  dunder.o(i.__mathlib_dbl_infnan)
    __mathlib_dbl_invalid                    0x00034e99   Thumb Code    24  dunder.o(i.__mathlib_dbl_invalid)
    __mathlib_dbl_underflow                  0x00034eb9   Thumb Code    24  dunder.o(i.__mathlib_dbl_underflow)
    __mathlib_flt_infnan                     0x00034ed9   Thumb Code     6  funder.o(i.__mathlib_flt_infnan)
    __mathlib_flt_infnan2                    0x00034edf   Thumb Code     6  funder.o(i.__mathlib_flt_infnan2)
    __mathlib_flt_invalid                    0x00034ee5   Thumb Code    10  funder.o(i.__mathlib_flt_invalid)
    __mathlib_flt_underflow                  0x00034ef5   Thumb Code    10  funder.o(i.__mathlib_flt_underflow)
    __mathlib_rredf2                         0x00034f05   Thumb Code   316  rredf.o(i.__mathlib_rredf2)
    __scatterload_copy                       0x00035059   Thumb Code    14  handlers.o(i.__scatterload_copy)
    __scatterload_null                       0x00035067   Thumb Code     2  handlers.o(i.__scatterload_null)
    __scatterload_zeroinit                   0x00035069   Thumb Code    14  handlers.o(i.__scatterload_zeroinit)
    __set_errno                              0x00035079   Thumb Code     6  errno.o(i.__set_errno)
    fabs                                     0x00035957   Thumb Code    24  fabs.o(i.fabs)
    free                                     0x00035971   Thumb Code    76  malloc.o(i.free)
    malloc                                   0x000359c1   Thumb Code    92  malloc.o(i.malloc)
    sqrt                                     0x00035a2d   Thumb Code   110  sqrt.o(i.sqrt)
    sqrtf                                    0x00035a9b   Thumb Code    62  sqrtf.o(i.sqrtf)
    sin_lookup                               0x00035d40   Data        1024  ml_math_func.o(.constdata)
    ml_ver                                   0x00036140   Data          20  mpl.o(.constdata)
    reg                                      0x00036d65   Data          42  inv_mpu.o(.constdata)
    hw                                       0x00036d90   Data          14  inv_mpu.o(.constdata)
    test                                     0x00036da0   Data          48  inv_mpu.o(.constdata)
    __ctype_table                            0x00037058   Data         129  ctype_o.o(.constdata)
    __mathlib_zero                           0x00037110   Data           8  qnan.o(.constdata)
    Region$$Table$$Base                      0x00037708   Number         0  anon$$obj.o(Region$$Table)
    Region$$Table$$Limit                     0x00037728   Number         0  anon$$obj.o(Region$$Table)
    Image$$RW_IRAM1$$Base                    0x20002198   Number         0  anon$$obj.o ABSOLUTE
    mpl_key                                  0x200021ac   Data           4  main.o(.data)
    __stdout                                 0x20002218   Data           4  retarget.o(.data)
    compass_low_pass_filter_coeff            0x2000223c   Data          20  hal_outputs.o(.data)
    SystemCoreClock                          0x2000228c   Data           4  system_nrf52840.o(.data)
    __microlib_freelist                      0x200022a0   Data           4  mvars.o(.data)
    __microlib_freelist_initialised          0x200022a4   Data           4  mvars.o(.data)
    twi_tx_buffer                            0x20002e88   Data          16  nrf_drv_mpu_twi.o(.bss)
    nrf_nvic_state                           0x20003090   Data          12  app_util_platform.o(.bss)
    cb                                       0x20003800   Data         232  compass_vec_cal.o(.bss)
    cb_test                                  0x200038e8   Data         232  compass_vec_cal.o(.bss)
    cb_sim                                   0x200039d0   Data         232  compass_vec_cal.o(.bss)
    vc                                       0x20003ab8   Data         424  compass_vec_cal.o(.bss)
    fnm                                      0x20003c60   Data         608  fast_no_motion.o(.bss)
    s9axis                                   0x20003f00   Data         312  fusion_9axis.o(.bss)
    mag_disturb                              0x20004038   Data         184  mag_disturb.o(.bss)
    __heap_base                              0x20004618   Data           0  arm_startup_nrf52840.o(HEAP)
    __heap_limit                             0x20006618   Data           0  arm_startup_nrf52840.o(HEAP)
    __initial_sp                             0x20008618   Data           0  arm_startup_nrf52840.o(STACK)



==============================================================================

Memory Map of the image

  Image Entry point : 0x00022201

  Load Region LR_IROM1 (Base: 0x00022000, Size: 0x0001583c, Max: 0x000de000, ABSOLUTE)

    Execution Region ER_IROM1 (Base: 0x00022000, Size: 0x00015728, Max: 0x000de000, ABSOLUTE)

    Base Addr    Size         Type   Attr      Idx    E Section Name        Object

    0x00022000   0x00000200   Data   RO         1927    RESET               arm_startup_nrf52840.o
    0x00022200   0x00000000   Code   RO         2385  * .ARM.Collect$$$$00000000  mc_w.l(entry.o)
    0x00022200   0x00000004   Code   RO         2803    .ARM.Collect$$$$00000001  mc_w.l(entry2.o)
    0x00022204   0x00000004   Code   RO         2806    .ARM.Collect$$$$00000004  mc_w.l(entry5.o)
    0x00022208   0x00000000   Code   RO         2808    .ARM.Collect$$$$00000008  mc_w.l(entry7b.o)
    0x00022208   0x00000000   Code   RO         2810    .ARM.Collect$$$$0000000A  mc_w.l(entry8b.o)
    0x00022208   0x00000008   Code   RO         2811    .ARM.Collect$$$$0000000B  mc_w.l(entry9a.o)
    0x00022210   0x00000000   Code   RO         2813    .ARM.Collect$$$$0000000D  mc_w.l(entry10a.o)
    0x00022210   0x00000000   Code   RO         2815    .ARM.Collect$$$$0000000F  mc_w.l(entry11a.o)
    0x00022210   0x00000004   Code   RO         2804    .ARM.Collect$$$$00002712  mc_w.l(entry2.o)
    0x00022214   0x00000d38   Code   RO            4    .text               main.o
    0x00022f4c   0x000001b0   Code   RO          352    .text               boards.o
    0x000230fc   0x000003c8   Code   RO          397    .text               bsp.o
    0x000234c4   0x000000f8   Code   RO          447    .text               bsp_btn_ble.o
    0x000235bc   0x00000610   Code   RO          622    .text               ble_db_discovery.o
    0x00023bcc   0x00000314   Code   RO          686    .text               nrf_ble_gatt.o
    0x00023ee0   0x00000230   Code   RO          727    .text               ble_nus_c.o
    0x00024110   0x00000700   Code   RO          764    .text               nrf_drv_twi.o
    0x00024810   0x00000390   Code   RO          826    .text               nrf_drv_mpu_twi.o
    0x00024ba0   0x000000c4   Code   RO          905    .text               nrf_drv_inv_dmp.o
    0x00024c64   0x0000031c   Code   RO          948    .text               nrf_drv_clock.o
    0x00024f80   0x00000044   Code   RO          996    .text               nrf_drv_common.o
    0x00024fc4   0x00000a1c   Code   RO         1037    .text               nrf_drv_uart.o
    0x000259e0   0x000008b4   Code   RO         1083    .text               nrf_drv_gpiote.o
    0x00026294   0x00000106   Code   RO         1128    .text               app_mpu.o
    0x0002639a   0x00000002   PAD
    0x0002639c   0x00000180   Code   RO         1153    .text               app_button.o
    0x0002651c   0x00000090   Code   RO         1190    .text               app_error.o
    0x000265ac   0x00000060   Code   RO         1218    .text               app_error_weak.o
    0x0002660c   0x0000013c   Code   RO         1246    .text               app_fifo.o
    0x00026748   0x00000638   Code   RO         1306    .text               app_timer_1.o
    0x00026d80   0x000001d8   Code   RO         1337    .text               app_uart_fifo.o
    0x00026f58   0x000000e0   Code   RO         1377    .text               app_util_platform.o
    0x00027038   0x00000048   Code   RO         1442    .text               nrf_strerror.o
    0x00027080   0x00000020   Code   RO         1469    .text               retarget.o
    0x000270a0   0x00000374   Code   RO         1519    .text               nrf_log_backend_serial.o
    0x00027414   0x00000238   Code   RO         1561    .text               nrf_log_frontend.o
    0x0002764c   0x00000364   Code   RO         1629    .text               softdevice_handler.o
    0x000279b0   0x00000a4c   Code   RO         1676    .text               data_builder.o
    0x000283fc   0x000005bc   Code   RO         1713    .text               hal_outputs.o
    0x000289b8   0x00000024   Code   RO         1736    .text               message_layer.o
    0x000289dc   0x00000d3c   Code   RO         1750    .text               ml_math_func.o
    0x00029718   0x000000e4   Code   RO         1784    .text               mpl.o
    0x000297fc   0x000003ac   Code   RO         1802    .text               results_holder.o
    0x00029ba8   0x00000098   Code   RO         1817    .text               start_manager.o
    0x00029c40   0x0000019c   Code   RO         1831    .text               storage_manager.o
    0x00029ddc   0x00000b4e   Code   RO         1848    .text               inv_mpu_dmp_motion_driver.o
    0x0002a92a   0x00000002   PAD
    0x0002a92c   0x00002c98   Code   RO         1882    .text               inv_mpu.o
    0x0002d5c4   0x000003a0   Code   RO         1911    .text               empl_outputs.o
    0x0002d964   0x00000024   Code   RO         1928    .text               arm_startup_nrf52840.o
    0x0002d988   0x000001f0   Code   RO         1935    .text               system_nrf52840.o
    0x0002db78   0x000024f0   Code   RO         1963    .text               libmpllib.lib(compass_vec_cal.o)
    0x00030068   0x00000a18   Code   RO         2053    .text               libmpllib.lib(fast_no_motion.o)
    0x00030a80   0x000006b0   Code   RO         2086    .text               libmpllib.lib(fusion_9axis.o)
    0x00031130   0x000005c0   Code   RO         2108    .text               libmpllib.lib(mag_disturb.o)
    0x000316f0   0x00000994   Code   RO         2130    .text               libmpllib.lib(quaternion_supervisor.o)
    0x00032084   0x00000c44   Code   RO         2148    .text               libmpllib.lib(accel_auto_cal.o)
    0x00032cc8   0x00000062   Code   RO         2388    .text               mc_w.l(uldiv.o)
    0x00032d2a   0x00000062   Code   RO         2390    .text               mc_w.l(ldiv.o)
    0x00032d8c   0x0000001e   Code   RO         2392    .text               mc_w.l(llshl.o)
    0x00032daa   0x00000024   Code   RO         2394    .text               mc_w.l(llsshr.o)
    0x00032dce   0x00000002   PAD
    0x00032dd0   0x00000008   Code   RO         2396    .text               mc_w.l(ctype_o.o)
    0x00032dd8   0x00000040   Code   RO         2426    .text               mc_w.l(memmovea.o)
    0x00032e18   0x00000024   Code   RO         2428    .text               mc_w.l(memseta.o)
    0x00032e3c   0x0000000e   Code   RO         2430    .text               mc_w.l(strlen.o)
    0x00032e4a   0x0000001a   Code   RO         2432    .text               mc_w.l(memcmp.o)
    0x00032e64   0x0000014e   Code   RO         2729    .text               mf_w.l(dadd.o)
    0x00032fb2   0x000000e4   Code   RO         2731    .text               mf_w.l(dmul.o)
    0x00033096   0x000000de   Code   RO         2733    .text               mf_w.l(ddiv.o)
    0x00033174   0x0000002c   Code   RO         2735    .text               mf_w.l(ffltl.o)
    0x000331a0   0x00000022   Code   RO         2737    .text               mf_w.l(dflti.o)
    0x000331c2   0x00000042   Code   RO         2739    .text               mf_w.l(ffixl.o)
    0x00033204   0x0000003e   Code   RO         2741    .text               mf_w.l(dfixi.o)
    0x00033242   0x00000026   Code   RO         2743    .text               mf_w.l(f2d.o)
    0x00033268   0x00000030   Code   RO         2745    .text               mf_w.l(cdcmple.o)
    0x00033298   0x00000030   Code   RO         2747    .text               mf_w.l(cdrcmple.o)
    0x000332c8   0x00000038   Code   RO         2749    .text               mf_w.l(d2f.o)
    0x00033300   0x0000002c   Code   RO         2817    .text               mc_w.l(uidiv.o)
    0x0003332c   0x00000020   Code   RO         2819    .text               mc_w.l(llushr.o)
    0x0003334c   0x00000000   Code   RO         2830    .text               mc_w.l(iusefp.o)
    0x0003334c   0x0000006e   Code   RO         2831    .text               mf_w.l(fepilogue.o)
    0x000333ba   0x000000ba   Code   RO         2833    .text               mf_w.l(depilogue.o)
    0x00033474   0x000000a2   Code   RO         2839    .text               mf_w.l(dsqrt.o)
    0x00033516   0x00000030   Code   RO         2841    .text               mf_w.l(dfixul.o)
    0x00033546   0x00000002   PAD
    0x00033548   0x00000024   Code   RO         2843    .text               mc_w.l(init.o)
    0x0003356c   0x0000001a   Code   RO         2845    .text               mf_w.l(dfltui.o)
    0x00033586   0x00000002   PAD
    0x00033588   0x00000020   Code   RO         2673    i.__0printf         mc_w.l(printfa.o)
    0x000335a8   0x00000030   Code   RO         2674    i.__0snprintf       mc_w.l(printfa.o)
    0x000335d8   0x00000024   Code   RO         2679    i.__0vsprintf       mc_w.l(printfa.o)
    0x000335fc   0x00000030   Code   RO         2768    i.__ARM_fpclassify  m_wm.l(fpclassify.o)
    0x0003362c   0x00000026   Code   RO         2770    i.__ARM_fpclassifyf  m_wm.l(fpclassifyf.o)
    0x00033652   0x00000006   PAD
    0x00033658   0x00000358   Code   RO         2177    i.__hardfp_acos     m_wm.l(acos.o)
    0x000339b0   0x00000118   Code   RO         2191    i.__hardfp_acosf    m_wm.l(acosf.o)
    0x00033ac8   0x0000012c   Code   RO         2217    i.__hardfp_asinf    m_wm.l(asinf.o)
    0x00033bf4   0x00000250   Code   RO         2255    i.__hardfp_atan2f   m_wm.l(atan2f.o)
    0x00033e44   0x00000004   PAD
    0x00033e48   0x000000c8   Code   RO         2273    i.__hardfp_cos      m_wm.l(cos.o)
    0x00033f10   0x00000150   Code   RO         2285    i.__hardfp_cosf     m_wm.l(cosf.o)
    0x00034060   0x00000014   Code   RO         2297    i.__hardfp_fabs     m_wm.l(fabs.o)
    0x00034074   0x00000004   PAD
    0x00034078   0x000003c4   Code   RO         2309    i.__hardfp_log      m_wm.l(log.o)
    0x0003443c   0x00000190   Code   RO         2349    i.__hardfp_sinf     m_wm.l(sinf.o)
    0x000345cc   0x0000007a   Code   RO         2361    i.__hardfp_sqrt     m_wm.l(sqrt.o)
    0x00034646   0x0000003a   Code   RO         2373    i.__hardfp_sqrtf    m_wm.l(sqrtf.o)
    0x00034680   0x00000438   Code   RO         2789    i.__ieee754_rem_pio2  m_wm.l(rred.o)
    0x00034ab8   0x00000170   Code   RO         2751    i.__kernel_cos      m_wm.l(cos_i.o)
    0x00034c28   0x000000f8   Code   RO         2786    i.__kernel_poly     m_wm.l(poly.o)
    0x00034d20   0x00000130   Code   RO         2797    i.__kernel_sin      m_wm.l(sin_i.o)
    0x00034e50   0x00000030   Code   RO         2754    i.__mathlib_dbl_divzero  m_wm.l(dunder.o)
    0x00034e80   0x00000014   Code   RO         2755    i.__mathlib_dbl_infnan  m_wm.l(dunder.o)
    0x00034e94   0x00000004   PAD
    0x00034e98   0x00000020   Code   RO         2757    i.__mathlib_dbl_invalid  m_wm.l(dunder.o)
    0x00034eb8   0x00000020   Code   RO         2760    i.__mathlib_dbl_underflow  m_wm.l(dunder.o)
    0x00034ed8   0x00000006   Code   RO         2773    i.__mathlib_flt_infnan  m_wm.l(funder.o)
    0x00034ede   0x00000006   Code   RO         2774    i.__mathlib_flt_infnan2  m_wm.l(funder.o)
    0x00034ee4   0x00000010   Code   RO         2775    i.__mathlib_flt_invalid  m_wm.l(funder.o)
    0x00034ef4   0x00000010   Code   RO         2778    i.__mathlib_flt_underflow  m_wm.l(funder.o)
    0x00034f04   0x00000154   Code   RO         2794    i.__mathlib_rredf2  m_wm.l(rredf.o)
    0x00035058   0x0000000e   Code   RO         2849    i.__scatterload_copy  mc_w.l(handlers.o)
    0x00035066   0x00000002   Code   RO         2850    i.__scatterload_null  mc_w.l(handlers.o)
    0x00035068   0x0000000e   Code   RO         2851    i.__scatterload_zeroinit  mc_w.l(handlers.o)
    0x00035076   0x00000002   PAD
    0x00035078   0x0000000c   Code   RO         2825    i.__set_errno       mc_w.l(errno.o)
    0x00035084   0x00000184   Code   RO         2680    i._fp_digits        mc_w.l(printfa.o)
    0x00035208   0x000006dc   Code   RO         2681    i._printf_core      mc_w.l(printfa.o)
    0x000358e4   0x00000024   Code   RO         2682    i._printf_post_padding  mc_w.l(printfa.o)
    0x00035908   0x0000002e   Code   RO         2683    i._printf_pre_padding  mc_w.l(printfa.o)
    0x00035936   0x00000016   Code   RO         2684    i._snputc           mc_w.l(printfa.o)
    0x0003594c   0x0000000a   Code   RO         2685    i._sputc            mc_w.l(printfa.o)
    0x00035956   0x00000018   Code   RO         2299    i.fabs              m_wm.l(fabs.o)
    0x0003596e   0x00000002   PAD
    0x00035970   0x00000050   Code   RO         2701    i.free              mc_w.l(malloc.o)
    0x000359c0   0x0000006c   Code   RO         2702    i.malloc            mc_w.l(malloc.o)
    0x00035a2c   0x0000006e   Code   RO         2363    i.sqrt              m_wm.l(sqrt.o)
    0x00035a9a   0x0000003e   Code   RO         2375    i.sqrtf             m_wm.l(sqrtf.o)
    0x00035ad8   0x00000038   Data   RO            7    .constdata          main.o
    0x00035b10   0x00000008   Data   RO          353    .constdata          boards.o
    0x00035b18   0x0000002c   Data   RO          402    .constdata          bsp.o
    0x00035b44   0x00000016   Data   RO          687    .constdata          nrf_ble_gatt.o
    0x00035b5a   0x00000002   PAD
    0x00035b5c   0x00000028   Data   RO          728    .constdata          ble_nus_c.o
    0x00035b84   0x0000000c   Data   RO          769    .constdata          nrf_drv_twi.o
    0x00035b90   0x00000018   Data   RO          828    .constdata          nrf_drv_mpu_twi.o
    0x00035ba8   0x0000004b   Data   RO         1085    .constdata          nrf_drv_gpiote.o
    0x00035bf3   0x00000001   PAD
    0x00035bf4   0x00000008   Data   RO         1155    .constdata          app_button.o
    0x00035bfc   0x00000020   Data   RO         1339    .constdata          app_uart_fifo.o
    0x00035c1c   0x00000104   Data   RO         1443    .constdata          nrf_strerror.o
    0x00035d20   0x00000020   Data   RO         1522    .constdata          nrf_log_backend_serial.o
    0x00035d40   0x00000400   Data   RO         1751    .constdata          ml_math_func.o
    0x00036140   0x0000002f   Data   RO         1785    .constdata          mpl.o
    0x0003616f   0x00000bf6   Data   RO         1850    .constdata          inv_mpu_dmp_motion_driver.o
    0x00036d65   0x0000002a   Data   RO         1883    .constdata          inv_mpu.o
    0x00036d8f   0x00000001   PAD
    0x00036d90   0x0000000e   Data   RO         1884    .constdata          inv_mpu.o
    0x00036d9e   0x00000002   PAD
    0x00036da0   0x00000030   Data   RO         1885    .constdata          inv_mpu.o
    0x00036dd0   0x00000200   Data   RO         1886    .constdata          inv_mpu.o
    0x00036fd0   0x00000050   Data   RO         2180    .constdata          m_wm.l(acos.o)
    0x00037020   0x00000038   Data   RO         2312    .constdata          m_wm.l(log.o)
    0x00037058   0x00000081   Data   RO         2397    .constdata          mc_w.l(ctype_o.o)
    0x000370d9   0x00000003   PAD
    0x000370dc   0x00000004   Data   RO         2398    .constdata          mc_w.l(ctype_o.o)
    0x000370e0   0x00000030   Data   RO         2752    .constdata          m_wm.l(cos_i.o)
    0x00037110   0x00000008   Data   RO         2788    .constdata          m_wm.l(qnan.o)
    0x00037118   0x000000c8   Data   RO         2791    .constdata          m_wm.l(rred.o)
    0x000371e0   0x00000020   Data   RO         2795    .constdata          m_wm.l(rredf.o)
    0x00037200   0x00000028   Data   RO         2798    .constdata          m_wm.l(sin_i.o)
    0x00037228   0x00000009   Data   RO            8    .conststring        main.o
    0x00037231   0x00000003   PAD
    0x00037234   0x00000186   Data   RO          688    .conststring        nrf_ble_gatt.o
    0x000373ba   0x00000002   PAD
    0x000373bc   0x00000307   Data   RO         1444    .conststring        nrf_strerror.o
    0x000376c3   0x00000001   PAD
    0x000376c4   0x00000044   Data   RO         1678    .conststring        data_builder.o
    0x00037708   0x00000020   Data   RO         2847    Region$$Table       anon$$obj.o


    Execution Region RW_IRAM1 (Base: 0x20002198, Size: 0x00006480, Max: 0x0003de68, ABSOLUTE)

    Base Addr    Size         Type   Attr      Idx    E Section Name        Object

    0x20002198   0x00000014   Data   RW            9    .data               main.o
    0x200021ac   0x00000004   Data   RW           10    .data               main.o
    0x200021b0   0x00000010   Data   RW          403    .data               bsp.o
    0x200021c0   0x00000008   Data   RW          448    .data               bsp_btn_ble.o
    0x200021c8   0x00000010   Data   RW          624    .data               ble_db_discovery.o
    0x200021d8   0x00000002   Data   RW          829    .data               nrf_drv_mpu_twi.o
    0x200021da   0x00000002   PAD
    0x200021dc   0x00000014   Data   RW         1156    .data               app_button.o
    0x200021f0   0x00000014   Data   RW         1308    .data               app_timer_1.o
    0x20002204   0x00000010   Data   RW         1340    .data               app_uart_fifo.o
    0x20002214   0x00000004   Data   RW         1379    .data               app_util_platform.o
    0x20002218   0x00000004   Data   RW         1470    .data               retarget.o
    0x2000221c   0x0000000c   Data   RW         1523    .data               nrf_log_backend_serial.o
    0x20002228   0x00000014   Data   RW         1630    .data               softdevice_handler.o
    0x2000223c   0x00000014   Data   RW         1715    .data               hal_outputs.o
    0x20002250   0x00000004   Data   RW         1737    .data               message_layer.o
    0x20002254   0x00000038   Data   RW         1887    .data               inv_mpu.o
    0x2000228c   0x00000004   Data   RW         1936    .data               system_nrf52840.o
    0x20002290   0x00000010   Data   RW         1965    .data               libmpllib.lib(compass_vec_cal.o)
    0x200022a0   0x00000004   Data   RW         2821    .data               mc_w.l(mvars.o)
    0x200022a4   0x00000004   Data   RW         2822    .data               mc_w.l(mvars.o)
    0x200022a8   0x00000004   Data   RW         2826    .data               mc_w.l(errno.o)
    0x200022ac   0x00000020   Zero   RW            5    .bss                main.o
    0x200022cc   0x00000888   Zero   RW            6    .bss                main.o
    0x20002b54   0x00000020   Zero   RW          398    .bss                bsp.o
    0x20002b74   0x00000020   Zero   RW          399    .bss                bsp.o
    0x20002b94   0x0000000c   Zero   RW          400    .bss                bsp.o
    0x20002ba0   0x00000020   Zero   RW          401    .bss                bsp.o
    0x20002bc0   0x000002a0   Zero   RW          623    .bss                ble_db_discovery.o
    0x20002e60   0x00000028   Zero   RW          765    .bss                nrf_drv_twi.o
    0x20002e88   0x00000010   Zero   RW          827    .bss                nrf_drv_mpu_twi.o
    0x20002e98   0x00000014   Zero   RW          949    .bss                nrf_drv_clock.o
    0x20002eac   0x00000020   Zero   RW         1038    .bss                nrf_drv_uart.o
    0x20002ecc   0x00000058   Zero   RW         1084    .bss                nrf_drv_gpiote.o
    0x20002f24   0x00000020   Zero   RW         1154    .bss                app_button.o
    0x20002f44   0x00000020   Zero   RW         1191    .bss                app_error.o
    0x20002f64   0x0000010c   Zero   RW         1307    .bss                app_timer_1.o
    0x20003070   0x00000020   Zero   RW         1338    .bss                app_uart_fifo.o
    0x20003090   0x0000000c   Zero   RW         1378    .bss                app_util_platform.o
    0x2000309c   0x00000100   Zero   RW         1520    .bss                nrf_log_backend_serial.o
    0x2000319c   0x0000001c   Zero   RW         1562    .bss                nrf_log_frontend.o
    0x200031b8   0x000002d8   Zero   RW         1677    .bss                data_builder.o
    0x20003490   0x000000c4   Zero   RW         1714    .bss                hal_outputs.o
    0x20003554   0x00000088   Zero   RW         1803    .bss                results_holder.o
    0x200035dc   0x00000054   Zero   RW         1818    .bss                start_manager.o
    0x20003630   0x00000198   Zero   RW         1832    .bss                storage_manager.o
    0x200037c8   0x00000010   Zero   RW         1849    .bss                inv_mpu_dmp_motion_driver.o
    0x200037d8   0x00000028   Zero   RW         1912    .bss                empl_outputs.o
    0x20003800   0x00000460   Zero   RW         1964    .bss                libmpllib.lib(compass_vec_cal.o)
    0x20003c60   0x000002a0   Zero   RW         2054    .bss                libmpllib.lib(fast_no_motion.o)
    0x20003f00   0x00000138   Zero   RW         2087    .bss                libmpllib.lib(fusion_9axis.o)
    0x20004038   0x000000b8   Zero   RW         2109    .bss                libmpllib.lib(mag_disturb.o)
    0x200040f0   0x0000006c   Zero   RW         2131    .bss                libmpllib.lib(quaternion_supervisor.o)
    0x2000415c   0x00000004   PAD
    0x20004160   0x000004b8   Zero   RW         2149    .bss                libmpllib.lib(accel_auto_cal.o)
    0x20004618   0x00002000   Zero   RW         1926    HEAP                arm_startup_nrf52840.o
    0x20006618   0x00002000   Zero   RW         1925    STACK               arm_startup_nrf52840.o


==============================================================================

Image component sizes


      Code (inc. data)   RO Data    RW Data    ZI Data      Debug   Object Name

       384         18          8         20         32       9312   app_button.o
       144          4          0          0         32       3931   app_error.o
        96         54          0          0          0      27389   app_error_weak.o
       316          0          0          0          0       5204   app_fifo.o
       262          0          0          0          0       3913   app_mpu.o
         0          0          0          0          0      20784   app_scheduler.o
      1592         42          0         20        268      39274   app_timer_1.o
       472         18         32         16         32      11648   app_uart_fifo.o
       224         14          0          4         12      36637   app_util_platform.o
        36          8        512          0      16384        952   arm_startup_nrf52840.o
         0          0          0          0          0        392   ble_advdata.o
      1552         20          0         16        672      11916   ble_db_discovery.o
       560         88         40          0          0      13704   ble_nus_c.o
       432         10          8          0          0      11041   boards.o
       968         52         44         16        108      12476   bsp.o
       248          6          0          8          0      43877   bsp_btn_ble.o
         0          0          0          0          0       1684   bsp_nfc.o
      2636         62         68          0        728      25692   data_builder.o
       928         48          0          0         40       5801   empl_outputs.o
      1468         38          0         20        196       8621   hal_outputs.o
     11416       1504        616         56          0      31824   inv_mpu.o
      2894        186       3062          0         16      16869   inv_mpu_dmp_motion_driver.o
      3384        926         65         24       2216     126037   main.o
        36          6          0          4          0       1818   message_layer.o
      3388        110       1024          0          0      17483   ml_math_func.o
       228         66         47          0          0       5282   mpl.o
       788         22        412          0          0      31912   nrf_ble_gatt.o
       796         18          0          0         20      17467   nrf_drv_clock.o
        68          0          0          0          0      29648   nrf_drv_common.o
      2228        162         75          0         88      28614   nrf_drv_gpiote.o
       196         24          0          0          0       1793   nrf_drv_inv_dmp.o
       912         92         24          2         16      13130   nrf_drv_mpu_twi.o
      1792         36         12          0         40      54794   nrf_drv_twi.o
      2588         28          0          0         32      30993   nrf_drv_uart.o
       884         40         32         12        256       6947   nrf_log_backend_serial.o
       568          4          0          0         28       8945   nrf_log_frontend.o
        72          4       1035          0          0       2273   nrf_strerror.o
       940         18          0          0        136      10059   results_holder.o
        32          0          0          4          0       3088   retarget.o
       868        186          0         20          0      38575   softdevice_handler.o
       152          6          0          0         84       2646   start_manager.o
       412          4          0          0        408       3838   storage_manager.o
       496         56          0          4          0       2679   system_nrf52840.o

    ----------------------------------------------------------------------
     47460       3980       7160        248      21844     780962   Object Totals
         0          0         32          0          0          0   (incl. Generated)
         4          0         12          2          0          0   (incl. Padding)

    ----------------------------------------------------------------------

      Code (inc. data)   RO Data    RW Data    ZI Data      Debug   Library Member Name

      3140        190          0          0       1208       9672   accel_auto_cal.o
      9456        298          0         16       1120      19892   compass_vec_cal.o
      2584         42          0          0        672      13744   fast_no_motion.o
      1712         72          0          0        312       5636   fusion_9axis.o
      1472         48          0          0        184       7614   mag_disturb.o
      2452        130          0          0        108       5637   quaternion_supervisor.o
       856        118         80          0          0        288   acos.o
       280         46          0          0          0        176   acosf.o
       300         42          0          0          0        176   asinf.o
       592         90          0          0          0        184   atan2f.o
       200         20          0          0          0        164   cos.o
       368         46         48          0          0        200   cos_i.o
       336         56          0          0          0        136   cosf.o
       132         36          0          0          0        496   dunder.o
        44          0          0          0          0        248   fabs.o
        48          0          0          0          0        124   fpclassify.o
        38          0          0          0          0        116   fpclassifyf.o
        44         12          0          0          0        464   funder.o
       964         92         56          0          0        316   log.o
       248          0          0          0          0        152   poly.o
         0          0          8          0          0          0   qnan.o
      1080        142        200          0          0        188   rred.o
       340         24         32          0          0        160   rredf.o
       304         24         40          0          0        208   sin_i.o
       400         56          0          0          0        212   sinf.o
       232          0          0          0          0        296   sqrt.o
       120          0          0          0          0        272   sqrtf.o
         8          4        133          0          0         68   ctype_o.o
         0          0          0          0          0          0   entry.o
         0          0          0          0          0          0   entry10a.o
         0          0          0          0          0          0   entry11a.o
         8          4          0          0          0          0   entry2.o
         4          0          0          0          0          0   entry5.o
         0          0          0          0          0          0   entry7b.o
         0          0          0          0          0          0   entry8b.o
         8          4          0          0          0          0   entry9a.o
        12          6          0          4          0         68   errno.o
        30          0          0          0          0          0   handlers.o
        36          8          0          0          0         68   init.o
         0          0          0          0          0          0   iusefp.o
        98          0          0          0          0         84   ldiv.o
        30          0          0          0          0         68   llshl.o
        36          0          0          0          0         68   llsshr.o
        32          0          0          0          0         68   llushr.o
       188         20          0          0          0        160   malloc.o
        26          0          0          0          0         80   memcmp.o
        64          0          0          0          0         76   memmovea.o
        36          0          0          0          0        108   memseta.o
         0          0          0          8          0          0   mvars.o
      2374        100          0          0          0        752   printfa.o
        14          0          0          0          0         68   strlen.o
        44          0          0          0          0         80   uidiv.o
        98          0          0          0          0         92   uldiv.o
        48          0          0          0          0         68   cdcmple.o
        48          0          0          0          0         68   cdrcmple.o
        56          0          0          0          0         88   d2f.o
       334          0          0          0          0        148   dadd.o
       222          0          0          0          0        100   ddiv.o
       186          0          0          0          0        176   depilogue.o
        62          0          0          0          0         80   dfixi.o
        48          0          0          0          0         68   dfixul.o
        34          0          0          0          0         76   dflti.o
        26          0          0          0          0         76   dfltui.o
       228          0          0          0          0         96   dmul.o
       162          0          0          0          0        100   dsqrt.o
        38          0          0          0          0         68   f2d.o
       110          0          0          0          0        168   fepilogue.o
        66          0          0          0          0         76   ffixl.o
        44          0          0          0          0         92   ffltl.o

    ----------------------------------------------------------------------
     32628       1734        600         28       3608      70227   Library Totals
        28          4          3          0          4          0   (incl. Padding)

    ----------------------------------------------------------------------

      Code (inc. data)   RO Data    RW Data    ZI Data      Debug   Library Name

     20816        780          0         16       3604      62195   libmpllib.lib
      6926        804        464          0          0       4576   m_wm.l
      3146        146        133         12          0       1908   mc_w.l
      1712          0          0          0          0       1548   mf_w.l

    ----------------------------------------------------------------------
     32628       1734        600         28       3608      70227   Library Totals

    ----------------------------------------------------------------------

==============================================================================


      Code (inc. data)   RO Data    RW Data    ZI Data      Debug   

     80088       5714       7760        276      25452     835021   Grand Totals
     80088       5714       7760        276      25452     835021   ELF Image Totals
     80088       5714       7760        276          0          0   ROM Totals

==============================================================================

    Total RO  Size (Code + RO Data)                87848 (  85.79kB)
    Total RW  Size (RW Data + ZI Data)             25728 (  25.13kB)
    Total ROM Size (Code + RO Data + RW Data)      88124 (  86.06kB)

==============================================================================

