Component: ARM Compiler 5.06 update 4 (build 422) Tool: armlink [4d35d2]

==============================================================================

Section Cross References

    main.o(i.assert_nrf_callback) refers to app_error.o(i.app_error_handler) for app_error_handler
    main.o(i.ble_app_uart_c_setup) refers to bsp.o(i.bsp_init) for bsp_init
    main.o(i.ble_app_uart_c_setup) refers to app_error.o(i.app_error_handler_bare) for app_error_handler_bare
    main.o(i.ble_app_uart_c_setup) refers to bsp_btn_ble.o(i.bsp_btn_ble_init) for bsp_btn_ble_init
    main.o(i.ble_app_uart_c_setup) refers to ble_db_discovery.o(i.ble_db_discovery_init) for ble_db_discovery_init
    main.o(i.ble_app_uart_c_setup) refers to main.o(i.ble_stack_init) for ble_stack_init
    main.o(i.ble_app_uart_c_setup) refers to main.o(i.gatt_init) for gatt_init
    main.o(i.ble_app_uart_c_setup) refers to ble_nus_c.o(i.ble_nus_c_init) for ble_nus_c_init
    main.o(i.ble_app_uart_c_setup) refers to nrf_log_frontend.o(i.nrf_log_frontend_std_0) for nrf_log_frontend_std_0
    main.o(i.ble_app_uart_c_setup) refers to main.o(i.scan_start) for scan_start
    main.o(i.ble_app_uart_c_setup) refers to main.o(i.bsp_event_handler) for bsp_event_handler
    main.o(i.ble_app_uart_c_setup) refers to main.o(i.db_disc_handler) for db_disc_handler
    main.o(i.ble_app_uart_c_setup) refers to main.o(i.ble_nus_c_evt_handler) for ble_nus_c_evt_handler
    main.o(i.ble_app_uart_c_setup) refers to main.o(.bss) for .bss
    main.o(i.ble_evt_dispatch) refers to main.o(i.on_ble_evt) for on_ble_evt
    main.o(i.ble_evt_dispatch) refers to bsp_btn_ble.o(i.bsp_btn_ble_on_ble_evt) for bsp_btn_ble_on_ble_evt
    main.o(i.ble_evt_dispatch) refers to nrf_ble_gatt.o(i.nrf_ble_gatt_on_ble_evt) for nrf_ble_gatt_on_ble_evt
    main.o(i.ble_evt_dispatch) refers to ble_db_discovery.o(i.ble_db_discovery_on_ble_evt) for ble_db_discovery_on_ble_evt
    main.o(i.ble_evt_dispatch) refers to ble_nus_c.o(i.ble_nus_c_on_ble_evt) for ble_nus_c_on_ble_evt
    main.o(i.ble_evt_dispatch) refers to main.o(.bss) for .bss
    main.o(i.ble_nus_c_evt_handler) refers to nrf_log_frontend.o(i.nrf_log_frontend_std_0) for nrf_log_frontend_std_0
    main.o(i.ble_nus_c_evt_handler) refers to main.o(i.scan_start) for scan_start
    main.o(i.ble_nus_c_evt_handler) refers to ble_nus_c.o(i.ble_nus_c_handles_assign) for ble_nus_c_handles_assign
    main.o(i.ble_nus_c_evt_handler) refers to app_error.o(i.app_error_handler_bare) for app_error_handler_bare
    main.o(i.ble_nus_c_evt_handler) refers to ble_nus_c.o(i.ble_nus_c_tx_notif_enable) for ble_nus_c_tx_notif_enable
    main.o(i.ble_nus_c_evt_handler) refers to printfa.o(i.__0printf) for __2printf
    main.o(i.ble_nus_c_evt_handler) refers to app_uart_fifo.o(i.app_uart_put) for app_uart_put
    main.o(i.ble_nus_c_evt_handler) refers to nrf_log_frontend.o(i.nrf_log_frontend_std_1) for nrf_log_frontend_std_1
    main.o(i.ble_stack_init) refers to softdevice_handler.o(i.softdevice_handler_init) for softdevice_handler_init
    main.o(i.ble_stack_init) refers to app_error.o(i.app_error_handler_bare) for app_error_handler_bare
    main.o(i.ble_stack_init) refers to softdevice_handler.o(i.softdevice_app_ram_start_get) for softdevice_app_ram_start_get
    main.o(i.ble_stack_init) refers to softdevice_handler.o(i.softdevice_enable) for softdevice_enable
    main.o(i.ble_stack_init) refers to softdevice_handler.o(i.softdevice_ble_evt_handler_set) for softdevice_ble_evt_handler_set
    main.o(i.ble_stack_init) refers to main.o(.constdata) for .constdata
    main.o(i.ble_stack_init) refers to main.o(.bss) for .bss
    main.o(i.ble_stack_init) refers to main.o(i.ble_evt_dispatch) for ble_evt_dispatch
    main.o(i.bsp_event_handler) refers to app_error.o(i.app_error_handler_bare) for app_error_handler_bare
    main.o(i.bsp_event_handler) refers to main.o(.bss) for .bss
    main.o(i.db_disc_handler) refers to ble_nus_c.o(i.ble_nus_c_on_db_disc_evt) for ble_nus_c_on_db_disc_evt
    main.o(i.db_disc_handler) refers to main.o(.bss) for .bss
    main.o(i.gatt_evt_handler) refers to nrf_log_frontend.o(i.nrf_log_frontend_std_0) for nrf_log_frontend_std_0
    main.o(i.gatt_evt_handler) refers to nrf_log_frontend.o(i.nrf_log_frontend_std_2) for nrf_log_frontend_std_2
    main.o(i.gatt_evt_handler) refers to main.o(.data) for .data
    main.o(i.gatt_init) refers to nrf_ble_gatt.o(i.nrf_ble_gatt_init) for nrf_ble_gatt_init
    main.o(i.gatt_init) refers to app_error.o(i.app_error_handler_bare) for app_error_handler_bare
    main.o(i.gatt_init) refers to nrf_ble_gatt.o(i.nrf_ble_gatt_att_mtu_central_set) for nrf_ble_gatt_att_mtu_central_set
    main.o(i.gatt_init) refers to main.o(i.gatt_evt_handler) for gatt_evt_handler
    main.o(i.gatt_init) refers to main.o(.bss) for .bss
    main.o(i.main) refers to nrf_drv_clock.o(i.nrf_drv_clock_init) for nrf_drv_clock_init
    main.o(i.main) refers to app_error.o(i.app_error_handler_bare) for app_error_handler_bare
[...]
    __mathlib_dbl_underflow                  0x00029831   Thumb Code    24  dunder.o(i.__mathlib_dbl_underflow)
    __mathlib_flt_infnan                     0x00029851   Thumb Code     6  funder.o(i.__mathlib_flt_infnan)
    __mathlib_flt_infnan2                    0x00029857   Thumb Code     6  funder.o(i.__mathlib_flt_infnan2)
    __mathlib_flt_invalid                    0x0002985d   Thumb Code    10  funder.o(i.__mathlib_flt_invalid)
    __mathlib_flt_underflow                  0x0002986d   Thumb Code    10  funder.o(i.__mathlib_flt_underflow)
    __mathlib_rredf2                         0x0002987d   Thumb Code   316  rredf.o(i.__mathlib_rredf2)
    __scatterload_copy                       0x00029a01   Thumb Code    14  handlers.o(i.__scatterload_copy)
    __scatterload_null                       0x00029a0f   Thumb Code     2  handlers.o(i.__scatterload_null)
    __scatterload_zeroinit                   0x00029a11   Thumb Code    14  handlers.o(i.__scatterload_zeroinit)
    __set_errno                              0x00029a45   Thumb Code     6  errno.o(i.__set_errno)
    app_button_enable                        0x0002a819   Thumb Code    32  app_button.o(i.app_button_enable)
    app_button_init                          0x0002a83d   Thumb Code    96  app_button.o(i.app_button_init)
    app_error_fault_handler                  0x0002a8ad   Thumb Code    42  app_error_weak.o(i.app_error_fault_handler)
    app_error_handler_bare                   0x0002a90d   Thumb Code    22  app_error.o(i.app_error_handler_bare)
    app_fifo_get                             0x0002a923   Thumb Code    22  app_fifo.o(i.app_fifo_get)
    app_fifo_init                            0x0002a939   Thumb Code    32  app_fifo.o(i.app_fifo_init)
    app_fifo_put                             0x0002a959   Thumb Code    26  app_fifo.o(i.app_fifo_put)
    app_timer_cnt_get                        0x0002a975   Thumb Code     6  app_timer_1.o(i.app_timer_cnt_get)
    app_timer_create                         0x0002a981   Thumb Code    32  app_timer_1.o(i.app_timer_create)
    app_timer_init                           0x0002a9a5   Thumb Code    70  app_timer_1.o(i.app_timer_init)
    app_timer_start                          0x0002a9f9   Thumb Code   128  app_timer_1.o(i.app_timer_start)
    app_timer_stop                           0x0002aa81   Thumb Code    26  app_timer_1.o(i.app_timer_stop)
    app_uart_init                            0x0002aaa1   Thumb Code   164  app_uart_fifo.o(i.app_uart_init)
    app_uart_put                             0x0002ab55   Thumb Code    52  app_uart_fifo.o(i.app_uart_put)
    app_util_critical_region_enter           0x0002ab91   Thumb Code    64  app_util_platform.o(i.app_util_critical_region_enter)
    app_util_critical_region_exit            0x0002abd9   Thumb Code    46  app_util_platform.o(i.app_util_critical_region_exit)
    ble_db_discovery_evt_register            0x0002ad45   Thumb Code    56  ble_db_discovery.o(i.ble_db_discovery_evt_register)
    ble_db_discovery_init                    0x0002ad85   Thumb Code    24  ble_db_discovery.o(i.ble_db_discovery_init)
    ble_db_discovery_on_ble_evt              0x0002ada1   Thumb Code    70  ble_db_discovery.o(i.ble_db_discovery_on_ble_evt)
    ble_db_discovery_start                   0x0002aded   Thumb Code    84  ble_db_discovery.o(i.ble_db_discovery_start)
    ble_nus_c_handles_assign                 0x0002afb5   Thumb Code    26  ble_nus_c.o(i.ble_nus_c_handles_assign)
    ble_nus_c_init                           0x0002afd1   Thumb Code    72  ble_nus_c.o(i.ble_nus_c_init)
    ble_nus_c_on_ble_evt                     0x0002b01d   Thumb Code   106  ble_nus_c.o(i.ble_nus_c_on_ble_evt)
    ble_nus_c_on_db_disc_evt                 0x0002b087   Thumb Code   128  ble_nus_c.o(i.ble_nus_c_on_db_disc_evt)
    ble_nus_c_string_send                    0x0002b109   Thumb Code    74  ble_nus_c.o(i.ble_nus_c_string_send)
    ble_nus_c_tx_notif_enable                0x0002b1ad   Thumb Code    66  ble_nus_c.o(i.ble_nus_c_tx_notif_enable)
    bsp_board_button_state_get               0x0002b2c5   Thumb Code    36  boards.o(i.bsp_board_button_state_get)
    bsp_board_led_invert                     0x0002b2ed   Thumb Code    40  boards.o(i.bsp_board_led_invert)
    bsp_board_led_off                        0x0002b319   Thumb Code    10  boards.o(i.bsp_board_led_off)
    bsp_board_led_on                         0x0002b329   Thumb Code    10  boards.o(i.bsp_board_led_on)
    bsp_board_led_state_get                  0x0002b339   Thumb Code    36  boards.o(i.bsp_board_led_state_get)
    bsp_board_leds_init                      0x0002b361   Thumb Code    38  boards.o(i.bsp_board_leds_init)
    bsp_board_leds_off                       0x0002b38d   Thumb Code    18  boards.o(i.bsp_board_leds_off)
    bsp_board_leds_on                        0x0002b39f   Thumb Code    18  boards.o(i.bsp_board_leds_on)
    bsp_board_pin_to_button_idx              0x0002b3b1   Thumb Code    30  boards.o(i.bsp_board_pin_to_button_idx)
    bsp_btn_ble_init                         0x0002b3d5   Thumb Code    52  bsp_btn_ble.o(i.bsp_btn_ble_init)
    bsp_btn_ble_on_ble_evt                   0x0002b40d   Thumb Code   106  bsp_btn_ble.o(i.bsp_btn_ble_on_ble_evt)
    bsp_button_is_pressed                    0x0002b50d   Thumb Code     4  bsp.o(i.bsp_button_is_pressed)
    bsp_event_handler                        0x0002b511   Thumb Code    26  main.o(i.bsp_event_handler)
    bsp_event_to_button_action_assign        0x0002b531   Thumb Code    64  bsp.o(i.bsp_event_to_button_action_assign)
    bsp_indication_set                       0x0002b575   Thumb Code    20  bsp.o(i.bsp_indication_set)
    bsp_init                                 0x0002b58d   Thumb Code   126  bsp.o(i.bsp_init)
    dmp_enable_6x_lp_quat                    0x0002bc99   Thumb Code    58  inv_mpu_dmp_motion_driver.o(i.dmp_enable_6x_lp_quat)
    dmp_enable_feature                       0x0002bcd5   Thumb Code   464  inv_mpu_dmp_motion_driver.o(i.dmp_enable_feature)
    dmp_enable_gyro_cal                      0x0002bead   Thumb Code    34  inv_mpu_dmp_motion_driver.o(i.dmp_enable_gyro_cal)
    dmp_enable_lp_quat                       0x0002bee9   Thumb Code    58  inv_mpu_dmp_motion_driver.o(i.dmp_enable_lp_quat)
    dmp_load_motion_driver_firmware          0x0002bf25   Thumb Code    16  inv_mpu_dmp_motion_driver.o(i.dmp_load_motion_driver_firmware)
    dmp_read_fifo                            0x0002bf39   Thumb Code   336  inv_mpu_dmp_motion_driver.o(i.dmp_read_fifo)
    dmp_register_android_orient_cb           0x0002c0b9   Thumb Code     8  inv_mpu_dmp_motion_driver.o(i.dmp_register_android_orient_cb)
    dmp_register_tap_cb                      0x0002c0c5   Thumb Code     8  inv_mpu_dmp_motion_driver.o(i.dmp_register_tap_cb)
    dmp_set_fifo_rate                        0x0002c0d1   Thumb Code    82  inv_mpu_dmp_motion_driver.o(i.dmp_set_fifo_rate)
    dmp_set_orientation                      0x0002c135   Thumb Code   246  inv_mpu_dmp_motion_driver.o(i.dmp_set_orientation)
    dmp_set_shake_reject_thresh              0x0002c241   Thumb Code    48  inv_mpu_dmp_motion_driver.o(i.dmp_set_shake_reject_thresh)
    dmp_set_shake_reject_time                0x0002c271   Thumb Code    32  inv_mpu_dmp_motion_driver.o(i.dmp_set_shake_reject_time)
    dmp_set_shake_reject_timeout             0x0002c291   Thumb Code    32  inv_mpu_dmp_motion_driver.o(i.dmp_set_shake_reject_timeout)
    dmp_set_tap_axes                         0x0002c2b1   Thumb Code    64  inv_mpu_dmp_motion_driver.o(i.dmp_set_tap_axes)
    dmp_set_tap_count                        0x0002c2f1   Thumb Code    34  inv_mpu_dmp_motion_driver.o(i.dmp_set_tap_count)
    dmp_set_tap_thresh                       0x0002c315   Thumb Code   314  inv_mpu_dmp_motion_driver.o(i.dmp_set_tap_thresh)
    dmp_set_tap_time                         0x0002c475   Thumb Code    32  inv_mpu_dmp_motion_driver.o(i.dmp_set_tap_time)
    dmp_set_tap_time_multi                   0x0002c495   Thumb Code    32  inv_mpu_dmp_motion_driver.o(i.dmp_set_tap_time_multi)
    fabs                                     0x0002c4f5   Thumb Code    24  fabs.o(i.fabs)
    fputc                                    0x0002c533   Thumb Code    14  retarget.o(i.fputc)
    free                                     0x0002c541   Thumb Code    76  malloc.o(i.free)
    gatt_evt_handler                         0x0002c591   Thumb Code    48  main.o(i.gatt_evt_handler)
    gatt_init                                0x0002c621   Thumb Code    38  main.o(i.gatt_init)
    i2c_write_porting                        0x0002cfe1   Thumb Code   100  nrf_drv_mpu_twi.o(i.i2c_write_porting)
    intern_softdevice_events_execute         0x0002d061   Thumb Code   114  softdevice_handler.o(i.intern_softdevice_events_execute)
    inv_apply_calibration                    0x0002d151   Thumb Code   106  data_builder.o(i.inv_apply_calibration)
    inv_build_accel                          0x0002d1bd   Thumb Code    96  data_builder.o(i.inv_build_accel)
    inv_build_gyro                           0x0002d225   Thumb Code    42  data_builder.o(i.inv_build_gyro)
    inv_build_quat                           0x0002d255   Thumb Code    40  data_builder.o(i.inv_build_quat)
    inv_compass_angle                        0x0002d281   Thumb Code   162  ml_math_func.o(i.inv_compass_angle)
    inv_convert_to_body_with_scale           0x0002d32d   Thumb Code    92  ml_math_func.o(i.inv_convert_to_body_with_scale)
    inv_enable_eMPL_outputs                  0x0002d3d9   Thumb Code    20  empl_outputs.o(i.inv_enable_eMPL_outputs)
    inv_enable_results_holder                0x0002d3f5   Thumb Code    22  results_holder.o(i.inv_enable_results_holder)
    inv_execute_mpl_start_notification       0x0002d411   Thumb Code    38  start_manager.o(i.inv_execute_mpl_start_notification)
    inv_execute_on_data                      0x0002d43d   Thumb Code   120  data_builder.o(i.inv_execute_on_data)
    inv_generate_results                     0x0002d561   Thumb Code    10  results_holder.o(i.inv_generate_results)
    inv_get_6axis_quaternion                 0x0002d571   Thumb Code    14  results_holder.o(i.inv_get_6axis_quaternion)
    inv_get_acc_state                        0x0002d585   Thumb Code     6  results_holder.o(i.inv_get_acc_state)
    inv_get_accel_accuracy                   0x0002d591   Thumb Code     6  data_builder.o(i.inv_get_accel_accuracy)
    inv_get_accel_on                         0x0002d59d   Thumb Code    12  data_builder.o(i.inv_get_accel_on)
    inv_get_accel_set                        0x0002d5ad   Thumb Code    34  data_builder.o(i.inv_get_accel_set)
    inv_get_compass_bias                     0x0002d5d5   Thumb Code    14  data_builder.o(i.inv_get_compass_bias)
    inv_get_compass_correction               0x0002d5e9   Thumb Code    20  results_holder.o(i.inv_get_compass_correction)
    inv_get_compass_on                       0x0002d601   Thumb Code    12  data_builder.o(i.inv_get_compass_on)
    inv_get_compass_state                    0x0002d611   Thumb Code     6  results_holder.o(i.inv_get_compass_state)
    inv_get_gravity                          0x0002d61d   Thumb Code    80  results_holder.o(i.inv_get_gravity)
    inv_get_gyro                             0x0002d671   Thumb Code    10  data_builder.o(i.inv_get_gyro)
    inv_get_gyro_accuracy                    0x0002d681   Thumb Code     6  data_builder.o(i.inv_get_gyro_accuracy)
    inv_get_gyro_bias                        0x0002d68d   Thumb Code    26  data_builder.o(i.inv_get_gyro_bias)
    inv_get_gyro_on                          0x0002d6b1   Thumb Code    10  data_builder.o(i.inv_get_gyro_on)
    inv_get_gyro_sum_of_sqr                  0x0002d6c1   Thumb Code    26  ml_math_func.o(i.inv_get_gyro_sum_of_sqr)
    inv_get_large_mag_field                  0x0002d6dd   Thumb Code     6  results_holder.o(i.inv_get_large_mag_field)
    inv_get_last_timestamp                   0x0002d6e9   Thumb Code    66  data_builder.o(i.inv_get_last_timestamp)
    inv_get_linear_accel                     0x0002d731   Thumb Code    58  results_holder.o(i.inv_get_linear_accel)
    inv_get_linear_accel_float               0x0002d76d   Thumb Code    64  results_holder.o(i.inv_get_linear_accel_float)
    inv_get_local_field                      0x0002d7b1   Thumb Code    10  results_holder.o(i.inv_get_local_field)
    inv_get_mag_accuracy                     0x0002d7c1   Thumb Code    20  data_builder.o(i.inv_get_mag_accuracy)
    inv_get_quaternion                       0x0002d7dd   Thumb Code    48  results_holder.o(i.inv_get_quaternion)
    inv_get_quaternion_set                   0x0002d811   Thumb Code    56  results_holder.o(i.inv_get_quaternion_set)
    inv_get_sensor_type_gravity              0x0002d849   Thumb Code    88  hal_outputs.o(i.inv_get_sensor_type_gravity)
    inv_get_sensor_type_linear_acceleration  0x0002d8a9   Thumb Code   106  hal_outputs.o(i.inv_get_sensor_type_linear_acceleration)
    inv_get_sensor_type_quat                 0x0002d919   Thumb Code    24  empl_outputs.o(i.inv_get_sensor_type_quat)
    inv_got_compass_bias                     0x0002d935   Thumb Code     6  results_holder.o(i.inv_got_compass_bias)
    inv_init_data_builder                    0x0002d941   Thumb Code    44  data_builder.o(i.inv_init_data_builder)
    inv_init_mpl                             0x0002d97d   Thumb Code    94  mpl.o(i.inv_init_mpl)
    inv_init_results_holder                  0x0002da05   Thumb Code    40  results_holder.o(i.inv_init_results_holder)
    inv_init_start_manager                   0x0002da35   Thumb Code    14  start_manager.o(i.inv_init_start_manager)
    inv_init_storage_manager                 0x0002da49   Thumb Code    20  storage_manager.o(i.inv_init_storage_manager)
    inv_orientation_matrix_to_scalar         0x0002da61   Thumb Code    34  ml_math_func.o(i.inv_orientation_matrix_to_scalar)
    inv_q29_mult                             0x0002da83   Thumb Code    12  ml_math_func.o(i.inv_q29_mult)
    inv_q30_mult                             0x0002da8f   Thumb Code    12  ml_math_func.o(i.inv_q30_mult)
    inv_q_add                                0x0002da9b   Thumb Code    36  ml_math_func.o(i.inv_q_add)
    inv_q_addf                               0x0002dabf   Thumb Code    66  ml_math_func.o(i.inv_q_addf)
    inv_q_invert                             0x0002db01   Thumb Code    24  ml_math_func.o(i.inv_q_invert)
    inv_q_invertf                            0x0002db19   Thumb Code    46  ml_math_func.o(i.inv_q_invertf)
    inv_q_mult                               0x0002db47   Thumb Code   176  ml_math_func.o(i.inv_q_mult)
    inv_q_multf                              0x0002dbf7   Thumb Code   210  ml_math_func.o(i.inv_q_multf)
    inv_q_norm4                              0x0002dcc9   Thumb Code   126  ml_math_func.o(i.inv_q_norm4)
    inv_q_normalizef                         0x0002dd4d   Thumb Code   170  ml_math_func.o(i.inv_q_normalizef)
    inv_q_rotate                             0x0002ddfd   Thumb Code    62  ml_math_func.o(i.inv_q_rotate)
    inv_quaternion_to_rotation               0x0002de3b   Thumb Code   218  ml_math_func.o(i.inv_quaternion_to_rotation)
    inv_register_data_cb                     0x0002df15   Thumb Code   150  data_builder.o(i.inv_register_data_cb)
    inv_register_load_store                  0x0002dfb9   Thumb Code   102  storage_manager.o(i.inv_register_load_store)
    inv_register_mpl_start_notification      0x0002e025   Thumb Code    28  start_manager.o(i.inv_register_mpl_start_notification)
    inv_reset_compass_soft_iron_matrix       0x0002e045   Thumb Code    70  data_builder.o(i.inv_reset_compass_soft_iron_matrix)
    inv_set_accel_accuracy                   0x0002e0e1   Thumb Code    22  data_builder.o(i.inv_set_accel_accuracy)
    inv_set_accel_bias                       0x0002e0fd   Thumb Code    68  data_builder.o(i.inv_set_accel_bias)
    inv_set_accel_bias_found                 0x0002e145   Thumb Code     6  results_holder.o(i.inv_set_accel_bias_found)
    inv_set_accel_bias_mask                  0x0002e151   Thumb Code    72  data_builder.o(i.inv_set_accel_bias_mask)
    inv_set_accel_orientation_and_scale      0x0002e1a1   Thumb Code     8  data_builder.o(i.inv_set_accel_orientation_and_scale)
    inv_set_accel_sample_rate                0x0002e1ad   Thumb Code    34  data_builder.o(i.inv_set_accel_sample_rate)
    inv_set_compass_bias                     0x0002e1d9   Thumb Code    68  data_builder.o(i.inv_set_compass_bias)
    inv_set_compass_bias_error               0x0002e221   Thumb Code    10  results_holder.o(i.inv_set_compass_bias_error)
    inv_set_compass_bias_found               0x0002e231   Thumb Code     6  results_holder.o(i.inv_set_compass_bias_found)
    inv_set_compass_correction               0x0002e23d   Thumb Code    28  results_holder.o(i.inv_set_compass_correction)
    inv_set_compass_disturbance              0x0002e25d   Thumb Code     8  data_builder.o(i.inv_set_compass_disturbance)
    inv_set_compass_orientation_and_scale    0x0002e269   Thumb Code    12  data_builder.o(i.inv_set_compass_orientation_and_scale)
    inv_set_compass_sample_rate              0x0002e279   Thumb Code    34  data_builder.o(i.inv_set_compass_sample_rate)
    inv_set_compass_state                    0x0002e2a5   Thumb Code     6  results_holder.o(i.inv_set_compass_state)
    inv_set_gyro_bias                        0x0002e331   Thumb Code    88  data_builder.o(i.inv_set_gyro_bias)
    inv_set_gyro_orientation_and_scale       0x0002e38d   Thumb Code     8  data_builder.o(i.inv_set_gyro_orientation_and_scale)
    inv_set_gyro_sample_rate                 0x0002e399   Thumb Code    30  data_builder.o(i.inv_set_gyro_sample_rate)
    inv_set_message                          0x0002e3c1   Thumb Code    16  message_layer.o(i.inv_set_message)
    inv_set_motion_state                     0x0002e3d5   Thumb Code    48  results_holder.o(i.inv_set_motion_state)
    inv_set_quat_sample_rate                 0x0002e409   Thumb Code    20  data_builder.o(i.inv_set_quat_sample_rate)
    inv_start_mpl                            0x0002e431   Thumb Code    34  mpl.o(i.inv_start_mpl)
    inv_start_results_holder                 0x0002e47d   Thumb Code    18  results_holder.o(i.inv_start_results_holder)
    inv_store_gaming_quaternion              0x0002e495   Thumb Code    28  results_holder.o(i.inv_store_gaming_quaternion)
    inv_unregister_data_cb                   0x0002e4b5   Thumb Code    72  data_builder.o(i.inv_unregister_data_cb)
    inv_unregister_mpl_start_notification    0x0002e501   Thumb Code    68  start_manager.o(i.inv_unregister_mpl_start_notification)
    main                                     0x0002e931   Thumb Code   782  main.o(i.main)
    malloc                                   0x0002ed81   Thumb Code    92  malloc.o(i.malloc)
    millis                                   0x0002eded   Thumb Code    30  nrf_drv_inv_dmp.o(i.millis)
    mpu_configure_fifo                       0x0002ee0d   Thumb Code    78  inv_mpu.o(i.mpu_configure_fifo)
    mpu_get_accel_fsr                        0x0002ee61   Thumb Code    54  inv_mpu.o(i.mpu_get_accel_fsr)
    mpu_get_accel_sens                       0x0002ee9d   Thumb Code    62  inv_mpu.o(i.mpu_get_accel_sens)
    mpu_get_compass_fsr                      0x0002eee1   Thumb Code    12  inv_mpu.o(i.mpu_get_compass_fsr)
    mpu_get_gyro_fsr                         0x0002eef1   Thumb Code    48  inv_mpu.o(i.mpu_get_gyro_fsr)
    mpu_get_gyro_sens                        0x0002ef25   Thumb Code    54  inv_mpu.o(i.mpu_get_gyro_sens)
    mpu_get_lpf                              0x0002ef71   Thumb Code    52  inv_mpu.o(i.mpu_get_lpf)
    mpu_get_sample_rate                      0x0002efa9   Thumb Code    22  inv_mpu.o(i.mpu_get_sample_rate)
    mpu_init                                 0x0002efc5   Thumb Code     4  app_mpu.o(i.mpu_init)
    mpu_init_inv                             0x0002efc9   Thumb Code   212  inv_mpu.o(i.mpu_init_inv)
    mpu_load_firmware                        0x0002f0a1   Thumb Code   178  inv_mpu.o(i.mpu_load_firmware)
    mpu_lp_accel_mode                        0x0002f159   Thumb Code   232  inv_mpu.o(i.mpu_lp_accel_mode)
    mpu_read_fifo_stream                     0x0002f245   Thumb Code   174  inv_mpu.o(i.mpu_read_fifo_stream)
    mpu_read_mem                             0x0002f319   Thumb Code    80  inv_mpu.o(i.mpu_read_mem)
    mpu_reset_fifo                           0x0002f36d   Thumb Code   346  inv_mpu.o(i.mpu_reset_fifo)
    mpu_run_6500_self_test                   0x0002f4cd   Thumb Code   368  inv_mpu.o(i.mpu_run_6500_self_test)
    mpu_set_accel_fsr                        0x0002f789   Thumb Code    98  inv_mpu.o(i.mpu_set_accel_fsr)
    mpu_set_bypass                           0x0002f7f1   Thumb Code   214  inv_mpu.o(i.mpu_set_bypass)
    mpu_set_compass_sample_rate              0x0002f8cd   Thumb Code    76  inv_mpu.o(i.mpu_set_compass_sample_rate)
    mpu_set_dmp_state                        0x0002f91d   Thumb Code   114  inv_mpu.o(i.mpu_set_dmp_state)
    mpu_set_gyro_fsr                         0x0002f995   Thumb Code   104  inv_mpu.o(i.mpu_set_gyro_fsr)
    mpu_set_int_latched                      0x0002fa01   Thumb Code    94  inv_mpu.o(i.mpu_set_int_latched)
    mpu_set_lpf                              0x0002fa65   Thumb Code   132  inv_mpu.o(i.mpu_set_lpf)
    mpu_set_sample_rate                      0x0002faed   Thumb Code   138  inv_mpu.o(i.mpu_set_sample_rate)
    mpu_set_sensors                          0x0002fb7d   Thumb Code   304  inv_mpu.o(i.mpu_set_sensors)
    mpu_twi_read_test                        0x0002fcb1   Thumb Code   116  nrf_drv_mpu_twi.o(i.mpu_twi_read_test)
    mpu_write_mem                            0x0002fd69   Thumb Code   102  inv_mpu.o(i.mpu_write_mem)
    nrf_ble_gatt_att_mtu_central_set         0x0002fde5   Thumb Code    24  nrf_ble_gatt.o(i.nrf_ble_gatt_att_mtu_central_set)
    nrf_ble_gatt_init                        0x0002fdfd   Thumb Code    44  nrf_ble_gatt.o(i.nrf_ble_gatt_init)
    nrf_ble_gatt_on_ble_evt                  0x0002fe29   Thumb Code   308  nrf_ble_gatt.o(i.nrf_ble_gatt_on_ble_evt)
    nrf_drv_clock_init                       0x000301c1   Thumb Code    64  nrf_drv_clock.o(i.nrf_drv_clock_init)
    nrf_drv_clock_lfclk_request              0x00030209   Thumb Code    96  nrf_drv_clock.o(i.nrf_drv_clock_lfclk_request)
    nrf_drv_clock_on_sd_enable               0x00030271   Thumb Code    44  nrf_drv_clock.o(i.nrf_drv_clock_on_sd_enable)
    nrf_drv_clock_on_soc_event               0x000302a1   Thumb Code    10  nrf_drv_clock.o(i.nrf_drv_clock_on_soc_event)
    nrf_drv_common_irq_enable                0x000302ab   Thumb Code    56  nrf_drv_common.o(i.nrf_drv_common_irq_enable)
    nrf_drv_gpiote_in_event_enable           0x000302e9   Thumb Code   144  nrf_drv_gpiote.o(i.nrf_drv_gpiote_in_event_enable)
    nrf_drv_gpiote_in_init                   0x00030381   Thumb Code   196  nrf_drv_gpiote.o(i.nrf_drv_gpiote_in_init)
    nrf_drv_gpiote_in_is_set                 0x00030481   Thumb Code    14  nrf_drv_gpiote.o(i.nrf_drv_gpiote_in_is_set)
    nrf_drv_gpiote_init                      0x00030491   Thumb Code   118  nrf_drv_gpiote.o(i.nrf_drv_gpiote_init)
    nrf_drv_gpiote_is_init                   0x00030571   Thumb Code    14  nrf_drv_gpiote.o(i.nrf_drv_gpiote_is_init)
    nrf_drv_mpu_init                         0x000305a5   Thumb Code    42  nrf_drv_mpu_twi.o(i.nrf_drv_mpu_init)
    nrf_drv_twi_enable                       0x00030601   Thumb Code    28  nrf_drv_twi.o(i.nrf_drv_twi_enable)
    nrf_drv_twi_init                         0x00030621   Thumb Code   134  nrf_drv_twi.o(i.nrf_drv_twi_init)
    nrf_drv_twi_rx                           0x000306ad   Thumb Code    32  nrf_drv_twi.o(i.nrf_drv_twi_rx)
    nrf_drv_twi_tx                           0x000306d1   Thumb Code    36  nrf_drv_twi.o(i.nrf_drv_twi_tx)
    nrf_drv_twi_xfer                         0x000306f5   Thumb Code    30  nrf_drv_twi.o(i.nrf_drv_twi_xfer)
    nrf_drv_uart_init                        0x00030719   Thumb Code    98  nrf_drv_uart.o(i.nrf_drv_uart_init)
    nrf_drv_uart_rx                          0x00030781   Thumb Code   170  nrf_drv_uart.o(i.nrf_drv_uart_rx)
    nrf_drv_uart_rx_enable                   0x00030831   Thumb Code    42  nrf_drv_uart.o(i.nrf_drv_uart_rx_enable)
    nrf_drv_uart_tx                          0x000309b9   Thumb Code   262  nrf_drv_uart.o(i.nrf_drv_uart_tx)
    nrf_drv_uart_tx_in_progress              0x00030ac5   Thumb Code    18  nrf_drv_uart.o(i.nrf_drv_uart_tx_in_progress)
    nrf_log_backend_hexdump_handler_get      0x00030d01   Thumb Code     4  nrf_log_backend_serial.o(i.nrf_log_backend_hexdump_handler_get)
    nrf_log_backend_init                     0x00030d09   Thumb Code    30  nrf_log_backend_serial.o(i.nrf_log_backend_init)
    nrf_log_backend_std_handler_get          0x00030f51   Thumb Code     4  nrf_log_backend_serial.o(i.nrf_log_backend_std_handler_get)
    nrf_log_frontend_std_0                   0x00030f71   Thumb Code     8  nrf_log_frontend.o(i.nrf_log_frontend_std_0)
    nrf_log_frontend_std_1                   0x00030f79   Thumb Code    14  nrf_log_frontend.o(i.nrf_log_frontend_std_1)
    nrf_log_frontend_std_2                   0x00030f87   Thumb Code    16  nrf_log_frontend.o(i.nrf_log_frontend_std_2)
    nrf_log_frontend_std_3                   0x00030f97   Thumb Code    18  nrf_log_frontend.o(i.nrf_log_frontend_std_3)
    nrf_log_frontend_std_4                   0x00030fa9   Thumb Code    20  nrf_log_frontend.o(i.nrf_log_frontend_std_4)
    nrf_log_frontend_std_6                   0x00030fbd   Thumb Code    28  nrf_log_frontend.o(i.nrf_log_frontend_std_6)
    nrf_log_handlers_set                     0x00030fd9   Thumb Code     8  nrf_log_frontend.o(i.nrf_log_handlers_set)
    nrf_log_init                             0x00030fe5   Thumb Code    34  nrf_log_frontend.o(i.nrf_log_init)
    nrf_log_push                             0x00031007   Thumb Code     2  nrf_log_frontend.o(i.nrf_log_push)
    nrf_strerror_find                        0x00031009   Thumb Code    52  nrf_strerror.o(i.nrf_strerror_find)
    nrf_strerror_get                         0x00031041   Thumb Code    14  nrf_strerror.o(i.nrf_strerror_get)
    softdevice_app_ram_start_get             0x00031e25   Thumb Code    14  softdevice_handler.o(i.softdevice_app_ram_start_get)
    softdevice_ble_evt_handler_set           0x00031e39   Thumb Code    14  softdevice_handler.o(i.softdevice_ble_evt_handler_set)
    softdevice_enable                        0x00031e4d   Thumb Code    70  softdevice_handler.o(i.softdevice_enable)
    softdevice_fault_handler                 0x00031f3d   Thumb Code     4  softdevice_handler.o(i.softdevice_fault_handler)
    softdevice_handler_init                  0x00031f41   Thumb Code    92  softdevice_handler.o(i.softdevice_handler_init)
    softdevice_handler_is_enabled            0x00031fa5   Thumb Code     6  softdevice_handler.o(i.softdevice_handler_is_enabled)
    sqrtf                                    0x00031fb1   Thumb Code    62  sqrtf.o(i.sqrtf)
    ml_ver                                   0x00032a5c   Data          20  mpl.o(.constdata)
    reg                                      0x00033681   Data          42  inv_mpu.o(.constdata)
    hw                                       0x000336ac   Data          14  inv_mpu.o(.constdata)
    test                                     0x000336bc   Data          48  inv_mpu.o(.constdata)
    __ctype_table                            0x00033928   Data         129  ctype_o.o(.constdata)
    __mathlib_zero                           0x000339e0   Data           8  qnan.o(.constdata)
    Region$$Table$$Base                      0x00033fd8   Number         0  anon$$obj.o(Region$$Table)
    Region$$Table$$Limit                     0x00033ff8   Number         0  anon$$obj.o(Region$$Table)
    Image$$RW_IRAM1$$Base                    0x20002198   Number         0  anon$$obj.o ABSOLUTE
    mpl_out_fre                              0x2000219c   Data           4  main.o(.data)
    mpl_key                                  0x200021b4   Data           4  main.o(.data)
    __stdout                                 0x2000221c   Data           4  retarget.o(.data)
    SystemCoreClock                          0x20002274   Data           4  system_nrf52840.o(.data)
    __microlib_freelist                      0x20002288   Data           4  mvars.o(.data)
    __microlib_freelist_initialised          0x2000228c   Data           4  mvars.o(.data)
    nrf_nvic_state                           0x20003048   Data          12  app_util_platform.o(.bss)
    _SEGGER_RTT                              0x20003280   Data         120  segger_rtt.o(.bss)
    cb                                       0x20003940   Data         232  compass_vec_cal.o(.bss)
    cb_test                                  0x20003a28   Data         232  compass_vec_cal.o(.bss)
    cb_sim                                   0x20003b10   Data         232  compass_vec_cal.o(.bss)
    vc                                       0x20003bf8   Data         424  compass_vec_cal.o(.bss)
    fnm                                      0x20003da0   Data         608  fast_no_motion.o(.bss)
    s9axis                                   0x20004040   Data         312  fusion_9axis.o(.bss)
    mag_disturb                              0x20004178   Data         184  mag_disturb.o(.bss)
    __heap_base                              0x20004758   Data           0  arm_startup_nrf52840.o(HEAP)
    __heap_limit                             0x20006758   Data           0  arm_startup_nrf52840.o(HEAP)
    __initial_sp                             0x20008758   Data           0  arm_startup_nrf52840.o(STACK)



==============================================================================

Memory Map of the image

  Image Entry point : 0x00022201

  Load Region LR_IROM1 (Base: 0x00022000, Size: 0x000120f4, Max: 0x000de000, ABSOLUTE)

    Execution Region ER_IROM1 (Base: 0x00022000, Size: 0x00011ff8, Max: 0x000de000, ABSOLUTE)

    Base Addr    Size         Type   Attr      Idx    E Section Name        Object

    0x00022000   0x00000200   Data   RO         5590    RESET               arm_startup_nrf52840.o
    0x00022200   0x00000000   Code   RO         6053  * .ARM.Collect$$$$00000000  mc_w.l(entry.o)
    0x00022200   0x00000004   Code   RO         6471    .ARM.Collect$$$$00000001  mc_w.l(entry2.o)
    0x00022204   0x00000004   Code   RO         6474    .ARM.Collect$$$$00000004  mc_w.l(entry5.o)
    0x00022208   0x00000000   Code   RO         6476    .ARM.Collect$$$$00000008  mc_w.l(entry7b.o)
    0x00022208   0x00000000   Code   RO         6478    .ARM.Collect$$$$0000000A  mc_w.l(entry8b.o)
    0x00022208   0x00000008   Code   RO         6479    .ARM.Collect$$$$0000000B  mc_w.l(entry9a.o)
    0x00022210   0x00000000   Code   RO         6481    .ARM.Collect$$$$0000000D  mc_w.l(entry10a.o)
    0x00022210   0x00000000   Code   RO         6483    .ARM.Collect$$$$0000000F  mc_w.l(entry11a.o)
    0x00022210   0x00000004   Code   RO         6472    .ARM.Collect$$$$00002712  mc_w.l(entry2.o)
    0x00022214   0x00000024   Code   RO         5591    .text               arm_startup_nrf52840.o
    0x00022238   0x000024f0   Code   RO         5631    .text               libmpllib.lib(compass_vec_cal.o)
    0x00024728   0x00000a18   Code   RO         5721    .text               libmpllib.lib(fast_no_motion.o)
    0x00025140   0x000006b0   Code   RO         5754    .text               libmpllib.lib(fusion_9axis.o)
    0x000257f0   0x000005c0   Code   RO         5776    .text               libmpllib.lib(mag_disturb.o)
    0x00025db0   0x00000994   Code   RO         5798    .text               libmpllib.lib(quaternion_supervisor.o)
    0x00026744   0x00000c44   Code   RO         5816    .text               libmpllib.lib(accel_auto_cal.o)
    0x00027388   0x00000062   Code   RO         6056    .text               mc_w.l(uldiv.o)
    0x000273ea   0x00000062   Code   RO         6058    .text               mc_w.l(ldiv.o)
    0x0002744c   0x0000001e   Code   RO         6060    .text               mc_w.l(llshl.o)
    0x0002746a   0x00000024   Code   RO         6062    .text               mc_w.l(llsshr.o)
    0x0002748e   0x00000002   PAD
    0x00027490   0x00000008   Code   RO         6064    .text               mc_w.l(ctype_o.o)
    0x00027498   0x00000040   Code   RO         6094    .text               mc_w.l(memmovea.o)
    0x000274d8   0x00000024   Code   RO         6096    .text               mc_w.l(memseta.o)
    0x000274fc   0x0000000e   Code   RO         6098    .text               mc_w.l(strlen.o)
    0x0002750a   0x0000001a   Code   RO         6100    .text               mc_w.l(memcmp.o)
    0x00027524   0x00000012   Code   RO         6102    .text               mc_w.l(strcpy.o)
    0x00027536   0x0000014e   Code   RO         6397    .text               mf_w.l(dadd.o)
    0x00027684   0x000000e4   Code   RO         6399    .text               mf_w.l(dmul.o)
    0x00027768   0x000000de   Code   RO         6401    .text               mf_w.l(ddiv.o)
    0x00027846   0x0000002c   Code   RO         6403    .text               mf_w.l(ffltl.o)
    0x00027872   0x00000022   Code   RO         6405    .text               mf_w.l(dflti.o)
    0x00027894   0x00000042   Code   RO         6407    .text               mf_w.l(ffixl.o)
    0x000278d6   0x0000003e   Code   RO         6409    .text               mf_w.l(dfixi.o)
    0x00027914   0x00000026   Code   RO         6411    .text               mf_w.l(f2d.o)
    0x0002793a   0x00000002   PAD
    0x0002793c   0x00000030   Code   RO         6413    .text               mf_w.l(cdcmple.o)
    0x0002796c   0x00000030   Code   RO         6415    .text               mf_w.l(cdrcmple.o)
    0x0002799c   0x00000038   Code   RO         6417    .text               mf_w.l(d2f.o)
    0x000279d4   0x0000002c   Code   RO         6485    .text               mc_w.l(uidiv.o)
    0x00027a00   0x00000020   Code   RO         6487    .text               mc_w.l(llushr.o)
    0x00027a20   0x00000000   Code   RO         6498    .text               mc_w.l(iusefp.o)
    0x00027a20   0x0000006e   Code   RO         6499    .text               mf_w.l(fepilogue.o)
    0x00027a8e   0x000000ba   Code   RO         6501    .text               mf_w.l(depilogue.o)
    0x00027b48   0x000000a2   Code   RO         6507    .text               mf_w.l(dsqrt.o)
    0x00027bea   0x00000030   Code   RO         6509    .text               mf_w.l(dfixul.o)
    0x00027c1a   0x00000002   PAD
    0x00027c1c   0x00000024   Code   RO         6511    .text               mc_w.l(init.o)
    0x00027c40   0x0000001a   Code   RO         6513    .text               mf_w.l(dfltui.o)
    0x00027c5a   0x00000002   PAD
    0x00027c5c   0x000001b8   Code   RO         2167    i.GPIOTE_IRQHandler  nrf_drv_gpiote.o
    0x00027e14   0x00000016   Code   RO         2771    i.NVIC_ClearPendingIRQ  app_timer_1.o
    0x00027e2a   0x00000016   Code   RO         3556    i.NVIC_DisableIRQ   softdevice_handler.o
    0x00027e40   0x00000016   Code   RO         2772    i.NVIC_EnableIRQ    app_timer_1.o
    0x00027e56   0x00000016   Code   RO         3557    i.NVIC_EnableIRQ    softdevice_handler.o
    0x00027e6c   0x00000016   Code   RO         2773    i.NVIC_SetPendingIRQ  app_timer_1.o
    0x00027e82   0x00000020   Code   RO         2774    i.NVIC_SetPriority  app_timer_1.o
    0x00027ea2   0x00000002   PAD
    0x00027ea4   0x00000058   Code   RO         1706    i.POWER_CLOCK_IRQHandler  nrf_drv_clock.o
    0x00027efc   0x00000024   Code   RO         2775    i.RTC1_IRQHandler   app_timer_1.o
    0x00027f20   0x00000014   Code   RO         3407    i.SEGGER_RTT_Init   segger_rtt.o
    0x00027f34   0x0000005c   Code   RO         3416    i.SEGGER_RTT_WriteNoLock  segger_rtt.o
    0x00027f90   0x00000010   Code   RO         1337    i.SPIM0_SPIS0_TWIM0_TWIS0_SPI0_TWI0_IRQHandler  nrf_drv_twi.o
    0x00027fa0   0x00000004   Code   RO         2776    i.SWI0_EGU0_IRQHandler  app_timer_1.o
    0x00027fa4   0x00000024   Code   RO         3558    i.SWI2_EGU2_IRQHandler  softdevice_handler.o
    0x00027fc8   0x000001e8   Code   RO         5599    i.SystemInit        system_nrf52840.o
    0x000281b0   0x0000001c   Code   RO         1926    i.UARTE0_UART0_IRQHandler  nrf_drv_uart.o
    0x000281cc   0x00000068   Code   RO         3419    i._DoInit           segger_rtt.o
    0x00028234   0x00000016   Code   RO         3420    i._GetAvailWriteSpace  segger_rtt.o
    0x0002824a   0x00000002   PAD
    0x0002824c   0x000000a4   Code   RO         1657    i._MLPrintLog       nrf_drv_inv_dmp.o
    0x000282f0   0x0000005a   Code   RO         3422    i._WriteBlocking    segger_rtt.o
    0x0002834a   0x0000003e   Code   RO         3423    i._WriteNoCheck     segger_rtt.o
    0x00028388   0x00000020   Code   RO         6341    i.__0printf         mc_w.l(printfa.o)
    0x000283a8   0x00000030   Code   RO         6342    i.__0snprintf       mc_w.l(printfa.o)
    0x000283d8   0x00000024   Code   RO         6347    i.__0vsprintf       mc_w.l(printfa.o)
    0x000283fc   0x00000030   Code   RO         6436    i.__ARM_fpclassify  m_wm.l(fpclassify.o)
    0x0002842c   0x00000026   Code   RO         6438    i.__ARM_fpclassifyf  m_wm.l(fpclassifyf.o)
    0x00028452   0x00000002   PAD
    0x00028454   0x00000118   Code   RO         5859    i.__hardfp_acosf    m_wm.l(acosf.o)
    0x0002856c   0x00000250   Code   RO         5923    i.__hardfp_atan2f   m_wm.l(atan2f.o)
    0x000287bc   0x00000004   PAD
    0x000287c0   0x000000c8   Code   RO         5941    i.__hardfp_cos      m_wm.l(cos.o)
    0x00028888   0x00000150   Code   RO         5953    i.__hardfp_cosf     m_wm.l(cosf.o)
    0x000289d8   0x00000014   Code   RO         5965    i.__hardfp_fabs     m_wm.l(fabs.o)
    0x000289ec   0x00000004   PAD
    0x000289f0   0x000003c4   Code   RO         5977    i.__hardfp_log      m_wm.l(log.o)
    0x00028db4   0x00000190   Code   RO         6017    i.__hardfp_sinf     m_wm.l(sinf.o)
    0x00028f44   0x0000007a   Code   RO         6029    i.__hardfp_sqrt     m_wm.l(sqrt.o)
    0x00028fbe   0x0000003a   Code   RO         6041    i.__hardfp_sqrtf    m_wm.l(sqrtf.o)
    0x00028ff8   0x00000438   Code   RO         6457    i.__ieee754_rem_pio2  m_wm.l(rred.o)
    0x00029430   0x00000170   Code   RO         6419    i.__kernel_cos      m_wm.l(cos_i.o)
    0x000295a0   0x000000f8   Code   RO         6454    i.__kernel_poly     m_wm.l(poly.o)
    0x00029698   0x00000130   Code   RO         6465    i.__kernel_sin      m_wm.l(sin_i.o)
    0x000297c8   0x00000030   Code   RO         6422    i.__mathlib_dbl_divzero  m_wm.l(dunder.o)
    0x000297f8   0x00000014   Code   RO         6423    i.__mathlib_dbl_infnan  m_wm.l(dunder.o)
    0x0002980c   0x00000004   PAD
    0x00029810   0x00000020   Code   RO         6425    i.__mathlib_dbl_invalid  m_wm.l(dunder.o)
    0x00029830   0x00000020   Code   RO         6428    i.__mathlib_dbl_underflow  m_wm.l(dunder.o)
    0x00029850   0x00000006   Code   RO         6441    i.__mathlib_flt_infnan  m_wm.l(funder.o)
    0x00029856   0x00000006   Code   RO         6442    i.__mathlib_flt_infnan2  m_wm.l(funder.o)
    0x0002985c   0x00000010   Code   RO         6443    i.__mathlib_flt_invalid  m_wm.l(funder.o)
    0x0002986c   0x00000010   Code   RO         6446    i.__mathlib_flt_underflow  m_wm.l(funder.o)
    0x0002987c   0x00000154   Code   RO         6462    i.__mathlib_rredf2  m_wm.l(rredf.o)
    0x000299d0   0x00000030   Code   RO         4641    i.__print_result_location  mpl.o
    0x00029a00   0x0000000e   Code   RO         6517    i.__scatterload_copy  mc_w.l(handlers.o)
    0x00029a0e   0x00000002   Code   RO         6518    i.__scatterload_null  mc_w.l(handlers.o)
    0x00029a10   0x0000000e   Code   RO         6519    i.__scatterload_zeroinit  mc_w.l(handlers.o)
    0x00029a1e   0x00000002   PAD
    0x00029a20   0x00000024   Code   RO         3559    i.__sd_nvic_app_accessible_irq  softdevice_handler.o
    0x00029a44   0x0000000c   Code   RO         6493    i.__set_errno       mc_w.l(errno.o)
    0x00029a50   0x00000184   Code   RO         6348    i._fp_digits        mc_w.l(printfa.o)
    0x00029bd4   0x000006dc   Code   RO         6349    i._printf_core      mc_w.l(printfa.o)
    0x0002a2b0   0x00000024   Code   RO         6350    i._printf_post_padding  mc_w.l(printfa.o)
    0x0002a2d4   0x0000002e   Code   RO         6351    i._printf_pre_padding  mc_w.l(printfa.o)
    0x0002a302   0x00000016   Code   RO         6352    i._snputc           mc_w.l(printfa.o)
    0x0002a318   0x0000000a   Code   RO         6353    i._sputc            mc_w.l(printfa.o)
    0x0002a322   0x00000002   PAD
    0x0002a324   0x000004b4   Code   RO         5174    i.accel_6500_self_test  inv_mpu.o
    0x0002a7d8   0x00000036   Code   RO          722    i.advertising_buttons_configure  bsp_btn_ble.o
    0x0002a80e   0x00000006   Code   RO          595    i.alert_timer_handler  bsp.o
    0x0002a814   0x00000002   Code   RO            4    i.android_orient_cb  main.o
    0x0002a816   0x00000002   PAD
    0x0002a818   0x00000024   Code   RO         2515    i.app_button_enable  app_button.o
    0x0002a83c   0x00000070   Code   RO         2516    i.app_button_init   app_button.o
    0x0002a8ac   0x00000060   Code   RO         2619    i.app_error_fault_handler  app_error_weak.o
    0x0002a90c   0x00000016   Code   RO         2580    i.app_error_handler_bare  app_error.o
    0x0002a922   0x00000016   Code   RO         2648    i.app_fifo_get      app_fifo.o
    0x0002a938   0x00000020   Code   RO         2649    i.app_fifo_init     app_fifo.o
    0x0002a958   0x0000001a   Code   RO         2651    i.app_fifo_put      app_fifo.o
    0x0002a972   0x00000002   PAD
    0x0002a974   0x0000000c   Code   RO         2778    i.app_timer_cnt_get  app_timer_1.o
    0x0002a980   0x00000024   Code   RO         2779    i.app_timer_create  app_timer_1.o
    0x0002a9a4   0x00000054   Code   RO         2780    i.app_timer_init    app_timer_1.o
    0x0002a9f8   0x00000088   Code   RO         2783    i.app_timer_start   app_timer_1.o
    0x0002aa80   0x00000020   Code   RO         2784    i.app_timer_stop    app_timer_1.o
    0x0002aaa0   0x000000b4   Code   RO         2940    i.app_uart_init     app_uart_fifo.o
    0x0002ab54   0x0000003c   Code   RO         2941    i.app_uart_put      app_uart_fifo.o
    0x0002ab90   0x00000048   Code   RO         3006    i.app_util_critical_region_enter  app_util_platform.o
    0x0002abd8   0x00000034   Code   RO         3007    i.app_util_critical_region_exit  app_util_platform.o
    0x0002ac0c   0x000000a8   Code   RO         1927    i.apply_config      nrf_drv_uart.o
    0x0002acb4   0x00000090   Code   RO            6    i.ble_app_uart_c_setup  main.o
    0x0002ad44   0x00000040   Code   RO         1006    i.ble_db_discovery_evt_register  ble_db_discovery.o
    0x0002ad84   0x0000001c   Code   RO         1007    i.ble_db_discovery_init  ble_db_discovery.o
    0x0002ada0   0x0000004c   Code   RO         1008    i.ble_db_discovery_on_ble_evt  ble_db_discovery.o
    0x0002adec   0x0000005c   Code   RO         1009    i.ble_db_discovery_start  ble_db_discovery.o
    0x0002ae48   0x00000034   Code   RO            7    i.ble_evt_dispatch  main.o
    0x0002ae7c   0x00000138   Code   RO            8    i.ble_nus_c_evt_handler  main.o
    0x0002afb4   0x0000001a   Code   RO         1270    i.ble_nus_c_handles_assign  ble_nus_c.o
    0x0002afce   0x00000002   PAD
    0x0002afd0   0x0000004c   Code   RO         1271    i.ble_nus_c_init    ble_nus_c.o
    0x0002b01c   0x0000006a   Code   RO         1272    i.ble_nus_c_on_ble_evt  ble_nus_c.o
    0x0002b086   0x00000080   Code   RO         1273    i.ble_nus_c_on_db_disc_evt  ble_nus_c.o
    0x0002b106   0x00000002   PAD
    0x0002b108   0x000000a4   Code   RO         1274    i.ble_nus_c_string_send  ble_nus_c.o
    0x0002b1ac   0x00000048   Code   RO         1275    i.ble_nus_c_tx_notif_enable  ble_nus_c.o
    0x0002b1f4   0x000000d0   Code   RO            9    i.ble_stack_init    main.o
    0x0002b2c4   0x00000028   Code   RO          467    i.bsp_board_button_state_get  boards.o
    0x0002b2ec   0x0000002c   Code   RO          470    i.bsp_board_led_invert  boards.o
    0x0002b318   0x00000010   Code   RO          471    i.bsp_board_led_off  boards.o
    0x0002b328   0x00000010   Code   RO          472    i.bsp_board_led_on  boards.o
    0x0002b338   0x00000028   Code   RO          473    i.bsp_board_led_state_get  boards.o
    0x0002b360   0x0000002c   Code   RO          474    i.bsp_board_leds_init  boards.o
    0x0002b38c   0x00000012   Code   RO          475    i.bsp_board_leds_off  boards.o
    0x0002b39e   0x00000012   Code   RO          476    i.bsp_board_leds_on  boards.o
    0x0002b3b0   0x00000024   Code   RO          477    i.bsp_board_pin_to_button_idx  boards.o
    0x0002b3d4   0x00000038   Code   RO          723    i.bsp_btn_ble_init  bsp_btn_ble.o
    0x0002b40c   0x00000070   Code   RO          724    i.bsp_btn_ble_on_ble_evt  bsp_btn_ble.o
    0x0002b47c   0x00000090   Code   RO          596    i.bsp_button_event_handler  bsp.o
    0x0002b50c   0x00000004   Code   RO          597    i.bsp_button_is_pressed  bsp.o
    0x0002b510   0x00000020   Code   RO           10    i.bsp_event_handler  main.o
    0x0002b530   0x00000044   Code   RO          600    i.bsp_event_to_button_action_assign  bsp.o
    0x0002b574   0x00000018   Code   RO          601    i.bsp_indication_set  bsp.o
    0x0002b58c   0x00000094   Code   RO          602    i.bsp_init          bsp.o
    0x0002b620   0x000001b8   Code   RO          603    i.bsp_led_indication  bsp.o
    0x0002b7d8   0x00000012   Code   RO         3190    i.buf_len_update    nrf_log_backend_serial.o
    0x0002b7ea   0x00000008   Code   RO          606    i.button_timer_handler  bsp.o
    0x0002b7f2   0x00000014   Code   RO           11    i.bytes_to_float    main.o
    0x0002b806   0x0000000e   Code   RO           12    i.bytes_to_long     main.o
    0x0002b814   0x0000001c   Code   RO         2168    i.channel_free      nrf_drv_gpiote.o
    0x0002b830   0x00000048   Code   RO         2169    i.channel_port_alloc  nrf_drv_gpiote.o
    0x0002b878   0x00000010   Code   RO         2170    i.channel_port_get  nrf_drv_gpiote.o
    0x0002b888   0x00000042   Code   RO         1010    i.characteristics_discover  ble_db_discovery.o
    0x0002b8ca   0x00000002   PAD
    0x0002b8cc   0x00000028   Code   RO         1707    i.clock_clk_started_notify  nrf_drv_clock.o
    0x0002b8f4   0x000000ac   Code   RO         2786    i.compare_reg_update  app_timer_1.o
    0x0002b9a0   0x00000118   Code   RO         5175    i.compass_self_test  inv_mpu.o
    0x0002bab8   0x0000000c   Code   RO           13    i.db_disc_handler   main.o
    0x0002bac4   0x0000008c   Code   RO         1011    i.descriptors_discover  ble_db_discovery.o
    0x0002bb50   0x00000060   Code   RO         2518    i.detection_delay_timeout_handler  app_button.o
    0x0002bbb0   0x000000b4   Code   RO         1012    i.discovery_complete_evt_trigger  ble_db_discovery.o
    0x0002bc64   0x00000034   Code   RO         1013    i.discovery_error_evt_trigger  ble_db_discovery.o
    0x0002bc98   0x0000003a   Code   RO         4984    i.dmp_enable_6x_lp_quat  inv_mpu_dmp_motion_driver.o
    0x0002bcd2   0x00000002   PAD
    0x0002bcd4   0x000001d8   Code   RO         4985    i.dmp_enable_feature  inv_mpu_dmp_motion_driver.o
    0x0002beac   0x0000003c   Code   RO         4986    i.dmp_enable_gyro_cal  inv_mpu_dmp_motion_driver.o
    0x0002bee8   0x0000003a   Code   RO         4987    i.dmp_enable_lp_quat  inv_mpu_dmp_motion_driver.o
    0x0002bf22   0x00000002   PAD
    0x0002bf24   0x00000014   Code   RO         4992    i.dmp_load_motion_driver_firmware  inv_mpu_dmp_motion_driver.o
    0x0002bf38   0x00000180   Code   RO         4993    i.dmp_read_fifo     inv_mpu_dmp_motion_driver.o
    0x0002c0b8   0x0000000c   Code   RO         4994    i.dmp_register_android_orient_cb  inv_mpu_dmp_motion_driver.o
    0x0002c0c4   0x0000000c   Code   RO         4995    i.dmp_register_tap_cb  inv_mpu_dmp_motion_driver.o
    0x0002c0d0   0x00000064   Code   RO         4997    i.dmp_set_fifo_rate  inv_mpu_dmp_motion_driver.o
    0x0002c134   0x0000010c   Code   RO         5000    i.dmp_set_orientation  inv_mpu_dmp_motion_driver.o
    0x0002c240   0x00000030   Code   RO         5003    i.dmp_set_shake_reject_thresh  inv_mpu_dmp_motion_driver.o
    0x0002c270   0x00000020   Code   RO         5004    i.dmp_set_shake_reject_time  inv_mpu_dmp_motion_driver.o
    0x0002c290   0x00000020   Code   RO         5005    i.dmp_set_shake_reject_timeout  inv_mpu_dmp_motion_driver.o
    0x0002c2b0   0x00000040   Code   RO         5006    i.dmp_set_tap_axes  inv_mpu_dmp_motion_driver.o
    0x0002c2f0   0x00000022   Code   RO         5007    i.dmp_set_tap_count  inv_mpu_dmp_motion_driver.o
    0x0002c312   0x00000002   PAD
    0x0002c314   0x00000160   Code   RO         5008    i.dmp_set_tap_thresh  inv_mpu_dmp_motion_driver.o
    0x0002c474   0x00000020   Code   RO         5009    i.dmp_set_tap_time  inv_mpu_dmp_motion_driver.o
    0x0002c494   0x00000020   Code   RO         5010    i.dmp_set_tap_time_multi  inv_mpu_dmp_motion_driver.o
    0x0002c4b4   0x00000040   Code   RO         2787    i.elapsed_ticks_acquire  app_timer_1.o
    0x0002c4f4   0x00000018   Code   RO         5967    i.fabs              m_wm.l(fabs.o)
    0x0002c50c   0x00000014   Code   RO         2654    i.fifo_get          app_fifo.o
    0x0002c520   0x00000012   Code   RO         2655    i.fifo_put          app_fifo.o
    0x0002c532   0x0000000e   Code   RO         3135    i.fputc             retarget.o
    0x0002c540   0x00000050   Code   RO         6369    i.free              mc_w.l(malloc.o)
    0x0002c590   0x00000090   Code   RO           14    i.gatt_evt_handler  main.o
    0x0002c620   0x00000030   Code   RO           15    i.gatt_init         main.o
    0x0002c650   0x000004c8   Code   RO         5176    i.get_st_6500_biases  inv_mpu.o
    0x0002cb18   0x00000058   Code   RO         2519    i.gpiote_event_handler  app_button.o
    0x0002cb70   0x00000470   Code   RO         5178    i.gyro_6500_self_test  inv_mpu.o
    0x0002cfe0   0x00000080   Code   RO         1514    i.i2c_write_porting  nrf_drv_mpu_twi.o
    0x0002d060   0x00000078   Code   RO         3560    i.intern_softdevice_events_execute  softdevice_handler.o
    0x0002d0d8   0x00000078   Code   RO         1928    i.interrupts_enable  nrf_drv_uart.o
    0x0002d150   0x0000006a   Code   RO         3696    i.inv_apply_calibration  data_builder.o
    0x0002d1ba   0x00000002   PAD
    0x0002d1bc   0x00000068   Code   RO         3697    i.inv_build_accel   data_builder.o
    0x0002d224   0x00000030   Code   RO         3699    i.inv_build_gyro    data_builder.o
    0x0002d254   0x0000002c   Code   RO         3700    i.inv_build_quat    data_builder.o
    0x0002d280   0x000000ac   Code   RO         4288    i.inv_compass_angle  ml_math_func.o
    0x0002d32c   0x0000005c   Code   RO         4290    i.inv_convert_to_body_with_scale  ml_math_func.o
    0x0002d388   0x0000003c   Code   RO         3703    i.inv_db_load_func  data_builder.o
    0x0002d3c4   0x00000014   Code   RO         3704    i.inv_db_save_func  data_builder.o
    0x0002d3d8   0x0000001c   Code   RO         5517    i.inv_enable_eMPL_outputs  empl_outputs.o
    0x0002d3f4   0x0000001c   Code   RO         4676    i.inv_enable_results_holder  results_holder.o
    0x0002d410   0x0000002c   Code   RO         4911    i.inv_execute_mpl_start_notification  start_manager.o
    0x0002d43c   0x00000080   Code   RO         3707    i.inv_execute_on_data  data_builder.o
    0x0002d4bc   0x000000a4   Code   RO         5518    i.inv_generate_eMPL_outputs  empl_outputs.o
    0x0002d560   0x00000010   Code   RO         4677    i.inv_generate_results  results_holder.o
    0x0002d570   0x00000014   Code   RO         4678    i.inv_get_6axis_quaternion  results_holder.o
    0x0002d584   0x0000000c   Code   RO         4679    i.inv_get_acc_state  results_holder.o
    0x0002d590   0x0000000c   Code   RO         3708    i.inv_get_accel_accuracy  data_builder.o
    0x0002d59c   0x00000010   Code   RO         3710    i.inv_get_accel_on  data_builder.o
    0x0002d5ac   0x00000028   Code   RO         3714    i.inv_get_accel_set  data_builder.o
    0x0002d5d4   0x00000014   Code   RO         3715    i.inv_get_compass_bias  data_builder.o
    0x0002d5e8   0x00000018   Code   RO         4683    i.inv_get_compass_correction  results_holder.o
    0x0002d600   0x00000010   Code   RO         3717    i.inv_get_compass_on  data_builder.o
    0x0002d610   0x0000000c   Code   RO         4684    i.inv_get_compass_state  results_holder.o
    0x0002d61c   0x00000054   Code   RO         4685    i.inv_get_gravity   results_holder.o
    0x0002d670   0x00000010   Code   RO         3725    i.inv_get_gyro      data_builder.o
    0x0002d680   0x0000000c   Code   RO         3726    i.inv_get_gyro_accuracy  data_builder.o
    0x0002d68c   0x00000024   Code   RO         3727    i.inv_get_gyro_bias  data_builder.o
    0x0002d6b0   0x00000010   Code   RO         3729    i.inv_get_gyro_on   data_builder.o
    0x0002d6c0   0x0000001a   Code   RO         4294    i.inv_get_gyro_sum_of_sqr  ml_math_func.o
    0x0002d6da   0x00000002   PAD
    0x0002d6dc   0x0000000c   Code   RO         4688    i.inv_get_large_mag_field  results_holder.o
    0x0002d6e8   0x00000048   Code   RO         3735    i.inv_get_last_timestamp  data_builder.o
    0x0002d730   0x0000003a   Code   RO         4689    i.inv_get_linear_accel  results_holder.o
    0x0002d76a   0x00000002   PAD
    0x0002d76c   0x00000044   Code   RO         4690    i.inv_get_linear_accel_float  results_holder.o
    0x0002d7b0   0x00000010   Code   RO         4691    i.inv_get_local_field  results_holder.o
    0x0002d7c0   0x0000001c   Code   RO         3736    i.inv_get_mag_accuracy  data_builder.o
    0x0002d7dc   0x00000034   Code   RO         4694    i.inv_get_quaternion  results_holder.o
    0x0002d810   0x00000038   Code   RO         4696    i.inv_get_quaternion_set  results_holder.o
    0x0002d848   0x00000060   Code   RO         4158    i.inv_get_sensor_type_gravity  hal_outputs.o
    0x0002d8a8   0x00000070   Code   RO         4161    i.inv_get_sensor_type_linear_acceleration  hal_outputs.o
    0x0002d918   0x0000001c   Code   RO         5524    i.inv_get_sensor_type_quat  empl_outputs.o
    0x0002d934   0x0000000c   Code   RO         4698    i.inv_got_compass_bias  results_holder.o
    0x0002d940   0x0000003c   Code   RO         3739    i.inv_init_data_builder  data_builder.o
    0x0002d97c   0x00000088   Code   RO         4643    i.inv_init_mpl      mpl.o
    0x0002da04   0x00000030   Code   RO         4699    i.inv_init_results_holder  results_holder.o
    0x0002da34   0x00000014   Code   RO         4912    i.inv_init_start_manager  start_manager.o
    0x0002da48   0x00000018   Code   RO         4944    i.inv_init_storage_manager  storage_manager.o
    0x0002da60   0x00000022   Code   RO         4303    i.inv_orientation_matrix_to_scalar  ml_math_func.o
    0x0002da82   0x0000000c   Code   RO         4304    i.inv_q29_mult      ml_math_func.o
    0x0002da8e   0x0000000c   Code   RO         4306    i.inv_q30_mult      ml_math_func.o
    0x0002da9a   0x00000024   Code   RO         4308    i.inv_q_add         ml_math_func.o
    0x0002dabe   0x00000042   Code   RO         4309    i.inv_q_addf        ml_math_func.o
    0x0002db00   0x00000018   Code   RO         4310    i.inv_q_invert      ml_math_func.o
    0x0002db18   0x0000002e   Code   RO         4311    i.inv_q_invertf     ml_math_func.o
    0x0002db46   0x000000b0   Code   RO         4312    i.inv_q_mult        ml_math_func.o
    0x0002dbf6   0x000000d2   Code   RO         4313    i.inv_q_multf       ml_math_func.o
    0x0002dcc8   0x00000084   Code   RO         4314    i.inv_q_norm4       ml_math_func.o
    0x0002dd4c   0x000000b0   Code   RO         4316    i.inv_q_normalizef  ml_math_func.o
    0x0002ddfc   0x0000003e   Code   RO         4317    i.inv_q_rotate      ml_math_func.o
    0x0002de3a   0x000000da   Code   RO         4319    i.inv_quaternion_to_rotation  ml_math_func.o
    0x0002df14   0x000000a4   Code   RO         3742    i.inv_register_data_cb  data_builder.o
    0x0002dfb8   0x0000006c   Code   RO         4946    i.inv_register_load_store  storage_manager.o
    0x0002e024   0x00000020   Code   RO         4913    i.inv_register_mpl_start_notification  start_manager.o
    0x0002e044   0x00000054   Code   RO         3743    i.inv_reset_compass_soft_iron_matrix  data_builder.o
    0x0002e098   0x00000048   Code   RO         4321    i.inv_row_2_scale   ml_math_func.o
    0x0002e0e0   0x0000001c   Code   RO         3744    i.inv_set_accel_accuracy  data_builder.o
    0x0002e0fc   0x00000048   Code   RO         3746    i.inv_set_accel_bias  data_builder.o
    0x0002e144   0x0000000c   Code   RO         4702    i.inv_set_accel_bias_found  results_holder.o
    0x0002e150   0x00000050   Code   RO         3747    i.inv_set_accel_bias_mask  data_builder.o
    0x0002e1a0   0x0000000c   Code   RO         3748    i.inv_set_accel_orientation_and_scale  data_builder.o
    0x0002e1ac   0x0000002c   Code   RO         3749    i.inv_set_accel_sample_rate  data_builder.o
    0x0002e1d8   0x00000048   Code   RO         3751    i.inv_set_compass_bias  data_builder.o
    0x0002e220   0x00000010   Code   RO         4703    i.inv_set_compass_bias_error  results_holder.o
    0x0002e230   0x0000000c   Code   RO         4704    i.inv_set_compass_bias_found  results_holder.o
    0x0002e23c   0x00000020   Code   RO         4705    i.inv_set_compass_correction  results_holder.o
    0x0002e25c   0x0000000c   Code   RO         3752    i.inv_set_compass_disturbance  data_builder.o
    0x0002e268   0x00000010   Code   RO         3753    i.inv_set_compass_orientation_and_scale  data_builder.o
    0x0002e278   0x0000002c   Code   RO         3754    i.inv_set_compass_sample_rate  data_builder.o
    0x0002e2a4   0x0000000c   Code   RO         4706    i.inv_set_compass_state  results_holder.o
    0x0002e2b0   0x00000080   Code   RO         3758    i.inv_set_contiguous  data_builder.o
    0x0002e330   0x0000005c   Code   RO         3760    i.inv_set_gyro_bias  data_builder.o
    0x0002e38c   0x0000000c   Code   RO         3761    i.inv_set_gyro_orientation_and_scale  data_builder.o
    0x0002e398   0x00000028   Code   RO         3762    i.inv_set_gyro_sample_rate  data_builder.o
    0x0002e3c0   0x00000014   Code   RO         4263    i.inv_set_message   message_layer.o
    0x0002e3d4   0x00000034   Code   RO         4711    i.inv_set_motion_state  results_holder.o
    0x0002e408   0x00000018   Code   RO         3763    i.inv_set_quat_sample_rate  data_builder.o
    0x0002e420   0x00000010   Code   RO         5526    i.inv_start_eMPL_outputs  empl_outputs.o
    0x0002e430   0x0000004c   Code   RO         4644    i.inv_start_mpl     mpl.o
    0x0002e47c   0x00000018   Code   RO         4712    i.inv_start_results_holder  results_holder.o
    0x0002e494   0x00000020   Code   RO         4713    i.inv_store_gaming_quaternion  results_holder.o
    0x0002e4b4   0x0000004c   Code   RO         3765    i.inv_unregister_data_cb  data_builder.o
    0x0002e500   0x00000048   Code   RO         4914    i.inv_unregister_mpl_start_notification  start_manager.o
    0x0002e548   0x0000014e   Code   RO         1338    i.irq_handler_twim  nrf_drv_twi.o
    0x0002e696   0x0000004c   Code   RO         1014    i.is_desc_discovery_reqd  ble_db_discovery.o
    0x0002e6e2   0x00000002   PAD
    0x0002e6e4   0x000000e2   Code   RO           16    i.is_uuid_present   main.o
    0x0002e7c6   0x00000016   Code   RO         1709    i.item_enqueue      nrf_drv_clock.o
    0x0002e7dc   0x00000030   Code   RO          607    i.leds_off          bsp.o
    0x0002e80c   0x00000014   Code   RO          608    i.leds_timer_handler  bsp.o
    0x0002e820   0x00000018   Code   RO         1178    i.link_init         nrf_ble_gatt.o
    0x0002e838   0x000000f8   Code   RO         2788    i.list_insertions_handler  app_timer_1.o
    0x0002e930   0x00000450   Code   RO           17    i.main              main.o
    0x0002ed80   0x0000006c   Code   RO         6370    i.malloc            mc_w.l(malloc.o)
    0x0002edec   0x0000001e   Code   RO         1658    i.millis            nrf_drv_inv_dmp.o
    0x0002ee0a   0x00000002   PAD
    0x0002ee0c   0x00000054   Code   RO         5179    i.mpu_configure_fifo  inv_mpu.o
    0x0002ee60   0x0000003c   Code   RO         5180    i.mpu_get_accel_fsr  inv_mpu.o
    0x0002ee9c   0x00000044   Code   RO         5182    i.mpu_get_accel_sens  inv_mpu.o
    0x0002eee0   0x00000010   Code   RO         5183    i.mpu_get_compass_fsr  inv_mpu.o
    0x0002eef0   0x00000034   Code   RO         5188    i.mpu_get_gyro_fsr  inv_mpu.o
    0x0002ef24   0x0000004c   Code   RO         5190    i.mpu_get_gyro_sens  inv_mpu.o
    0x0002ef70   0x00000038   Code   RO         5192    i.mpu_get_lpf       inv_mpu.o
    0x0002efa8   0x0000001c   Code   RO         5194    i.mpu_get_sample_rate  inv_mpu.o
    0x0002efc4   0x00000004   Code   RO         2431    i.mpu_init          app_mpu.o
    0x0002efc8   0x000000d8   Code   RO         5196    i.mpu_init_inv      inv_mpu.o
    0x0002f0a0   0x000000b8   Code   RO         5197    i.mpu_load_firmware  inv_mpu.o
    0x0002f158   0x000000ec   Code   RO         5198    i.mpu_lp_accel_mode  inv_mpu.o
    0x0002f244   0x000000d4   Code   RO         5204    i.mpu_read_fifo_stream  inv_mpu.o
    0x0002f318   0x00000054   Code   RO         5205    i.mpu_read_mem      inv_mpu.o
    0x0002f36c   0x00000160   Code   RO         5208    i.mpu_reset_fifo    inv_mpu.o
    0x0002f4cc   0x000002bc   Code   RO         5209    i.mpu_run_6500_self_test  inv_mpu.o
    0x0002f788   0x00000068   Code   RO         5213    i.mpu_set_accel_fsr  inv_mpu.o
    0x0002f7f0   0x000000dc   Code   RO         5214    i.mpu_set_bypass    inv_mpu.o
    0x0002f8cc   0x00000050   Code   RO         5215    i.mpu_set_compass_sample_rate  inv_mpu.o
    0x0002f91c   0x00000078   Code   RO         5216    i.mpu_set_dmp_state  inv_mpu.o
    0x0002f994   0x0000006c   Code   RO         5218    i.mpu_set_gyro_fsr  inv_mpu.o
    0x0002fa00   0x00000064   Code   RO         5219    i.mpu_set_int_latched  inv_mpu.o
    0x0002fa64   0x00000088   Code   RO         5221    i.mpu_set_lpf       inv_mpu.o
    0x0002faec   0x00000090   Code   RO         5222    i.mpu_set_sample_rate  inv_mpu.o
    0x0002fb7c   0x00000134   Code   RO         5223    i.mpu_set_sensors   inv_mpu.o
    0x0002fcb0   0x000000b8   Code   RO         1515    i.mpu_twi_read_test  nrf_drv_mpu_twi.o
    0x0002fd68   0x0000006c   Code   RO         5224    i.mpu_write_mem     inv_mpu.o
    0x0002fdd4   0x00000010   Code   RO         2171    i.nrf_bitmask_bit_is_set  nrf_drv_gpiote.o
    0x0002fde4   0x00000018   Code   RO         1179    i.nrf_ble_gatt_att_mtu_central_set  nrf_ble_gatt.o
    0x0002fdfc   0x0000002c   Code   RO         1184    i.nrf_ble_gatt_init  nrf_ble_gatt.o
    0x0002fe28   0x00000140   Code   RO         1185    i.nrf_ble_gatt_on_ble_evt  nrf_ble_gatt.o
    0x0002ff68   0x0000000e   Code   RO         1711    i.nrf_clock_event_check  nrf_drv_clock.o
    0x0002ff76   0x00000010   Code   RO         1712    i.nrf_clock_event_clear  nrf_drv_clock.o
    0x0002ff86   0x0000000a   Code   RO         5225    i.nrf_delay_ms      inv_mpu.o
    0x0002ff90   0x0000008c   Code   RO           18    i.nrf_delay_us      main.o
    0x0003001c   0x0000008c   Code   RO         1339    i.nrf_delay_us      nrf_drv_twi.o
    0x000300a8   0x0000008c   Code   RO         2789    i.nrf_delay_us      app_timer_1.o
    0x00030134   0x0000008c   Code   RO         5226    i.nrf_delay_us      inv_mpu.o
    0x000301c0   0x00000048   Code   RO         1719    i.nrf_drv_clock_init  nrf_drv_clock.o
    0x00030208   0x00000068   Code   RO         1724    i.nrf_drv_clock_lfclk_request  nrf_drv_clock.o
    0x00030270   0x00000030   Code   RO         1726    i.nrf_drv_clock_on_sd_enable  nrf_drv_clock.o
    0x000302a0   0x0000000a   Code   RO         1727    i.nrf_drv_clock_on_soc_event  nrf_drv_clock.o
    0x000302aa   0x00000038   Code   RO         1880    i.nrf_drv_common_irq_enable  nrf_drv_common.o
    0x000302e2   0x00000006   Code   RO         1930    i.nrf_drv_get_IRQn  nrf_drv_uart.o
    0x000302e8   0x00000098   Code   RO         2176    i.nrf_drv_gpiote_in_event_enable  nrf_drv_gpiote.o
    0x00030380   0x00000100   Code   RO         2177    i.nrf_drv_gpiote_in_init  nrf_drv_gpiote.o
    0x00030480   0x0000000e   Code   RO         2178    i.nrf_drv_gpiote_in_is_set  nrf_drv_gpiote.o
    0x0003048e   0x00000002   PAD
    0x00030490   0x000000e0   Code   RO         2180    i.nrf_drv_gpiote_init  nrf_drv_gpiote.o
    0x00030570   0x00000014   Code   RO         2181    i.nrf_drv_gpiote_is_init  nrf_drv_gpiote.o
    0x00030584   0x00000010   Code   RO         1340    i.nrf_drv_is_in_RAM  nrf_drv_twi.o
    0x00030594   0x00000010   Code   RO         1931    i.nrf_drv_is_in_RAM  nrf_drv_uart.o
    0x000305a4   0x00000034   Code   RO         1518    i.nrf_drv_mpu_init  nrf_drv_mpu_twi.o
    0x000305d8   0x00000028   Code   RO         1521    i.nrf_drv_mpu_twi_event_handler  nrf_drv_mpu_twi.o
    0x00030600   0x00000020   Code   RO         1343    i.nrf_drv_twi_enable  nrf_drv_twi.o
    0x00030620   0x0000008c   Code   RO         1344    i.nrf_drv_twi_init  nrf_drv_twi.o
    0x000306ac   0x00000024   Code   RO         1346    i.nrf_drv_twi_rx    nrf_drv_twi.o
    0x000306d0   0x00000024   Code   RO         1349    i.nrf_drv_twi_tx    nrf_drv_twi.o
    0x000306f4   0x00000024   Code   RO         1351    i.nrf_drv_twi_xfer  nrf_drv_twi.o
    0x00030718   0x00000068   Code   RO         1933    i.nrf_drv_uart_init  nrf_drv_uart.o
    0x00030780   0x000000b0   Code   RO         1934    i.nrf_drv_uart_rx   nrf_drv_uart.o
    0x00030830   0x00000030   Code   RO         1937    i.nrf_drv_uart_rx_enable  nrf_drv_uart.o
    0x00030860   0x000000a8   Code   RO         1938    i.nrf_drv_uart_rx_for_uart  nrf_drv_uart.o
    0x00030908   0x000000b0   Code   RO         1939    i.nrf_drv_uart_rx_for_uarte  nrf_drv_uart.o
    0x000309b8   0x0000010c   Code   RO         1941    i.nrf_drv_uart_tx   nrf_drv_uart.o
    0x00030ac4   0x00000018   Code   RO         1943    i.nrf_drv_uart_tx_in_progress  nrf_drv_uart.o
    0x00030adc   0x00000032   Code   RO          479    i.nrf_gpio_cfg      boards.o
    0x00030b0e   0x00000032   Code   RO         1945    i.nrf_gpio_cfg      nrf_drv_uart.o
    0x00030b40   0x00000032   Code   RO         2195    i.nrf_gpio_cfg      nrf_drv_gpiote.o
    0x00030b72   0x00000012   Code   RO         1947    i.nrf_gpio_cfg_input  nrf_drv_uart.o
    0x00030b84   0x00000014   Code   RO         1948    i.nrf_gpio_cfg_output  nrf_drv_uart.o
    0x00030b98   0x00000030   Code   RO         2197    i.nrf_gpio_cfg_sense_set  nrf_drv_gpiote.o
    0x00030bc8   0x00000014   Code   RO         1352    i.nrf_gpio_pin_clear  nrf_drv_twi.o
    0x00030bdc   0x0000001c   Code   RO          480    i.nrf_gpio_pin_port_decode  boards.o
    0x00030bf8   0x0000001c   Code   RO         1353    i.nrf_gpio_pin_port_decode  nrf_drv_twi.o
    0x00030c14   0x0000001c   Code   RO         1949    i.nrf_gpio_pin_port_decode  nrf_drv_uart.o
    0x00030c30   0x0000001c   Code   RO         2199    i.nrf_gpio_pin_port_decode  nrf_drv_gpiote.o
    0x00030c4c   0x00000016   Code   RO         2200    i.nrf_gpio_pin_read  nrf_drv_gpiote.o
    0x00030c62   0x00000014   Code   RO         1354    i.nrf_gpio_pin_set  nrf_drv_twi.o
    0x00030c76   0x00000014   Code   RO         1950    i.nrf_gpio_pin_set  nrf_drv_uart.o
    0x00030c8a   0x00000026   Code   RO          481    i.nrf_gpio_pin_write  boards.o
    0x00030cb0   0x0000002c   Code   RO         2202    i.nrf_gpio_ports_read  nrf_drv_gpiote.o
    0x00030cdc   0x00000014   Code   RO         2203    i.nrf_gpiote_event_clear  nrf_drv_gpiote.o
    0x00030cf0   0x00000010   Code   RO         2204    i.nrf_gpiote_event_is_set  nrf_drv_gpiote.o
    0x00030d00   0x00000008   Code   RO         3192    i.nrf_log_backend_hexdump_handler_get  nrf_log_backend_serial.o
    0x00030d08   0x00000024   Code   RO         3193    i.nrf_log_backend_init  nrf_log_backend_serial.o
    0x00030d2c   0x0000011c   Code   RO         3194    i.nrf_log_backend_serial_hexdump_handler  nrf_log_backend_serial.o
    0x00030e48   0x00000108   Code   RO         3195    i.nrf_log_backend_serial_std_handler  nrf_log_backend_serial.o
    0x00030f50   0x00000008   Code   RO         3196    i.nrf_log_backend_std_handler_get  nrf_log_backend_serial.o
    0x00030f58   0x00000018   Code   RO         3282    i.nrf_log_direct_feed  nrf_log_frontend.o
    0x00030f70   0x00000008   Code   RO         3286    i.nrf_log_frontend_std_0  nrf_log_frontend.o
    0x00030f78   0x0000000e   Code   RO         3287    i.nrf_log_frontend_std_1  nrf_log_frontend.o
    0x00030f86   0x00000010   Code   RO         3288    i.nrf_log_frontend_std_2  nrf_log_frontend.o
    0x00030f96   0x00000012   Code   RO         3289    i.nrf_log_frontend_std_3  nrf_log_frontend.o
    0x00030fa8   0x00000014   Code   RO         3290    i.nrf_log_frontend_std_4  nrf_log_frontend.o
    0x00030fbc   0x0000001c   Code   RO         3292    i.nrf_log_frontend_std_6  nrf_log_frontend.o
    0x00030fd8   0x0000000c   Code   RO         3294    i.nrf_log_handlers_set  nrf_log_frontend.o
    0x00030fe4   0x00000022   Code   RO         3295    i.nrf_log_init      nrf_log_frontend.o
    0x00031006   0x00000002   Code   RO         3296    i.nrf_log_push      nrf_log_frontend.o
    0x00031008   0x00000038   Code   RO         3101    i.nrf_strerror_find  nrf_strerror.o
    0x00031040   0x00000014   Code   RO         3102    i.nrf_strerror_get  nrf_strerror.o
    0x00031054   0x0000000a   Code   RO         1355    i.nrf_twim_event_check  nrf_drv_twi.o
    0x0003105e   0x0000000c   Code   RO         1356    i.nrf_twim_event_clear  nrf_drv_twi.o
    0x0003106a   0x0000000a   Code   RO         1951    i.nrf_uart_event_check  nrf_drv_uart.o
    0x00031074   0x0000000c   Code   RO         1952    i.nrf_uart_event_clear  nrf_drv_uart.o
    0x00031080   0x0000000c   Code   RO         1953    i.nrf_uart_int_enable_check  nrf_drv_uart.o
    0x0003108c   0x0000000a   Code   RO         1954    i.nrf_uarte_event_check  nrf_drv_uart.o
    0x00031096   0x0000000c   Code   RO         1955    i.nrf_uarte_event_clear  nrf_drv_uart.o
    0x000310a2   0x00000002   PAD
    0x000310a4   0x0000019c   Code   RO           19    i.on_ble_evt        main.o
    0x00031240   0x00000114   Code   RO         1015    i.on_characteristic_discovery_rsp  ble_db_discovery.o
    0x00031354   0x00000084   Code   RO         1186    i.on_connected_evt  nrf_ble_gatt.o
    0x000313d8   0x000000f0   Code   RO         1016    i.on_descriptor_discovery_rsp  ble_db_discovery.o
    0x000314c8   0x00000068   Code   RO         1187    i.on_exchange_mtu_request_evt  nrf_ble_gatt.o
    0x00031530   0x0000006c   Code   RO         1017    i.on_primary_srv_discovery_rsp  ble_db_discovery.o
    0x0003159c   0x0000007c   Code   RO         1018    i.on_srv_disc_completion  ble_db_discovery.o
    0x00031618   0x0000000c   Code   RO           20    i.pin_in_read       main.o
    0x00031624   0x00000018   Code   RO         2205    i.pin_in_use_by_port  nrf_drv_gpiote.o
    0x0003163c   0x00000018   Code   RO         2206    i.pin_in_use_by_te  nrf_drv_gpiote.o
    0x00031654   0x000002ec   Code   RO           21    i.read_from_mpl     main.o
    0x00031940   0x00000038   Code   RO         1019    i.registered_handler_get  ble_db_discovery.o
    0x00031978   0x0000003c   Code   RO         2790    i.rtc1_stop         app_timer_1.o
    0x000319b4   0x00000104   Code   RO           22    i.run_self_test     main.o
    0x00031ab8   0x00000032   Code   RO         1957    i.rx_byte           nrf_drv_uart.o
    0x00031aea   0x00000018   Code   RO         1958    i.rx_done_event     nrf_drv_uart.o
    0x00031b02   0x00000020   Code   RO         1959    i.rx_enable         nrf_drv_uart.o
    0x00031b22   0x00000002   PAD
    0x00031b24   0x00000024   Code   RO           23    i.scan_start        main.o
    0x00031b48   0x00000070   Code   RO         3561    i.sd_nvic_EnableIRQ  softdevice_handler.o
    0x00031bb8   0x0000002e   Code   RO         3197    i.serial_tx         nrf_log_backend_serial.o
    0x00031be6   0x00000002   PAD
    0x00031be8   0x00000058   Code   RO         5227    i.set_int_enable    inv_mpu.o
    0x00031c40   0x000001e4   Code   RO         5228    i.setup_compass     inv_mpu.o
    0x00031e24   0x00000014   Code   RO         3562    i.softdevice_app_ram_start_get  softdevice_handler.o
    0x00031e38   0x00000014   Code   RO         3563    i.softdevice_ble_evt_handler_set  softdevice_handler.o
    0x00031e4c   0x000000f0   Code   RO         3564    i.softdevice_enable  softdevice_handler.o
    0x00031f3c   0x00000004   Code   RO         3565    i.softdevice_fault_handler  softdevice_handler.o
    0x00031f40   0x00000064   Code   RO         3566    i.softdevice_handler_init  softdevice_handler.o
    0x00031fa4   0x0000000c   Code   RO         3567    i.softdevice_handler_is_enabled  softdevice_handler.o
    0x00031fb0   0x0000003e   Code   RO         6043    i.sqrtf             m_wm.l(sqrtf.o)
    0x00031fee   0x00000002   Code   RO           24    i.tap_cb            main.o
    0x00031ff0   0x00000002   Code   RO           25    i.timer_a_handler   main.o
    0x00031ff2   0x00000002   PAD
    0x00031ff4   0x00000080   Code   RO         2791    i.timer_list_handler  app_timer_1.o
    0x00032074   0x0000003c   Code   RO         2792    i.timer_list_insert  app_timer_1.o
    0x000320b0   0x00000060   Code   RO         2793    i.timer_list_remove  app_timer_1.o
    0x00032110   0x00000048   Code   RO         2794    i.timer_stop_op_schedule  app_timer_1.o
    0x00032158   0x00000074   Code   RO         2795    i.timer_timeouts_check  app_timer_1.o
    0x000321cc   0x00000034   Code   RO         3198    i.timestamp_process  nrf_log_backend_serial.o
    0x00032200   0x000000a4   Code   RO         1357    i.twi_clear_bus     nrf_drv_twi.o
    0x000322a4   0x00000240   Code   RO         1358    i.twim_xfer         nrf_drv_twi.o
    0x000324e4   0x00000020   Code   RO         1960    i.tx_byte           nrf_drv_uart.o
    0x00032504   0x0000001c   Code   RO         1961    i.tx_done_event     nrf_drv_uart.o
    0x00032520   0x00000012   Code   RO           26    i.uart_error_handle  main.o
    0x00032532   0x00000002   PAD
    0x00032534   0x000000a0   Code   RO         2942    i.uart_event_handler  app_uart_fifo.o
    0x000325d4   0x0000011e   Code   RO         1962    i.uart_irq_handler  nrf_drv_uart.o
    0x000326f2   0x000000f0   Code   RO         1963    i.uarte_irq_handler  nrf_drv_uart.o
    0x000327e2   0x00000002   PAD
    0x000327e4   0x00000030   Code   RO         2796    i.user_op_alloc     app_timer_1.o
    0x00032814   0x00000038   Data   RO           29    .constdata          main.o
    0x0003284c   0x00000008   Data   RO          482    .constdata          boards.o
    0x00032854   0x0000002c   Data   RO          614    .constdata          bsp.o
    0x00032880   0x00000016   Data   RO         1188    .constdata          nrf_ble_gatt.o
    0x00032896   0x00000002   PAD
    0x00032898   0x00000028   Data   RO         1276    .constdata          ble_nus_c.o
    0x000328c0   0x0000000c   Data   RO         1363    .constdata          nrf_drv_twi.o
    0x000328cc   0x00000018   Data   RO         1526    .constdata          nrf_drv_mpu_twi.o
    0x000328e4   0x0000004b   Data   RO         2208    .constdata          nrf_drv_gpiote.o
    0x0003292f   0x00000001   PAD
    0x00032930   0x00000008   Data   RO         2521    .constdata          app_button.o
    0x00032938   0x00000020   Data   RO         2944    .constdata          app_uart_fifo.o
    0x00032958   0x00000104   Data   RO         3103    .constdata          nrf_strerror.o
    0x00032a5c   0x0000002f   Data   RO         4645    .constdata          mpl.o
    0x00032a8b   0x00000bf6   Data   RO         5013    .constdata          inv_mpu_dmp_motion_driver.o
    0x00033681   0x0000002a   Data   RO         5229    .constdata          inv_mpu.o
    0x000336ab   0x00000001   PAD
    0x000336ac   0x0000000e   Data   RO         5230    .constdata          inv_mpu.o
    0x000336ba   0x00000002   PAD
    0x000336bc   0x00000030   Data   RO         5231    .constdata          inv_mpu.o
    0x000336ec   0x00000200   Data   RO         5232    .constdata          inv_mpu.o
    0x000338ec   0x00000004   PAD
    0x000338f0   0x00000038   Data   RO         5980    .constdata          m_wm.l(log.o)
    0x00033928   0x00000081   Data   RO         6065    .constdata          mc_w.l(ctype_o.o)
    0x000339a9   0x00000003   PAD
    0x000339ac   0x00000004   Data   RO         6066    .constdata          mc_w.l(ctype_o.o)
    0x000339b0   0x00000030   Data   RO         6420    .constdata          m_wm.l(cos_i.o)
    0x000339e0   0x00000008   Data   RO         6456    .constdata          m_wm.l(qnan.o)
    0x000339e8   0x000000c8   Data   RO         6459    .constdata          m_wm.l(rred.o)
    0x00033ab0   0x00000020   Data   RO         6463    .constdata          m_wm.l(rredf.o)
    0x00033ad0   0x00000028   Data   RO         6466    .constdata          m_wm.l(sin_i.o)
    0x00033af8   0x00000009   Data   RO           30    .conststring        main.o
    0x00033b01   0x00000003   PAD
    0x00033b04   0x00000186   Data   RO         1189    .conststring        nrf_ble_gatt.o
    0x00033c8a   0x00000002   PAD
    0x00033c8c   0x00000307   Data   RO         3104    .conststring        nrf_strerror.o
    0x00033f93   0x00000001   PAD
    0x00033f94   0x00000044   Data   RO         3768    .conststring        data_builder.o
    0x00033fd8   0x00000020   Data   RO         6515    Region$$Table       anon$$obj.o


    Execution Region RW_IRAM1 (Base: 0x20002198, Size: 0x000065c0, Max: 0x0003de68, ABSOLUTE)

    Base Addr    Size         Type   Attr      Idx    E Section Name        Object

    0x20002198   0x0000001a   Data   RW           31    .data               main.o
    0x200021b2   0x00000002   PAD
    0x200021b4   0x00000004   Data   RW           32    .data               main.o
    0x200021b8   0x00000010   Data   RW          615    .data               bsp.o
    0x200021c8   0x00000008   Data   RW          726    .data               bsp_btn_ble.o
    0x200021d0   0x00000010   Data   RW         1021    .data               ble_db_discovery.o
    0x200021e0   0x00000002   Data   RW         1527    .data               nrf_drv_mpu_twi.o
    0x200021e2   0x00000002   PAD
    0x200021e4   0x00000014   Data   RW         2522    .data               app_button.o
    0x200021f8   0x00000014   Data   RW         2798    .data               app_timer_1.o
    0x2000220c   0x00000010   Data   RW         2945    .data               app_uart_fifo.o
    0x2000221c   0x00000004   Data   RW         3136    .data               retarget.o
    0x20002220   0x00000002   Data   RW         3200    .data               nrf_log_backend_serial.o
    0x20002222   0x00000002   PAD
    0x20002224   0x00000014   Data   RW         3573    .data               softdevice_handler.o
    0x20002238   0x00000004   Data   RW         4264    .data               message_layer.o
    0x2000223c   0x00000038   Data   RW         5233    .data               inv_mpu.o
    0x20002274   0x00000004   Data   RW         5600    .data               system_nrf52840.o
    0x20002278   0x00000010   Data   RW         5633    .data               libmpllib.lib(compass_vec_cal.o)
    0x20002288   0x00000004   Data   RW         6489    .data               mc_w.l(mvars.o)
    0x2000228c   0x00000004   Data   RW         6490    .data               mc_w.l(mvars.o)
    0x20002290   0x00000004   Data   RW         6494    .data               mc_w.l(errno.o)
    0x20002294   0x00000020   Zero   RW           27    .bss                main.o
    0x200022b4   0x00000888   Zero   RW           28    .bss                main.o
    0x20002b3c   0x00000020   Zero   RW          610    .bss                bsp.o
    0x20002b5c   0x00000020   Zero   RW          611    .bss                bsp.o
    0x20002b7c   0x0000000c   Zero   RW          612    .bss                bsp.o
    0x20002b88   0x00000020   Zero   RW          613    .bss                bsp.o
    0x20002ba8   0x000002a0   Zero   RW         1020    .bss                ble_db_discovery.o
    0x20002e48   0x00000028   Zero   RW         1359    .bss                nrf_drv_twi.o
    0x20002e70   0x00000014   Zero   RW         1729    .bss                nrf_drv_clock.o
    0x20002e84   0x00000020   Zero   RW         1964    .bss                nrf_drv_uart.o
    0x20002ea4   0x00000058   Zero   RW         2207    .bss                nrf_drv_gpiote.o
    0x20002efc   0x00000020   Zero   RW         2520    .bss                app_button.o
    0x20002f1c   0x0000010c   Zero   RW         2797    .bss                app_timer_1.o
    0x20003028   0x00000020   Zero   RW         2943    .bss                app_uart_fifo.o
    0x20003048   0x0000000c   Zero   RW         3012    .bss                app_util_platform.o
    0x20003054   0x0000001c   Zero   RW         3297    .bss                nrf_log_frontend.o
    0x20003070   0x00000288   Zero   RW         3424    .bss                segger_rtt.o
    0x200032f8   0x000002d8   Zero   RW         3767    .bss                data_builder.o
    0x200035d0   0x000000c4   Zero   RW         4168    .bss                hal_outputs.o
    0x20003694   0x00000088   Zero   RW         4714    .bss                results_holder.o
    0x2000371c   0x00000054   Zero   RW         4915    .bss                start_manager.o
    0x20003770   0x00000198   Zero   RW         4948    .bss                storage_manager.o
    0x20003908   0x00000010   Zero   RW         5012    .bss                inv_mpu_dmp_motion_driver.o
    0x20003918   0x00000028   Zero   RW         5527    .bss                empl_outputs.o
    0x20003940   0x00000460   Zero   RW         5632    .bss                libmpllib.lib(compass_vec_cal.o)
    0x20003da0   0x000002a0   Zero   RW         5722    .bss                libmpllib.lib(fast_no_motion.o)
    0x20004040   0x00000138   Zero   RW         5755    .bss                libmpllib.lib(fusion_9axis.o)
    0x20004178   0x000000b8   Zero   RW         5777    .bss                libmpllib.lib(mag_disturb.o)
    0x20004230   0x0000006c   Zero   RW         5799    .bss                libmpllib.lib(quaternion_supervisor.o)
    0x2000429c   0x00000004   PAD
    0x200042a0   0x000004b8   Zero   RW         5817    .bss                libmpllib.lib(accel_auto_cal.o)
    0x20004758   0x00002000   Zero   RW         5589    HEAP                arm_startup_nrf52840.o
    0x20006758   0x00002000   Zero   RW         5588    STACK               arm_startup_nrf52840.o


==============================================================================

Image component sizes


      Code (inc. data)   RO Data    RW Data    ZI Data      Debug   Object Name

       332         34          8         20         32      10346   app_button.o
        22          0          0          0          0       2285   app_error.o
        96         54          0          0          0      27389   app_error_weak.o
       118          0          0          0          0       5138   app_fifo.o
         4          0          0          0          0        559   app_mpu.o
         0          0          0          0          0      20784   app_scheduler.o
      1642        128          0         20        268      48855   app_timer_1.o
       400         32         32         16         32      11959   app_uart_fifo.o
       124         14          0          0         12       9562   app_util_platform.o
        36          8        512          0      16384        952   arm_startup_nrf52840.o
         0          0          0          0          0        392   ble_advdata.o
      1578         66          0         16        672      18447   ble_db_discovery.o
       572        100         40          0          0      16342   ble_nus_c.o
       388         42          8          0          0      15402   boards.o
       910         84         44         16        108      15832   bsp.o
       222         10          0          8          0      44684   bsp_btn_ble.o
         0          0          0          0          0       1684   bsp_nfc.o
      1854        234         68          0        728      34414   data_builder.o
       236         20          0          0         40       4313   empl_outputs.o
       208         14          0          0        196       4707   hal_outputs.o
      8418       1786        616         56          0      38626   inv_mpu.o
      2070        172       3062          0         16      23044   inv_mpu_dmp_motion_driver.o
      3948       1030         65         30       2216     132543   main.o
        20          4          0          4          0       1522   message_layer.o
      1566         22          0          0          0      15592   ml_math_func.o
       260        110         47          0          0       5860   mpl.o
       648         32        412          0          0      32757   nrf_ble_gatt.o
       414         30          0          0         20      18578   nrf_drv_clock.o
        56          0          0          0          0      27575   nrf_drv_common.o
      1514        236         75          0         88      33394   nrf_drv_gpiote.o
       194         22          0          0          0       2255   nrf_drv_inv_dmp.o
       404        112         24          2          0      10607   nrf_drv_mpu_twi.o
      1616         48         12          0         40      34212   nrf_drv_twi.o
      2186         74          0          0         32      42365   nrf_drv_uart.o
       716         30          0          2          0      10039   nrf_log_backend_serial.o
       176          8          0          0         28      11009   nrf_log_frontend.o
        76         10       1035          0          0       2819   nrf_strerror.o
       710        114          0          0        136      17822   results_holder.o
        14          0          0          4          0       2934   retarget.o
       390         40          0          0        648       8773   segger_rtt.o
       744        216          0         20          0      43087   softdevice_handler.o
       168         20          0          0         84       4036   start_manager.o
       132         10          0          0        408       2973   storage_manager.o
       488         56          0          4          0       2515   system_nrf52840.o

    ----------------------------------------------------------------------
     35714       5022       6108        224      22188     818983   Object Totals
         0          0         32          0          0          0   (incl. Generated)
        44          0         16          6          0          0   (incl. Padding)

    ----------------------------------------------------------------------

      Code (inc. data)   RO Data    RW Data    ZI Data      Debug   Library Member Name

      3140        190          0          0       1208       9672   accel_auto_cal.o
      9456        298          0         16       1120      19892   compass_vec_cal.o
      2584         42          0          0        672      13744   fast_no_motion.o
      1712         72          0          0        312       5636   fusion_9axis.o
      1472         48          0          0        184       7614   mag_disturb.o
      2452        130          0          0        108       5637   quaternion_supervisor.o
       280         46          0          0          0        176   acosf.o
       592         90          0          0          0        184   atan2f.o
       200         20          0          0          0        164   cos.o
       368         46         48          0          0        200   cos_i.o
       336         56          0          0          0        136   cosf.o
       132         36          0          0          0        496   dunder.o
        44          0          0          0          0        248   fabs.o
        48          0          0          0          0        124   fpclassify.o
        38          0          0          0          0        116   fpclassifyf.o
        44         12          0          0          0        464   funder.o
       964         92         56          0          0        316   log.o
       248          0          0          0          0        152   poly.o
         0          0          8          0          0          0   qnan.o
      1080        142        200          0          0        188   rred.o
       340         24         32          0          0        160   rredf.o
       304         24         40          0          0        208   sin_i.o
       400         56          0          0          0        212   sinf.o
       122          0          0          0          0        148   sqrt.o
       120          0          0          0          0        272   sqrtf.o
         8          4        133          0          0         68   ctype_o.o
         0          0          0          0          0          0   entry.o
         0          0          0          0          0          0   entry10a.o
         0          0          0          0          0          0   entry11a.o
         8          4          0          0          0          0   entry2.o
         4          0          0          0          0          0   entry5.o
         0          0          0          0          0          0   entry7b.o
         0          0          0          0          0          0   entry8b.o
         8          4          0          0          0          0   entry9a.o
        12          6          0          4          0         68   errno.o
        30          0          0          0          0          0   handlers.o
        36          8          0          0          0         68   init.o
         0          0          0          0          0          0   iusefp.o
        98          0          0          0          0         84   ldiv.o
        30          0          0          0          0         68   llshl.o
        36          0          0          0          0         68   llsshr.o
        32          0          0          0          0         68   llushr.o
       188         20          0          0          0        160   malloc.o
        26          0          0          0          0         80   memcmp.o
        64          0          0          0          0         76   memmovea.o
        36          0          0          0          0        108   memseta.o
         0          0          0          8          0          0   mvars.o
      2374        100          0          0          0        752   printfa.o
        18          0          0          0          0         68   strcpy.o
        14          0          0          0          0         68   strlen.o
        44          0          0          0          0         80   uidiv.o
        98          0          0          0          0         92   uldiv.o
        48          0          0          0          0         68   cdcmple.o
        48          0          0          0          0         68   cdrcmple.o
        56          0          0          0          0         88   d2f.o
       334          0          0          0          0        148   dadd.o
       222          0          0          0          0        100   ddiv.o
       186          0          0          0          0        176   depilogue.o
        62          0          0          0          0         80   dfixi.o
        48          0          0          0          0         68   dfixul.o
        34          0          0          0          0         76   dflti.o
        26          0          0          0          0         76   dfltui.o
       228          0          0          0          0         96   dmul.o
       162          0          0          0          0        100   dsqrt.o
        38          0          0          0          0         68   f2d.o
       110          0          0          0          0        168   fepilogue.o
        66          0          0          0          0         76   ffixl.o
        44          0          0          0          0         92   ffltl.o

    ----------------------------------------------------------------------
     31378       1574        520         28       3608      69683   Library Totals
        26          4          3          0          4          0   (incl. Padding)

    ----------------------------------------------------------------------

      Code (inc. data)   RO Data    RW Data    ZI Data      Debug   Library Name

     20816        780          0         16       3604      62195   libmpllib.lib
      5660        644        384          0          0       3964   m_wm.l
      3164        146        133         12          0       1976   mc_w.l
      1712          0          0          0          0       1548   mf_w.l

    ----------------------------------------------------------------------
     31378       1574        520         28       3608      69683   Library Totals

    ----------------------------------------------------------------------

==============================================================================


      Code (inc. data)   RO Data    RW Data    ZI Data      Debug   

     67092       6596       6628        252      25796     845946   Grand Totals
     67092       6596       6628        252      25796     845946   ELF Image Totals
     67092       6596       6628        252          0          0   ROM Totals

==============================================================================

    Total RO  Size (Code + RO Data)                73720 (  71.99kB)
    Total RW  Size (RW Data + ZI Data)             26048 (  25.44kB)
    Total ROM Size (Code + RO Data + RW Data)      73972 (  72.24kB)

==============================================================================

