Component: ARM Compiler 5.06 update 4 (build 422) Tool: armlink [4d35d2]

==============================================================================

Section Cross References

    main.o(i.magn_setup) refers to app_mpu.o(i.mpu_magnetometer_init) for mpu_magnetometer_init
    main.o(i.magn_setup) refers to app_error.o(i.app_error_handler_bare) for app_error_handler_bare
    main.o(i.main) refers to main.o(i.uart_config) for uart_config
    main.o(i.main) refers to main.o(i.mpu_setup) for mpu_setup
    main.o(i.main) refers to main.o(i.magn_setup) for magn_setup
    main.o(i.main) refers to nrf_drv_clock.o(i.nrf_drv_clock_init) for nrf_drv_clock_init
    main.o(i.main) refers to app_error.o(i.app_error_handler_bare) for app_error_handler_bare
    main.o(i.main) refers to nrf_drv_clock.o(i.nrf_drv_clock_lfclk_request) for nrf_drv_clock_lfclk_request
    main.o(i.main) refers to app_timer_1.o(i.app_timer_init) for app_timer_init
    main.o(i.main) refers to app_timer_1.o(i.app_timer_create) for app_timer_create
    main.o(i.main) refers to app_timer_1.o(i.app_timer_start) for app_timer_start
    main.o(i.main) refers to inv_mpu.o(i.mpu_init_inv) for mpu_init_inv
    main.o(i.main) refers to printfa.o(i.__0printf) for __2printf
    main.o(i.main) refers to mpl.o(i.inv_init_mpl) for inv_init_mpl
    main.o(i.main) refers to quaternion_supervisor.o(.text) for inv_enable_quaternion
    main.o(i.main) refers to empl_outputs.o(i.inv_enable_eMPL_outputs) for inv_enable_eMPL_outputs
    main.o(i.main) refers to mpl.o(i.inv_start_mpl) for inv_start_mpl
    main.o(i.main) refers to main.o(i.nrf_delay_us) for nrf_delay_us
    main.o(i.main) refers to inv_mpu.o(i.mpu_set_sensors) for mpu_set_sensors
    main.o(i.main) refers to inv_mpu_dmp_motion_driver.o(i.dmp_load_motion_driver_firmware) for dmp_load_motion_driver_firmware
    main.o(i.main) refers to ml_math_func.o(i.inv_orientation_matrix_to_scalar) for inv_orientation_matrix_to_scalar
    main.o(i.main) refers to inv_mpu_dmp_motion_driver.o(i.dmp_set_orientation) for dmp_set_orientation
    main.o(i.main) refers to inv_mpu_dmp_motion_driver.o(i.dmp_register_tap_cb) for dmp_register_tap_cb
    main.o(i.main) refers to inv_mpu_dmp_motion_driver.o(i.dmp_register_android_orient_cb) for dmp_register_android_orient_cb
    main.o(i.main) refers to inv_mpu_dmp_motion_driver.o(i.dmp_enable_feature) for dmp_enable_feature
    main.o(i.main) refers to inv_mpu_dmp_motion_driver.o(i.dmp_set_fifo_rate) for dmp_set_fifo_rate
    main.o(i.main) refers to data_builder.o(i.inv_set_quat_sample_rate) for inv_set_quat_sample_rate
    main.o(i.main) refers to inv_mpu.o(i.mpu_set_dmp_state) for mpu_set_dmp_state
    main.o(i.main) refers to nrf_drv_inv_dmp.o(i.millis) for millis
    main.o(i.main) refers to empl_outputs.o(i.inv_get_sensor_type_quat) for inv_get_sensor_type_quat
    main.o(i.main) refers to main.o(i.timer_a_handler) for timer_a_handler
    main.o(i.main) refers to main.o(.constdata) for .constdata
    main.o(i.main) refers to main.o(.data) for .data
    main.o(i.main) refers to main.o(i.tap_cb) for tap_cb
    main.o(i.main) refers to main.o(i.android_orient_cb) for android_orient_cb
    main.o(i.main) refers to main.o(.bss) for .bss
    main.o(i.mpu_setup) refers to printfa.o(i.__0printf) for __2printf
    main.o(i.mpu_setup) refers to app_mpu.o(i.mpu_init) for mpu_init
    main.o(i.mpu_setup) refers to app_error.o(i.app_error_handler_bare) for app_error_handler_bare
    main.o(i.mpu_setup) refers to app_mpu.o(i.mpu_config) for mpu_config
    main.o(i.mpu_setup) refers to main.o(.constdata) for .constdata
    main.o(i.nrf_delay_us) refers to system_nrf52840.o(.data) for SystemCoreClock
    main.o(i.uart_config) refers to boards.o(i.bsp_board_leds_init) for bsp_board_leds_init
    main.o(i.uart_config) refers to memmovea.o(.text) for __aeabi_memcpy4
    main.o(i.uart_config) refers to app_uart_fifo.o(i.app_uart_init) for app_uart_init
    main.o(i.uart_config) refers to app_error.o(i.app_error_handler_bare) for app_error_handler_bare
    main.o(i.uart_config) refers to main.o(.constdata) for .constdata
    main.o(i.uart_config) refers to main.o(.bss) for .bss
    main.o(i.uart_config) refers to main.o(i.uart_error_handle) for uart_error_handle
    main.o(i.uart_error_handle) refers to app_error.o(i.app_error_handler_bare) for app_error_handler_bare
    main.o(.constdata) refers to main.o(.bss) for timer1_data
    main.o(.data) refers to main.o(.conststring) for .conststring
    nrf_drv_twi.o(i.SPIM0_SPIS0_TWIM0_TWIS0_SPI0_TWI0_IRQHandler) refers to nrf_drv_twi.o(i.irq_handler_twim) for irq_handler_twim
    nrf_drv_twi.o(i.SPIM0_SPIS0_TWIM0_TWIS0_SPI0_TWI0_IRQHandler) refers to nrf_drv_twi.o(.bss) for .bss
    nrf_drv_twi.o(i.irq_handler_twim) refers to nrf_drv_twi.o(i.nrf_twim_event_check) for nrf_twim_event_check
    nrf_drv_twi.o(i.irq_handler_twim) refers to nrf_drv_twi.o(i.nrf_twim_event_clear) for nrf_twim_event_clear
[...]
    nrf_gpio_pin_clear                       0x00005a6d   Thumb Code    20  nrf_drv_twi.o(i.nrf_gpio_pin_clear)
    i.nrf_gpio_pin_port_decode               0x00005a80   Section        0  nrf_drv_twi.o(i.nrf_gpio_pin_port_decode)
    nrf_gpio_pin_port_decode                 0x00005a81   Thumb Code    22  nrf_drv_twi.o(i.nrf_gpio_pin_port_decode)
    i.nrf_gpio_pin_port_decode               0x00005a9c   Section        0  boards.o(i.nrf_gpio_pin_port_decode)
    nrf_gpio_pin_port_decode                 0x00005a9d   Thumb Code    22  boards.o(i.nrf_gpio_pin_port_decode)
    i.nrf_gpio_pin_port_decode               0x00005ab8   Section        0  nrf_drv_uart.o(i.nrf_gpio_pin_port_decode)
    nrf_gpio_pin_port_decode                 0x00005ab9   Thumb Code    22  nrf_drv_uart.o(i.nrf_gpio_pin_port_decode)
    i.nrf_gpio_pin_set                       0x00005ad4   Section        0  nrf_drv_twi.o(i.nrf_gpio_pin_set)
    nrf_gpio_pin_set                         0x00005ad5   Thumb Code    20  nrf_drv_twi.o(i.nrf_gpio_pin_set)
    i.nrf_gpio_pin_set                       0x00005ae8   Section        0  nrf_drv_uart.o(i.nrf_gpio_pin_set)
    nrf_gpio_pin_set                         0x00005ae9   Thumb Code    20  nrf_drv_uart.o(i.nrf_gpio_pin_set)
    i.nrf_gpio_pin_write                     0x00005afc   Section        0  boards.o(i.nrf_gpio_pin_write)
    nrf_gpio_pin_write                       0x00005afd   Thumb Code    38  boards.o(i.nrf_gpio_pin_write)
    i.nrf_log_backend_init                   0x00005b24   Section        0  nrf_log_backend_serial.o(i.nrf_log_backend_init)
    i.nrf_log_blocking_backend_set           0x00005b94   Section        0  nrf_log_frontend.o(i.nrf_log_blocking_backend_set)
    i.nrf_log_frontend_dequeue               0x00005b9c   Section        0  nrf_log_frontend.o(i.nrf_log_frontend_dequeue)
    i.nrf_log_frontend_std_0                 0x00005ccc   Section        0  nrf_log_frontend.o(i.nrf_log_frontend_std_0)
    i.nrf_log_frontend_std_1                 0x00005d18   Section        0  nrf_log_frontend.o(i.nrf_log_frontend_std_1)
    i.nrf_log_push                           0x00005d70   Section        0  nrf_log_frontend.o(i.nrf_log_push)
    i.nrf_twim_event_check                   0x00005dd0   Section        0  nrf_drv_twi.o(i.nrf_twim_event_check)
    nrf_twim_event_check                     0x00005dd1   Thumb Code    10  nrf_drv_twi.o(i.nrf_twim_event_check)
    i.nrf_twim_event_clear                   0x00005dda   Section        0  nrf_drv_twi.o(i.nrf_twim_event_clear)
    nrf_twim_event_clear                     0x00005ddb   Thumb Code    12  nrf_drv_twi.o(i.nrf_twim_event_clear)
    i.nrf_uart_event_check                   0x00005de6   Section        0  nrf_drv_uart.o(i.nrf_uart_event_check)
    nrf_uart_event_check                     0x00005de7   Thumb Code    10  nrf_drv_uart.o(i.nrf_uart_event_check)
    i.nrf_uart_event_clear                   0x00005df0   Section        0  nrf_drv_uart.o(i.nrf_uart_event_clear)
    nrf_uart_event_clear                     0x00005df1   Thumb Code    12  nrf_drv_uart.o(i.nrf_uart_event_clear)
    i.nrf_uart_int_enable_check              0x00005dfc   Section        0  nrf_drv_uart.o(i.nrf_uart_int_enable_check)
    nrf_uart_int_enable_check                0x00005dfd   Thumb Code    12  nrf_drv_uart.o(i.nrf_uart_int_enable_check)
    i.nrf_uarte_event_check                  0x00005e08   Section        0  nrf_drv_uart.o(i.nrf_uarte_event_check)
    nrf_uarte_event_check                    0x00005e09   Thumb Code    10  nrf_drv_uart.o(i.nrf_uarte_event_check)
    i.nrf_uarte_event_clear                  0x00005e12   Section        0  nrf_drv_uart.o(i.nrf_uarte_event_clear)
    nrf_uarte_event_clear                    0x00005e13   Thumb Code    12  nrf_drv_uart.o(i.nrf_uarte_event_clear)
    i.pins_to_default                        0x00005e20   Section        0  nrf_drv_uart.o(i.pins_to_default)
    pins_to_default                          0x00005e21   Thumb Code   114  nrf_drv_uart.o(i.pins_to_default)
    i.rtc1_stop                              0x00005e98   Section        0  app_timer_1.o(i.rtc1_stop)
    rtc1_stop                                0x00005e99   Thumb Code    52  app_timer_1.o(i.rtc1_stop)
    i.rx_byte                                0x00005ed4   Section        0  nrf_drv_uart.o(i.rx_byte)
    rx_byte                                  0x00005ed5   Thumb Code    50  nrf_drv_uart.o(i.rx_byte)
    i.rx_done_event                          0x00005f06   Section        0  nrf_drv_uart.o(i.rx_done_event)
    rx_done_event                            0x00005f07   Thumb Code    24  nrf_drv_uart.o(i.rx_done_event)
    i.rx_enable                              0x00005f1e   Section        0  nrf_drv_uart.o(i.rx_enable)
    rx_enable                                0x00005f1f   Thumb Code    32  nrf_drv_uart.o(i.rx_enable)
    i.set_int_enable                         0x00005f40   Section        0  inv_mpu.o(i.set_int_enable)
    set_int_enable                           0x00005f41   Thumb Code    84  inv_mpu.o(i.set_int_enable)
    i.setup_compass                          0x00005f98   Section        0  inv_mpu.o(i.setup_compass)
    setup_compass                            0x00005f99   Thumb Code   450  inv_mpu.o(i.setup_compass)
    i.tap_cb                                 0x0000617c   Section        0  main.o(i.tap_cb)
    tap_cb                                   0x0000617d   Thumb Code     2  main.o(i.tap_cb)
    i.timer_a_handler                        0x0000617e   Section        0  main.o(i.timer_a_handler)
    timer_a_handler                          0x0000617f   Thumb Code     2  main.o(i.timer_a_handler)
    i.timer_list_handler                     0x00006180   Section        0  app_timer_1.o(i.timer_list_handler)
    timer_list_handler                       0x00006181   Thumb Code   122  app_timer_1.o(i.timer_list_handler)
    i.timer_list_insert                      0x00006200   Section        0  app_timer_1.o(i.timer_list_insert)
    timer_list_insert                        0x00006201   Thumb Code    56  app_timer_1.o(i.timer_list_insert)
    i.timer_list_remove                      0x0000623c   Section        0  app_timer_1.o(i.timer_list_remove)
    timer_list_remove                        0x0000623d   Thumb Code    88  app_timer_1.o(i.timer_list_remove)
    i.timer_timeouts_check                   0x0000629c   Section        0  app_timer_1.o(i.timer_timeouts_check)
    timer_timeouts_check                     0x0000629d   Thumb Code   106  app_timer_1.o(i.timer_timeouts_check)
    i.twi_clear_bus                          0x00006310   Section        0  nrf_drv_twi.o(i.twi_clear_bus)
    twi_clear_bus                            0x00006311   Thumb Code   164  nrf_drv_twi.o(i.twi_clear_bus)
    i.twim_xfer                              0x000063b4   Section        0  nrf_drv_twi.o(i.twim_xfer)
    twim_xfer                                0x000063b5   Thumb Code   570  nrf_drv_twi.o(i.twim_xfer)
    i.tx_byte                                0x000065f4   Section        0  nrf_drv_uart.o(i.tx_byte)
    tx_byte                                  0x000065f5   Thumb Code    32  nrf_drv_uart.o(i.tx_byte)
    i.tx_done_event                          0x00006614   Section        0  nrf_drv_uart.o(i.tx_done_event)
    tx_done_event                            0x00006615   Thumb Code    28  nrf_drv_uart.o(i.tx_done_event)
    i.uart_config                            0x00006630   Section        0  main.o(i.uart_config)
    i.uart_error_handle                      0x00006680   Section        0  main.o(i.uart_error_handle)
    i.uart_event_handler                     0x00006694   Section        0  app_uart_fifo.o(i.uart_event_handler)
    uart_event_handler                       0x00006695   Thumb Code   152  app_uart_fifo.o(i.uart_event_handler)
    i.uart_event_handler                     0x00006734   Section        0  nrf_log_backend_serial.o(i.uart_event_handler)
    uart_event_handler                       0x00006735   Thumb Code    12  nrf_log_backend_serial.o(i.uart_event_handler)
    i.uart_irq_handler                       0x00006744   Section        0  nrf_drv_uart.o(i.uart_irq_handler)
    uart_irq_handler                         0x00006745   Thumb Code   286  nrf_drv_uart.o(i.uart_irq_handler)
    i.uarte_irq_handler                      0x00006862   Section        0  nrf_drv_uart.o(i.uarte_irq_handler)
    uarte_irq_handler                        0x00006863   Thumb Code   240  nrf_drv_uart.o(i.uarte_irq_handler)
    i.user_op_alloc                          0x00006954   Section        0  app_timer_1.o(i.user_op_alloc)
    user_op_alloc                            0x00006955   Thumb Code    42  app_timer_1.o(i.user_op_alloc)
    .constdata                               0x00006984   Section       32  main.o(.constdata)
    timer1                                   0x00006984   Data           4  main.o(.constdata)
    .constdata                               0x000069a4   Section       12  nrf_drv_twi.o(.constdata)
    .constdata                               0x000069b0   Section       24  nrf_drv_mpu_twi.o(.constdata)
    m_twi_instance                           0x000069b0   Data           8  nrf_drv_mpu_twi.o(.constdata)
    .constdata                               0x000069c8   Section        8  boards.o(.constdata)
    m_board_led_list                         0x000069c8   Data           4  boards.o(.constdata)
    m_board_btn_list                         0x000069cc   Data           4  boards.o(.constdata)
    .constdata                               0x000069d0   Section       32  app_uart_fifo.o(.constdata)
    .constdata                               0x000069f0   Section       32  nrf_log_backend_serial.o(.constdata)
    .constdata                               0x00006a10   Section       36  nrf_log_frontend.o(.constdata)
    .constdata                               0x00006a34   Section       47  mpl.o(.constdata)
    __func__                                 0x00006a48   Data          13  mpl.o(.constdata)
    __func__                                 0x00006a55   Data          14  mpl.o(.constdata)
    .constdata                               0x00006a63   Section     3062  inv_mpu_dmp_motion_driver.o(.constdata)
    dmp_memory                               0x00006a63   Data        3062  inv_mpu_dmp_motion_driver.o(.constdata)
    .constdata                               0x00007659   Section       42  inv_mpu.o(.constdata)
    .constdata                               0x00007684   Section       14  inv_mpu.o(.constdata)
    .constdata                               0x00007694   Section       48  inv_mpu.o(.constdata)
    .constdata                               0x000076c4   Section       32  rredf.o(.constdata)
    twooverpi                                0x000076c4   Data          32  rredf.o(.constdata)
    .conststring                             0x000076e4   Section        9  main.o(.conststring)
    .conststring                             0x000076f0   Section       11  nrf_log_frontend.o(.conststring)
    .conststring                             0x000076fc   Section       68  data_builder.o(.conststring)
    .data                                    0x20000000   Section        4  main.o(.data)
    .data                                    0x20000004   Section        9  main.o(.data)
    gyro_pdata                               0x20000004   Data           9  main.o(.data)
    .data                                    0x2000000d   Section        2  nrf_drv_mpu_twi.o(.data)
    twi_tx_done                              0x2000000d   Data           1  nrf_drv_mpu_twi.o(.data)
    twi_rx_done                              0x2000000e   Data           1  nrf_drv_mpu_twi.o(.data)
    .data                                    0x20000010   Section       20  app_timer_1.o(.data)
    m_ticks_elapsed_q_read_ind               0x20000010   Data           1  app_timer_1.o(.data)
    m_ticks_elapsed_q_write_ind              0x20000011   Data           1  app_timer_1.o(.data)
    m_rtc1_running                           0x20000012   Data           1  app_timer_1.o(.data)
    m_rtc1_reset                             0x20000013   Data           1  app_timer_1.o(.data)
    mp_timer_id_head                         0x20000014   Data           4  app_timer_1.o(.data)
    m_ticks_latest                           0x20000018   Data           4  app_timer_1.o(.data)
    m_ticks_elapsed                          0x2000001c   Data           8  app_timer_1.o(.data)
    .data                                    0x20000024   Section       16  app_uart_fifo.o(.data)
    tx_buffer                                0x20000024   Data           1  app_uart_fifo.o(.data)
    rx_buffer                                0x20000025   Data           1  app_uart_fifo.o(.data)
    m_rx_ovf                                 0x20000026   Data           1  app_uart_fifo.o(.data)
    m_event_handler                          0x20000028   Data           4  app_uart_fifo.o(.data)
    app_uart_inst                            0x2000002c   Data           8  app_uart_fifo.o(.data)
    .data                                    0x20000034   Section        4  app_util_platform.o(.data)
    m_in_critical_region                     0x20000034   Data           4  app_util_platform.o(.data)
    .data                                    0x20000038   Section        4  retarget.o(.data)
    .data                                    0x2000003c   Section       12  nrf_log_backend_serial.o(.data)
    m_initialized                            0x2000003c   Data           1  nrf_log_backend_serial.o(.data)
    m_blocking_mode                          0x2000003d   Data           1  nrf_log_backend_serial.o(.data)
    m_rx_done                                0x2000003e   Data           1  nrf_log_backend_serial.o(.data)
    m_uart                                   0x20000040   Data           8  nrf_log_backend_serial.o(.data)
    .data                                    0x20000048   Section        4  nrf_log_frontend.o(.data)
    m_overflow_info                          0x20000048   Data           4  nrf_log_frontend.o(.data)
    .data                                    0x2000004c   Section       56  inv_mpu.o(.data)
    st                                       0x2000004c   Data          56  inv_mpu.o(.data)
    .data                                    0x20000084   Section        4  system_nrf52840.o(.data)
    __tagsym$$used                           0x20000084   Number         0  system_nrf52840.o(.data)
    .data                                    0x20000088   Section        4  mvars.o(.data)
    .data                                    0x2000008c   Section        4  mvars.o(.data)
    .data                                    0x20000090   Section        4  errno.o(.data)
    _errno                                   0x20000090   Data           4  errno.o(.data)
    .bss                                     0x20000094   Section       32  main.o(.bss)
    timer1_data                              0x20000094   Data          32  main.o(.bss)
    .bss                                     0x200000b4   Section     1316  main.o(.bss)
    hal                                      0x200000b4   Data          36  main.o(.bss)
    rx_buf                                   0x200000d8   Data         256  main.o(.bss)
    tx_buf                                   0x200001d8   Data        1024  main.o(.bss)
    .bss                                     0x200005d8   Section       40  nrf_drv_twi.o(.bss)
    m_cb                                     0x200005d8   Data          40  nrf_drv_twi.o(.bss)
    .bss                                     0x20000600   Section       16  nrf_drv_mpu_twi.o(.bss)
    .bss                                     0x20000610   Section       36  nrf_drv_clock.o(.bss)
    m_clock_cb                               0x20000610   Data          36  nrf_drv_clock.o(.bss)
    .bss                                     0x20000634   Section       32  nrf_drv_uart.o(.bss)
    m_cb                                     0x20000634   Data          32  nrf_drv_uart.o(.bss)
    .bss                                     0x20000654   Section      100  app_timer_1.o(.bss)
    m_op_queue                               0x20000654   Data         100  app_timer_1.o(.bss)
    .bss                                     0x200006b8   Section       32  app_uart_fifo.o(.bss)
    m_rx_fifo                                0x200006b8   Data          16  app_uart_fifo.o(.bss)
    m_tx_fifo                                0x200006c8   Data          16  app_uart_fifo.o(.bss)
    .bss                                     0x200006d8   Section     1048  nrf_log_frontend.o(.bss)
    m_log_data                               0x200006d8   Data        1048  nrf_log_frontend.o(.bss)
    .bss                                     0x20000af0   Section      728  data_builder.o(.bss)
    inv_data_builder                         0x20000af0   Data         320  data_builder.o(.bss)
    sensors                                  0x20000c30   Data         408  data_builder.o(.bss)
    .bss                                     0x20000dc8   Section      136  results_holder.o(.bss)
    rh                                       0x20000dc8   Data         136  results_holder.o(.bss)
    .bss                                     0x20000e50   Section       84  start_manager.o(.bss)
    inv_start_cb                             0x20000e50   Data          84  start_manager.o(.bss)
    .bss                                     0x20000ea4   Section      408  storage_manager.o(.bss)
    ds                                       0x20000ea4   Data         408  storage_manager.o(.bss)
    .bss                                     0x2000103c   Section       16  inv_mpu_dmp_motion_driver.o(.bss)
    dmp                                      0x2000103c   Data          16  inv_mpu_dmp_motion_driver.o(.bss)
    .bss                                     0x2000104c   Section       40  empl_outputs.o(.bss)
    eMPL_out                                 0x2000104c   Data          40  empl_outputs.o(.bss)
    .bss                                     0x20001074   Section      108  quaternion_supervisor.o(.bss)
    inv_quat_data                            0x20001074   Data         108  quaternion_supervisor.o(.bss)
    HEAP                                     0x200010e0   Section     8192  arm_startup_nrf52840.o(HEAP)
    STACK                                    0x200030e0   Section     8192  arm_startup_nrf52840.o(STACK)

    Global Symbols

    Symbol Name                              Value     Ov Type        Size  Object(Section)

    BuildAttributes$$THM_ISAv4$E$P$D$K$B$S$7EM$VFPi3$EXTD16$VFPS$VFMA$PE$A:L22UL41UL21$X:L11$S22US41US21$IEEE1$IW$USESV6$~STKCKD$USESV7$~SHL$OTIME$ROPI$IEEEX$EBA8$MICROLIB$REQ8$PRES8$EABIv2 0x00000000   Number         0  anon$$obj.o ABSOLUTE
    __ARM_use_no_argv                        0x00000000   Number         0  main.o ABSOLUTE
    __Vectors                                0x00000000   Data           4  arm_startup_nrf52840.o(RESET)
    _printf_a                                0x00000000   Number         0  stubs.o ABSOLUTE
    _printf_c                                0x00000000   Number         0  stubs.o ABSOLUTE
    _printf_charcount                        0x00000000   Number         0  stubs.o ABSOLUTE
    _printf_d                                0x00000000   Number         0  stubs.o ABSOLUTE
    _printf_e                                0x00000000   Number         0  stubs.o ABSOLUTE
    _printf_f                                0x00000000   Number         0  stubs.o ABSOLUTE
    _printf_flags                            0x00000000   Number         0  stubs.o ABSOLUTE
    _printf_fp_dec                           0x00000000   Number         0  stubs.o ABSOLUTE
    _printf_fp_hex                           0x00000000   Number         0  stubs.o ABSOLUTE
    _printf_g                                0x00000000   Number         0  stubs.o ABSOLUTE
    _printf_i                                0x00000000   Number         0  stubs.o ABSOLUTE
    _printf_int_dec                          0x00000000   Number         0  stubs.o ABSOLUTE
    _printf_l                                0x00000000   Number         0  stubs.o ABSOLUTE
    _printf_lc                               0x00000000   Number         0  stubs.o ABSOLUTE
    _printf_ll                               0x00000000   Number         0  stubs.o ABSOLUTE
    _printf_lld                              0x00000000   Number         0  stubs.o ABSOLUTE
    _printf_lli                              0x00000000   Number         0  stubs.o ABSOLUTE
    _printf_llo                              0x00000000   Number         0  stubs.o ABSOLUTE
    _printf_llu                              0x00000000   Number         0  stubs.o ABSOLUTE
    _printf_llx                              0x00000000   Number         0  stubs.o ABSOLUTE
    _printf_longlong_dec                     0x00000000   Number         0  stubs.o ABSOLUTE
    _printf_longlong_hex                     0x00000000   Number         0  stubs.o ABSOLUTE
    _printf_longlong_oct                     0x00000000   Number         0  stubs.o ABSOLUTE
    _printf_ls                               0x00000000   Number         0  stubs.o ABSOLUTE
    _printf_mbtowc                           0x00000000   Number         0  stubs.o ABSOLUTE
    _printf_n                                0x00000000   Number         0  stubs.o ABSOLUTE
    _printf_o                                0x00000000   Number         0  stubs.o ABSOLUTE
    _printf_p                                0x00000000   Number         0  stubs.o ABSOLUTE
    _printf_percent                          0x00000000   Number         0  stubs.o ABSOLUTE
    _printf_pre_padding                      0x00000000   Number         0  stubs.o ABSOLUTE
    _printf_return_value                     0x00000000   Number         0  stubs.o ABSOLUTE
    _printf_s                                0x00000000   Number         0  stubs.o ABSOLUTE
    _printf_sizespec                         0x00000000   Number         0  stubs.o ABSOLUTE
    _printf_str                              0x00000000   Number         0  stubs.o ABSOLUTE
    _printf_truncate_signed                  0x00000000   Number         0  stubs.o ABSOLUTE
    _printf_truncate_unsigned                0x00000000   Number         0  stubs.o ABSOLUTE
    _printf_u                                0x00000000   Number         0  stubs.o ABSOLUTE
    _printf_wc                               0x00000000   Number         0  stubs.o ABSOLUTE
    _printf_wctomb                           0x00000000   Number         0  stubs.o ABSOLUTE
    _printf_widthprec                        0x00000000   Number         0  stubs.o ABSOLUTE
    _printf_x                                0x00000000   Number         0  stubs.o ABSOLUTE
    __cpp_initialize__aeabi_                  - Undefined Weak Reference
    __cxa_finalize                            - Undefined Weak Reference
    __decompress                              - Undefined Weak Reference
    _clock_init                               - Undefined Weak Reference
    _microlib_exit                            - Undefined Weak Reference
    __Vectors_End                            0x00000200   Data           0  arm_startup_nrf52840.o(RESET)
    __Vectors_Size                           0x00000200   Number         0  arm_startup_nrf52840.o ABSOLUTE
    __main                                   0x00000201   Thumb Code     0  entry.o(.ARM.Collect$$$$00000000)
    _main_stk                                0x00000201   Thumb Code     0  entry2.o(.ARM.Collect$$$$00000001)
    _main_scatterload                        0x00000205   Thumb Code     0  entry5.o(.ARM.Collect$$$$00000004)
    __main_after_scatterload                 0x00000209   Thumb Code     0  entry5.o(.ARM.Collect$$$$00000004)
    _main_clock                              0x00000209   Thumb Code     0  entry7b.o(.ARM.Collect$$$$00000008)
    _main_cpp_init                           0x00000209   Thumb Code     0  entry8b.o(.ARM.Collect$$$$0000000A)
    _main_init                               0x00000209   Thumb Code     0  entry9a.o(.ARM.Collect$$$$0000000B)
    __rt_final_cpp                           0x00000211   Thumb Code     0  entry10a.o(.ARM.Collect$$$$0000000D)
    __rt_final_exit                          0x00000211   Thumb Code     0  entry11a.o(.ARM.Collect$$$$0000000F)
    Reset_Handler                            0x00000215   Thumb Code     8  arm_startup_nrf52840.o(.text)
    NMI_Handler                              0x0000021d   Thumb Code     2  arm_startup_nrf52840.o(.text)
    HardFault_Handler                        0x0000021f   Thumb Code     2  arm_startup_nrf52840.o(.text)
    MemoryManagement_Handler                 0x00000221   Thumb Code     2  arm_startup_nrf52840.o(.text)
    BusFault_Handler                         0x00000223   Thumb Code     2  arm_startup_nrf52840.o(.text)
    UsageFault_Handler                       0x00000225   Thumb Code     2  arm_startup_nrf52840.o(.text)
    SVC_Handler                              0x00000227   Thumb Code     2  arm_startup_nrf52840.o(.text)
    DebugMon_Handler                         0x00000229   Thumb Code     2  arm_startup_nrf52840.o(.text)
    PendSV_Handler                           0x0000022b   Thumb Code     2  arm_startup_nrf52840.o(.text)
    SysTick_Handler                          0x0000022d   Thumb Code     2  arm_startup_nrf52840.o(.text)
    CCM_AAR_IRQHandler                       0x0000022f   Thumb Code     0  arm_startup_nrf52840.o(.text)
    COMP_LPCOMP_IRQHandler                   0x0000022f   Thumb Code     0  arm_startup_nrf52840.o(.text)
    CRYPTOCELL_IRQHandler                    0x0000022f   Thumb Code     0  arm_startup_nrf52840.o(.text)
    ECB_IRQHandler                           0x0000022f   Thumb Code     0  arm_startup_nrf52840.o(.text)
    FPU_IRQHandler                           0x0000022f   Thumb Code     0  arm_startup_nrf52840.o(.text)
    GPIOTE_IRQHandler                        0x0000022f   Thumb Code     0  arm_startup_nrf52840.o(.text)
    I2S_IRQHandler                           0x0000022f   Thumb Code     0  arm_startup_nrf52840.o(.text)
    MWU_IRQHandler                           0x0000022f   Thumb Code     0  arm_startup_nrf52840.o(.text)
    NFCT_IRQHandler                          0x0000022f   Thumb Code     0  arm_startup_nrf52840.o(.text)
    PDM_IRQHandler                           0x0000022f   Thumb Code     0  arm_startup_nrf52840.o(.text)
    PWM0_IRQHandler                          0x0000022f   Thumb Code     0  arm_startup_nrf52840.o(.text)
    PWM1_IRQHandler                          0x0000022f   Thumb Code     0  arm_startup_nrf52840.o(.text)
    PWM2_IRQHandler                          0x0000022f   Thumb Code     0  arm_startup_nrf52840.o(.text)
    PWM3_IRQHandler                          0x0000022f   Thumb Code     0  arm_startup_nrf52840.o(.text)
    QDEC_IRQHandler                          0x0000022f   Thumb Code     0  arm_startup_nrf52840.o(.text)
    QSPI_IRQHandler                          0x0000022f   Thumb Code     0  arm_startup_nrf52840.o(.text)
    RADIO_IRQHandler                         0x0000022f   Thumb Code     0  arm_startup_nrf52840.o(.text)
    RNG_IRQHandler                           0x0000022f   Thumb Code     0  arm_startup_nrf52840.o(.text)
    RTC0_IRQHandler                          0x0000022f   Thumb Code     0  arm_startup_nrf52840.o(.text)
    RTC2_IRQHandler                          0x0000022f   Thumb Code     0  arm_startup_nrf52840.o(.text)
    SAADC_IRQHandler                         0x0000022f   Thumb Code     0  arm_startup_nrf52840.o(.text)
    SPIM1_SPIS1_TWIM1_TWIS1_SPI1_TWI1_IRQHandler 0x0000022f   Thumb Code     0  arm_startup_nrf52840.o(.text)
    SPIM2_SPIS2_SPI2_IRQHandler              0x0000022f   Thumb Code     0  arm_startup_nrf52840.o(.text)
    SPIM3_IRQHandler                         0x0000022f   Thumb Code     0  arm_startup_nrf52840.o(.text)
    SWI1_EGU1_IRQHandler                     0x0000022f   Thumb Code     0  arm_startup_nrf52840.o(.text)
    SWI2_EGU2_IRQHandler                     0x0000022f   Thumb Code     0  arm_startup_nrf52840.o(.text)
    SWI3_EGU3_IRQHandler                     0x0000022f   Thumb Code     0  arm_startup_nrf52840.o(.text)
    SWI4_EGU4_IRQHandler                     0x0000022f   Thumb Code     0  arm_startup_nrf52840.o(.text)
    SWI5_EGU5_IRQHandler                     0x0000022f   Thumb Code     0  arm_startup_nrf52840.o(.text)
    TEMP_IRQHandler                          0x0000022f   Thumb Code     0  arm_startup_nrf52840.o(.text)
    TIMER0_IRQHandler                        0x0000022f   Thumb Code     0  arm_startup_nrf52840.o(.text)
    TIMER1_IRQHandler                        0x0000022f   Thumb Code     0  arm_startup_nrf52840.o(.text)
    TIMER2_IRQHandler                        0x0000022f   Thumb Code     0  arm_startup_nrf52840.o(.text)
    TIMER3_IRQHandler                        0x0000022f   Thumb Code     0  arm_startup_nrf52840.o(.text)
    TIMER4_IRQHandler                        0x0000022f   Thumb Code     0  arm_startup_nrf52840.o(.text)
    UARTE1_IRQHandler                        0x0000022f   Thumb Code     0  arm_startup_nrf52840.o(.text)
    USBD_IRQHandler                          0x0000022f   Thumb Code     0  arm_startup_nrf52840.o(.text)
    WDT_IRQHandler                           0x0000022f   Thumb Code     0  arm_startup_nrf52840.o(.text)
    inv_generate_gyro_quaternion             0x000005f1   Thumb Code   348  quaternion_supervisor.o(.text)
    inv_set_quaternion                       0x00000903   Thumb Code    36  quaternion_supervisor.o(.text)
    inv_generate_accel_gyro_quaternion       0x00000927   Thumb Code   468  quaternion_supervisor.o(.text)
    inv_stop_quaternion                      0x00000b3f   Thumb Code     6  quaternion_supervisor.o(.text)
    inv_init_quaternion                      0x00000b45   Thumb Code    34  quaternion_supervisor.o(.text)
    inv_start_quaternion                     0x00000b67   Thumb Code    34  quaternion_supervisor.o(.text)
    inv_enable_quaternion                    0x00000b89   Thumb Code    24  quaternion_supervisor.o(.text)
    inv_disable_quaternion                   0x00000ba1   Thumb Code    20  quaternion_supervisor.o(.text)
    __aeabi_lasr                             0x00000bcd   Thumb Code    36  llsshr.o(.text)
    _ll_sshift_r                             0x00000bcd   Thumb Code     0  llsshr.o(.text)
    ___aeabi_memcpy8$move                    0x00000bf1   Thumb Code     0  memmovea.o(.text)
    __aeabi_memcpy                           0x00000bf1   Thumb Code    64  memmovea.o(.text)
    __aeabi_memcpy4                          0x00000bf1   Thumb Code     0  memmovea.o(.text)
    __aeabi_memmove                          0x00000bf1   Thumb Code     0  memmovea.o(.text)
    __aeabi_memmove4                         0x00000bf1   Thumb Code     0  memmovea.o(.text)
    __aeabi_memmove8                         0x00000bf1   Thumb Code     0  memmovea.o(.text)
    __aeabi_memset                           0x00000c31   Thumb Code    14  memseta.o(.text)
    __aeabi_memset4                          0x00000c31   Thumb Code     0  memseta.o(.text)
    __aeabi_memset8                          0x00000c31   Thumb Code     0  memseta.o(.text)
    __aeabi_memclr                           0x00000c3f   Thumb Code     4  memseta.o(.text)
    __aeabi_memclr4                          0x00000c3f   Thumb Code     0  memseta.o(.text)
    __aeabi_memclr8                          0x00000c3f   Thumb Code     0  memseta.o(.text)
    _memset$wrapper                          0x00000c43   Thumb Code    18  memseta.o(.text)
    strlen                                   0x00000c55   Thumb Code    14  strlen.o(.text)
    memcmp                                   0x00000c63   Thumb Code    26  memcmp.o(.text)
    __aeabi_dadd                             0x00000c7d   Thumb Code   322  dadd.o(.text)
    __aeabi_dsub                             0x00000dbf   Thumb Code     6  dadd.o(.text)
    __aeabi_drsub                            0x00000dc5   Thumb Code     6  dadd.o(.text)
    __aeabi_dmul                             0x00000dcb   Thumb Code   228  dmul.o(.text)
    __aeabi_ddiv                             0x00000eaf   Thumb Code   222  ddiv.o(.text)
    __aeabi_d2iz                             0x00000f8d   Thumb Code    62  dfixi.o(.text)
    __aeabi_f2d                              0x00000fcb   Thumb Code    38  f2d.o(.text)
    __aeabi_cdrcmple                         0x00000ff1   Thumb Code    48  cdrcmple.o(.text)
    __aeabi_uidiv                            0x00001021   Thumb Code     0  uidiv.o(.text)
    __aeabi_uidivmod                         0x00001021   Thumb Code    44  uidiv.o(.text)
    __aeabi_uldivmod                         0x0000104d   Thumb Code    98  uldiv.o(.text)
    __aeabi_llsl                             0x000010af   Thumb Code    30  llshl.o(.text)
    _ll_shift_l                              0x000010af   Thumb Code     0  llshl.o(.text)
    __aeabi_llsr                             0x000010cd   Thumb Code    32  llushr.o(.text)
    _ll_ushift_r                             0x000010cd   Thumb Code     0  llushr.o(.text)
    __I$use$fp                               0x000010ed   Thumb Code     0  iusefp.o(.text)
    _double_round                            0x000010ed   Thumb Code    30  depilogue.o(.text)
    _double_epilogue                         0x0000110b   Thumb Code   156  depilogue.o(.text)
    __aeabi_d2ulz                            0x000011a7   Thumb Code    48  dfixul.o(.text)
    __scatterload                            0x000011d9   Thumb Code    28  init.o(.text)
    __scatterload_rt2                        0x000011d9   Thumb Code     0  init.o(.text)
    POWER_CLOCK_IRQHandler                   0x00001261   Thumb Code   180  nrf_drv_clock.o(i.POWER_CLOCK_IRQHandler)
    RTC1_IRQHandler                          0x00001319   Thumb Code    32  app_timer_1.o(i.RTC1_IRQHandler)
    SPIM0_SPIS0_TWIM0_TWIS0_SPI0_TWI0_IRQHandler 0x0000133d   Thumb Code     8  nrf_drv_twi.o(i.SPIM0_SPIS0_TWIM0_TWIS0_SPI0_TWI0_IRQHandler)
    SWI0_EGU0_IRQHandler                     0x0000134d   Thumb Code     4  app_timer_1.o(i.SWI0_EGU0_IRQHandler)
    SystemInit                               0x00001351   Thumb Code   432  system_nrf52840.o(i.SystemInit)
    UARTE0_UART0_IRQHandler                  0x00001539   Thumb Code    20  nrf_drv_uart.o(i.UARTE0_UART0_IRQHandler)
    _MLPrintLog                              0x00001555   Thumb Code   152  nrf_drv_inv_dmp.o(i._MLPrintLog)
    __0printf                                0x000015f9   Thumb Code    22  printfa.o(i.__0printf)
    __1printf                                0x000015f9   Thumb Code     0  printfa.o(i.__0printf)
    __2printf                                0x000015f9   Thumb Code     0  printfa.o(i.__0printf)
    __c89printf                              0x000015f9   Thumb Code     0  printfa.o(i.__0printf)
    printf                                   0x000015f9   Thumb Code     0  printfa.o(i.__0printf)
    __0vsprintf                              0x00001619   Thumb Code    30  printfa.o(i.__0vsprintf)
    __1vsprintf                              0x00001619   Thumb Code     0  printfa.o(i.__0vsprintf)
    __2vsprintf                              0x00001619   Thumb Code     0  printfa.o(i.__0vsprintf)
    __c89vsprintf                            0x00001619   Thumb Code     0  printfa.o(i.__0vsprintf)
    vsprintf                                 0x00001619   Thumb Code     0  printfa.o(i.__0vsprintf)
    __ARM_fpclassifyf                        0x0000163d   Thumb Code    38  fpclassifyf.o(i.__ARM_fpclassifyf)
    __hardfp_cosf                            0x00001665   Thumb Code   280  cosf.o(i.__hardfp_cosf)
    __hardfp_sinf                            0x000017b5   Thumb Code   344  sinf.o(i.__hardfp_sinf)
    __hardfp_sqrtf                           0x00001945   Thumb Code    58  sqrtf.o(i.__hardfp_sqrtf)
    __mathlib_flt_infnan                     0x0000197f   Thumb Code     6  funder.o(i.__mathlib_flt_infnan)
    __mathlib_flt_invalid                    0x00001985   Thumb Code    10  funder.o(i.__mathlib_flt_invalid)
    __mathlib_flt_underflow                  0x00001995   Thumb Code    10  funder.o(i.__mathlib_flt_underflow)
    __mathlib_rredf2                         0x000019a5   Thumb Code   316  rredf.o(i.__mathlib_rredf2)
    __scatterload_copy                       0x00001b29   Thumb Code    14  handlers.o(i.__scatterload_copy)
    __scatterload_null                       0x00001b37   Thumb Code     2  handlers.o(i.__scatterload_null)
    __scatterload_zeroinit                   0x00001b39   Thumb Code    14  handlers.o(i.__scatterload_zeroinit)
    __set_errno                              0x00001b49   Thumb Code     6  errno.o(i.__set_errno)
    app_error_fault_handler                  0x00002415   Thumb Code    54  app_error_weak.o(i.app_error_fault_handler)
    app_error_handler_bare                   0x00002481   Thumb Code    22  app_error.o(i.app_error_handler_bare)
    app_fifo_get                             0x00002497   Thumb Code    22  app_fifo.o(i.app_fifo_get)
    app_fifo_init                            0x000024ad   Thumb Code    32  app_fifo.o(i.app_fifo_init)
    app_fifo_put                             0x000024cd   Thumb Code    26  app_fifo.o(i.app_fifo_put)
    app_timer_cnt_get                        0x000024e9   Thumb Code     6  app_timer_1.o(i.app_timer_cnt_get)
    app_timer_create                         0x000024f5   Thumb Code    32  app_timer_1.o(i.app_timer_create)
    app_timer_init                           0x00002519   Thumb Code    70  app_timer_1.o(i.app_timer_init)
    app_timer_start                          0x0000256d   Thumb Code   120  app_timer_1.o(i.app_timer_start)
    app_uart_init                            0x000025ed   Thumb Code   164  app_uart_fifo.o(i.app_uart_init)
    app_uart_put                             0x000026a1   Thumb Code    52  app_uart_fifo.o(i.app_uart_put)
    app_util_critical_region_enter           0x000026dd   Thumb Code     4  app_util_platform.o(i.app_util_critical_region_enter)
    app_util_critical_region_exit            0x000026e1   Thumb Code     4  app_util_platform.o(i.app_util_critical_region_exit)
    app_util_disable_irq                     0x000026e5   Thumb Code    12  app_util_platform.o(i.app_util_disable_irq)
    app_util_enable_irq                      0x000026f5   Thumb Code    14  app_util_platform.o(i.app_util_enable_irq)
    bsp_board_led_off                        0x000027b1   Thumb Code    10  boards.o(i.bsp_board_led_off)
    bsp_board_leds_init                      0x000027c1   Thumb Code    38  boards.o(i.bsp_board_leds_init)
    bsp_board_leds_off                       0x000027ed   Thumb Code    18  boards.o(i.bsp_board_leds_off)
    buffer_is_empty                          0x00002861   Thumb Code    16  nrf_log_frontend.o(i.buffer_is_empty)
    dmp_enable_6x_lp_quat                    0x000029bd   Thumb Code    58  inv_mpu_dmp_motion_driver.o(i.dmp_enable_6x_lp_quat)
    dmp_enable_feature                       0x000029f9   Thumb Code   464  inv_mpu_dmp_motion_driver.o(i.dmp_enable_feature)
    dmp_enable_gyro_cal                      0x00002bd1   Thumb Code    34  inv_mpu_dmp_motion_driver.o(i.dmp_enable_gyro_cal)
    dmp_enable_lp_quat                       0x00002c0d   Thumb Code    58  inv_mpu_dmp_motion_driver.o(i.dmp_enable_lp_quat)
    dmp_load_motion_driver_firmware          0x00002c49   Thumb Code    16  inv_mpu_dmp_motion_driver.o(i.dmp_load_motion_driver_firmware)
    dmp_register_android_orient_cb           0x00002c5d   Thumb Code     8  inv_mpu_dmp_motion_driver.o(i.dmp_register_android_orient_cb)
    dmp_register_tap_cb                      0x00002c69   Thumb Code     8  inv_mpu_dmp_motion_driver.o(i.dmp_register_tap_cb)
    dmp_set_fifo_rate                        0x00002c75   Thumb Code    82  inv_mpu_dmp_motion_driver.o(i.dmp_set_fifo_rate)
    dmp_set_orientation                      0x00002cd9   Thumb Code   246  inv_mpu_dmp_motion_driver.o(i.dmp_set_orientation)
    dmp_set_shake_reject_thresh              0x00002de5   Thumb Code    48  inv_mpu_dmp_motion_driver.o(i.dmp_set_shake_reject_thresh)
    dmp_set_shake_reject_time                0x00002e15   Thumb Code    32  inv_mpu_dmp_motion_driver.o(i.dmp_set_shake_reject_time)
    dmp_set_shake_reject_timeout             0x00002e35   Thumb Code    32  inv_mpu_dmp_motion_driver.o(i.dmp_set_shake_reject_timeout)
    dmp_set_tap_axes                         0x00002e55   Thumb Code    64  inv_mpu_dmp_motion_driver.o(i.dmp_set_tap_axes)
    dmp_set_tap_count                        0x00002e95   Thumb Code    34  inv_mpu_dmp_motion_driver.o(i.dmp_set_tap_count)
    dmp_set_tap_thresh                       0x00002eb9   Thumb Code   314  inv_mpu_dmp_motion_driver.o(i.dmp_set_tap_thresh)
    dmp_set_tap_time                         0x00003019   Thumb Code    32  inv_mpu_dmp_motion_driver.o(i.dmp_set_tap_time)
    dmp_set_tap_time_multi                   0x00003039   Thumb Code    32  inv_mpu_dmp_motion_driver.o(i.dmp_set_tap_time_multi)
    fputc                                    0x000030bf   Thumb Code    14  retarget.o(i.fputc)
    free                                     0x000030cd   Thumb Code    76  malloc.o(i.free)
    i2c_write_porting                        0x0000313d   Thumb Code   102  nrf_drv_mpu_twi.o(i.i2c_write_porting)
    inv_convert_to_body_with_scale           0x00003239   Thumb Code    92  ml_math_func.o(i.inv_convert_to_body_with_scale)
    inv_enable_eMPL_outputs                  0x000032e5   Thumb Code    20  empl_outputs.o(i.inv_enable_eMPL_outputs)
    inv_enable_results_holder                0x00003301   Thumb Code    22  results_holder.o(i.inv_enable_results_holder)
    inv_execute_mpl_start_notification       0x0000331d   Thumb Code    38  start_manager.o(i.inv_execute_mpl_start_notification)
    inv_generate_results                     0x000033ed   Thumb Code    10  results_holder.o(i.inv_generate_results)
    inv_get_accel_accuracy                   0x000033fd   Thumb Code     6  data_builder.o(i.inv_get_accel_accuracy)
    inv_get_accel_on                         0x00003409   Thumb Code    12  data_builder.o(i.inv_get_accel_on)
    inv_get_accel_set                        0x00003419   Thumb Code    34  data_builder.o(i.inv_get_accel_set)
    inv_get_compass_on                       0x00003441   Thumb Code    12  data_builder.o(i.inv_get_compass_on)
    inv_get_gravity                          0x00003451   Thumb Code    80  results_holder.o(i.inv_get_gravity)
    inv_get_gyro_accuracy                    0x000034a5   Thumb Code     6  data_builder.o(i.inv_get_gyro_accuracy)
    inv_get_gyro_bias                        0x000034b1   Thumb Code    26  data_builder.o(i.inv_get_gyro_bias)
    inv_get_gyro_on                          0x000034d5   Thumb Code    10  data_builder.o(i.inv_get_gyro_on)
    inv_get_last_timestamp                   0x000034e5   Thumb Code    66  data_builder.o(i.inv_get_last_timestamp)
    inv_get_linear_accel                     0x0000352d   Thumb Code    58  results_holder.o(i.inv_get_linear_accel)
    inv_get_mag_accuracy                     0x00003569   Thumb Code    20  data_builder.o(i.inv_get_mag_accuracy)
    inv_get_quaternion                       0x00003585   Thumb Code    48  results_holder.o(i.inv_get_quaternion)
    inv_get_quaternion_set                   0x000035b9   Thumb Code    56  results_holder.o(i.inv_get_quaternion_set)
    inv_get_sensor_type_quat                 0x000035f1   Thumb Code    24  empl_outputs.o(i.inv_get_sensor_type_quat)
    inv_init_data_builder                    0x0000360d   Thumb Code    44  data_builder.o(i.inv_init_data_builder)
    inv_init_mpl                             0x00003649   Thumb Code    94  mpl.o(i.inv_init_mpl)
    inv_init_results_holder                  0x000036d1   Thumb Code    40  results_holder.o(i.inv_init_results_holder)
    inv_init_start_manager                   0x00003701   Thumb Code    14  start_manager.o(i.inv_init_start_manager)
    inv_init_storage_manager                 0x00003715   Thumb Code    20  storage_manager.o(i.inv_init_storage_manager)
    inv_orientation_matrix_to_scalar         0x0000372d   Thumb Code    34  ml_math_func.o(i.inv_orientation_matrix_to_scalar)
    inv_q29_mult                             0x0000374f   Thumb Code    12  ml_math_func.o(i.inv_q29_mult)
    inv_q30_mult                             0x0000375b   Thumb Code    12  ml_math_func.o(i.inv_q30_mult)
    inv_q_add                                0x00003767   Thumb Code    36  ml_math_func.o(i.inv_q_add)
    inv_q_addf                               0x0000378b   Thumb Code    66  ml_math_func.o(i.inv_q_addf)
    inv_q_invert                             0x000037cd   Thumb Code    24  ml_math_func.o(i.inv_q_invert)
    inv_q_invertf                            0x000037e5   Thumb Code    46  ml_math_func.o(i.inv_q_invertf)
    inv_q_mult                               0x00003813   Thumb Code   176  ml_math_func.o(i.inv_q_mult)
    inv_q_multf                              0x000038c3   Thumb Code   210  ml_math_func.o(i.inv_q_multf)
    inv_q_norm4                              0x00003995   Thumb Code   126  ml_math_func.o(i.inv_q_norm4)
    inv_q_rotate                             0x00003a19   Thumb Code    62  ml_math_func.o(i.inv_q_rotate)
    inv_register_data_cb                     0x00003a59   Thumb Code   150  data_builder.o(i.inv_register_data_cb)
    inv_register_load_store                  0x00003afd   Thumb Code   102  storage_manager.o(i.inv_register_load_store)
    inv_register_mpl_start_notification      0x00003b69   Thumb Code    28  start_manager.o(i.inv_register_mpl_start_notification)
    inv_reset_compass_soft_iron_matrix       0x00003b89   Thumb Code    70  data_builder.o(i.inv_reset_compass_soft_iron_matrix)
    inv_set_compass_bias_found               0x00003c25   Thumb Code     6  results_holder.o(i.inv_set_compass_bias_found)
    inv_set_quat_sample_rate                 0x00003c31   Thumb Code    20  data_builder.o(i.inv_set_quat_sample_rate)
    inv_start_mpl                            0x00003c59   Thumb Code    34  mpl.o(i.inv_start_mpl)
    inv_start_results_holder                 0x00003ca5   Thumb Code    18  results_holder.o(i.inv_start_results_holder)
    inv_store_gaming_quaternion              0x00003cbd   Thumb Code    28  results_holder.o(i.inv_store_gaming_quaternion)
    inv_unregister_data_cb                   0x00003cdd   Thumb Code    72  data_builder.o(i.inv_unregister_data_cb)
    inv_unregister_mpl_start_notification    0x00003d29   Thumb Code    68  start_manager.o(i.inv_unregister_mpl_start_notification)
    magn_setup                               0x00003fcd   Thumb Code    36  main.o(i.magn_setup)
    main                                     0x00003ff1   Thumb Code   338  main.o(i.main)
    malloc                                   0x0000428d   Thumb Code    92  malloc.o(i.malloc)
    millis                                   0x000042f9   Thumb Code    30  nrf_drv_inv_dmp.o(i.millis)
    mpu_config                               0x00004317   Thumb Code    10  app_mpu.o(i.mpu_config)
    mpu_configure_fifo                       0x00004321   Thumb Code    78  inv_mpu.o(i.mpu_configure_fifo)
    mpu_get_accel_fsr                        0x00004375   Thumb Code    54  inv_mpu.o(i.mpu_get_accel_fsr)
    mpu_init                                 0x000043b1   Thumb Code    36  app_mpu.o(i.mpu_init)
    mpu_init_inv                             0x000043d5   Thumb Code   212  inv_mpu.o(i.mpu_init_inv)
    mpu_int_cfg_pin                          0x000044ad   Thumb Code     8  app_mpu.o(i.mpu_int_cfg_pin)
    mpu_load_firmware                        0x000044b5   Thumb Code   186  inv_mpu.o(i.mpu_load_firmware)
    mpu_lp_accel_mode                        0x0000459d   Thumb Code   232  inv_mpu.o(i.mpu_lp_accel_mode)
    mpu_magnetometer_init                    0x00004689   Thumb Code    46  app_mpu.o(i.mpu_magnetometer_init)
    mpu_read_mem                             0x000046b9   Thumb Code    80  inv_mpu.o(i.mpu_read_mem)
    mpu_reset_fifo                           0x0000470d   Thumb Code   346  inv_mpu.o(i.mpu_reset_fifo)
    mpu_set_accel_fsr                        0x0000486d   Thumb Code    98  inv_mpu.o(i.mpu_set_accel_fsr)
    mpu_set_bypass                           0x000048d5   Thumb Code   214  inv_mpu.o(i.mpu_set_bypass)
    mpu_set_compass_sample_rate              0x000049b1   Thumb Code    72  inv_mpu.o(i.mpu_set_compass_sample_rate)
    mpu_set_dmp_state                        0x000049fd   Thumb Code   114  inv_mpu.o(i.mpu_set_dmp_state)
    mpu_set_gyro_fsr                         0x00004a75   Thumb Code   104  inv_mpu.o(i.mpu_set_gyro_fsr)
    mpu_set_int_latched                      0x00004ae1   Thumb Code    94  inv_mpu.o(i.mpu_set_int_latched)
    mpu_set_lpf                              0x00004b45   Thumb Code   132  inv_mpu.o(i.mpu_set_lpf)
    mpu_set_sample_rate                      0x00004bcd   Thumb Code   138  inv_mpu.o(i.mpu_set_sample_rate)
    mpu_set_sensors                          0x00004c5d   Thumb Code   304  inv_mpu.o(i.mpu_set_sensors)
    mpu_setup                                0x00004d91   Thumb Code    80  main.o(i.mpu_setup)
    mpu_twi_read_test                        0x00004e15   Thumb Code   100  nrf_drv_mpu_twi.o(i.mpu_twi_read_test)
    mpu_write_mem                            0x00004e81   Thumb Code   102  inv_mpu.o(i.mpu_write_mem)
    nrf_drv_clock_hfclk_release              0x00005165   Thumb Code    34  nrf_drv_clock.o(i.nrf_drv_clock_hfclk_release)
    nrf_drv_clock_hfclk_request              0x0000518d   Thumb Code    82  nrf_drv_clock.o(i.nrf_drv_clock_hfclk_request)
    nrf_drv_clock_init                       0x000051e5   Thumb Code    66  nrf_drv_clock.o(i.nrf_drv_clock_init)
    nrf_drv_clock_lfclk_request              0x00005231   Thumb Code    86  nrf_drv_clock.o(i.nrf_drv_clock_lfclk_request)
    nrf_drv_common_irq_enable                0x000052a7   Thumb Code    56  nrf_drv_common.o(i.nrf_drv_common_irq_enable)
    nrf_drv_mpu_init                         0x00005305   Thumb Code    42  nrf_drv_mpu_twi.o(i.nrf_drv_mpu_init)
    nrf_drv_mpu_read_registers               0x00005339   Thumb Code    98  nrf_drv_mpu_twi.o(i.nrf_drv_mpu_read_registers)
    nrf_drv_mpu_write_magnetometer_register  0x000053cd   Thumb Code    54  nrf_drv_mpu_twi.o(i.nrf_drv_mpu_write_magnetometer_register)
    nrf_drv_mpu_write_registers              0x0000540d   Thumb Code    72  nrf_drv_mpu_twi.o(i.nrf_drv_mpu_write_registers)
    nrf_drv_mpu_write_single_register        0x00005461   Thumb Code    54  nrf_drv_mpu_twi.o(i.nrf_drv_mpu_write_single_register)
    nrf_drv_twi_enable                       0x000054a1   Thumb Code    28  nrf_drv_twi.o(i.nrf_drv_twi_enable)
    nrf_drv_twi_init                         0x000054c1   Thumb Code   134  nrf_drv_twi.o(i.nrf_drv_twi_init)
    nrf_drv_twi_rx                           0x0000554d   Thumb Code    32  nrf_drv_twi.o(i.nrf_drv_twi_rx)
    nrf_drv_twi_tx                           0x00005571   Thumb Code    36  nrf_drv_twi.o(i.nrf_drv_twi_tx)
    nrf_drv_twi_xfer                         0x00005595   Thumb Code    30  nrf_drv_twi.o(i.nrf_drv_twi_xfer)
    nrf_drv_uart_init                        0x000055b9   Thumb Code    98  nrf_drv_uart.o(i.nrf_drv_uart_init)
    nrf_drv_uart_rx                          0x00005621   Thumb Code   170  nrf_drv_uart.o(i.nrf_drv_uart_rx)
    nrf_drv_uart_rx_enable                   0x000056d1   Thumb Code    42  nrf_drv_uart.o(i.nrf_drv_uart_rx_enable)
    nrf_drv_uart_tx                          0x00005859   Thumb Code   262  nrf_drv_uart.o(i.nrf_drv_uart_tx)
    nrf_drv_uart_tx_in_progress              0x00005965   Thumb Code    18  nrf_drv_uart.o(i.nrf_drv_uart_tx_in_progress)
    nrf_drv_uart_uninit                      0x0000597d   Thumb Code    74  nrf_drv_uart.o(i.nrf_drv_uart_uninit)
    nrf_log_backend_init                     0x00005b25   Thumb Code   100  nrf_log_backend_serial.o(i.nrf_log_backend_init)
    nrf_log_blocking_backend_set             0x00005b95   Thumb Code     6  nrf_log_frontend.o(i.nrf_log_blocking_backend_set)
    nrf_log_frontend_dequeue                 0x00005b9d   Thumb Code   298  nrf_log_frontend.o(i.nrf_log_frontend_dequeue)
    nrf_log_frontend_std_0                   0x00005ccd   Thumb Code    68  nrf_log_frontend.o(i.nrf_log_frontend_std_0)
    nrf_log_frontend_std_1                   0x00005d19   Thumb Code    80  nrf_log_frontend.o(i.nrf_log_frontend_std_1)
    nrf_log_push                             0x00005d71   Thumb Code    90  nrf_log_frontend.o(i.nrf_log_push)
    uart_config                              0x00006631   Thumb Code    62  main.o(i.uart_config)
    uart_error_handle                        0x00006681   Thumb Code    18  main.o(i.uart_error_handle)
    ml_ver                                   0x00006a34   Data          20  mpl.o(.constdata)
    reg                                      0x00007659   Data          42  inv_mpu.o(.constdata)
    hw                                       0x00007684   Data          14  inv_mpu.o(.constdata)
    test                                     0x00007694   Data          48  inv_mpu.o(.constdata)
    Region$$Table$$Base                      0x00007740   Number         0  anon$$obj.o(Region$$Table)
    Region$$Table$$Limit                     0x00007760   Number         0  anon$$obj.o(Region$$Table)
    mpl_key                                  0x20000000   Data           4  main.o(.data)
    __stdout                                 0x20000038   Data           4  retarget.o(.data)
    SystemCoreClock                          0x20000084   Data           4  system_nrf52840.o(.data)
    __microlib_freelist                      0x20000088   Data           4  mvars.o(.data)
    __microlib_freelist_initialised          0x2000008c   Data           4  mvars.o(.data)
    twi_tx_buffer                            0x20000600   Data          16  nrf_drv_mpu_twi.o(.bss)
    __heap_base                              0x200010e0   Data           0  arm_startup_nrf52840.o(HEAP)
    __heap_limit                             0x200030e0   Data           0  arm_startup_nrf52840.o(HEAP)
    __initial_sp                             0x200050e0   Data           0  arm_startup_nrf52840.o(STACK)



==============================================================================

Memory Map of the image

  Image Entry point : 0x00000201

  Load Region LR_IROM1 (Base: 0x00000000, Size: 0x000077f4, Max: 0x00100000, ABSOLUTE)

    Execution Region ER_IROM1 (Base: 0x00000000, Size: 0x00007760, Max: 0x00100000, ABSOLUTE)

    Base Addr    Size         Type   Attr      Idx    E Section Name        Object

    0x00000000   0x00000200   Data   RO         4138    RESET               arm_startup_nrf52840.o
    0x00000200   0x00000000   Code   RO         4457  * .ARM.Collect$$$$00000000  mc_w.l(entry.o)
    0x00000200   0x00000004   Code   RO         4865    .ARM.Collect$$$$00000001  mc_w.l(entry2.o)
    0x00000204   0x00000004   Code   RO         4868    .ARM.Collect$$$$00000004  mc_w.l(entry5.o)
    0x00000208   0x00000000   Code   RO         4870    .ARM.Collect$$$$00000008  mc_w.l(entry7b.o)
    0x00000208   0x00000000   Code   RO         4872    .ARM.Collect$$$$0000000A  mc_w.l(entry8b.o)
    0x00000208   0x00000008   Code   RO         4873    .ARM.Collect$$$$0000000B  mc_w.l(entry9a.o)
    0x00000210   0x00000000   Code   RO         4875    .ARM.Collect$$$$0000000D  mc_w.l(entry10a.o)
    0x00000210   0x00000000   Code   RO         4877    .ARM.Collect$$$$0000000F  mc_w.l(entry11a.o)
    0x00000210   0x00000004   Code   RO         4866    .ARM.Collect$$$$00002712  mc_w.l(entry2.o)
    0x00000214   0x00000024   Code   RO         4139    .text               arm_startup_nrf52840.o
    0x00000238   0x00000994   Code   RO         4179    .text               libmpllib.lib(quaternion_supervisor.o)
    0x00000bcc   0x00000024   Code   RO         4462    .text               mc_w.l(llsshr.o)
    0x00000bf0   0x00000040   Code   RO         4494    .text               mc_w.l(memmovea.o)
    0x00000c30   0x00000024   Code   RO         4496    .text               mc_w.l(memseta.o)
    0x00000c54   0x0000000e   Code   RO         4498    .text               mc_w.l(strlen.o)
    0x00000c62   0x0000001a   Code   RO         4500    .text               mc_w.l(memcmp.o)
    0x00000c7c   0x0000014e   Code   RO         4797    .text               mf_w.l(dadd.o)
    0x00000dca   0x000000e4   Code   RO         4799    .text               mf_w.l(dmul.o)
    0x00000eae   0x000000de   Code   RO         4801    .text               mf_w.l(ddiv.o)
    0x00000f8c   0x0000003e   Code   RO         4805    .text               mf_w.l(dfixi.o)
    0x00000fca   0x00000026   Code   RO         4807    .text               mf_w.l(f2d.o)
    0x00000ff0   0x00000030   Code   RO         4811    .text               mf_w.l(cdrcmple.o)
    0x00001020   0x0000002c   Code   RO         4879    .text               mc_w.l(uidiv.o)
    0x0000104c   0x00000062   Code   RO         4881    .text               mc_w.l(uldiv.o)
    0x000010ae   0x0000001e   Code   RO         4883    .text               mc_w.l(llshl.o)
    0x000010cc   0x00000020   Code   RO         4885    .text               mc_w.l(llushr.o)
    0x000010ec   0x00000000   Code   RO         4896    .text               mc_w.l(iusefp.o)
    0x000010ec   0x000000ba   Code   RO         4897    .text               mf_w.l(depilogue.o)
    0x000011a6   0x00000030   Code   RO         4905    .text               mf_w.l(dfixul.o)
    0x000011d6   0x00000002   PAD
    0x000011d8   0x00000024   Code   RO         4907    .text               mc_w.l(init.o)
    0x000011fc   0x00000016   Code   RO         1319    i.NVIC_ClearPendingIRQ  app_timer_1.o
    0x00001212   0x00000016   Code   RO         1320    i.NVIC_EnableIRQ    app_timer_1.o
    0x00001228   0x00000016   Code   RO         1321    i.NVIC_SetPendingIRQ  app_timer_1.o
    0x0000123e   0x00000020   Code   RO         1322    i.NVIC_SetPriority  app_timer_1.o
    0x0000125e   0x00000002   PAD
    0x00001260   0x000000b8   Code   RO          880    i.POWER_CLOCK_IRQHandler  nrf_drv_clock.o
    0x00001318   0x00000024   Code   RO         1323    i.RTC1_IRQHandler   app_timer_1.o
    0x0000133c   0x00000010   Code   RO          295    i.SPIM0_SPIS0_TWIM0_TWIS0_SPI0_TWI0_IRQHandler  nrf_drv_twi.o
    0x0000134c   0x00000004   Code   RO         1324    i.SWI0_EGU0_IRQHandler  app_timer_1.o
    0x00001350   0x000001e8   Code   RO         4147    i.SystemInit        system_nrf52840.o
    0x00001538   0x0000001c   Code   RO         1078    i.UARTE0_UART0_IRQHandler  nrf_drv_uart.o
    0x00001554   0x000000a4   Code   RO          702    i._MLPrintLog       nrf_drv_inv_dmp.o
    0x000015f8   0x00000020   Code   RO         4741    i.__0printf         mc_w.l(printfa.o)
    0x00001618   0x00000024   Code   RO         4747    i.__0vsprintf       mc_w.l(printfa.o)
    0x0000163c   0x00000026   Code   RO         4832    i.__ARM_fpclassifyf  m_wm.l(fpclassifyf.o)
    0x00001662   0x00000002   PAD
    0x00001664   0x00000150   Code   RO         4357    i.__hardfp_cosf     m_wm.l(cosf.o)
    0x000017b4   0x00000190   Code   RO         4421    i.__hardfp_sinf     m_wm.l(sinf.o)
    0x00001944   0x0000003a   Code   RO         4445    i.__hardfp_sqrtf    m_wm.l(sqrtf.o)
    0x0000197e   0x00000006   Code   RO         4835    i.__mathlib_flt_infnan  m_wm.l(funder.o)
    0x00001984   0x00000010   Code   RO         4837    i.__mathlib_flt_invalid  m_wm.l(funder.o)
    0x00001994   0x00000010   Code   RO         4840    i.__mathlib_flt_underflow  m_wm.l(funder.o)
    0x000019a4   0x00000154   Code   RO         4856    i.__mathlib_rredf2  m_wm.l(rredf.o)
    0x00001af8   0x00000030   Code   RO         3189    i.__print_result_location  mpl.o
    0x00001b28   0x0000000e   Code   RO         4913    i.__scatterload_copy  mc_w.l(handlers.o)
    0x00001b36   0x00000002   Code   RO         4914    i.__scatterload_null  mc_w.l(handlers.o)
    0x00001b38   0x0000000e   Code   RO         4915    i.__scatterload_zeroinit  mc_w.l(handlers.o)
    0x00001b46   0x00000002   PAD
    0x00001b48   0x0000000c   Code   RO         4891    i.__set_errno       mc_w.l(errno.o)
    0x00001b54   0x00000184   Code   RO         4748    i._fp_digits        mc_w.l(printfa.o)
    0x00001cd8   0x000006dc   Code   RO         4749    i._printf_core      mc_w.l(printfa.o)
    0x000023b4   0x00000024   Code   RO         4750    i._printf_post_padding  mc_w.l(printfa.o)
    0x000023d8   0x0000002e   Code   RO         4751    i._printf_pre_padding  mc_w.l(printfa.o)
    0x00002406   0x0000000a   Code   RO         4753    i._sputc            mc_w.l(printfa.o)
    0x00002410   0x00000002   Code   RO            4    i.android_orient_cb  main.o
    0x00002412   0x00000002   PAD
    0x00002414   0x0000006c   Code   RO         1528    i.app_error_fault_handler  app_error_weak.o
    0x00002480   0x00000016   Code   RO         1489    i.app_error_handler_bare  app_error.o
    0x00002496   0x00000016   Code   RO         1557    i.app_fifo_get      app_fifo.o
    0x000024ac   0x00000020   Code   RO         1558    i.app_fifo_init     app_fifo.o
    0x000024cc   0x0000001a   Code   RO         1560    i.app_fifo_put      app_fifo.o
    0x000024e6   0x00000002   PAD
    0x000024e8   0x0000000c   Code   RO         1326    i.app_timer_cnt_get  app_timer_1.o
    0x000024f4   0x00000024   Code   RO         1327    i.app_timer_create  app_timer_1.o
    0x00002518   0x00000054   Code   RO         1328    i.app_timer_init    app_timer_1.o
    0x0000256c   0x00000080   Code   RO         1331    i.app_timer_start   app_timer_1.o
    0x000025ec   0x000000b4   Code   RO         1632    i.app_uart_init     app_uart_fifo.o
    0x000026a0   0x0000003c   Code   RO         1633    i.app_uart_put      app_uart_fifo.o
    0x000026dc   0x00000004   Code   RO         1701    i.app_util_critical_region_enter  app_util_platform.o
    0x000026e0   0x00000004   Code   RO         1702    i.app_util_critical_region_exit  app_util_platform.o
    0x000026e4   0x00000010   Code   RO         1703    i.app_util_disable_irq  app_util_platform.o
    0x000026f4   0x00000014   Code   RO         1704    i.app_util_enable_irq  app_util_platform.o
    0x00002708   0x000000a8   Code   RO         1079    i.apply_config      nrf_drv_uart.o
    0x000027b0   0x00000010   Code   RO          771    i.bsp_board_led_off  boards.o
    0x000027c0   0x0000002c   Code   RO          774    i.bsp_board_leds_init  boards.o
    0x000027ec   0x00000012   Code   RO          775    i.bsp_board_leds_off  boards.o
    0x000027fe   0x00000002   PAD
    0x00002800   0x00000060   Code   RO         1956    i.buf_prealloc      nrf_log_frontend.o
    0x00002860   0x00000014   Code   RO         1957    i.buffer_is_empty   nrf_log_frontend.o
    0x00002874   0x00000028   Code   RO          882    i.clock_clk_started_notify  nrf_drv_clock.o
    0x0000289c   0x000000ac   Code   RO         1334    i.compare_reg_update  app_timer_1.o
    0x00002948   0x00000074   Code   RO         1958    i.cont_buf_prealloc  nrf_log_frontend.o
    0x000029bc   0x0000003a   Code   RO         3532    i.dmp_enable_6x_lp_quat  inv_mpu_dmp_motion_driver.o
    0x000029f6   0x00000002   PAD
    0x000029f8   0x000001d8   Code   RO         3533    i.dmp_enable_feature  inv_mpu_dmp_motion_driver.o
    0x00002bd0   0x0000003c   Code   RO         3534    i.dmp_enable_gyro_cal  inv_mpu_dmp_motion_driver.o
    0x00002c0c   0x0000003a   Code   RO         3535    i.dmp_enable_lp_quat  inv_mpu_dmp_motion_driver.o
    0x00002c46   0x00000002   PAD
    0x00002c48   0x00000014   Code   RO         3540    i.dmp_load_motion_driver_firmware  inv_mpu_dmp_motion_driver.o
    0x00002c5c   0x0000000c   Code   RO         3542    i.dmp_register_android_orient_cb  inv_mpu_dmp_motion_driver.o
    0x00002c68   0x0000000c   Code   RO         3543    i.dmp_register_tap_cb  inv_mpu_dmp_motion_driver.o
    0x00002c74   0x00000064   Code   RO         3545    i.dmp_set_fifo_rate  inv_mpu_dmp_motion_driver.o
    0x00002cd8   0x0000010c   Code   RO         3548    i.dmp_set_orientation  inv_mpu_dmp_motion_driver.o
    0x00002de4   0x00000030   Code   RO         3551    i.dmp_set_shake_reject_thresh  inv_mpu_dmp_motion_driver.o
    0x00002e14   0x00000020   Code   RO         3552    i.dmp_set_shake_reject_time  inv_mpu_dmp_motion_driver.o
    0x00002e34   0x00000020   Code   RO         3553    i.dmp_set_shake_reject_timeout  inv_mpu_dmp_motion_driver.o
    0x00002e54   0x00000040   Code   RO         3554    i.dmp_set_tap_axes  inv_mpu_dmp_motion_driver.o
    0x00002e94   0x00000022   Code   RO         3555    i.dmp_set_tap_count  inv_mpu_dmp_motion_driver.o
    0x00002eb6   0x00000002   PAD
    0x00002eb8   0x00000160   Code   RO         3556    i.dmp_set_tap_thresh  inv_mpu_dmp_motion_driver.o
    0x00003018   0x00000020   Code   RO         3557    i.dmp_set_tap_time  inv_mpu_dmp_motion_driver.o
    0x00003038   0x00000020   Code   RO         3558    i.dmp_set_tap_time_multi  inv_mpu_dmp_motion_driver.o
    0x00003058   0x00000040   Code   RO         1335    i.elapsed_ticks_acquire  app_timer_1.o
    0x00003098   0x00000014   Code   RO         1563    i.fifo_get          app_fifo.o
    0x000030ac   0x00000012   Code   RO         1564    i.fifo_put          app_fifo.o
    0x000030be   0x0000000e   Code   RO         1824    i.fputc             retarget.o
    0x000030cc   0x00000050   Code   RO         4769    i.free              mc_w.l(malloc.o)
    0x0000311c   0x00000020   Code   RO          883    i.hfclk_stop        nrf_drv_clock.o
    0x0000313c   0x00000084   Code   RO          492    i.i2c_write_porting  nrf_drv_mpu_twi.o
    0x000031c0   0x00000078   Code   RO         1080    i.interrupts_enable  nrf_drv_uart.o
    0x00003238   0x0000005c   Code   RO         2838    i.inv_convert_to_body_with_scale  ml_math_func.o
    0x00003294   0x0000003c   Code   RO         2248    i.inv_db_load_func  data_builder.o
    0x000032d0   0x00000014   Code   RO         2249    i.inv_db_save_func  data_builder.o
    0x000032e4   0x0000001c   Code   RO         4065    i.inv_enable_eMPL_outputs  empl_outputs.o
    0x00003300   0x0000001c   Code   RO         3224    i.inv_enable_results_holder  results_holder.o
    0x0000331c   0x0000002c   Code   RO         3459    i.inv_execute_mpl_start_notification  start_manager.o
    0x00003348   0x000000a4   Code   RO         4066    i.inv_generate_eMPL_outputs  empl_outputs.o
    0x000033ec   0x00000010   Code   RO         3225    i.inv_generate_results  results_holder.o
    0x000033fc   0x0000000c   Code   RO         2253    i.inv_get_accel_accuracy  data_builder.o
    0x00003408   0x00000010   Code   RO         2255    i.inv_get_accel_on  data_builder.o
    0x00003418   0x00000028   Code   RO         2259    i.inv_get_accel_set  data_builder.o
    0x00003440   0x00000010   Code   RO         2262    i.inv_get_compass_on  data_builder.o
    0x00003450   0x00000054   Code   RO         3233    i.inv_get_gravity   results_holder.o
    0x000034a4   0x0000000c   Code   RO         2271    i.inv_get_gyro_accuracy  data_builder.o
    0x000034b0   0x00000024   Code   RO         2272    i.inv_get_gyro_bias  data_builder.o
    0x000034d4   0x00000010   Code   RO         2274    i.inv_get_gyro_on   data_builder.o
    0x000034e4   0x00000048   Code   RO         2280    i.inv_get_last_timestamp  data_builder.o
    0x0000352c   0x0000003a   Code   RO         3237    i.inv_get_linear_accel  results_holder.o
    0x00003566   0x00000002   PAD
    0x00003568   0x0000001c   Code   RO         2281    i.inv_get_mag_accuracy  data_builder.o
    0x00003584   0x00000034   Code   RO         3242    i.inv_get_quaternion  results_holder.o
    0x000035b8   0x00000038   Code   RO         3244    i.inv_get_quaternion_set  results_holder.o
    0x000035f0   0x0000001c   Code   RO         4072    i.inv_get_sensor_type_quat  empl_outputs.o
    0x0000360c   0x0000003c   Code   RO         2284    i.inv_init_data_builder  data_builder.o
    0x00003648   0x00000088   Code   RO         3191    i.inv_init_mpl      mpl.o
    0x000036d0   0x00000030   Code   RO         3247    i.inv_init_results_holder  results_holder.o
    0x00003700   0x00000014   Code   RO         3460    i.inv_init_start_manager  start_manager.o
    0x00003714   0x00000018   Code   RO         3492    i.inv_init_storage_manager  storage_manager.o
    0x0000372c   0x00000022   Code   RO         2851    i.inv_orientation_matrix_to_scalar  ml_math_func.o
    0x0000374e   0x0000000c   Code   RO         2852    i.inv_q29_mult      ml_math_func.o
    0x0000375a   0x0000000c   Code   RO         2854    i.inv_q30_mult      ml_math_func.o
    0x00003766   0x00000024   Code   RO         2856    i.inv_q_add         ml_math_func.o
    0x0000378a   0x00000042   Code   RO         2857    i.inv_q_addf        ml_math_func.o
    0x000037cc   0x00000018   Code   RO         2858    i.inv_q_invert      ml_math_func.o
    0x000037e4   0x0000002e   Code   RO         2859    i.inv_q_invertf     ml_math_func.o
    0x00003812   0x000000b0   Code   RO         2860    i.inv_q_mult        ml_math_func.o
    0x000038c2   0x000000d2   Code   RO         2861    i.inv_q_multf       ml_math_func.o
    0x00003994   0x00000084   Code   RO         2862    i.inv_q_norm4       ml_math_func.o
    0x00003a18   0x0000003e   Code   RO         2865    i.inv_q_rotate      ml_math_func.o
    0x00003a56   0x00000002   PAD
    0x00003a58   0x000000a4   Code   RO         2287    i.inv_register_data_cb  data_builder.o
    0x00003afc   0x0000006c   Code   RO         3494    i.inv_register_load_store  storage_manager.o
    0x00003b68   0x00000020   Code   RO         3461    i.inv_register_mpl_start_notification  start_manager.o
    0x00003b88   0x00000054   Code   RO         2288    i.inv_reset_compass_soft_iron_matrix  data_builder.o
    0x00003bdc   0x00000048   Code   RO         2869    i.inv_row_2_scale   ml_math_func.o
    0x00003c24   0x0000000c   Code   RO         3252    i.inv_set_compass_bias_found  results_holder.o
    0x00003c30   0x00000018   Code   RO         2308    i.inv_set_quat_sample_rate  data_builder.o
    0x00003c48   0x00000010   Code   RO         4074    i.inv_start_eMPL_outputs  empl_outputs.o
    0x00003c58   0x0000004c   Code   RO         3192    i.inv_start_mpl     mpl.o
    0x00003ca4   0x00000018   Code   RO         3260    i.inv_start_results_holder  results_holder.o
    0x00003cbc   0x00000020   Code   RO         3261    i.inv_store_gaming_quaternion  results_holder.o
    0x00003cdc   0x0000004c   Code   RO         2310    i.inv_unregister_data_cb  data_builder.o
    0x00003d28   0x00000048   Code   RO         3462    i.inv_unregister_mpl_start_notification  start_manager.o
    0x00003d70   0x0000014e   Code   RO          296    i.irq_handler_twim  nrf_drv_twi.o
    0x00003ebe   0x00000016   Code   RO          884    i.item_enqueue      nrf_drv_clock.o
    0x00003ed4   0x000000f8   Code   RO         1336    i.list_insertions_handler  app_timer_1.o
    0x00003fcc   0x00000024   Code   RO            5    i.magn_setup        main.o
    0x00003ff0   0x0000029c   Code   RO            6    i.main              main.o
    0x0000428c   0x0000006c   Code   RO         4770    i.malloc            mc_w.l(malloc.o)
    0x000042f8   0x0000001e   Code   RO          703    i.millis            nrf_drv_inv_dmp.o
    0x00004316   0x0000000a   Code   RO          612    i.mpu_config        app_mpu.o
    0x00004320   0x00000054   Code   RO         3727    i.mpu_configure_fifo  inv_mpu.o
    0x00004374   0x0000003c   Code   RO         3728    i.mpu_get_accel_fsr  inv_mpu.o
    0x000043b0   0x00000024   Code   RO          613    i.mpu_init          app_mpu.o
    0x000043d4   0x000000d8   Code   RO         3744    i.mpu_init_inv      inv_mpu.o
    0x000044ac   0x00000008   Code   RO          614    i.mpu_int_cfg_pin   app_mpu.o
    0x000044b4   0x000000e8   Code   RO         3745    i.mpu_load_firmware  inv_mpu.o
    0x0000459c   0x000000ec   Code   RO         3746    i.mpu_lp_accel_mode  inv_mpu.o
    0x00004688   0x0000002e   Code   RO          616    i.mpu_magnetometer_init  app_mpu.o
    0x000046b6   0x00000002   PAD
    0x000046b8   0x00000054   Code   RO         3753    i.mpu_read_mem      inv_mpu.o
    0x0000470c   0x00000160   Code   RO         3756    i.mpu_reset_fifo    inv_mpu.o
    0x0000486c   0x00000068   Code   RO         3761    i.mpu_set_accel_fsr  inv_mpu.o
    0x000048d4   0x000000dc   Code   RO         3762    i.mpu_set_bypass    inv_mpu.o
    0x000049b0   0x0000004c   Code   RO         3763    i.mpu_set_compass_sample_rate  inv_mpu.o
    0x000049fc   0x00000078   Code   RO         3764    i.mpu_set_dmp_state  inv_mpu.o
    0x00004a74   0x0000006c   Code   RO         3766    i.mpu_set_gyro_fsr  inv_mpu.o
    0x00004ae0   0x00000064   Code   RO         3767    i.mpu_set_int_latched  inv_mpu.o
    0x00004b44   0x00000088   Code   RO         3769    i.mpu_set_lpf       inv_mpu.o
    0x00004bcc   0x00000090   Code   RO         3770    i.mpu_set_sample_rate  inv_mpu.o
    0x00004c5c   0x00000134   Code   RO         3771    i.mpu_set_sensors   inv_mpu.o
    0x00004d90   0x00000084   Code   RO            7    i.mpu_setup         main.o
    0x00004e14   0x0000006c   Code   RO          493    i.mpu_twi_read_test  nrf_drv_mpu_twi.o
    0x00004e80   0x0000006c   Code   RO         3772    i.mpu_write_mem     inv_mpu.o
    0x00004eec   0x0000000e   Code   RO          886    i.nrf_clock_event_check  nrf_drv_clock.o
    0x00004efa   0x00000010   Code   RO          887    i.nrf_clock_event_clear  nrf_drv_clock.o
    0x00004f0a   0x00000002   PAD
    0x00004f0c   0x0000001c   Code   RO          888    i.nrf_clock_hf_is_running  nrf_drv_clock.o
    0x00004f28   0x0000000a   Code   RO         3773    i.nrf_delay_ms      inv_mpu.o
    0x00004f32   0x00000002   PAD
    0x00004f34   0x0000008c   Code   RO            8    i.nrf_delay_us      main.o
    0x00004fc0   0x0000008c   Code   RO          297    i.nrf_delay_us      nrf_drv_twi.o
    0x0000504c   0x0000008c   Code   RO         1337    i.nrf_delay_us      app_timer_1.o
    0x000050d8   0x0000008c   Code   RO         3774    i.nrf_delay_us      inv_mpu.o
    0x00005164   0x00000028   Code   RO          892    i.nrf_drv_clock_hfclk_release  nrf_drv_clock.o
    0x0000518c   0x00000058   Code   RO          893    i.nrf_drv_clock_hfclk_request  nrf_drv_clock.o
    0x000051e4   0x0000004c   Code   RO          894    i.nrf_drv_clock_init  nrf_drv_clock.o
    0x00005230   0x00000060   Code   RO          899    i.nrf_drv_clock_lfclk_request  nrf_drv_clock.o
    0x00005290   0x00000016   Code   RO         1081    i.nrf_drv_common_irq_disable  nrf_drv_uart.o
    0x000052a6   0x00000038   Code   RO         1032    i.nrf_drv_common_irq_enable  nrf_drv_common.o
    0x000052de   0x00000006   Code   RO         1082    i.nrf_drv_get_IRQn  nrf_drv_uart.o
    0x000052e4   0x00000010   Code   RO          298    i.nrf_drv_is_in_RAM  nrf_drv_twi.o
    0x000052f4   0x00000010   Code   RO         1083    i.nrf_drv_is_in_RAM  nrf_drv_uart.o
    0x00005304   0x00000034   Code   RO          496    i.nrf_drv_mpu_init  nrf_drv_mpu_twi.o
    0x00005338   0x0000006c   Code   RO          498    i.nrf_drv_mpu_read_registers  nrf_drv_mpu_twi.o
    0x000053a4   0x00000028   Code   RO          499    i.nrf_drv_mpu_twi_event_handler  nrf_drv_mpu_twi.o
    0x000053cc   0x00000040   Code   RO          500    i.nrf_drv_mpu_write_magnetometer_register  nrf_drv_mpu_twi.o
    0x0000540c   0x00000054   Code   RO          501    i.nrf_drv_mpu_write_registers  nrf_drv_mpu_twi.o
    0x00005460   0x00000040   Code   RO          502    i.nrf_drv_mpu_write_single_register  nrf_drv_mpu_twi.o
    0x000054a0   0x00000020   Code   RO          301    i.nrf_drv_twi_enable  nrf_drv_twi.o
    0x000054c0   0x0000008c   Code   RO          302    i.nrf_drv_twi_init  nrf_drv_twi.o
    0x0000554c   0x00000024   Code   RO          304    i.nrf_drv_twi_rx    nrf_drv_twi.o
    0x00005570   0x00000024   Code   RO          307    i.nrf_drv_twi_tx    nrf_drv_twi.o
    0x00005594   0x00000024   Code   RO          309    i.nrf_drv_twi_xfer  nrf_drv_twi.o
    0x000055b8   0x00000068   Code   RO         1085    i.nrf_drv_uart_init  nrf_drv_uart.o
    0x00005620   0x000000b0   Code   RO         1086    i.nrf_drv_uart_rx   nrf_drv_uart.o
    0x000056d0   0x00000030   Code   RO         1089    i.nrf_drv_uart_rx_enable  nrf_drv_uart.o
    0x00005700   0x000000a8   Code   RO         1090    i.nrf_drv_uart_rx_for_uart  nrf_drv_uart.o
    0x000057a8   0x000000b0   Code   RO         1091    i.nrf_drv_uart_rx_for_uarte  nrf_drv_uart.o
    0x00005858   0x0000010c   Code   RO         1093    i.nrf_drv_uart_tx   nrf_drv_uart.o
    0x00005964   0x00000018   Code   RO         1095    i.nrf_drv_uart_tx_in_progress  nrf_drv_uart.o
    0x0000597c   0x00000054   Code   RO         1096    i.nrf_drv_uart_uninit  nrf_drv_uart.o
    0x000059d0   0x00000032   Code   RO          779    i.nrf_gpio_cfg      boards.o
    0x00005a02   0x00000032   Code   RO         1097    i.nrf_gpio_cfg      nrf_drv_uart.o
    0x00005a34   0x00000012   Code   RO         1098    i.nrf_gpio_cfg_default  nrf_drv_uart.o
    0x00005a46   0x00000012   Code   RO         1099    i.nrf_gpio_cfg_input  nrf_drv_uart.o
    0x00005a58   0x00000014   Code   RO         1100    i.nrf_gpio_cfg_output  nrf_drv_uart.o
    0x00005a6c   0x00000014   Code   RO          310    i.nrf_gpio_pin_clear  nrf_drv_twi.o
    0x00005a80   0x0000001c   Code   RO          311    i.nrf_gpio_pin_port_decode  nrf_drv_twi.o
    0x00005a9c   0x0000001c   Code   RO          780    i.nrf_gpio_pin_port_decode  boards.o
    0x00005ab8   0x0000001c   Code   RO         1101    i.nrf_gpio_pin_port_decode  nrf_drv_uart.o
    0x00005ad4   0x00000014   Code   RO          312    i.nrf_gpio_pin_set  nrf_drv_twi.o
    0x00005ae8   0x00000014   Code   RO         1102    i.nrf_gpio_pin_set  nrf_drv_uart.o
    0x00005afc   0x00000026   Code   RO          781    i.nrf_gpio_pin_write  boards.o
    0x00005b22   0x00000002   PAD
    0x00005b24   0x00000070   Code   RO         1864    i.nrf_log_backend_init  nrf_log_backend_serial.o
    0x00005b94   0x00000006   Code   RO         1959    i.nrf_log_blocking_backend_set  nrf_log_frontend.o
    0x00005b9a   0x00000002   PAD
    0x00005b9c   0x00000130   Code   RO         1960    i.nrf_log_frontend_dequeue  nrf_log_frontend.o
    0x00005ccc   0x0000004c   Code   RO         1963    i.nrf_log_frontend_std_0  nrf_log_frontend.o
    0x00005d18   0x00000058   Code   RO         1964    i.nrf_log_frontend_std_1  nrf_log_frontend.o
    0x00005d70   0x00000060   Code   RO         1973    i.nrf_log_push      nrf_log_frontend.o
    0x00005dd0   0x0000000a   Code   RO          313    i.nrf_twim_event_check  nrf_drv_twi.o
    0x00005dda   0x0000000c   Code   RO          314    i.nrf_twim_event_clear  nrf_drv_twi.o
    0x00005de6   0x0000000a   Code   RO         1103    i.nrf_uart_event_check  nrf_drv_uart.o
    0x00005df0   0x0000000c   Code   RO         1104    i.nrf_uart_event_clear  nrf_drv_uart.o
    0x00005dfc   0x0000000c   Code   RO         1105    i.nrf_uart_int_enable_check  nrf_drv_uart.o
    0x00005e08   0x0000000a   Code   RO         1106    i.nrf_uarte_event_check  nrf_drv_uart.o
    0x00005e12   0x0000000c   Code   RO         1107    i.nrf_uarte_event_clear  nrf_drv_uart.o
    0x00005e1e   0x00000002   PAD
    0x00005e20   0x00000078   Code   RO         1108    i.pins_to_default   nrf_drv_uart.o
    0x00005e98   0x0000003c   Code   RO         1338    i.rtc1_stop         app_timer_1.o
    0x00005ed4   0x00000032   Code   RO         1109    i.rx_byte           nrf_drv_uart.o
    0x00005f06   0x00000018   Code   RO         1110    i.rx_done_event     nrf_drv_uart.o
    0x00005f1e   0x00000020   Code   RO         1111    i.rx_enable         nrf_drv_uart.o
    0x00005f3e   0x00000002   PAD
    0x00005f40   0x00000058   Code   RO         3775    i.set_int_enable    inv_mpu.o
    0x00005f98   0x000001e4   Code   RO         3776    i.setup_compass     inv_mpu.o
    0x0000617c   0x00000002   Code   RO            9    i.tap_cb            main.o
    0x0000617e   0x00000002   Code   RO           10    i.timer_a_handler   main.o
    0x00006180   0x00000080   Code   RO         1339    i.timer_list_handler  app_timer_1.o
    0x00006200   0x0000003c   Code   RO         1340    i.timer_list_insert  app_timer_1.o
    0x0000623c   0x00000060   Code   RO         1341    i.timer_list_remove  app_timer_1.o
    0x0000629c   0x00000074   Code   RO         1343    i.timer_timeouts_check  app_timer_1.o
    0x00006310   0x000000a4   Code   RO          315    i.twi_clear_bus     nrf_drv_twi.o
    0x000063b4   0x00000240   Code   RO          316    i.twim_xfer         nrf_drv_twi.o
    0x000065f4   0x00000020   Code   RO         1112    i.tx_byte           nrf_drv_uart.o
    0x00006614   0x0000001c   Code   RO         1113    i.tx_done_event     nrf_drv_uart.o
    0x00006630   0x00000050   Code   RO           11    i.uart_config       main.o
    0x00006680   0x00000012   Code   RO           12    i.uart_error_handle  main.o
    0x00006692   0x00000002   PAD
    0x00006694   0x000000a0   Code   RO         1634    i.uart_event_handler  app_uart_fifo.o
    0x00006734   0x00000010   Code   RO         1871    i.uart_event_handler  nrf_log_backend_serial.o
    0x00006744   0x0000011e   Code   RO         1114    i.uart_irq_handler  nrf_drv_uart.o
    0x00006862   0x000000f0   Code   RO         1115    i.uarte_irq_handler  nrf_drv_uart.o
    0x00006952   0x00000002   PAD
    0x00006954   0x00000030   Code   RO         1344    i.user_op_alloc     app_timer_1.o
    0x00006984   0x00000020   Data   RO           15    .constdata          main.o
    0x000069a4   0x0000000c   Data   RO          321    .constdata          nrf_drv_twi.o
    0x000069b0   0x00000018   Data   RO          504    .constdata          nrf_drv_mpu_twi.o
    0x000069c8   0x00000008   Data   RO          782    .constdata          boards.o
    0x000069d0   0x00000020   Data   RO         1636    .constdata          app_uart_fifo.o
    0x000069f0   0x00000020   Data   RO         1874    .constdata          nrf_log_backend_serial.o
    0x00006a10   0x00000024   Data   RO         1975    .constdata          nrf_log_frontend.o
    0x00006a34   0x0000002f   Data   RO         3193    .constdata          mpl.o
    0x00006a63   0x00000bf6   Data   RO         3561    .constdata          inv_mpu_dmp_motion_driver.o
    0x00007659   0x0000002a   Data   RO         3777    .constdata          inv_mpu.o
    0x00007683   0x00000001   PAD
    0x00007684   0x0000000e   Data   RO         3778    .constdata          inv_mpu.o
    0x00007692   0x00000002   PAD
    0x00007694   0x00000030   Data   RO         3779    .constdata          inv_mpu.o
    0x000076c4   0x00000020   Data   RO         4857    .constdata          m_wm.l(rredf.o)
    0x000076e4   0x00000009   Data   RO           16    .conststring        main.o
    0x000076ed   0x00000003   PAD
    0x000076f0   0x0000000b   Data   RO         1976    .conststring        nrf_log_frontend.o
    0x000076fb   0x00000001   PAD
    0x000076fc   0x00000044   Data   RO         2313    .conststring        data_builder.o
    0x00007740   0x00000020   Data   RO         4911    Region$$Table       anon$$obj.o


    Execution Region RW_IRAM1 (Base: 0x20000000, Size: 0x000050e0, Max: 0x00040000, ABSOLUTE)

    Base Addr    Size         Type   Attr      Idx    E Section Name        Object

    0x20000000   0x00000004   Data   RW           17    .data               main.o
    0x20000004   0x00000009   Data   RW           18    .data               main.o
    0x2000000d   0x00000002   Data   RW          505    .data               nrf_drv_mpu_twi.o
    0x2000000f   0x00000001   PAD
    0x20000010   0x00000014   Data   RW         1346    .data               app_timer_1.o
    0x20000024   0x00000010   Data   RW         1637    .data               app_uart_fifo.o
    0x20000034   0x00000004   Data   RW         1707    .data               app_util_platform.o
    0x20000038   0x00000004   Data   RW         1825    .data               retarget.o
    0x2000003c   0x0000000c   Data   RW         1875    .data               nrf_log_backend_serial.o
    0x20000048   0x00000004   Data   RW         1977    .data               nrf_log_frontend.o
    0x2000004c   0x00000038   Data   RW         3781    .data               inv_mpu.o
    0x20000084   0x00000004   Data   RW         4148    .data               system_nrf52840.o
    0x20000088   0x00000004   Data   RW         4887    .data               mc_w.l(mvars.o)
    0x2000008c   0x00000004   Data   RW         4888    .data               mc_w.l(mvars.o)
    0x20000090   0x00000004   Data   RW         4892    .data               mc_w.l(errno.o)
    0x20000094   0x00000020   Zero   RW           13    .bss                main.o
    0x200000b4   0x00000524   Zero   RW           14    .bss                main.o
    0x200005d8   0x00000028   Zero   RW          317    .bss                nrf_drv_twi.o
    0x20000600   0x00000010   Zero   RW          503    .bss                nrf_drv_mpu_twi.o
    0x20000610   0x00000024   Zero   RW          901    .bss                nrf_drv_clock.o
    0x20000634   0x00000020   Zero   RW         1116    .bss                nrf_drv_uart.o
    0x20000654   0x00000064   Zero   RW         1345    .bss                app_timer_1.o
    0x200006b8   0x00000020   Zero   RW         1635    .bss                app_uart_fifo.o
    0x200006d8   0x00000418   Zero   RW         1974    .bss                nrf_log_frontend.o
    0x20000af0   0x000002d8   Zero   RW         2312    .bss                data_builder.o
    0x20000dc8   0x00000088   Zero   RW         3262    .bss                results_holder.o
    0x20000e50   0x00000054   Zero   RW         3463    .bss                start_manager.o
    0x20000ea4   0x00000198   Zero   RW         3496    .bss                storage_manager.o
    0x2000103c   0x00000010   Zero   RW         3560    .bss                inv_mpu_dmp_motion_driver.o
    0x2000104c   0x00000028   Zero   RW         4075    .bss                empl_outputs.o
    0x20001074   0x0000006c   Zero   RW         4180    .bss                libmpllib.lib(quaternion_supervisor.o)
    0x200010e0   0x00002000   Zero   RW         4137    HEAP                arm_startup_nrf52840.o
    0x200030e0   0x00002000   Zero   RW         4136    STACK               arm_startup_nrf52840.o


==============================================================================

Image component sizes


      Code (inc. data)   RO Data    RW Data    ZI Data      Debug   Object Name

        22          0          0          0          0       2285   app_error.o
       108         54          0          0          0      27397   app_error_weak.o
       118          0          0          0          0       5138   app_fifo.o
       100          0          0          0          0       3338   app_mpu.o
      1530        118          0         20        100      47046   app_timer_1.o
       400         32         32         16         32      11959   app_uart_fifo.o
        44         10          0          4          0       3460   app_util_platform.o
        36          8        512          0      16384        952   arm_startup_nrf52840.o
       194         18          8          0          0       8890   boards.o
       736        120         68          0        728      19477   data_builder.o
       236         20          0          0         40       4313   empl_outputs.o
      3410        174        104         56          0      24606   inv_mpu.o
      1686        124       3062          0         16      21304   inv_mpu_dmp_motion_driver.o
      1080        408         41         13       1348      65920   main.o
       974          6          0          0          0      12062   ml_math_func.o
       260        110         47          0          0       5860   mpl.o
       636         54          0          0         36      16508   nrf_drv_clock.o
        56          0          0          0          0      27575   nrf_drv_common.o
       194         22          0          0          0       3683   nrf_drv_inv_dmp.o
       652         96         24          2         16      14324   nrf_drv_mpu_twi.o
      1616         48         12          0         40      64527   nrf_drv_twi.o
      2430         90          0          0         32      46207   nrf_drv_uart.o
       128         16         32         12          0       3691   nrf_log_backend_serial.o
       802         50         47          4       1048      11256   nrf_log_frontend.o
       410         44          0          0        136       8858   results_holder.o
        14          0          0          4          0       2934   retarget.o
       168         20          0          0         84       4036   start_manager.o
       132         10          0          0        408       2973   storage_manager.o
       488         56          0          4          0       2515   system_nrf52840.o

    ----------------------------------------------------------------------
     18696       1708       4028        136      20448     473094   Object Totals
         0          0         32          0          0          0   (incl. Generated)
        36          0          7          1          0          0   (incl. Padding)

    ----------------------------------------------------------------------

      Code (inc. data)   RO Data    RW Data    ZI Data      Debug   Library Member Name

      2452        130          0          0        108      14369   quaternion_supervisor.o
       336         56          0          0          0        136   cosf.o
        38          0          0          0          0        116   fpclassifyf.o
        38         12          0          0          0        348   funder.o
       340         24         32          0          0        160   rredf.o
       400         56          0          0          0        212   sinf.o
        58          0          0          0          0        136   sqrtf.o
         0          0          0          0          0          0   entry.o
         0          0          0          0          0          0   entry10a.o
         0          0          0          0          0          0   entry11a.o
         8          4          0          0          0          0   entry2.o
         4          0          0          0          0          0   entry5.o
         0          0          0          0          0          0   entry7b.o
         0          0          0          0          0          0   entry8b.o
         8          4          0          0          0          0   entry9a.o
        12          6          0          4          0         68   errno.o
        30          0          0          0          0          0   handlers.o
        36          8          0          0          0         68   init.o
         0          0          0          0          0          0   iusefp.o
        30          0          0          0          0         68   llshl.o
        36          0          0          0          0         68   llsshr.o
        32          0          0          0          0         68   llushr.o
       188         20          0          0          0        160   malloc.o
        26          0          0          0          0         80   memcmp.o
        64          0          0          0          0         76   memmovea.o
        36          0          0          0          0        108   memseta.o
         0          0          0          8          0          0   mvars.o
      2304         96          0          0          0        600   printfa.o
        14          0          0          0          0         68   strlen.o
        44          0          0          0          0         80   uidiv.o
        98          0          0          0          0         92   uldiv.o
        48          0          0          0          0         68   cdrcmple.o
       334          0          0          0          0        148   dadd.o
       222          0          0          0          0        100   ddiv.o
       186          0          0          0          0        176   depilogue.o
        62          0          0          0          0         80   dfixi.o
        48          0          0          0          0         68   dfixul.o
       228          0          0          0          0         96   dmul.o
        38          0          0          0          0         68   f2d.o

    ----------------------------------------------------------------------
      7804        416         32         12        108      17885   Library Totals
         6          0          0          0          0          0   (incl. Padding)

    ----------------------------------------------------------------------

      Code (inc. data)   RO Data    RW Data    ZI Data      Debug   Library Name

      2452        130          0          0        108      14369   libmpllib.lib
      1210        148         32          0          0       1108   m_wm.l
      2970        138          0         12          0       1604   mc_w.l
      1166          0          0          0          0        804   mf_w.l

    ----------------------------------------------------------------------
      7804        416         32         12        108      17885   Library Totals

    ----------------------------------------------------------------------

==============================================================================


      Code (inc. data)   RO Data    RW Data    ZI Data      Debug   

     26500       2124       4060        148      20556     467435   Grand Totals
     26500       2124       4060        148      20556     467435   ELF Image Totals
     26500       2124       4060        148          0          0   ROM Totals

==============================================================================

    Total RO  Size (Code + RO Data)                30560 (  29.84kB)
    Total RW  Size (RW Data + ZI Data)             20704 (  20.22kB)
    Total ROM Size (Code + RO Data + RW Data)      30708 (  29.99kB)

==============================================================================

