Component: ARM Compiler 5.06 update 4 (build 422) Tool: armlink [4d35d2]

==============================================================================

Section Cross References

    main.o(i.gyro_data_ready_cb) refers to main.o(.bss) for .bss
    main.o(i.magn_setup) refers to app_mpu.o(i.mpu_magnetometer_init) for mpu_magnetometer_init
    main.o(i.magn_setup) refers to app_error.o(i.app_error_handler_bare) for app_error_handler_bare
    main.o(i.main) refers to main.o(i.uart_config) for uart_config
    main.o(i.main) refers to nrf_drv_gpiote.o(i.nrf_drv_gpiote_init) for nrf_drv_gpiote_init
    main.o(i.main) refers to app_error.o(i.app_error_handler_bare) for app_error_handler_bare
    main.o(i.main) refers to nrf_drv_gpiote.o(i.nrf_drv_gpiote_in_init) for nrf_drv_gpiote_in_init
    main.o(i.main) refers to main.o(i.mpu_setup) for mpu_setup
    main.o(i.main) refers to main.o(i.magn_setup) for magn_setup
    main.o(i.main) refers to nrf_drv_clock.o(i.nrf_drv_clock_init) for nrf_drv_clock_init
    main.o(i.main) refers to nrf_drv_clock.o(i.nrf_drv_clock_lfclk_request) for nrf_drv_clock_lfclk_request
    main.o(i.main) refers to app_timer_1.o(i.app_timer_init) for app_timer_init
    main.o(i.main) refers to app_timer_1.o(i.app_timer_create) for app_timer_create
    main.o(i.main) refers to app_timer_1.o(i.app_timer_start) for app_timer_start
    main.o(i.main) refers to inv_mpu.o(i.mpu_init_inv) for mpu_init_inv
    main.o(i.main) refers to printfa.o(i.__0printf) for __2printf
    main.o(i.main) refers to mpl.o(i.inv_init_mpl) for inv_init_mpl
    main.o(i.main) refers to quaternion_supervisor.o(.text) for inv_enable_quaternion
    main.o(i.main) refers to fusion_9axis.o(.text) for inv_enable_9x_sensor_fusion
    main.o(i.main) refers to fast_no_motion.o(.text) for inv_enable_fast_nomot
    main.o(i.main) refers to empl_outputs.o(i.inv_enable_eMPL_outputs) for inv_enable_eMPL_outputs
    main.o(i.main) refers to mpl.o(i.inv_start_mpl) for inv_start_mpl
    main.o(i.main) refers to main.o(i.nrf_delay_us) for nrf_delay_us
    main.o(i.main) refers to inv_mpu.o(i.mpu_set_sensors) for mpu_set_sensors
    main.o(i.main) refers to inv_mpu_dmp_motion_driver.o(i.dmp_load_motion_driver_firmware) for dmp_load_motion_driver_firmware
    main.o(i.main) refers to ml_math_func.o(i.inv_orientation_matrix_to_scalar) for inv_orientation_matrix_to_scalar
    main.o(i.main) refers to inv_mpu_dmp_motion_driver.o(i.dmp_set_orientation) for dmp_set_orientation
    main.o(i.main) refers to inv_mpu_dmp_motion_driver.o(i.dmp_register_tap_cb) for dmp_register_tap_cb
    main.o(i.main) refers to inv_mpu_dmp_motion_driver.o(i.dmp_register_android_orient_cb) for dmp_register_android_orient_cb
    main.o(i.main) refers to inv_mpu_dmp_motion_driver.o(i.dmp_enable_feature) for dmp_enable_feature
    main.o(i.main) refers to inv_mpu_dmp_motion_driver.o(i.dmp_set_fifo_rate) for dmp_set_fifo_rate
    main.o(i.main) refers to data_builder.o(i.inv_set_quat_sample_rate) for inv_set_quat_sample_rate
    main.o(i.main) refers to inv_mpu.o(i.mpu_set_dmp_state) for mpu_set_dmp_state
    main.o(i.main) refers to nrf_drv_inv_dmp.o(i.millis) for millis
    main.o(i.main) refers to empl_outputs.o(i.inv_get_sensor_type_quat) for inv_get_sensor_type_quat
    main.o(i.main) refers to main.o(.constdata) for .constdata
    main.o(i.main) refers to main.o(i.pin_in_read) for pin_in_read
    main.o(i.main) refers to main.o(i.timer_a_handler) for timer_a_handler
    main.o(i.main) refers to main.o(i.gyro_data_ready_cb) for gyro_data_ready_cb
    main.o(i.main) refers to main.o(.data) for .data
    main.o(i.main) refers to main.o(i.tap_cb) for tap_cb
    main.o(i.main) refers to main.o(i.android_orient_cb) for android_orient_cb
    main.o(i.main) refers to main.o(.bss) for .bss
    main.o(i.mpu_setup) refers to printfa.o(i.__0printf) for __2printf
    main.o(i.mpu_setup) refers to app_mpu.o(i.mpu_init) for mpu_init
    main.o(i.mpu_setup) refers to app_error.o(i.app_error_handler_bare) for app_error_handler_bare
    main.o(i.mpu_setup) refers to app_mpu.o(i.mpu_config) for mpu_config
    main.o(i.mpu_setup) refers to main.o(.constdata) for .constdata
    main.o(i.nrf_delay_us) refers to system_nrf52840.o(.data) for SystemCoreClock
    main.o(i.uart_config) refers to boards.o(i.bsp_board_leds_init) for bsp_board_leds_init
    main.o(i.uart_config) refers to memmovea.o(.text) for __aeabi_memcpy4
    main.o(i.uart_config) refers to app_uart_fifo.o(i.app_uart_init) for app_uart_init
    main.o(i.uart_config) refers to app_error.o(i.app_error_handler_bare) for app_error_handler_bare
    main.o(i.uart_config) refers to main.o(.constdata) for .constdata
    main.o(i.uart_config) refers to main.o(.bss) for .bss
    main.o(i.uart_config) refers to main.o(i.uart_error_handle) for uart_error_handle
    main.o(i.uart_error_handle) refers to app_error.o(i.app_error_handler_bare) for app_error_handler_bare
    main.o(.constdata) refers to main.o(.bss) for timer1_data
[...]
    m_op_queue                               0x200006b0   Data         100  app_timer_1.o(.bss)
    .bss                                     0x20000714   Section       32  app_uart_fifo.o(.bss)
    m_rx_fifo                                0x20000714   Data          16  app_uart_fifo.o(.bss)
    m_tx_fifo                                0x20000724   Data          16  app_uart_fifo.o(.bss)
    .bss                                     0x20000734   Section     1048  nrf_log_frontend.o(.bss)
    m_log_data                               0x20000734   Data        1048  nrf_log_frontend.o(.bss)
    .bss                                     0x20000b4c   Section      728  data_builder.o(.bss)
    inv_data_builder                         0x20000b4c   Data         320  data_builder.o(.bss)
    sensors                                  0x20000c8c   Data         408  data_builder.o(.bss)
    .bss                                     0x20000e24   Section      136  results_holder.o(.bss)
    rh                                       0x20000e24   Data         136  results_holder.o(.bss)
    .bss                                     0x20000eac   Section       84  start_manager.o(.bss)
    inv_start_cb                             0x20000eac   Data          84  start_manager.o(.bss)
    .bss                                     0x20000f00   Section      408  storage_manager.o(.bss)
    ds                                       0x20000f00   Data         408  storage_manager.o(.bss)
    .bss                                     0x20001098   Section       16  inv_mpu_dmp_motion_driver.o(.bss)
    dmp                                      0x20001098   Data          16  inv_mpu_dmp_motion_driver.o(.bss)
    .bss                                     0x200010a8   Section       40  empl_outputs.o(.bss)
    eMPL_out                                 0x200010a8   Data          40  empl_outputs.o(.bss)
    .bss                                     0x200010d0   Section      672  fast_no_motion.o(.bss)
    fnm_user                                 0x20001330   Data          64  fast_no_motion.o(.bss)
    .bss                                     0x20001370   Section      312  fusion_9axis.o(.bss)
    .bss                                     0x200014a8   Section      108  quaternion_supervisor.o(.bss)
    inv_quat_data                            0x200014a8   Data         108  quaternion_supervisor.o(.bss)
    .bss                                     0x20001514   Section      184  mag_disturb.o(.bss)
    HEAP                                     0x200015d0   Section     8192  arm_startup_nrf52840.o(HEAP)
    STACK                                    0x200035d0   Section     8192  arm_startup_nrf52840.o(STACK)

    Global Symbols

    Symbol Name                              Value     Ov Type        Size  Object(Section)

    BuildAttributes$$THM_ISAv4$E$P$D$K$B$S$7EM$VFPi3$EXTD16$VFPS$VFMA$PE$A:L22UL41UL21$X:L11$S22US41US21$IEEE1$IW$USESV6$~STKCKD$USESV7$~SHL$OTIME$ROPI$IEEEX$EBA8$MICROLIB$REQ8$PRES8$EABIv2 0x00000000   Number         0  anon$$obj.o ABSOLUTE
    __ARM_use_no_argv                        0x00000000   Number         0  main.o ABSOLUTE
    __Vectors                                0x00000000   Data           4  arm_startup_nrf52840.o(RESET)
    _printf_a                                0x00000000   Number         0  stubs.o ABSOLUTE
    _printf_c                                0x00000000   Number         0  stubs.o ABSOLUTE
    _printf_charcount                        0x00000000   Number         0  stubs.o ABSOLUTE
    _printf_d                                0x00000000   Number         0  stubs.o ABSOLUTE
    _printf_e                                0x00000000   Number         0  stubs.o ABSOLUTE
    _printf_f                                0x00000000   Number         0  stubs.o ABSOLUTE
    _printf_flags                            0x00000000   Number         0  stubs.o ABSOLUTE
    _printf_fp_dec                           0x00000000   Number         0  stubs.o ABSOLUTE
    _printf_fp_hex                           0x00000000   Number         0  stubs.o ABSOLUTE
    _printf_g                                0x00000000   Number         0  stubs.o ABSOLUTE
    _printf_i                                0x00000000   Number         0  stubs.o ABSOLUTE
    _printf_int_dec                          0x00000000   Number         0  stubs.o ABSOLUTE
    _printf_l                                0x00000000   Number         0  stubs.o ABSOLUTE
    _printf_lc                               0x00000000   Number         0  stubs.o ABSOLUTE
    _printf_ll                               0x00000000   Number         0  stubs.o ABSOLUTE
    _printf_lld                              0x00000000   Number         0  stubs.o ABSOLUTE
    _printf_lli                              0x00000000   Number         0  stubs.o ABSOLUTE
    _printf_llo                              0x00000000   Number         0  stubs.o ABSOLUTE
    _printf_llu                              0x00000000   Number         0  stubs.o ABSOLUTE
    _printf_llx                              0x00000000   Number         0  stubs.o ABSOLUTE
    _printf_longlong_dec                     0x00000000   Number         0  stubs.o ABSOLUTE
    _printf_longlong_hex                     0x00000000   Number         0  stubs.o ABSOLUTE
    _printf_longlong_oct                     0x00000000   Number         0  stubs.o ABSOLUTE
    _printf_ls                               0x00000000   Number         0  stubs.o ABSOLUTE
    _printf_mbtowc                           0x00000000   Number         0  stubs.o ABSOLUTE
    _printf_n                                0x00000000   Number         0  stubs.o ABSOLUTE
    _printf_o                                0x00000000   Number         0  stubs.o ABSOLUTE
    _printf_p                                0x00000000   Number         0  stubs.o ABSOLUTE
    _printf_percent                          0x00000000   Number         0  stubs.o ABSOLUTE
    _printf_pre_padding                      0x00000000   Number         0  stubs.o ABSOLUTE
    _printf_return_value                     0x00000000   Number         0  stubs.o ABSOLUTE
    _printf_s                                0x00000000   Number         0  stubs.o ABSOLUTE
    _printf_sizespec                         0x00000000   Number         0  stubs.o ABSOLUTE
    _printf_str                              0x00000000   Number         0  stubs.o ABSOLUTE
    _printf_truncate_signed                  0x00000000   Number         0  stubs.o ABSOLUTE
    _printf_truncate_unsigned                0x00000000   Number         0  stubs.o ABSOLUTE
    _printf_u                                0x00000000   Number         0  stubs.o ABSOLUTE
    _printf_wc                               0x00000000   Number         0  stubs.o ABSOLUTE
    _printf_wctomb                           0x00000000   Number         0  stubs.o ABSOLUTE
    _printf_widthprec                        0x00000000   Number         0  stubs.o ABSOLUTE
    _printf_x                                0x00000000   Number         0  stubs.o ABSOLUTE
    __cpp_initialize__aeabi_                  - Undefined Weak Reference
    __cxa_finalize                            - Undefined Weak Reference
    __decompress                              - Undefined Weak Reference
    _clock_init                               - Undefined Weak Reference
    _microlib_exit                            - Undefined Weak Reference
    __Vectors_End                            0x00000200   Data           0  arm_startup_nrf52840.o(RESET)
    __Vectors_Size                           0x00000200   Number         0  arm_startup_nrf52840.o ABSOLUTE
    __main                                   0x00000201   Thumb Code     0  entry.o(.ARM.Collect$$$$00000000)
    _main_stk                                0x00000201   Thumb Code     0  entry2.o(.ARM.Collect$$$$00000001)
    _main_scatterload                        0x00000205   Thumb Code     0  entry5.o(.ARM.Collect$$$$00000004)
    __main_after_scatterload                 0x00000209   Thumb Code     0  entry5.o(.ARM.Collect$$$$00000004)
    _main_clock                              0x00000209   Thumb Code     0  entry7b.o(.ARM.Collect$$$$00000008)
    _main_cpp_init                           0x00000209   Thumb Code     0  entry8b.o(.ARM.Collect$$$$0000000A)
    _main_init                               0x00000209   Thumb Code     0  entry9a.o(.ARM.Collect$$$$0000000B)
    __rt_final_cpp                           0x00000211   Thumb Code     0  entry10a.o(.ARM.Collect$$$$0000000D)
    __rt_final_exit                          0x00000211   Thumb Code     0  entry11a.o(.ARM.Collect$$$$0000000F)
    Reset_Handler                            0x00000215   Thumb Code     8  arm_startup_nrf52840.o(.text)
    NMI_Handler                              0x0000021d   Thumb Code     2  arm_startup_nrf52840.o(.text)
    HardFault_Handler                        0x0000021f   Thumb Code     2  arm_startup_nrf52840.o(.text)
    MemoryManagement_Handler                 0x00000221   Thumb Code     2  arm_startup_nrf52840.o(.text)
    BusFault_Handler                         0x00000223   Thumb Code     2  arm_startup_nrf52840.o(.text)
    UsageFault_Handler                       0x00000225   Thumb Code     2  arm_startup_nrf52840.o(.text)
    SVC_Handler                              0x00000227   Thumb Code     2  arm_startup_nrf52840.o(.text)
    DebugMon_Handler                         0x00000229   Thumb Code     2  arm_startup_nrf52840.o(.text)
    PendSV_Handler                           0x0000022b   Thumb Code     2  arm_startup_nrf52840.o(.text)
    SysTick_Handler                          0x0000022d   Thumb Code     2  arm_startup_nrf52840.o(.text)
    CCM_AAR_IRQHandler                       0x0000022f   Thumb Code     0  arm_startup_nrf52840.o(.text)
    COMP_LPCOMP_IRQHandler                   0x0000022f   Thumb Code     0  arm_startup_nrf52840.o(.text)
    CRYPTOCELL_IRQHandler                    0x0000022f   Thumb Code     0  arm_startup_nrf52840.o(.text)
    ECB_IRQHandler                           0x0000022f   Thumb Code     0  arm_startup_nrf52840.o(.text)
    FPU_IRQHandler                           0x0000022f   Thumb Code     0  arm_startup_nrf52840.o(.text)
    I2S_IRQHandler                           0x0000022f   Thumb Code     0  arm_startup_nrf52840.o(.text)
    MWU_IRQHandler                           0x0000022f   Thumb Code     0  arm_startup_nrf52840.o(.text)
    NFCT_IRQHandler                          0x0000022f   Thumb Code     0  arm_startup_nrf52840.o(.text)
    PDM_IRQHandler                           0x0000022f   Thumb Code     0  arm_startup_nrf52840.o(.text)
    PWM0_IRQHandler                          0x0000022f   Thumb Code     0  arm_startup_nrf52840.o(.text)
    PWM1_IRQHandler                          0x0000022f   Thumb Code     0  arm_startup_nrf52840.o(.text)
    PWM2_IRQHandler                          0x0000022f   Thumb Code     0  arm_startup_nrf52840.o(.text)
    PWM3_IRQHandler                          0x0000022f   Thumb Code     0  arm_startup_nrf52840.o(.text)
    QDEC_IRQHandler                          0x0000022f   Thumb Code     0  arm_startup_nrf52840.o(.text)
    QSPI_IRQHandler                          0x0000022f   Thumb Code     0  arm_startup_nrf52840.o(.text)
    RADIO_IRQHandler                         0x0000022f   Thumb Code     0  arm_startup_nrf52840.o(.text)
    RNG_IRQHandler                           0x0000022f   Thumb Code     0  arm_startup_nrf52840.o(.text)
    RTC0_IRQHandler                          0x0000022f   Thumb Code     0  arm_startup_nrf52840.o(.text)
    RTC2_IRQHandler                          0x0000022f   Thumb Code     0  arm_startup_nrf52840.o(.text)
    SAADC_IRQHandler                         0x0000022f   Thumb Code     0  arm_startup_nrf52840.o(.text)
    SPIM1_SPIS1_TWIM1_TWIS1_SPI1_TWI1_IRQHandler 0x0000022f   Thumb Code     0  arm_startup_nrf52840.o(.text)
    SPIM2_SPIS2_SPI2_IRQHandler              0x0000022f   Thumb Code     0  arm_startup_nrf52840.o(.text)
    SPIM3_IRQHandler                         0x0000022f   Thumb Code     0  arm_startup_nrf52840.o(.text)
    SWI1_EGU1_IRQHandler                     0x0000022f   Thumb Code     0  arm_startup_nrf52840.o(.text)
    SWI2_EGU2_IRQHandler                     0x0000022f   Thumb Code     0  arm_startup_nrf52840.o(.text)
    SWI3_EGU3_IRQHandler                     0x0000022f   Thumb Code     0  arm_startup_nrf52840.o(.text)
    SWI4_EGU4_IRQHandler                     0x0000022f   Thumb Code     0  arm_startup_nrf52840.o(.text)
    SWI5_EGU5_IRQHandler                     0x0000022f   Thumb Code     0  arm_startup_nrf52840.o(.text)
    TEMP_IRQHandler                          0x0000022f   Thumb Code     0  arm_startup_nrf52840.o(.text)
    TIMER0_IRQHandler                        0x0000022f   Thumb Code     0  arm_startup_nrf52840.o(.text)
    TIMER1_IRQHandler                        0x0000022f   Thumb Code     0  arm_startup_nrf52840.o(.text)
    TIMER2_IRQHandler                        0x0000022f   Thumb Code     0  arm_startup_nrf52840.o(.text)
    TIMER3_IRQHandler                        0x0000022f   Thumb Code     0  arm_startup_nrf52840.o(.text)
    TIMER4_IRQHandler                        0x0000022f   Thumb Code     0  arm_startup_nrf52840.o(.text)
    UARTE1_IRQHandler                        0x0000022f   Thumb Code     0  arm_startup_nrf52840.o(.text)
    USBD_IRQHandler                          0x0000022f   Thumb Code     0  arm_startup_nrf52840.o(.text)
    WDT_IRQHandler                           0x0000022f   Thumb Code     0  arm_startup_nrf52840.o(.text)
    inv_init_maxmin                          0x00000239   Thumb Code    78  fast_no_motion.o(.text)
    inv_fast_nomot_parameter                 0x00000287   Thumb Code   332  fast_no_motion.o(.text)
    inv_fast_nomot_parameter_3rd             0x000003d3   Thumb Code   190  fast_no_motion.o(.text)
    inv_fast_nomot_set_gyro_bias             0x00000491   Thumb Code   232  fast_no_motion.o(.text)
    inv_set_fast_nomot_compass_threshold     0x00000579   Thumb Code     8  fast_no_motion.o(.text)
    int_set_fast_nomot_gyro_threshold        0x00000581   Thumb Code     8  fast_no_motion.o(.text)
    inv_set_fast_nomot_accel_threshold       0x00000589   Thumb Code     8  fast_no_motion.o(.text)
    inv_get_fast_nomot_compass_param         0x00000591   Thumb Code    18  fast_no_motion.o(.text)
    inv_get_fast_nomot_accel_param           0x000005a3   Thumb Code    18  fast_no_motion.o(.text)
    inv_fast_nomot_store_data                0x000005b5   Thumb Code   140  fast_no_motion.o(.text)
    inv_fast_nomot_store_data_compass        0x00000641   Thumb Code    74  fast_no_motion.o(.text)
    inv_fast_nomot_reset_data_compass        0x0000068b   Thumb Code    36  fast_no_motion.o(.text)
    inv_fast_nomot_get_time_elaps            0x000006af   Thumb Code     8  fast_no_motion.o(.text)
    inv_fast_nomot_parameter_compass         0x000006b7   Thumb Code    22  fast_no_motion.o(.text)
    inv_get_right_shift_by_rounding          0x000006cd   Thumb Code    76  fast_no_motion.o(.text)
    inv_reset_min_max_gyro_accel_statistics  0x00000719   Thumb Code    38  fast_no_motion.o(.text)
    inv_record_max_moment_in_no_motion_gyro  0x0000073f   Thumb Code    32  fast_no_motion.o(.text)
    inv_record_max_moment_in_no_motion_accel 0x0000075f   Thumb Code    32  fast_no_motion.o(.text)
    inv_record_min_moment_in_motion_gyro     0x0000077f   Thumb Code    34  fast_no_motion.o(.text)
    inv_record_min_moment_in_motion_accel    0x000007a1   Thumb Code    34  fast_no_motion.o(.text)
    inv_detect_motion_by_gyro_accel          0x000007c3   Thumb Code   214  fast_no_motion.o(.text)
    inv_sensor_data_preprocess               0x00000899   Thumb Code   132  fast_no_motion.o(.text)
    inv_generate_fast_nomot                  0x0000091d   Thumb Code   504  fast_no_motion.o(.text)
    inv_set_default_number_of_samples        0x00000b15   Thumb Code    62  fast_no_motion.o(.text)
    inv_init_fast_nomot                      0x00000b53   Thumb Code    78  fast_no_motion.o(.text)
    inv_start_fast_nomot                     0x00000ba1   Thumb Code    56  fast_no_motion.o(.text)
    inv_stop_fast_nomot                      0x00000bd9   Thumb Code    20  fast_no_motion.o(.text)
    inv_enable_fast_nomot                    0x00000bed   Thumb Code    24  fast_no_motion.o(.text)
    inv_disable_fast_nomot                   0x00000c05   Thumb Code    18  fast_no_motion.o(.text)
    inv_get_fnm_gyro_no_motion_param         0x00000c17   Thumb Code     8  fast_no_motion.o(.text)
    inv_fnm_debug_print                      0x00000c1f   Thumb Code     2  fast_no_motion.o(.text)
    inv_filter_correction_angle              0x00000cfd   Thumb Code   374  fusion_9axis.o(.text)
    inv_perform_9x_fusion                    0x00000e73   Thumb Code   894  fusion_9axis.o(.text)
    inv_process_9x_sensor_fusion_cb          0x000011f1   Thumb Code   120  fusion_9axis.o(.text)
    inv_init_9x_fusion                       0x00001269   Thumb Code    52  fusion_9axis.o(.text)
    inv_9x_fusion_set_mag_fb                 0x0000129d   Thumb Code    10  fusion_9axis.o(.text)
    inv_9x_fusion_enable_jitter_reduction    0x000012a7   Thumb Code    10  fusion_9axis.o(.text)
    inv_9x_fusion_use_timestamps             0x000012b1   Thumb Code    10  fusion_9axis.o(.text)
    inv_start_9x_sensor_fusion               0x000012bb   Thumb Code    14  fusion_9axis.o(.text)
    inv_stop_9x_sensor_fusion                0x000012c9   Thumb Code     8  fusion_9axis.o(.text)
    inv_enable_9x_sensor_fusion              0x000012d1   Thumb Code    30  fusion_9axis.o(.text)
    inv_disable_9x_sensor_fusion             0x000012ef   Thumb Code     8  fusion_9axis.o(.text)
    inv_generate_gyro_quaternion             0x000016b9   Thumb Code   348  quaternion_supervisor.o(.text)
    inv_set_quaternion                       0x000019cb   Thumb Code    36  quaternion_supervisor.o(.text)
    inv_generate_accel_gyro_quaternion       0x000019ef   Thumb Code   468  quaternion_supervisor.o(.text)
    inv_stop_quaternion                      0x00001c07   Thumb Code     6  quaternion_supervisor.o(.text)
    inv_init_quaternion                      0x00001c0d   Thumb Code    34  quaternion_supervisor.o(.text)
    inv_start_quaternion                     0x00001c2f   Thumb Code    34  quaternion_supervisor.o(.text)
    inv_enable_quaternion                    0x00001c51   Thumb Code    24  quaternion_supervisor.o(.text)
    inv_disable_quaternion                   0x00001c69   Thumb Code    20  quaternion_supervisor.o(.text)
    inv_set_magnetic_disturbance             0x00001c95   Thumb Code    16  mag_disturb.o(.text)
    inv_init_magnetic_disturbance            0x00001ca5   Thumb Code    68  mag_disturb.o(.text)
    MagDisturbSetDisturbance                 0x00001ce9   Thumb Code   108  mag_disturb.o(.text)
    MagDisturbCheckSettling                  0x00001d55   Thumb Code    68  mag_disturb.o(.text)
    ComputeAngleVelocity                     0x00001d99   Thumb Code    94  mag_disturb.o(.text)
    inv_disable_dip_tracking                 0x00001df7   Thumb Code    10  mag_disturb.o(.text)
    Mag3ofNormalizedLong                     0x00001e01   Thumb Code    60  mag_disturb.o(.text)
    inv_track_dip_angle                      0x00001e3d   Thumb Code   126  mag_disturb.o(.text)
    inv_check_magnetic_disturbance           0x00001ebb   Thumb Code   758  mag_disturb.o(.text)
    inv_magnetic_disturbance_process         0x000021b1   Thumb Code    50  mag_disturb.o(.text)
    inv_start_magnetic_disturbance           0x000021e3   Thumb Code    14  mag_disturb.o(.text)
    inv_stop_magnetic_disturbance            0x000021f1   Thumb Code     8  mag_disturb.o(.text)
    inv_enable_magnetic_disturbance          0x000021f9   Thumb Code    40  mag_disturb.o(.text)
    inv_disable_magnetic_disturbance         0x00002221   Thumb Code    22  mag_disturb.o(.text)
    inv_enable_dip_tracking                  0x00002237   Thumb Code    14  mag_disturb.o(.text)
    inv_get_magnetic_disturbance_state       0x00002245   Thumb Code     8  mag_disturb.o(.text)
    __aeabi_llsl                             0x00002255   Thumb Code    30  llshl.o(.text)
    _ll_shift_l                              0x00002255   Thumb Code     0  llshl.o(.text)
    __aeabi_lasr                             0x00002273   Thumb Code    36  llsshr.o(.text)
    _ll_sshift_r                             0x00002273   Thumb Code     0  llsshr.o(.text)
    ___aeabi_memcpy8$move                    0x00002297   Thumb Code     0  memmovea.o(.text)
    __aeabi_memcpy                           0x00002297   Thumb Code    64  memmovea.o(.text)
    __aeabi_memcpy4                          0x00002297   Thumb Code     0  memmovea.o(.text)
    __aeabi_memmove                          0x00002297   Thumb Code     0  memmovea.o(.text)
    __aeabi_memmove4                         0x00002297   Thumb Code     0  memmovea.o(.text)
    __aeabi_memmove8                         0x00002297   Thumb Code     0  memmovea.o(.text)
    __aeabi_memset                           0x000022d7   Thumb Code    14  memseta.o(.text)
    __aeabi_memset4                          0x000022d7   Thumb Code     0  memseta.o(.text)
    __aeabi_memset8                          0x000022d7   Thumb Code     0  memseta.o(.text)
    __aeabi_memclr                           0x000022e5   Thumb Code     4  memseta.o(.text)
    __aeabi_memclr4                          0x000022e5   Thumb Code     0  memseta.o(.text)
    __aeabi_memclr8                          0x000022e5   Thumb Code     0  memseta.o(.text)
    _memset$wrapper                          0x000022e9   Thumb Code    18  memseta.o(.text)
    strlen                                   0x000022fb   Thumb Code    14  strlen.o(.text)
    memcmp                                   0x00002309   Thumb Code    26  memcmp.o(.text)
    __aeabi_dadd                             0x00002323   Thumb Code   322  dadd.o(.text)
    __aeabi_dsub                             0x00002465   Thumb Code     6  dadd.o(.text)
    __aeabi_drsub                            0x0000246b   Thumb Code     6  dadd.o(.text)
    __aeabi_dmul                             0x00002471   Thumb Code   228  dmul.o(.text)
    __aeabi_ddiv                             0x00002555   Thumb Code   222  ddiv.o(.text)
    __aeabi_l2f                              0x00002633   Thumb Code    44  ffltl.o(.text)
    __aeabi_i2d                              0x0000265f   Thumb Code    34  dflti.o(.text)
    __aeabi_f2lz                             0x00002681   Thumb Code    66  ffixl.o(.text)
    __aeabi_d2iz                             0x000026c3   Thumb Code    62  dfixi.o(.text)
    __aeabi_f2d                              0x00002701   Thumb Code    38  f2d.o(.text)
    __aeabi_cdrcmple                         0x00002729   Thumb Code    48  cdrcmple.o(.text)
    __aeabi_d2f                              0x00002759   Thumb Code    56  d2f.o(.text)
    __aeabi_uidiv                            0x00002791   Thumb Code     0  uidiv.o(.text)
    __aeabi_uidivmod                         0x00002791   Thumb Code    44  uidiv.o(.text)
    __aeabi_uldivmod                         0x000027bd   Thumb Code    98  uldiv.o(.text)
    __aeabi_llsr                             0x0000281f   Thumb Code    32  llushr.o(.text)
    _ll_ushift_r                             0x0000281f   Thumb Code     0  llushr.o(.text)
    __I$use$fp                               0x0000283f   Thumb Code     0  iusefp.o(.text)
    _float_round                             0x0000283f   Thumb Code    18  fepilogue.o(.text)
    _float_epilogue                          0x00002851   Thumb Code    92  fepilogue.o(.text)
    _double_round                            0x000028ad   Thumb Code    30  depilogue.o(.text)
    _double_epilogue                         0x000028cb   Thumb Code   156  depilogue.o(.text)
    __aeabi_d2ulz                            0x00002967   Thumb Code    48  dfixul.o(.text)
    __scatterload                            0x00002999   Thumb Code    28  init.o(.text)
    __scatterload_rt2                        0x00002999   Thumb Code     0  init.o(.text)
    GPIOTE_IRQHandler                        0x000029bd   Thumb Code   430  nrf_drv_gpiote.o(i.GPIOTE_IRQHandler)
    POWER_CLOCK_IRQHandler                   0x00002bd9   Thumb Code   180  nrf_drv_clock.o(i.POWER_CLOCK_IRQHandler)
    RTC1_IRQHandler                          0x00002c91   Thumb Code    32  app_timer_1.o(i.RTC1_IRQHandler)
    SPIM0_SPIS0_TWIM0_TWIS0_SPI0_TWI0_IRQHandler 0x00002cb5   Thumb Code     8  nrf_drv_twi.o(i.SPIM0_SPIS0_TWIM0_TWIS0_SPI0_TWI0_IRQHandler)
    SWI0_EGU0_IRQHandler                     0x00002cc5   Thumb Code     4  app_timer_1.o(i.SWI0_EGU0_IRQHandler)
    SystemInit                               0x00002cc9   Thumb Code   432  system_nrf52840.o(i.SystemInit)
    UARTE0_UART0_IRQHandler                  0x00002eb1   Thumb Code    20  nrf_drv_uart.o(i.UARTE0_UART0_IRQHandler)
    _MLPrintLog                              0x00002ecd   Thumb Code   152  nrf_drv_inv_dmp.o(i._MLPrintLog)
    __0printf                                0x00002f71   Thumb Code    22  printfa.o(i.__0printf)
    __1printf                                0x00002f71   Thumb Code     0  printfa.o(i.__0printf)
    __2printf                                0x00002f71   Thumb Code     0  printfa.o(i.__0printf)
    __c89printf                              0x00002f71   Thumb Code     0  printfa.o(i.__0printf)
    printf                                   0x00002f71   Thumb Code     0  printfa.o(i.__0printf)
    __0vsprintf                              0x00002f91   Thumb Code    30  printfa.o(i.__0vsprintf)
    __1vsprintf                              0x00002f91   Thumb Code     0  printfa.o(i.__0vsprintf)
    __2vsprintf                              0x00002f91   Thumb Code     0  printfa.o(i.__0vsprintf)
    __c89vsprintf                            0x00002f91   Thumb Code     0  printfa.o(i.__0vsprintf)
    vsprintf                                 0x00002f91   Thumb Code     0  printfa.o(i.__0vsprintf)
    __ARM_fpclassifyf                        0x00002fb5   Thumb Code    38  fpclassifyf.o(i.__ARM_fpclassifyf)
    __hardfp_acosf                           0x00002fdd   Thumb Code   234  acosf.o(i.__hardfp_acosf)
    __hardfp_atan2f                          0x000030f5   Thumb Code   502  atan2f.o(i.__hardfp_atan2f)
    __hardfp_cosf                            0x00003345   Thumb Code   280  cosf.o(i.__hardfp_cosf)
    __hardfp_sinf                            0x00003495   Thumb Code   344  sinf.o(i.__hardfp_sinf)
    __hardfp_sqrtf                           0x00003625   Thumb Code    58  sqrtf.o(i.__hardfp_sqrtf)
    __mathlib_flt_infnan                     0x0000365f   Thumb Code     6  funder.o(i.__mathlib_flt_infnan)
    __mathlib_flt_infnan2                    0x00003665   Thumb Code     6  funder.o(i.__mathlib_flt_infnan2)
    __mathlib_flt_invalid                    0x0000366d   Thumb Code    10  funder.o(i.__mathlib_flt_invalid)
    __mathlib_flt_underflow                  0x0000367d   Thumb Code    10  funder.o(i.__mathlib_flt_underflow)
    __mathlib_rredf2                         0x0000368d   Thumb Code   316  rredf.o(i.__mathlib_rredf2)
    __scatterload_copy                       0x00003811   Thumb Code    14  handlers.o(i.__scatterload_copy)
    __scatterload_null                       0x0000381f   Thumb Code     2  handlers.o(i.__scatterload_null)
    __scatterload_zeroinit                   0x00003821   Thumb Code    14  handlers.o(i.__scatterload_zeroinit)
    __set_errno                              0x00003831   Thumb Code     6  errno.o(i.__set_errno)
    app_error_fault_handler                  0x000040fd   Thumb Code    54  app_error_weak.o(i.app_error_fault_handler)
    app_error_handler_bare                   0x00004169   Thumb Code    22  app_error.o(i.app_error_handler_bare)
    app_fifo_get                             0x0000417f   Thumb Code    22  app_fifo.o(i.app_fifo_get)
    app_fifo_init                            0x00004195   Thumb Code    32  app_fifo.o(i.app_fifo_init)
    app_fifo_put                             0x000041b5   Thumb Code    26  app_fifo.o(i.app_fifo_put)
    app_timer_cnt_get                        0x000041d1   Thumb Code     6  app_timer_1.o(i.app_timer_cnt_get)
    app_timer_create                         0x000041dd   Thumb Code    32  app_timer_1.o(i.app_timer_create)
    app_timer_init                           0x00004201   Thumb Code    70  app_timer_1.o(i.app_timer_init)
    app_timer_start                          0x00004255   Thumb Code   120  app_timer_1.o(i.app_timer_start)
    app_uart_init                            0x000042d5   Thumb Code   164  app_uart_fifo.o(i.app_uart_init)
    app_uart_put                             0x00004389   Thumb Code    52  app_uart_fifo.o(i.app_uart_put)
    app_util_critical_region_enter           0x000043c5   Thumb Code     4  app_util_platform.o(i.app_util_critical_region_enter)
    app_util_critical_region_exit            0x000043c9   Thumb Code     4  app_util_platform.o(i.app_util_critical_region_exit)
    app_util_disable_irq                     0x000043cd   Thumb Code    12  app_util_platform.o(i.app_util_disable_irq)
    app_util_enable_irq                      0x000043dd   Thumb Code    14  app_util_platform.o(i.app_util_enable_irq)
    bsp_board_led_off                        0x00004499   Thumb Code    10  boards.o(i.bsp_board_led_off)
    bsp_board_leds_init                      0x000044a9   Thumb Code    38  boards.o(i.bsp_board_leds_init)
    bsp_board_leds_off                       0x000044d5   Thumb Code    18  boards.o(i.bsp_board_leds_off)
    buffer_is_empty                          0x00004549   Thumb Code    16  nrf_log_frontend.o(i.buffer_is_empty)
    dmp_enable_6x_lp_quat                    0x00004719   Thumb Code    58  inv_mpu_dmp_motion_driver.o(i.dmp_enable_6x_lp_quat)
    dmp_enable_feature                       0x00004755   Thumb Code   464  inv_mpu_dmp_motion_driver.o(i.dmp_enable_feature)
    dmp_enable_gyro_cal                      0x0000492d   Thumb Code    34  inv_mpu_dmp_motion_driver.o(i.dmp_enable_gyro_cal)
    dmp_enable_lp_quat                       0x00004969   Thumb Code    58  inv_mpu_dmp_motion_driver.o(i.dmp_enable_lp_quat)
    dmp_load_motion_driver_firmware          0x000049a5   Thumb Code    16  inv_mpu_dmp_motion_driver.o(i.dmp_load_motion_driver_firmware)
    dmp_register_android_orient_cb           0x000049b9   Thumb Code     8  inv_mpu_dmp_motion_driver.o(i.dmp_register_android_orient_cb)
    dmp_register_tap_cb                      0x000049c5   Thumb Code     8  inv_mpu_dmp_motion_driver.o(i.dmp_register_tap_cb)
    dmp_set_fifo_rate                        0x000049d1   Thumb Code    82  inv_mpu_dmp_motion_driver.o(i.dmp_set_fifo_rate)
    dmp_set_orientation                      0x00004a35   Thumb Code   246  inv_mpu_dmp_motion_driver.o(i.dmp_set_orientation)
    dmp_set_shake_reject_thresh              0x00004b41   Thumb Code    48  inv_mpu_dmp_motion_driver.o(i.dmp_set_shake_reject_thresh)
    dmp_set_shake_reject_time                0x00004b71   Thumb Code    32  inv_mpu_dmp_motion_driver.o(i.dmp_set_shake_reject_time)
    dmp_set_shake_reject_timeout             0x00004b91   Thumb Code    32  inv_mpu_dmp_motion_driver.o(i.dmp_set_shake_reject_timeout)
    dmp_set_tap_axes                         0x00004bb1   Thumb Code    64  inv_mpu_dmp_motion_driver.o(i.dmp_set_tap_axes)
    dmp_set_tap_count                        0x00004bf1   Thumb Code    34  inv_mpu_dmp_motion_driver.o(i.dmp_set_tap_count)
    dmp_set_tap_thresh                       0x00004c15   Thumb Code   314  inv_mpu_dmp_motion_driver.o(i.dmp_set_tap_thresh)
    dmp_set_tap_time                         0x00004d75   Thumb Code    32  inv_mpu_dmp_motion_driver.o(i.dmp_set_tap_time)
    dmp_set_tap_time_multi                   0x00004d95   Thumb Code    32  inv_mpu_dmp_motion_driver.o(i.dmp_set_tap_time_multi)
    fputc                                    0x00004e1b   Thumb Code    14  retarget.o(i.fputc)
    free                                     0x00004e29   Thumb Code    76  malloc.o(i.free)
    i2c_write_porting                        0x00004ea5   Thumb Code   102  nrf_drv_mpu_twi.o(i.i2c_write_porting)
    inv_apply_calibration                    0x00004fa1   Thumb Code   106  data_builder.o(i.inv_apply_calibration)
    inv_compass_angle                        0x0000500d   Thumb Code   162  ml_math_func.o(i.inv_compass_angle)
    inv_convert_to_body_with_scale           0x000050b9   Thumb Code    92  ml_math_func.o(i.inv_convert_to_body_with_scale)
    inv_enable_eMPL_outputs                  0x00005165   Thumb Code    20  empl_outputs.o(i.inv_enable_eMPL_outputs)
    inv_enable_results_holder                0x00005181   Thumb Code    22  results_holder.o(i.inv_enable_results_holder)
    inv_execute_mpl_start_notification       0x0000519d   Thumb Code    38  start_manager.o(i.inv_execute_mpl_start_notification)
    inv_generate_results                     0x0000526d   Thumb Code    10  results_holder.o(i.inv_generate_results)
    inv_get_6axis_quaternion                 0x0000527d   Thumb Code    14  results_holder.o(i.inv_get_6axis_quaternion)
    inv_get_acc_state                        0x00005291   Thumb Code     6  results_holder.o(i.inv_get_acc_state)
    inv_get_accel_accuracy                   0x0000529d   Thumb Code     6  data_builder.o(i.inv_get_accel_accuracy)
    inv_get_accel_on                         0x000052a9   Thumb Code    12  data_builder.o(i.inv_get_accel_on)
    inv_get_accel_set                        0x000052b9   Thumb Code    34  data_builder.o(i.inv_get_accel_set)
    inv_get_compass_correction               0x000052e1   Thumb Code    20  results_holder.o(i.inv_get_compass_correction)
    inv_get_compass_on                       0x000052f9   Thumb Code    12  data_builder.o(i.inv_get_compass_on)
    inv_get_gravity                          0x00005309   Thumb Code    80  results_holder.o(i.inv_get_gravity)
    inv_get_gyro                             0x0000535d   Thumb Code    10  data_builder.o(i.inv_get_gyro)
    inv_get_gyro_accuracy                    0x0000536d   Thumb Code     6  data_builder.o(i.inv_get_gyro_accuracy)
    inv_get_gyro_bias                        0x00005379   Thumb Code    26  data_builder.o(i.inv_get_gyro_bias)
    inv_get_gyro_on                          0x0000539d   Thumb Code    10  data_builder.o(i.inv_get_gyro_on)
    inv_get_gyro_sum_of_sqr                  0x000053ad   Thumb Code    26  ml_math_func.o(i.inv_get_gyro_sum_of_sqr)
    inv_get_last_timestamp                   0x000053c9   Thumb Code    66  data_builder.o(i.inv_get_last_timestamp)
    inv_get_linear_accel                     0x00005411   Thumb Code    58  results_holder.o(i.inv_get_linear_accel)
    inv_get_local_field                      0x0000544d   Thumb Code    10  results_holder.o(i.inv_get_local_field)
    inv_get_mag_accuracy                     0x0000545d   Thumb Code    20  data_builder.o(i.inv_get_mag_accuracy)
    inv_get_quaternion                       0x00005479   Thumb Code    48  results_holder.o(i.inv_get_quaternion)
    inv_get_quaternion_set                   0x000054ad   Thumb Code    56  results_holder.o(i.inv_get_quaternion_set)
    inv_get_sensor_type_quat                 0x000054e5   Thumb Code    24  empl_outputs.o(i.inv_get_sensor_type_quat)
    inv_got_compass_bias                     0x00005501   Thumb Code     6  results_holder.o(i.inv_got_compass_bias)
    inv_init_data_builder                    0x0000550d   Thumb Code    44  data_builder.o(i.inv_init_data_builder)
    inv_init_mpl                             0x00005549   Thumb Code    94  mpl.o(i.inv_init_mpl)
    inv_init_results_holder                  0x000055d1   Thumb Code    40  results_holder.o(i.inv_init_results_holder)
    inv_init_start_manager                   0x00005601   Thumb Code    14  start_manager.o(i.inv_init_start_manager)
    inv_init_storage_manager                 0x00005615   Thumb Code    20  storage_manager.o(i.inv_init_storage_manager)
    inv_orientation_matrix_to_scalar         0x0000562d   Thumb Code    34  ml_math_func.o(i.inv_orientation_matrix_to_scalar)
    inv_q29_mult                             0x0000564f   Thumb Code    12  ml_math_func.o(i.inv_q29_mult)
    inv_q30_mult                             0x0000565b   Thumb Code    12  ml_math_func.o(i.inv_q30_mult)
    inv_q_add                                0x00005667   Thumb Code    36  ml_math_func.o(i.inv_q_add)
    inv_q_addf                               0x0000568b   Thumb Code    66  ml_math_func.o(i.inv_q_addf)
    inv_q_invert                             0x000056cd   Thumb Code    24  ml_math_func.o(i.inv_q_invert)
    inv_q_invertf                            0x000056e5   Thumb Code    46  ml_math_func.o(i.inv_q_invertf)
    inv_q_mult                               0x00005713   Thumb Code   176  ml_math_func.o(i.inv_q_mult)
    inv_q_multf                              0x000057c3   Thumb Code   210  ml_math_func.o(i.inv_q_multf)
    inv_q_norm4                              0x00005895   Thumb Code   126  ml_math_func.o(i.inv_q_norm4)
    inv_q_normalizef                         0x00005919   Thumb Code   170  ml_math_func.o(i.inv_q_normalizef)
    inv_q_rotate                             0x000059c9   Thumb Code    62  ml_math_func.o(i.inv_q_rotate)
    inv_quaternion_to_rotation               0x00005a07   Thumb Code   218  ml_math_func.o(i.inv_quaternion_to_rotation)
    inv_register_data_cb                     0x00005ae1   Thumb Code   150  data_builder.o(i.inv_register_data_cb)
    inv_register_load_store                  0x00005b85   Thumb Code   102  storage_manager.o(i.inv_register_load_store)
    inv_register_mpl_start_notification      0x00005bf1   Thumb Code    28  start_manager.o(i.inv_register_mpl_start_notification)
    inv_reset_compass_soft_iron_matrix       0x00005c11   Thumb Code    70  data_builder.o(i.inv_reset_compass_soft_iron_matrix)
    inv_set_compass_bias_found               0x00005cad   Thumb Code     6  results_holder.o(i.inv_set_compass_bias_found)
    inv_set_compass_correction               0x00005cb9   Thumb Code    28  results_holder.o(i.inv_set_compass_correction)
    inv_set_compass_disturbance              0x00005cd9   Thumb Code     8  data_builder.o(i.inv_set_compass_disturbance)
    inv_set_gyro_bias                        0x00005ce5   Thumb Code    88  data_builder.o(i.inv_set_gyro_bias)
    inv_set_message                          0x00005d41   Thumb Code    16  message_layer.o(i.inv_set_message)
    inv_set_motion_state                     0x00005d55   Thumb Code    48  results_holder.o(i.inv_set_motion_state)
    inv_set_quat_sample_rate                 0x00005d89   Thumb Code    20  data_builder.o(i.inv_set_quat_sample_rate)
    inv_start_mpl                            0x00005db1   Thumb Code    34  mpl.o(i.inv_start_mpl)
    inv_start_results_holder                 0x00005dfd   Thumb Code    18  results_holder.o(i.inv_start_results_holder)
    inv_store_gaming_quaternion              0x00005e15   Thumb Code    28  results_holder.o(i.inv_store_gaming_quaternion)
    inv_unregister_data_cb                   0x00005e35   Thumb Code    72  data_builder.o(i.inv_unregister_data_cb)
    inv_unregister_mpl_start_notification    0x00005e81   Thumb Code    68  start_manager.o(i.inv_unregister_mpl_start_notification)
    magn_setup                               0x00006125   Thumb Code    36  main.o(i.magn_setup)
    main                                     0x00006149   Thumb Code   398  main.o(i.main)
    malloc                                   0x00006429   Thumb Code    92  malloc.o(i.malloc)
    millis                                   0x00006495   Thumb Code    30  nrf_drv_inv_dmp.o(i.millis)
    mpu_config                               0x000064b3   Thumb Code    10  app_mpu.o(i.mpu_config)
    mpu_configure_fifo                       0x000064bd   Thumb Code    78  inv_mpu.o(i.mpu_configure_fifo)
    mpu_get_accel_fsr                        0x00006511   Thumb Code    54  inv_mpu.o(i.mpu_get_accel_fsr)
    mpu_init                                 0x0000654d   Thumb Code    36  app_mpu.o(i.mpu_init)
    mpu_init_inv                             0x00006571   Thumb Code   212  inv_mpu.o(i.mpu_init_inv)
    mpu_int_cfg_pin                          0x00006649   Thumb Code     8  app_mpu.o(i.mpu_int_cfg_pin)
    mpu_load_firmware                        0x00006651   Thumb Code   186  inv_mpu.o(i.mpu_load_firmware)
    mpu_lp_accel_mode                        0x00006739   Thumb Code   232  inv_mpu.o(i.mpu_lp_accel_mode)
    mpu_magnetometer_init                    0x00006825   Thumb Code    46  app_mpu.o(i.mpu_magnetometer_init)
    mpu_read_mem                             0x00006855   Thumb Code    80  inv_mpu.o(i.mpu_read_mem)
    mpu_reset_fifo                           0x000068a9   Thumb Code   346  inv_mpu.o(i.mpu_reset_fifo)
    mpu_set_accel_fsr                        0x00006a09   Thumb Code    98  inv_mpu.o(i.mpu_set_accel_fsr)
    mpu_set_bypass                           0x00006a71   Thumb Code   214  inv_mpu.o(i.mpu_set_bypass)
    mpu_set_compass_sample_rate              0x00006b4d   Thumb Code    72  inv_mpu.o(i.mpu_set_compass_sample_rate)
    mpu_set_dmp_state                        0x00006b99   Thumb Code   114  inv_mpu.o(i.mpu_set_dmp_state)
    mpu_set_gyro_fsr                         0x00006c11   Thumb Code   104  inv_mpu.o(i.mpu_set_gyro_fsr)
    mpu_set_int_latched                      0x00006c7d   Thumb Code    94  inv_mpu.o(i.mpu_set_int_latched)
    mpu_set_lpf                              0x00006ce1   Thumb Code   132  inv_mpu.o(i.mpu_set_lpf)
    mpu_set_sample_rate                      0x00006d69   Thumb Code   138  inv_mpu.o(i.mpu_set_sample_rate)
    mpu_set_sensors                          0x00006df9   Thumb Code   304  inv_mpu.o(i.mpu_set_sensors)
    mpu_setup                                0x00006f2d   Thumb Code    80  main.o(i.mpu_setup)
    mpu_twi_read_test                        0x00006fb1   Thumb Code   100  nrf_drv_mpu_twi.o(i.mpu_twi_read_test)
    mpu_write_mem                            0x0000701d   Thumb Code   102  inv_mpu.o(i.mpu_write_mem)
    nrf_drv_clock_hfclk_release              0x00007311   Thumb Code    34  nrf_drv_clock.o(i.nrf_drv_clock_hfclk_release)
    nrf_drv_clock_hfclk_request              0x00007339   Thumb Code    82  nrf_drv_clock.o(i.nrf_drv_clock_hfclk_request)
    nrf_drv_clock_init                       0x00007391   Thumb Code    66  nrf_drv_clock.o(i.nrf_drv_clock_init)
    nrf_drv_clock_lfclk_request              0x000073dd   Thumb Code    86  nrf_drv_clock.o(i.nrf_drv_clock_lfclk_request)
    nrf_drv_common_irq_enable                0x00007453   Thumb Code    56  nrf_drv_common.o(i.nrf_drv_common_irq_enable)
    nrf_drv_gpiote_in_init                   0x00007491   Thumb Code   196  nrf_drv_gpiote.o(i.nrf_drv_gpiote_in_init)
    nrf_drv_gpiote_init                      0x00007591   Thumb Code   118  nrf_drv_gpiote.o(i.nrf_drv_gpiote_init)
    nrf_drv_mpu_init                         0x00007691   Thumb Code    42  nrf_drv_mpu_twi.o(i.nrf_drv_mpu_init)
    nrf_drv_mpu_read_registers               0x000076c5   Thumb Code    98  nrf_drv_mpu_twi.o(i.nrf_drv_mpu_read_registers)
    nrf_drv_mpu_write_magnetometer_register  0x00007759   Thumb Code    54  nrf_drv_mpu_twi.o(i.nrf_drv_mpu_write_magnetometer_register)
    nrf_drv_mpu_write_registers              0x00007799   Thumb Code    72  nrf_drv_mpu_twi.o(i.nrf_drv_mpu_write_registers)
    nrf_drv_mpu_write_single_register        0x000077ed   Thumb Code    54  nrf_drv_mpu_twi.o(i.nrf_drv_mpu_write_single_register)
    nrf_drv_twi_enable                       0x0000782d   Thumb Code    28  nrf_drv_twi.o(i.nrf_drv_twi_enable)
    nrf_drv_twi_init                         0x0000784d   Thumb Code   134  nrf_drv_twi.o(i.nrf_drv_twi_init)
    nrf_drv_twi_rx                           0x000078d9   Thumb Code    32  nrf_drv_twi.o(i.nrf_drv_twi_rx)
    nrf_drv_twi_tx                           0x000078fd   Thumb Code    36  nrf_drv_twi.o(i.nrf_drv_twi_tx)
    nrf_drv_twi_xfer                         0x00007921   Thumb Code    30  nrf_drv_twi.o(i.nrf_drv_twi_xfer)
    nrf_drv_uart_init                        0x00007945   Thumb Code    98  nrf_drv_uart.o(i.nrf_drv_uart_init)
    nrf_drv_uart_rx                          0x000079ad   Thumb Code   170  nrf_drv_uart.o(i.nrf_drv_uart_rx)
    nrf_drv_uart_rx_enable                   0x00007a5d   Thumb Code    42  nrf_drv_uart.o(i.nrf_drv_uart_rx_enable)
    nrf_drv_uart_tx                          0x00007be5   Thumb Code   262  nrf_drv_uart.o(i.nrf_drv_uart_tx)
    nrf_drv_uart_tx_in_progress              0x00007cf1   Thumb Code    18  nrf_drv_uart.o(i.nrf_drv_uart_tx_in_progress)
    nrf_drv_uart_uninit                      0x00007d09   Thumb Code    74  nrf_drv_uart.o(i.nrf_drv_uart_uninit)
    nrf_log_backend_init                     0x00007f81   Thumb Code   100  nrf_log_backend_serial.o(i.nrf_log_backend_init)
    nrf_log_blocking_backend_set             0x00007ff1   Thumb Code     6  nrf_log_frontend.o(i.nrf_log_blocking_backend_set)
    nrf_log_frontend_dequeue                 0x00007ff9   Thumb Code   298  nrf_log_frontend.o(i.nrf_log_frontend_dequeue)
    nrf_log_frontend_std_0                   0x00008129   Thumb Code    68  nrf_log_frontend.o(i.nrf_log_frontend_std_0)
    nrf_log_frontend_std_1                   0x00008175   Thumb Code    80  nrf_log_frontend.o(i.nrf_log_frontend_std_1)
    nrf_log_frontend_std_2                   0x000081cd   Thumb Code    96  nrf_log_frontend.o(i.nrf_log_frontend_std_2)
    nrf_log_push                             0x00008235   Thumb Code    90  nrf_log_frontend.o(i.nrf_log_push)
    nrf_strerror_find                        0x00008295   Thumb Code    52  nrf_strerror.o(i.nrf_strerror_find)
    nrf_strerror_get                         0x000082cd   Thumb Code    14  nrf_strerror.o(i.nrf_strerror_get)
    sqrtf                                    0x0000868d   Thumb Code    62  sqrtf.o(i.sqrtf)
    uart_config                              0x00008b81   Thumb Code    62  main.o(i.uart_config)
    uart_error_handle                        0x00008bd1   Thumb Code    18  main.o(i.uart_error_handle)
    ml_ver                                   0x000090d8   Data          20  mpl.o(.constdata)
    reg                                      0x00009cfd   Data          42  inv_mpu.o(.constdata)
    hw                                       0x00009d28   Data          14  inv_mpu.o(.constdata)
    test                                     0x00009d38   Data          48  inv_mpu.o(.constdata)
    Region$$Table$$Base                      0x0000a0ec   Number         0  anon$$obj.o(Region$$Table)
    Region$$Table$$Limit                     0x0000a10c   Number         0  anon$$obj.o(Region$$Table)
    mpl_key                                  0x20000000   Data           4  main.o(.data)
    __stdout                                 0x20000038   Data           4  retarget.o(.data)
    SystemCoreClock                          0x20000088   Data           4  system_nrf52840.o(.data)
    __microlib_freelist                      0x2000008c   Data           4  mvars.o(.data)
    __microlib_freelist_initialised          0x20000090   Data           4  mvars.o(.data)
    twi_tx_buffer                            0x20000604   Data          16  nrf_drv_mpu_twi.o(.bss)
    fnm                                      0x200010d0   Data         608  fast_no_motion.o(.bss)
    s9axis                                   0x20001370   Data         312  fusion_9axis.o(.bss)
    mag_disturb                              0x20001514   Data         184  mag_disturb.o(.bss)
    __heap_base                              0x200015d0   Data           0  arm_startup_nrf52840.o(HEAP)
    __heap_limit                             0x200035d0   Data           0  arm_startup_nrf52840.o(HEAP)
    __initial_sp                             0x200055d0   Data           0  arm_startup_nrf52840.o(STACK)



==============================================================================

Memory Map of the image

  Image Entry point : 0x00000201

  Load Region LR_IROM1 (Base: 0x00000000, Size: 0x0000a1a4, Max: 0x00100000, ABSOLUTE)

    Execution Region ER_IROM1 (Base: 0x00000000, Size: 0x0000a10c, Max: 0x00100000, ABSOLUTE)

    Base Addr    Size         Type   Attr      Idx    E Section Name        Object

    0x00000000   0x00000200   Data   RO         4420    RESET               arm_startup_nrf52840.o
    0x00000200   0x00000000   Code   RO         4828  * .ARM.Collect$$$$00000000  mc_w.l(entry.o)
    0x00000200   0x00000004   Code   RO         5244    .ARM.Collect$$$$00000001  mc_w.l(entry2.o)
    0x00000204   0x00000004   Code   RO         5247    .ARM.Collect$$$$00000004  mc_w.l(entry5.o)
    0x00000208   0x00000000   Code   RO         5249    .ARM.Collect$$$$00000008  mc_w.l(entry7b.o)
    0x00000208   0x00000000   Code   RO         5251    .ARM.Collect$$$$0000000A  mc_w.l(entry8b.o)
    0x00000208   0x00000008   Code   RO         5252    .ARM.Collect$$$$0000000B  mc_w.l(entry9a.o)
    0x00000210   0x00000000   Code   RO         5254    .ARM.Collect$$$$0000000D  mc_w.l(entry10a.o)
    0x00000210   0x00000000   Code   RO         5256    .ARM.Collect$$$$0000000F  mc_w.l(entry11a.o)
    0x00000210   0x00000004   Code   RO         5245    .ARM.Collect$$$$00002712  mc_w.l(entry2.o)
    0x00000214   0x00000024   Code   RO         4421    .text               arm_startup_nrf52840.o
    0x00000238   0x00000a18   Code   RO         4461    .text               libmpllib.lib(fast_no_motion.o)
    0x00000c50   0x000006b0   Code   RO         4552    .text               libmpllib.lib(fusion_9axis.o)
    0x00001300   0x00000994   Code   RO         4577    .text               libmpllib.lib(quaternion_supervisor.o)
    0x00001c94   0x000005c0   Code   RO         4598    .text               libmpllib.lib(mag_disturb.o)
    0x00002254   0x0000001e   Code   RO         4833    .text               mc_w.l(llshl.o)
    0x00002272   0x00000024   Code   RO         4835    .text               mc_w.l(llsshr.o)
    0x00002296   0x00000040   Code   RO         4867    .text               mc_w.l(memmovea.o)
    0x000022d6   0x00000024   Code   RO         4869    .text               mc_w.l(memseta.o)
    0x000022fa   0x0000000e   Code   RO         4871    .text               mc_w.l(strlen.o)
    0x00002308   0x0000001a   Code   RO         4873    .text               mc_w.l(memcmp.o)
    0x00002322   0x0000014e   Code   RO         5170    .text               mf_w.l(dadd.o)
    0x00002470   0x000000e4   Code   RO         5172    .text               mf_w.l(dmul.o)
    0x00002554   0x000000de   Code   RO         5174    .text               mf_w.l(ddiv.o)
    0x00002632   0x0000002c   Code   RO         5176    .text               mf_w.l(ffltl.o)
    0x0000265e   0x00000022   Code   RO         5178    .text               mf_w.l(dflti.o)
    0x00002680   0x00000042   Code   RO         5180    .text               mf_w.l(ffixl.o)
    0x000026c2   0x0000003e   Code   RO         5182    .text               mf_w.l(dfixi.o)
    0x00002700   0x00000026   Code   RO         5184    .text               mf_w.l(f2d.o)
    0x00002726   0x00000002   PAD
    0x00002728   0x00000030   Code   RO         5188    .text               mf_w.l(cdrcmple.o)
    0x00002758   0x00000038   Code   RO         5190    .text               mf_w.l(d2f.o)
    0x00002790   0x0000002c   Code   RO         5258    .text               mc_w.l(uidiv.o)
    0x000027bc   0x00000062   Code   RO         5260    .text               mc_w.l(uldiv.o)
    0x0000281e   0x00000020   Code   RO         5262    .text               mc_w.l(llushr.o)
    0x0000283e   0x00000000   Code   RO         5273    .text               mc_w.l(iusefp.o)
    0x0000283e   0x0000006e   Code   RO         5274    .text               mf_w.l(fepilogue.o)
    0x000028ac   0x000000ba   Code   RO         5276    .text               mf_w.l(depilogue.o)
    0x00002966   0x00000030   Code   RO         5284    .text               mf_w.l(dfixul.o)
    0x00002996   0x00000002   PAD
    0x00002998   0x00000024   Code   RO         5286    .text               mc_w.l(init.o)
    0x000029bc   0x000001b8   Code   RO         1338    i.GPIOTE_IRQHandler  nrf_drv_gpiote.o
    0x00002b74   0x00000016   Code   RO         1601    i.NVIC_ClearPendingIRQ  app_timer_1.o
    0x00002b8a   0x00000016   Code   RO         1602    i.NVIC_EnableIRQ    app_timer_1.o
    0x00002ba0   0x00000016   Code   RO         1603    i.NVIC_SetPendingIRQ  app_timer_1.o
    0x00002bb6   0x00000020   Code   RO         1604    i.NVIC_SetPriority  app_timer_1.o
    0x00002bd6   0x00000002   PAD
    0x00002bd8   0x000000b8   Code   RO          899    i.POWER_CLOCK_IRQHandler  nrf_drv_clock.o
    0x00002c90   0x00000024   Code   RO         1605    i.RTC1_IRQHandler   app_timer_1.o
    0x00002cb4   0x00000010   Code   RO          314    i.SPIM0_SPIS0_TWIM0_TWIS0_SPI0_TWI0_IRQHandler  nrf_drv_twi.o
    0x00002cc4   0x00000004   Code   RO         1606    i.SWI0_EGU0_IRQHandler  app_timer_1.o
    0x00002cc8   0x000001e8   Code   RO         4429    i.SystemInit        system_nrf52840.o
    0x00002eb0   0x0000001c   Code   RO         1097    i.UARTE0_UART0_IRQHandler  nrf_drv_uart.o
    0x00002ecc   0x000000a4   Code   RO          721    i._MLPrintLog       nrf_drv_inv_dmp.o
    0x00002f70   0x00000020   Code   RO         5114    i.__0printf         mc_w.l(printfa.o)
    0x00002f90   0x00000024   Code   RO         5120    i.__0vsprintf       mc_w.l(printfa.o)
    0x00002fb4   0x00000026   Code   RO         5211    i.__ARM_fpclassifyf  m_wm.l(fpclassifyf.o)
    0x00002fda   0x00000002   PAD
    0x00002fdc   0x00000118   Code   RO         4634    i.__hardfp_acosf    m_wm.l(acosf.o)
    0x000030f4   0x00000250   Code   RO         4698    i.__hardfp_atan2f   m_wm.l(atan2f.o)
    0x00003344   0x00000150   Code   RO         4728    i.__hardfp_cosf     m_wm.l(cosf.o)
    0x00003494   0x00000190   Code   RO         4792    i.__hardfp_sinf     m_wm.l(sinf.o)
    0x00003624   0x0000003a   Code   RO         4816    i.__hardfp_sqrtf    m_wm.l(sqrtf.o)
    0x0000365e   0x00000006   Code   RO         5214    i.__mathlib_flt_infnan  m_wm.l(funder.o)
    0x00003664   0x00000006   Code   RO         5215    i.__mathlib_flt_infnan2  m_wm.l(funder.o)
    0x0000366a   0x00000002   PAD
    0x0000366c   0x00000010   Code   RO         5216    i.__mathlib_flt_invalid  m_wm.l(funder.o)
    0x0000367c   0x00000010   Code   RO         5219    i.__mathlib_flt_underflow  m_wm.l(funder.o)
    0x0000368c   0x00000154   Code   RO         5235    i.__mathlib_rredf2  m_wm.l(rredf.o)
    0x000037e0   0x00000030   Code   RO         3471    i.__print_result_location  mpl.o
    0x00003810   0x0000000e   Code   RO         5292    i.__scatterload_copy  mc_w.l(handlers.o)
    0x0000381e   0x00000002   Code   RO         5293    i.__scatterload_null  mc_w.l(handlers.o)
    0x00003820   0x0000000e   Code   RO         5294    i.__scatterload_zeroinit  mc_w.l(handlers.o)
    0x0000382e   0x00000002   PAD
    0x00003830   0x0000000c   Code   RO         5268    i.__set_errno       mc_w.l(errno.o)
    0x0000383c   0x00000184   Code   RO         5121    i._fp_digits        mc_w.l(printfa.o)
    0x000039c0   0x000006dc   Code   RO         5122    i._printf_core      mc_w.l(printfa.o)
    0x0000409c   0x00000024   Code   RO         5123    i._printf_post_padding  mc_w.l(printfa.o)
    0x000040c0   0x0000002e   Code   RO         5124    i._printf_pre_padding  mc_w.l(printfa.o)
    0x000040ee   0x0000000a   Code   RO         5126    i._sputc            mc_w.l(printfa.o)
    0x000040f8   0x00000002   Code   RO            4    i.android_orient_cb  main.o
    0x000040fa   0x00000002   PAD
    0x000040fc   0x0000006c   Code   RO         1810    i.app_error_fault_handler  app_error_weak.o
    0x00004168   0x00000016   Code   RO         1771    i.app_error_handler_bare  app_error.o
    0x0000417e   0x00000016   Code   RO         1839    i.app_fifo_get      app_fifo.o
    0x00004194   0x00000020   Code   RO         1840    i.app_fifo_init     app_fifo.o
    0x000041b4   0x0000001a   Code   RO         1842    i.app_fifo_put      app_fifo.o
    0x000041ce   0x00000002   PAD
    0x000041d0   0x0000000c   Code   RO         1608    i.app_timer_cnt_get  app_timer_1.o
    0x000041dc   0x00000024   Code   RO         1609    i.app_timer_create  app_timer_1.o
    0x00004200   0x00000054   Code   RO         1610    i.app_timer_init    app_timer_1.o
    0x00004254   0x00000080   Code   RO         1613    i.app_timer_start   app_timer_1.o
    0x000042d4   0x000000b4   Code   RO         1914    i.app_uart_init     app_uart_fifo.o
    0x00004388   0x0000003c   Code   RO         1915    i.app_uart_put      app_uart_fifo.o
    0x000043c4   0x00000004   Code   RO         1983    i.app_util_critical_region_enter  app_util_platform.o
    0x000043c8   0x00000004   Code   RO         1984    i.app_util_critical_region_exit  app_util_platform.o
    0x000043cc   0x00000010   Code   RO         1985    i.app_util_disable_irq  app_util_platform.o
    0x000043dc   0x00000014   Code   RO         1986    i.app_util_enable_irq  app_util_platform.o
    0x000043f0   0x000000a8   Code   RO         1098    i.apply_config      nrf_drv_uart.o
    0x00004498   0x00000010   Code   RO          790    i.bsp_board_led_off  boards.o
    0x000044a8   0x0000002c   Code   RO          793    i.bsp_board_leds_init  boards.o
    0x000044d4   0x00000012   Code   RO          794    i.bsp_board_leds_off  boards.o
    0x000044e6   0x00000002   PAD
    0x000044e8   0x00000060   Code   RO         2238    i.buf_prealloc      nrf_log_frontend.o
    0x00004548   0x00000014   Code   RO         2239    i.buffer_is_empty   nrf_log_frontend.o
    0x0000455c   0x0000001c   Code   RO         1339    i.channel_free      nrf_drv_gpiote.o
    0x00004578   0x00000048   Code   RO         1340    i.channel_port_alloc  nrf_drv_gpiote.o
    0x000045c0   0x00000010   Code   RO         1341    i.channel_port_get  nrf_drv_gpiote.o
    0x000045d0   0x00000028   Code   RO          901    i.clock_clk_started_notify  nrf_drv_clock.o
    0x000045f8   0x000000ac   Code   RO         1616    i.compare_reg_update  app_timer_1.o
    0x000046a4   0x00000074   Code   RO         2240    i.cont_buf_prealloc  nrf_log_frontend.o
    0x00004718   0x0000003a   Code   RO         3814    i.dmp_enable_6x_lp_quat  inv_mpu_dmp_motion_driver.o
    0x00004752   0x00000002   PAD
    0x00004754   0x000001d8   Code   RO         3815    i.dmp_enable_feature  inv_mpu_dmp_motion_driver.o
    0x0000492c   0x0000003c   Code   RO         3816    i.dmp_enable_gyro_cal  inv_mpu_dmp_motion_driver.o
    0x00004968   0x0000003a   Code   RO         3817    i.dmp_enable_lp_quat  inv_mpu_dmp_motion_driver.o
    0x000049a2   0x00000002   PAD
    0x000049a4   0x00000014   Code   RO         3822    i.dmp_load_motion_driver_firmware  inv_mpu_dmp_motion_driver.o
    0x000049b8   0x0000000c   Code   RO         3824    i.dmp_register_android_orient_cb  inv_mpu_dmp_motion_driver.o
    0x000049c4   0x0000000c   Code   RO         3825    i.dmp_register_tap_cb  inv_mpu_dmp_motion_driver.o
    0x000049d0   0x00000064   Code   RO         3827    i.dmp_set_fifo_rate  inv_mpu_dmp_motion_driver.o
    0x00004a34   0x0000010c   Code   RO         3830    i.dmp_set_orientation  inv_mpu_dmp_motion_driver.o
    0x00004b40   0x00000030   Code   RO         3833    i.dmp_set_shake_reject_thresh  inv_mpu_dmp_motion_driver.o
    0x00004b70   0x00000020   Code   RO         3834    i.dmp_set_shake_reject_time  inv_mpu_dmp_motion_driver.o
    0x00004b90   0x00000020   Code   RO         3835    i.dmp_set_shake_reject_timeout  inv_mpu_dmp_motion_driver.o
    0x00004bb0   0x00000040   Code   RO         3836    i.dmp_set_tap_axes  inv_mpu_dmp_motion_driver.o
    0x00004bf0   0x00000022   Code   RO         3837    i.dmp_set_tap_count  inv_mpu_dmp_motion_driver.o
    0x00004c12   0x00000002   PAD
    0x00004c14   0x00000160   Code   RO         3838    i.dmp_set_tap_thresh  inv_mpu_dmp_motion_driver.o
    0x00004d74   0x00000020   Code   RO         3839    i.dmp_set_tap_time  inv_mpu_dmp_motion_driver.o
    0x00004d94   0x00000020   Code   RO         3840    i.dmp_set_tap_time_multi  inv_mpu_dmp_motion_driver.o
    0x00004db4   0x00000040   Code   RO         1617    i.elapsed_ticks_acquire  app_timer_1.o
    0x00004df4   0x00000014   Code   RO         1845    i.fifo_get          app_fifo.o
    0x00004e08   0x00000012   Code   RO         1846    i.fifo_put          app_fifo.o
    0x00004e1a   0x0000000e   Code   RO         2106    i.fputc             retarget.o
    0x00004e28   0x00000050   Code   RO         5142    i.free              mc_w.l(malloc.o)
    0x00004e78   0x0000000c   Code   RO            5    i.gyro_data_ready_cb  main.o
    0x00004e84   0x00000020   Code   RO          902    i.hfclk_stop        nrf_drv_clock.o
    0x00004ea4   0x00000084   Code   RO          511    i.i2c_write_porting  nrf_drv_mpu_twi.o
    0x00004f28   0x00000078   Code   RO         1099    i.interrupts_enable  nrf_drv_uart.o
    0x00004fa0   0x0000006a   Code   RO         2523    i.inv_apply_calibration  data_builder.o
    0x0000500a   0x00000002   PAD
    0x0000500c   0x000000ac   Code   RO         3118    i.inv_compass_angle  ml_math_func.o
    0x000050b8   0x0000005c   Code   RO         3120    i.inv_convert_to_body_with_scale  ml_math_func.o
    0x00005114   0x0000003c   Code   RO         2530    i.inv_db_load_func  data_builder.o
    0x00005150   0x00000014   Code   RO         2531    i.inv_db_save_func  data_builder.o
    0x00005164   0x0000001c   Code   RO         4347    i.inv_enable_eMPL_outputs  empl_outputs.o
    0x00005180   0x0000001c   Code   RO         3506    i.inv_enable_results_holder  results_holder.o
    0x0000519c   0x0000002c   Code   RO         3741    i.inv_execute_mpl_start_notification  start_manager.o
    0x000051c8   0x000000a4   Code   RO         4348    i.inv_generate_eMPL_outputs  empl_outputs.o
    0x0000526c   0x00000010   Code   RO         3507    i.inv_generate_results  results_holder.o
    0x0000527c   0x00000014   Code   RO         3508    i.inv_get_6axis_quaternion  results_holder.o
    0x00005290   0x0000000c   Code   RO         3509    i.inv_get_acc_state  results_holder.o
    0x0000529c   0x0000000c   Code   RO         2535    i.inv_get_accel_accuracy  data_builder.o
    0x000052a8   0x00000010   Code   RO         2537    i.inv_get_accel_on  data_builder.o
    0x000052b8   0x00000028   Code   RO         2541    i.inv_get_accel_set  data_builder.o
    0x000052e0   0x00000018   Code   RO         3513    i.inv_get_compass_correction  results_holder.o
    0x000052f8   0x00000010   Code   RO         2544    i.inv_get_compass_on  data_builder.o
    0x00005308   0x00000054   Code   RO         3515    i.inv_get_gravity   results_holder.o
    0x0000535c   0x00000010   Code   RO         2552    i.inv_get_gyro      data_builder.o
    0x0000536c   0x0000000c   Code   RO         2553    i.inv_get_gyro_accuracy  data_builder.o
    0x00005378   0x00000024   Code   RO         2554    i.inv_get_gyro_bias  data_builder.o
    0x0000539c   0x00000010   Code   RO         2556    i.inv_get_gyro_on   data_builder.o
    0x000053ac   0x0000001a   Code   RO         3124    i.inv_get_gyro_sum_of_sqr  ml_math_func.o
    0x000053c6   0x00000002   PAD
    0x000053c8   0x00000048   Code   RO         2562    i.inv_get_last_timestamp  data_builder.o
    0x00005410   0x0000003a   Code   RO         3519    i.inv_get_linear_accel  results_holder.o
    0x0000544a   0x00000002   PAD
    0x0000544c   0x00000010   Code   RO         3521    i.inv_get_local_field  results_holder.o
    0x0000545c   0x0000001c   Code   RO         2563    i.inv_get_mag_accuracy  data_builder.o
    0x00005478   0x00000034   Code   RO         3524    i.inv_get_quaternion  results_holder.o
    0x000054ac   0x00000038   Code   RO         3526    i.inv_get_quaternion_set  results_holder.o
    0x000054e4   0x0000001c   Code   RO         4354    i.inv_get_sensor_type_quat  empl_outputs.o
    0x00005500   0x0000000c   Code   RO         3528    i.inv_got_compass_bias  results_holder.o
    0x0000550c   0x0000003c   Code   RO         2566    i.inv_init_data_builder  data_builder.o
    0x00005548   0x00000088   Code   RO         3473    i.inv_init_mpl      mpl.o
    0x000055d0   0x00000030   Code   RO         3529    i.inv_init_results_holder  results_holder.o
    0x00005600   0x00000014   Code   RO         3742    i.inv_init_start_manager  start_manager.o
    0x00005614   0x00000018   Code   RO         3774    i.inv_init_storage_manager  storage_manager.o
    0x0000562c   0x00000022   Code   RO         3133    i.inv_orientation_matrix_to_scalar  ml_math_func.o
    0x0000564e   0x0000000c   Code   RO         3134    i.inv_q29_mult      ml_math_func.o
    0x0000565a   0x0000000c   Code   RO         3136    i.inv_q30_mult      ml_math_func.o
    0x00005666   0x00000024   Code   RO         3138    i.inv_q_add         ml_math_func.o
    0x0000568a   0x00000042   Code   RO         3139    i.inv_q_addf        ml_math_func.o
    0x000056cc   0x00000018   Code   RO         3140    i.inv_q_invert      ml_math_func.o
    0x000056e4   0x0000002e   Code   RO         3141    i.inv_q_invertf     ml_math_func.o
    0x00005712   0x000000b0   Code   RO         3142    i.inv_q_mult        ml_math_func.o
    0x000057c2   0x000000d2   Code   RO         3143    i.inv_q_multf       ml_math_func.o
    0x00005894   0x00000084   Code   RO         3144    i.inv_q_norm4       ml_math_func.o
    0x00005918   0x000000b0   Code   RO         3146    i.inv_q_normalizef  ml_math_func.o
    0x000059c8   0x0000003e   Code   RO         3147    i.inv_q_rotate      ml_math_func.o
    0x00005a06   0x000000da   Code   RO         3149    i.inv_quaternion_to_rotation  ml_math_func.o
    0x00005ae0   0x000000a4   Code   RO         2569    i.inv_register_data_cb  data_builder.o
    0x00005b84   0x0000006c   Code   RO         3776    i.inv_register_load_store  storage_manager.o
    0x00005bf0   0x00000020   Code   RO         3743    i.inv_register_mpl_start_notification  start_manager.o
    0x00005c10   0x00000054   Code   RO         2570    i.inv_reset_compass_soft_iron_matrix  data_builder.o
    0x00005c64   0x00000048   Code   RO         3151    i.inv_row_2_scale   ml_math_func.o
    0x00005cac   0x0000000c   Code   RO         3534    i.inv_set_compass_bias_found  results_holder.o
    0x00005cb8   0x00000020   Code   RO         3535    i.inv_set_compass_correction  results_holder.o
    0x00005cd8   0x0000000c   Code   RO         2579    i.inv_set_compass_disturbance  data_builder.o
    0x00005ce4   0x0000005c   Code   RO         2587    i.inv_set_gyro_bias  data_builder.o
    0x00005d40   0x00000014   Code   RO         3093    i.inv_set_message   message_layer.o
    0x00005d54   0x00000034   Code   RO         3541    i.inv_set_motion_state  results_holder.o
    0x00005d88   0x00000018   Code   RO         2590    i.inv_set_quat_sample_rate  data_builder.o
    0x00005da0   0x00000010   Code   RO         4356    i.inv_start_eMPL_outputs  empl_outputs.o
    0x00005db0   0x0000004c   Code   RO         3474    i.inv_start_mpl     mpl.o
    0x00005dfc   0x00000018   Code   RO         3542    i.inv_start_results_holder  results_holder.o
    0x00005e14   0x00000020   Code   RO         3543    i.inv_store_gaming_quaternion  results_holder.o
    0x00005e34   0x0000004c   Code   RO         2592    i.inv_unregister_data_cb  data_builder.o
    0x00005e80   0x00000048   Code   RO         3744    i.inv_unregister_mpl_start_notification  start_manager.o
    0x00005ec8   0x0000014e   Code   RO          315    i.irq_handler_twim  nrf_drv_twi.o
    0x00006016   0x00000016   Code   RO          903    i.item_enqueue      nrf_drv_clock.o
    0x0000602c   0x000000f8   Code   RO         1618    i.list_insertions_handler  app_timer_1.o
    0x00006124   0x00000024   Code   RO            6    i.magn_setup        main.o
    0x00006148   0x000002e0   Code   RO            7    i.main              main.o
    0x00006428   0x0000006c   Code   RO         5143    i.malloc            mc_w.l(malloc.o)
    0x00006494   0x0000001e   Code   RO          722    i.millis            nrf_drv_inv_dmp.o
    0x000064b2   0x0000000a   Code   RO          631    i.mpu_config        app_mpu.o
    0x000064bc   0x00000054   Code   RO         4009    i.mpu_configure_fifo  inv_mpu.o
    0x00006510   0x0000003c   Code   RO         4010    i.mpu_get_accel_fsr  inv_mpu.o
    0x0000654c   0x00000024   Code   RO          632    i.mpu_init          app_mpu.o
    0x00006570   0x000000d8   Code   RO         4026    i.mpu_init_inv      inv_mpu.o
    0x00006648   0x00000008   Code   RO          633    i.mpu_int_cfg_pin   app_mpu.o
    0x00006650   0x000000e8   Code   RO         4027    i.mpu_load_firmware  inv_mpu.o
    0x00006738   0x000000ec   Code   RO         4028    i.mpu_lp_accel_mode  inv_mpu.o
    0x00006824   0x0000002e   Code   RO          635    i.mpu_magnetometer_init  app_mpu.o
    0x00006852   0x00000002   PAD
    0x00006854   0x00000054   Code   RO         4035    i.mpu_read_mem      inv_mpu.o
    0x000068a8   0x00000160   Code   RO         4038    i.mpu_reset_fifo    inv_mpu.o
    0x00006a08   0x00000068   Code   RO         4043    i.mpu_set_accel_fsr  inv_mpu.o
    0x00006a70   0x000000dc   Code   RO         4044    i.mpu_set_bypass    inv_mpu.o
    0x00006b4c   0x0000004c   Code   RO         4045    i.mpu_set_compass_sample_rate  inv_mpu.o
    0x00006b98   0x00000078   Code   RO         4046    i.mpu_set_dmp_state  inv_mpu.o
    0x00006c10   0x0000006c   Code   RO         4048    i.mpu_set_gyro_fsr  inv_mpu.o
    0x00006c7c   0x00000064   Code   RO         4049    i.mpu_set_int_latched  inv_mpu.o
    0x00006ce0   0x00000088   Code   RO         4051    i.mpu_set_lpf       inv_mpu.o
    0x00006d68   0x00000090   Code   RO         4052    i.mpu_set_sample_rate  inv_mpu.o
    0x00006df8   0x00000134   Code   RO         4053    i.mpu_set_sensors   inv_mpu.o
    0x00006f2c   0x00000084   Code   RO            8    i.mpu_setup         main.o
    0x00006fb0   0x0000006c   Code   RO          512    i.mpu_twi_read_test  nrf_drv_mpu_twi.o
    0x0000701c   0x0000006c   Code   RO         4054    i.mpu_write_mem     inv_mpu.o
    0x00007088   0x00000010   Code   RO         1342    i.nrf_bitmask_bit_is_set  nrf_drv_gpiote.o
    0x00007098   0x0000000e   Code   RO          905    i.nrf_clock_event_check  nrf_drv_clock.o
    0x000070a6   0x00000010   Code   RO          906    i.nrf_clock_event_clear  nrf_drv_clock.o
    0x000070b6   0x00000002   PAD
    0x000070b8   0x0000001c   Code   RO          907    i.nrf_clock_hf_is_running  nrf_drv_clock.o
    0x000070d4   0x0000000a   Code   RO         4055    i.nrf_delay_ms      inv_mpu.o
    0x000070de   0x00000002   PAD
    0x000070e0   0x0000008c   Code   RO            9    i.nrf_delay_us      main.o
    0x0000716c   0x0000008c   Code   RO          316    i.nrf_delay_us      nrf_drv_twi.o
    0x000071f8   0x0000008c   Code   RO         1619    i.nrf_delay_us      app_timer_1.o
    0x00007284   0x0000008c   Code   RO         4056    i.nrf_delay_us      inv_mpu.o
    0x00007310   0x00000028   Code   RO          911    i.nrf_drv_clock_hfclk_release  nrf_drv_clock.o
    0x00007338   0x00000058   Code   RO          912    i.nrf_drv_clock_hfclk_request  nrf_drv_clock.o
    0x00007390   0x0000004c   Code   RO          913    i.nrf_drv_clock_init  nrf_drv_clock.o
    0x000073dc   0x00000060   Code   RO          918    i.nrf_drv_clock_lfclk_request  nrf_drv_clock.o
    0x0000743c   0x00000016   Code   RO         1100    i.nrf_drv_common_irq_disable  nrf_drv_uart.o
    0x00007452   0x00000038   Code   RO         1051    i.nrf_drv_common_irq_enable  nrf_drv_common.o
    0x0000748a   0x00000006   Code   RO         1101    i.nrf_drv_get_IRQn  nrf_drv_uart.o
    0x00007490   0x00000100   Code   RO         1348    i.nrf_drv_gpiote_in_init  nrf_drv_gpiote.o
    0x00007590   0x000000e0   Code   RO         1351    i.nrf_drv_gpiote_init  nrf_drv_gpiote.o
    0x00007670   0x00000010   Code   RO          317    i.nrf_drv_is_in_RAM  nrf_drv_twi.o
    0x00007680   0x00000010   Code   RO         1102    i.nrf_drv_is_in_RAM  nrf_drv_uart.o
    0x00007690   0x00000034   Code   RO          515    i.nrf_drv_mpu_init  nrf_drv_mpu_twi.o
    0x000076c4   0x0000006c   Code   RO          517    i.nrf_drv_mpu_read_registers  nrf_drv_mpu_twi.o
    0x00007730   0x00000028   Code   RO          518    i.nrf_drv_mpu_twi_event_handler  nrf_drv_mpu_twi.o
    0x00007758   0x00000040   Code   RO          519    i.nrf_drv_mpu_write_magnetometer_register  nrf_drv_mpu_twi.o
    0x00007798   0x00000054   Code   RO          520    i.nrf_drv_mpu_write_registers  nrf_drv_mpu_twi.o
    0x000077ec   0x00000040   Code   RO          521    i.nrf_drv_mpu_write_single_register  nrf_drv_mpu_twi.o
    0x0000782c   0x00000020   Code   RO          320    i.nrf_drv_twi_enable  nrf_drv_twi.o
    0x0000784c   0x0000008c   Code   RO          321    i.nrf_drv_twi_init  nrf_drv_twi.o
    0x000078d8   0x00000024   Code   RO          323    i.nrf_drv_twi_rx    nrf_drv_twi.o
    0x000078fc   0x00000024   Code   RO          326    i.nrf_drv_twi_tx    nrf_drv_twi.o
    0x00007920   0x00000024   Code   RO          328    i.nrf_drv_twi_xfer  nrf_drv_twi.o
    0x00007944   0x00000068   Code   RO         1104    i.nrf_drv_uart_init  nrf_drv_uart.o
    0x000079ac   0x000000b0   Code   RO         1105    i.nrf_drv_uart_rx   nrf_drv_uart.o
    0x00007a5c   0x00000030   Code   RO         1108    i.nrf_drv_uart_rx_enable  nrf_drv_uart.o
    0x00007a8c   0x000000a8   Code   RO         1109    i.nrf_drv_uart_rx_for_uart  nrf_drv_uart.o
    0x00007b34   0x000000b0   Code   RO         1110    i.nrf_drv_uart_rx_for_uarte  nrf_drv_uart.o
    0x00007be4   0x0000010c   Code   RO         1112    i.nrf_drv_uart_tx   nrf_drv_uart.o
    0x00007cf0   0x00000018   Code   RO         1114    i.nrf_drv_uart_tx_in_progress  nrf_drv_uart.o
    0x00007d08   0x00000054   Code   RO         1115    i.nrf_drv_uart_uninit  nrf_drv_uart.o
    0x00007d5c   0x00000032   Code   RO          798    i.nrf_gpio_cfg      boards.o
    0x00007d8e   0x00000032   Code   RO         1116    i.nrf_gpio_cfg      nrf_drv_uart.o
    0x00007dc0   0x00000032   Code   RO         1366    i.nrf_gpio_cfg      nrf_drv_gpiote.o
    0x00007df2   0x00000012   Code   RO         1117    i.nrf_gpio_cfg_default  nrf_drv_uart.o
    0x00007e04   0x00000012   Code   RO         1118    i.nrf_gpio_cfg_input  nrf_drv_uart.o
    0x00007e16   0x00000014   Code   RO         1119    i.nrf_gpio_cfg_output  nrf_drv_uart.o
    0x00007e2a   0x00000030   Code   RO         1368    i.nrf_gpio_cfg_sense_set  nrf_drv_gpiote.o
    0x00007e5a   0x00000014   Code   RO          329    i.nrf_gpio_pin_clear  nrf_drv_twi.o
    0x00007e6e   0x00000002   PAD
    0x00007e70   0x0000001c   Code   RO          330    i.nrf_gpio_pin_port_decode  nrf_drv_twi.o
    0x00007e8c   0x0000001c   Code   RO          799    i.nrf_gpio_pin_port_decode  boards.o
    0x00007ea8   0x0000001c   Code   RO         1120    i.nrf_gpio_pin_port_decode  nrf_drv_uart.o
    0x00007ec4   0x0000001c   Code   RO         1370    i.nrf_gpio_pin_port_decode  nrf_drv_gpiote.o
    0x00007ee0   0x00000014   Code   RO          331    i.nrf_gpio_pin_set  nrf_drv_twi.o
    0x00007ef4   0x00000014   Code   RO         1121    i.nrf_gpio_pin_set  nrf_drv_uart.o
    0x00007f08   0x00000026   Code   RO          800    i.nrf_gpio_pin_write  boards.o
    0x00007f2e   0x00000002   PAD
    0x00007f30   0x0000002c   Code   RO         1373    i.nrf_gpio_ports_read  nrf_drv_gpiote.o
    0x00007f5c   0x00000014   Code   RO         1374    i.nrf_gpiote_event_clear  nrf_drv_gpiote.o
    0x00007f70   0x00000010   Code   RO         1375    i.nrf_gpiote_event_is_set  nrf_drv_gpiote.o
    0x00007f80   0x00000070   Code   RO         2146    i.nrf_log_backend_init  nrf_log_backend_serial.o
    0x00007ff0   0x00000006   Code   RO         2241    i.nrf_log_blocking_backend_set  nrf_log_frontend.o
    0x00007ff6   0x00000002   PAD
    0x00007ff8   0x00000130   Code   RO         2242    i.nrf_log_frontend_dequeue  nrf_log_frontend.o
    0x00008128   0x0000004c   Code   RO         2245    i.nrf_log_frontend_std_0  nrf_log_frontend.o
    0x00008174   0x00000058   Code   RO         2246    i.nrf_log_frontend_std_1  nrf_log_frontend.o
    0x000081cc   0x00000068   Code   RO         2247    i.nrf_log_frontend_std_2  nrf_log_frontend.o
    0x00008234   0x00000060   Code   RO         2255    i.nrf_log_push      nrf_log_frontend.o
    0x00008294   0x00000038   Code   RO         2072    i.nrf_strerror_find  nrf_strerror.o
    0x000082cc   0x00000014   Code   RO         2073    i.nrf_strerror_get  nrf_strerror.o
    0x000082e0   0x0000000a   Code   RO          332    i.nrf_twim_event_check  nrf_drv_twi.o
    0x000082ea   0x0000000c   Code   RO          333    i.nrf_twim_event_clear  nrf_drv_twi.o
    0x000082f6   0x0000000a   Code   RO         1122    i.nrf_uart_event_check  nrf_drv_uart.o
    0x00008300   0x0000000c   Code   RO         1123    i.nrf_uart_event_clear  nrf_drv_uart.o
    0x0000830c   0x0000000c   Code   RO         1124    i.nrf_uart_int_enable_check  nrf_drv_uart.o
    0x00008318   0x0000000a   Code   RO         1125    i.nrf_uarte_event_check  nrf_drv_uart.o
    0x00008322   0x0000000c   Code   RO         1126    i.nrf_uarte_event_clear  nrf_drv_uart.o
    0x0000832e   0x00000002   Code   RO           10    i.pin_in_read       main.o
    0x00008330   0x00000078   Code   RO         1127    i.pins_to_default   nrf_drv_uart.o
    0x000083a8   0x0000003c   Code   RO         1620    i.rtc1_stop         app_timer_1.o
    0x000083e4   0x00000032   Code   RO         1128    i.rx_byte           nrf_drv_uart.o
    0x00008416   0x00000018   Code   RO         1129    i.rx_done_event     nrf_drv_uart.o
    0x0000842e   0x00000020   Code   RO         1130    i.rx_enable         nrf_drv_uart.o
    0x0000844e   0x00000002   PAD
    0x00008450   0x00000058   Code   RO         4057    i.set_int_enable    inv_mpu.o
    0x000084a8   0x000001e4   Code   RO         4058    i.setup_compass     inv_mpu.o
    0x0000868c   0x0000003e   Code   RO         4818    i.sqrtf             m_wm.l(sqrtf.o)
    0x000086ca   0x00000002   Code   RO           11    i.tap_cb            main.o
    0x000086cc   0x00000002   Code   RO           12    i.timer_a_handler   main.o
    0x000086ce   0x00000002   PAD
    0x000086d0   0x00000080   Code   RO         1621    i.timer_list_handler  app_timer_1.o
    0x00008750   0x0000003c   Code   RO         1622    i.timer_list_insert  app_timer_1.o
    0x0000878c   0x00000060   Code   RO         1623    i.timer_list_remove  app_timer_1.o
    0x000087ec   0x00000074   Code   RO         1625    i.timer_timeouts_check  app_timer_1.o
    0x00008860   0x000000a4   Code   RO          334    i.twi_clear_bus     nrf_drv_twi.o
    0x00008904   0x00000240   Code   RO          335    i.twim_xfer         nrf_drv_twi.o
    0x00008b44   0x00000020   Code   RO         1131    i.tx_byte           nrf_drv_uart.o
    0x00008b64   0x0000001c   Code   RO         1132    i.tx_done_event     nrf_drv_uart.o
    0x00008b80   0x00000050   Code   RO           13    i.uart_config       main.o
    0x00008bd0   0x00000012   Code   RO           14    i.uart_error_handle  main.o
    0x00008be2   0x00000002   PAD
    0x00008be4   0x000000a0   Code   RO         1916    i.uart_event_handler  app_uart_fifo.o
    0x00008c84   0x00000010   Code   RO         2153    i.uart_event_handler  nrf_log_backend_serial.o
    0x00008c94   0x0000011e   Code   RO         1133    i.uart_irq_handler  nrf_drv_uart.o
    0x00008db2   0x000000f0   Code   RO         1134    i.uarte_irq_handler  nrf_drv_uart.o
    0x00008ea2   0x00000002   PAD
    0x00008ea4   0x00000030   Code   RO         1626    i.user_op_alloc     app_timer_1.o
    0x00008ed4   0x00000024   Data   RO           17    .constdata          main.o
    0x00008ef8   0x0000000c   Data   RO          340    .constdata          nrf_drv_twi.o
    0x00008f04   0x00000018   Data   RO          523    .constdata          nrf_drv_mpu_twi.o
    0x00008f1c   0x00000008   Data   RO          801    .constdata          boards.o
    0x00008f24   0x0000004b   Data   RO         1379    .constdata          nrf_drv_gpiote.o
    0x00008f6f   0x00000001   PAD
    0x00008f70   0x00000020   Data   RO         1918    .constdata          app_uart_fifo.o
    0x00008f90   0x00000104   Data   RO         2074    .constdata          nrf_strerror.o
    0x00009094   0x00000020   Data   RO         2156    .constdata          nrf_log_backend_serial.o
    0x000090b4   0x00000024   Data   RO         2257    .constdata          nrf_log_frontend.o
    0x000090d8   0x0000002f   Data   RO         3475    .constdata          mpl.o
    0x00009107   0x00000bf6   Data   RO         3843    .constdata          inv_mpu_dmp_motion_driver.o
    0x00009cfd   0x0000002a   Data   RO         4059    .constdata          inv_mpu.o
    0x00009d27   0x00000001   PAD
    0x00009d28   0x0000000e   Data   RO         4060    .constdata          inv_mpu.o
    0x00009d36   0x00000002   PAD
    0x00009d38   0x00000030   Data   RO         4061    .constdata          inv_mpu.o
    0x00009d68   0x00000020   Data   RO         5236    .constdata          m_wm.l(rredf.o)
    0x00009d88   0x00000009   Data   RO           18    .conststring        main.o
    0x00009d91   0x00000003   PAD
    0x00009d94   0x00000307   Data   RO         2075    .conststring        nrf_strerror.o
    0x0000a09b   0x00000001   PAD
    0x0000a09c   0x0000000b   Data   RO         2258    .conststring        nrf_log_frontend.o
    0x0000a0a7   0x00000001   PAD
    0x0000a0a8   0x00000044   Data   RO         2595    .conststring        data_builder.o
    0x0000a0ec   0x00000020   Data   RO         5290    Region$$Table       anon$$obj.o


    Execution Region RW_IRAM1 (Base: 0x20000000, Size: 0x000055d0, Max: 0x00040000, ABSOLUTE)

    Base Addr    Size         Type   Attr      Idx    E Section Name        Object

    0x20000000   0x00000004   Data   RW           19    .data               main.o
    0x20000004   0x00000009   Data   RW           20    .data               main.o
    0x2000000d   0x00000002   Data   RW          524    .data               nrf_drv_mpu_twi.o
    0x2000000f   0x00000001   PAD
    0x20000010   0x00000014   Data   RW         1628    .data               app_timer_1.o
    0x20000024   0x00000010   Data   RW         1919    .data               app_uart_fifo.o
    0x20000034   0x00000004   Data   RW         1989    .data               app_util_platform.o
    0x20000038   0x00000004   Data   RW         2107    .data               retarget.o
    0x2000003c   0x0000000c   Data   RW         2157    .data               nrf_log_backend_serial.o
    0x20000048   0x00000004   Data   RW         2259    .data               nrf_log_frontend.o
    0x2000004c   0x00000004   Data   RW         3094    .data               message_layer.o
    0x20000050   0x00000038   Data   RW         4063    .data               inv_mpu.o
    0x20000088   0x00000004   Data   RW         4430    .data               system_nrf52840.o
    0x2000008c   0x00000004   Data   RW         5264    .data               mc_w.l(mvars.o)
    0x20000090   0x00000004   Data   RW         5265    .data               mc_w.l(mvars.o)
    0x20000094   0x00000004   Data   RW         5269    .data               mc_w.l(errno.o)
    0x20000098   0x00000020   Zero   RW           15    .bss                main.o
    0x200000b8   0x00000524   Zero   RW           16    .bss                main.o
    0x200005dc   0x00000028   Zero   RW          336    .bss                nrf_drv_twi.o
    0x20000604   0x00000010   Zero   RW          522    .bss                nrf_drv_mpu_twi.o
    0x20000614   0x00000024   Zero   RW          920    .bss                nrf_drv_clock.o
    0x20000638   0x00000020   Zero   RW         1135    .bss                nrf_drv_uart.o
    0x20000658   0x00000058   Zero   RW         1378    .bss                nrf_drv_gpiote.o
    0x200006b0   0x00000064   Zero   RW         1627    .bss                app_timer_1.o
    0x20000714   0x00000020   Zero   RW         1917    .bss                app_uart_fifo.o
    0x20000734   0x00000418   Zero   RW         2256    .bss                nrf_log_frontend.o
    0x20000b4c   0x000002d8   Zero   RW         2594    .bss                data_builder.o
    0x20000e24   0x00000088   Zero   RW         3544    .bss                results_holder.o
    0x20000eac   0x00000054   Zero   RW         3745    .bss                start_manager.o
    0x20000f00   0x00000198   Zero   RW         3778    .bss                storage_manager.o
    0x20001098   0x00000010   Zero   RW         3842    .bss                inv_mpu_dmp_motion_driver.o
    0x200010a8   0x00000028   Zero   RW         4357    .bss                empl_outputs.o
    0x200010d0   0x000002a0   Zero   RW         4462    .bss                libmpllib.lib(fast_no_motion.o)
    0x20001370   0x00000138   Zero   RW         4553    .bss                libmpllib.lib(fusion_9axis.o)
    0x200014a8   0x0000006c   Zero   RW         4578    .bss                libmpllib.lib(quaternion_supervisor.o)
    0x20001514   0x000000b8   Zero   RW         4599    .bss                libmpllib.lib(mag_disturb.o)
    0x200015cc   0x00000004   PAD
    0x200015d0   0x00002000   Zero   RW         4419    HEAP                arm_startup_nrf52840.o
    0x200035d0   0x00002000   Zero   RW         4418    STACK               arm_startup_nrf52840.o


==============================================================================

Image component sizes


      Code (inc. data)   RO Data    RW Data    ZI Data      Debug   Object Name

        22          0          0          0          0       2285   app_error.o
       108         54          0          0          0      27397   app_error_weak.o
       118          0          0          0          0       5138   app_fifo.o
       100          0          0          0          0       3338   app_mpu.o
      1530        118          0         20        100      47046   app_timer_1.o
       400         32         32         16         32      11959   app_uart_fifo.o
        44         10          0          4          0       3460   app_util_platform.o
        36          8        512          0      16384        952   arm_startup_nrf52840.o
       194         18          8          0          0       8890   boards.o
       962        134         68          0        728      22358   data_builder.o
       236         20          0          0         40       4313   empl_outputs.o
      3410        174        104         56          0      24606   inv_mpu.o
      1686        124       3062          0         16      21304   inv_mpu_dmp_motion_driver.o
      1162        420         45         13       1348      73016   main.o
        20          4          0          4          0       1522   message_layer.o
      1566         22          0          0          0      15592   ml_math_func.o
       260        110         47          0          0       5860   mpl.o
       636         54          0          0         36      16508   nrf_drv_clock.o
        56          0          0          0          0      27575   nrf_drv_common.o
      1258        214         75          0         88      28537   nrf_drv_gpiote.o
       194         22          0          0          0       3683   nrf_drv_inv_dmp.o
       652         96         24          2         16      14324   nrf_drv_mpu_twi.o
      1616         48         12          0         40      64527   nrf_drv_twi.o
      2430         90          0          0         32      46207   nrf_drv_uart.o
       128         16         32         12          0       3691   nrf_log_backend_serial.o
       906         58         47          4       1048      12321   nrf_log_frontend.o
        76         10       1035          0          0       2819   nrf_strerror.o
       578         80          0          0        136      13683   results_holder.o
        14          0          0          4          0       2934   retarget.o
       168         20          0          0         84       4036   start_manager.o
       132         10          0          0        408       2973   storage_manager.o
       488         56          0          4          0       2515   system_nrf52840.o

    ----------------------------------------------------------------------
     21226       2022       5144        140      20536     525369   Object Totals
         0          0         32          0          0          0   (incl. Generated)
        40          0          9          1          0          0   (incl. Padding)

    ----------------------------------------------------------------------

      Code (inc. data)   RO Data    RW Data    ZI Data      Debug   Library Member Name

      2584         42          0          0        672      20088   fast_no_motion.o
      1712         72          0          0        312       5636   fusion_9axis.o
      1472         48          0          0        184       7614   mag_disturb.o
      2452        130          0          0        108       5637   quaternion_supervisor.o
       280         46          0          0          0        176   acosf.o
       592         90          0          0          0        184   atan2f.o
       336         56          0          0          0        136   cosf.o
        38          0          0          0          0        116   fpclassifyf.o
        44         12          0          0          0        464   funder.o
       340         24         32          0          0        160   rredf.o
       400         56          0          0          0        212   sinf.o
       120          0          0          0          0        272   sqrtf.o
         0          0          0          0          0          0   entry.o
         0          0          0          0          0          0   entry10a.o
         0          0          0          0          0          0   entry11a.o
         8          4          0          0          0          0   entry2.o
         4          0          0          0          0          0   entry5.o
         0          0          0          0          0          0   entry7b.o
         0          0          0          0          0          0   entry8b.o
         8          4          0          0          0          0   entry9a.o
        12          6          0          4          0         68   errno.o
        30          0          0          0          0          0   handlers.o
        36          8          0          0          0         68   init.o
         0          0          0          0          0          0   iusefp.o
        30          0          0          0          0         68   llshl.o
        36          0          0          0          0         68   llsshr.o
        32          0          0          0          0         68   llushr.o
       188         20          0          0          0        160   malloc.o
        26          0          0          0          0         80   memcmp.o
        64          0          0          0          0         76   memmovea.o
        36          0          0          0          0        108   memseta.o
         0          0          0          8          0          0   mvars.o
      2304         96          0          0          0        600   printfa.o
        14          0          0          0          0         68   strlen.o
        44          0          0          0          0         80   uidiv.o
        98          0          0          0          0         92   uldiv.o
        48          0          0          0          0         68   cdrcmple.o
        56          0          0          0          0         88   d2f.o
       334          0          0          0          0        148   dadd.o
       222          0          0          0          0        100   ddiv.o
       186          0          0          0          0        176   depilogue.o
        62          0          0          0          0         80   dfixi.o
        48          0          0          0          0         68   dfixul.o
        34          0          0          0          0         76   dflti.o
       228          0          0          0          0         96   dmul.o
        38          0          0          0          0         68   f2d.o
       110          0          0          0          0        168   fepilogue.o
        66          0          0          0          0         76   ffixl.o
        44          0          0          0          0         92   ffltl.o

    ----------------------------------------------------------------------
     14826        714         32         12       1280      43603   Library Totals
        10          0          0          0          4          0   (incl. Padding)

    ----------------------------------------------------------------------

      Code (inc. data)   RO Data    RW Data    ZI Data      Debug   Library Name

      8220        292          0          0       1276      38975   libmpllib.lib
      2150        284         32          0          0       1720   m_wm.l
      2970        138          0         12          0       1604   mc_w.l
      1476          0          0          0          0       1304   mf_w.l

    ----------------------------------------------------------------------
     14826        714         32         12       1280      43603   Library Totals

    ----------------------------------------------------------------------

==============================================================================


      Code (inc. data)   RO Data    RW Data    ZI Data      Debug   

     36052       2736       5176        152      21816     540316   Grand Totals
     36052       2736       5176        152      21816     540316   ELF Image Totals
     36052       2736       5176        152          0          0   ROM Totals

==============================================================================

    Total RO  Size (Code + RO Data)                41228 (  40.26kB)
    Total RW  Size (RW Data + ZI Data)             21968 (  21.45kB)
    Total ROM Size (Code + RO Data + RW Data)      41380 (  40.41kB)

==============================================================================

