Component: ARM Compiler 5.06 update 4 (build 422) Tool: armlink [4d35d2]

==============================================================================

Section Cross References

    main.o(i.magn_setup) refers to app_mpu.o(i.mpu_magnetometer_init) for mpu_magnetometer_init
    main.o(i.magn_setup) refers to app_error.o(i.app_error_handler_bare) for app_error_handler_bare
    main.o(i.main) refers to main.o(i.uart_config) for uart_config
    main.o(i.main) refers to nrf_drv_gpiote.o(i.nrf_drv_gpiote_init) for nrf_drv_gpiote_init
    main.o(i.main) refers to app_error.o(i.app_error_handler_bare) for app_error_handler_bare
    main.o(i.main) refers to nrf_drv_gpiote.o(i.nrf_drv_gpiote_in_init) for nrf_drv_gpiote_in_init
    main.o(i.main) refers to nrf_drv_gpiote.o(i.nrf_drv_gpiote_in_event_enable) for nrf_drv_gpiote_in_event_enable
    main.o(i.main) refers to main.o(i.mpu_setup) for mpu_setup
    main.o(i.main) refers to main.o(i.magn_setup) for magn_setup
    main.o(i.main) refers to nrf_log_frontend.o(i.nrf_log_init) for nrf_log_init
    main.o(i.main) refers to nrf_drv_clock.o(i.nrf_drv_clock_init) for nrf_drv_clock_init
    main.o(i.main) refers to nrf_drv_clock.o(i.nrf_drv_clock_lfclk_request) for nrf_drv_clock_lfclk_request
    main.o(i.main) refers to app_timer_1.o(i.app_timer_init) for app_timer_init
    main.o(i.main) refers to app_timer_1.o(i.app_timer_create) for app_timer_create
    main.o(i.main) refers to app_timer_1.o(i.app_timer_start) for app_timer_start
    main.o(i.main) refers to inv_mpu.o(i.mpu_init_inv) for mpu_init_inv
    main.o(i.main) refers to nrf_log_frontend.o(i.nrf_log_frontend_std_0) for nrf_log_frontend_std_0
    main.o(i.main) refers to mpl.o(i.inv_init_mpl) for inv_init_mpl
    main.o(i.main) refers to quaternion_supervisor.o(.text) for inv_enable_quaternion
    main.o(i.main) refers to fusion_9axis.o(.text) for inv_enable_9x_sensor_fusion
    main.o(i.main) refers to fast_no_motion.o(.text) for inv_enable_fast_nomot
    main.o(i.main) refers to compass_vec_cal.o(.text) for inv_enable_vector_compass_cal
    main.o(i.main) refers to mag_disturb.o(.text) for inv_enable_magnetic_disturbance
    main.o(i.main) refers to empl_outputs.o(i.inv_enable_eMPL_outputs) for inv_enable_eMPL_outputs
    main.o(i.main) refers to mpl.o(i.inv_start_mpl) for inv_start_mpl
    main.o(i.main) refers to main.o(i.nrf_delay_us) for nrf_delay_us
    main.o(i.main) refers to nrf_log_frontend.o(i.nrf_log_frontend_dequeue) for nrf_log_frontend_dequeue
    main.o(i.main) refers to inv_mpu.o(i.mpu_set_sensors) for mpu_set_sensors
    main.o(i.main) refers to inv_mpu.o(i.mpu_configure_fifo) for mpu_configure_fifo
    main.o(i.main) refers to inv_mpu.o(i.mpu_set_sample_rate) for mpu_set_sample_rate
    main.o(i.main) refers to inv_mpu.o(i.mpu_set_compass_sample_rate) for mpu_set_compass_sample_rate
    main.o(i.main) refers to inv_mpu.o(i.mpu_get_sample_rate) for mpu_get_sample_rate
    main.o(i.main) refers to inv_mpu.o(i.mpu_get_gyro_fsr) for mpu_get_gyro_fsr
    main.o(i.main) refers to inv_mpu.o(i.mpu_get_accel_fsr) for mpu_get_accel_fsr
    main.o(i.main) refers to inv_mpu.o(i.mpu_get_compass_fsr) for mpu_get_compass_fsr
    main.o(i.main) refers to data_builder.o(i.inv_set_gyro_sample_rate) for inv_set_gyro_sample_rate
    main.o(i.main) refers to data_builder.o(i.inv_set_accel_sample_rate) for inv_set_accel_sample_rate
    main.o(i.main) refers to data_builder.o(i.inv_set_compass_sample_rate) for inv_set_compass_sample_rate
    main.o(i.main) refers to ml_math_func.o(i.inv_orientation_matrix_to_scalar) for inv_orientation_matrix_to_scalar
    main.o(i.main) refers to data_builder.o(i.inv_set_gyro_orientation_and_scale) for inv_set_gyro_orientation_and_scale
    main.o(i.main) refers to data_builder.o(i.inv_set_accel_orientation_and_scale) for inv_set_accel_orientation_and_scale
    main.o(i.main) refers to data_builder.o(i.inv_set_compass_orientation_and_scale) for inv_set_compass_orientation_and_scale
    main.o(i.main) refers to nrf_drv_inv_dmp.o(i.millis) for millis
    main.o(i.main) refers to nrf_log_frontend.o(i.nrf_log_frontend_std_1) for nrf_log_frontend_std_1
    main.o(i.main) refers to inv_mpu_dmp_motion_driver.o(i.dmp_load_motion_driver_firmware) for dmp_load_motion_driver_firmware
    main.o(i.main) refers to inv_mpu_dmp_motion_driver.o(i.dmp_set_orientation) for dmp_set_orientation
    main.o(i.main) refers to inv_mpu_dmp_motion_driver.o(i.dmp_register_tap_cb) for dmp_register_tap_cb
    main.o(i.main) refers to inv_mpu_dmp_motion_driver.o(i.dmp_register_android_orient_cb) for dmp_register_android_orient_cb
    main.o(i.main) refers to inv_mpu_dmp_motion_driver.o(i.dmp_enable_feature) for dmp_enable_feature
    main.o(i.main) refers to inv_mpu_dmp_motion_driver.o(i.dmp_set_fifo_rate) for dmp_set_fifo_rate
    main.o(i.main) refers to inv_mpu.o(i.mpu_set_dmp_state) for mpu_set_dmp_state
[...]
    inv_init_accel_maxmin                    0x00026745   Thumb Code    34  accel_auto_cal.o(.text)
    inv_record_good_accel_maxmin             0x00026767   Thumb Code    58  accel_auto_cal.o(.text)
    inv_get_current_calibrated_accel         0x000267a1   Thumb Code    70  accel_auto_cal.o(.text)
    inv_sort_order_4_T                       0x00026b91   Thumb Code   134  accel_auto_cal.o(.text)
    inv_init_check_sample_balance            0x00026c17   Thumb Code    36  accel_auto_cal.o(.text)
    inv_init_check_sample_balance_parameter  0x00026c3b   Thumb Code    28  accel_auto_cal.o(.text)
    inv_add_accel_block_data                 0x00026c57   Thumb Code   180  accel_auto_cal.o(.text)
    inv_add_vector_block_data                0x00026d0b   Thumb Code   152  accel_auto_cal.o(.text)
    inv_check_sample_balance                 0x00026da3   Thumb Code   372  accel_auto_cal.o(.text)
    inv_auto_calibrate                       0x00026f69   Thumb Code   828  accel_auto_cal.o(.text)
    inv_init_in_use_auto_calibration         0x000272a5   Thumb Code    92  accel_auto_cal.o(.text)
    inv_start_in_use_auto_calibration        0x00027301   Thumb Code    14  accel_auto_cal.o(.text)
    inv_stop_in_use_auto_calibration         0x0002730f   Thumb Code     8  accel_auto_cal.o(.text)
    inv_enable_in_use_auto_calibration       0x00027317   Thumb Code    24  accel_auto_cal.o(.text)
    inv_disable_in_use_auto_calibration      0x0002732f   Thumb Code    22  accel_auto_cal.o(.text)
    inv_get_accel_bias_stage                 0x00027345   Thumb Code     6  accel_auto_cal.o(.text)
    __aeabi_ldivmod                          0x00027389   Thumb Code    98  ldiv.o(.text)
    __aeabi_llsl                             0x000273eb   Thumb Code    30  llshl.o(.text)
    _ll_shift_l                              0x000273eb   Thumb Code     0  llshl.o(.text)
    __aeabi_lasr                             0x00027409   Thumb Code    36  llsshr.o(.text)
    _ll_sshift_r                             0x00027409   Thumb Code     0  llsshr.o(.text)
    __rt_ctype_table                         0x0002742d   Thumb Code     4  ctype_o.o(.text)
    ___aeabi_memcpy8$move                    0x00027435   Thumb Code     0  memmovea.o(.text)
    __aeabi_memcpy                           0x00027435   Thumb Code    64  memmovea.o(.text)
    __aeabi_memcpy4                          0x00027435   Thumb Code     0  memmovea.o(.text)
    __aeabi_memmove                          0x00027435   Thumb Code     0  memmovea.o(.text)
    __aeabi_memmove4                         0x00027435   Thumb Code     0  memmovea.o(.text)
    __aeabi_memmove8                         0x00027435   Thumb Code     0  memmovea.o(.text)
    __aeabi_memset                           0x00027475   Thumb Code    14  memseta.o(.text)
    __aeabi_memset4                          0x00027475   Thumb Code     0  memseta.o(.text)
    __aeabi_memset8                          0x00027475   Thumb Code     0  memseta.o(.text)
    __aeabi_memclr                           0x00027483   Thumb Code     4  memseta.o(.text)
    __aeabi_memclr4                          0x00027483   Thumb Code     0  memseta.o(.text)
    __aeabi_memclr8                          0x00027483   Thumb Code     0  memseta.o(.text)
    _memset$wrapper                          0x00027487   Thumb Code    18  memseta.o(.text)
    strlen                                   0x00027499   Thumb Code    14  strlen.o(.text)
    memcmp                                   0x000274a7   Thumb Code    26  memcmp.o(.text)
    __aeabi_dadd                             0x000274c1   Thumb Code   322  dadd.o(.text)
    __aeabi_dsub                             0x00027603   Thumb Code     6  dadd.o(.text)
    __aeabi_drsub                            0x00027609   Thumb Code     6  dadd.o(.text)
    __aeabi_dmul                             0x0002760f   Thumb Code   228  dmul.o(.text)
    __aeabi_ddiv                             0x000276f3   Thumb Code   222  ddiv.o(.text)
    __aeabi_l2f                              0x000277d1   Thumb Code    44  ffltl.o(.text)
    __aeabi_i2d                              0x000277fd   Thumb Code    34  dflti.o(.text)
    __aeabi_f2lz                             0x0002781f   Thumb Code    66  ffixl.o(.text)
    __aeabi_d2iz                             0x00027861   Thumb Code    62  dfixi.o(.text)
    __aeabi_f2d                              0x0002789f   Thumb Code    38  f2d.o(.text)
    __aeabi_cdcmpeq                          0x000278c5   Thumb Code     0  cdcmple.o(.text)
    __aeabi_cdcmple                          0x000278c5   Thumb Code    48  cdcmple.o(.text)
    __aeabi_cdrcmple                         0x000278f5   Thumb Code    48  cdrcmple.o(.text)
    __aeabi_d2f                              0x00027925   Thumb Code    56  d2f.o(.text)
    __aeabi_uidiv                            0x0002795d   Thumb Code     0  uidiv.o(.text)
    __aeabi_uidivmod                         0x0002795d   Thumb Code    44  uidiv.o(.text)
    __aeabi_uldivmod                         0x00027989   Thumb Code    98  uldiv.o(.text)
    __aeabi_llsr                             0x000279eb   Thumb Code    32  llushr.o(.text)
    _ll_ushift_r                             0x000279eb   Thumb Code     0  llushr.o(.text)
    __I$use$fp                               0x00027a0b   Thumb Code     0  iusefp.o(.text)
    _float_round                             0x00027a0b   Thumb Code    18  fepilogue.o(.text)
    _float_epilogue                          0x00027a1d   Thumb Code    92  fepilogue.o(.text)
    _double_round                            0x00027a79   Thumb Code    30  depilogue.o(.text)
    _double_epilogue                         0x00027a97   Thumb Code   156  depilogue.o(.text)
    _dsqrt                                   0x00027b33   Thumb Code   162  dsqrt.o(.text)
    __aeabi_d2ulz                            0x00027bd5   Thumb Code    48  dfixul.o(.text)
    __scatterload                            0x00027c05   Thumb Code    28  init.o(.text)
    __scatterload_rt2                        0x00027c05   Thumb Code     0  init.o(.text)
    __aeabi_ui2d                             0x00027c29   Thumb Code    26  dfltui.o(.text)
    GPIOTE_IRQHandler                        0x00027c45   Thumb Code   430  nrf_drv_gpiote.o(i.GPIOTE_IRQHandler)
    POWER_CLOCK_IRQHandler                   0x00027e61   Thumb Code    84  nrf_drv_clock.o(i.POWER_CLOCK_IRQHandler)
    RTC1_IRQHandler                          0x00027eb9   Thumb Code    32  app_timer_1.o(i.RTC1_IRQHandler)
    SPIM0_SPIS0_TWIM0_TWIS0_SPI0_TWI0_IRQHandler 0x00027edd   Thumb Code     8  nrf_drv_twi.o(i.SPIM0_SPIS0_TWIM0_TWIS0_SPI0_TWI0_IRQHandler)
    SWI0_EGU0_IRQHandler                     0x00027eed   Thumb Code     4  app_timer_1.o(i.SWI0_EGU0_IRQHandler)
    SystemInit                               0x00027ef1   Thumb Code   432  system_nrf52840.o(i.SystemInit)
    UARTE0_UART0_IRQHandler                  0x000280d9   Thumb Code    20  nrf_drv_uart.o(i.UARTE0_UART0_IRQHandler)
    _MLPrintLog                              0x000280f5   Thumb Code   152  nrf_drv_inv_dmp.o(i._MLPrintLog)
    __0printf                                0x00028199   Thumb Code    22  printfa.o(i.__0printf)
    __1printf                                0x00028199   Thumb Code     0  printfa.o(i.__0printf)
    __2printf                                0x00028199   Thumb Code     0  printfa.o(i.__0printf)
    __c89printf                              0x00028199   Thumb Code     0  printfa.o(i.__0printf)
    printf                                   0x00028199   Thumb Code     0  printfa.o(i.__0printf)
    __0snprintf                              0x000281b9   Thumb Code    44  printfa.o(i.__0snprintf)
    __1snprintf                              0x000281b9   Thumb Code     0  printfa.o(i.__0snprintf)
    __2snprintf                              0x000281b9   Thumb Code     0  printfa.o(i.__0snprintf)
    __c89snprintf                            0x000281b9   Thumb Code     0  printfa.o(i.__0snprintf)
    snprintf                                 0x000281b9   Thumb Code     0  printfa.o(i.__0snprintf)
    __0vsprintf                              0x000281e9   Thumb Code    30  printfa.o(i.__0vsprintf)
    __1vsprintf                              0x000281e9   Thumb Code     0  printfa.o(i.__0vsprintf)
    __2vsprintf                              0x000281e9   Thumb Code     0  printfa.o(i.__0vsprintf)
    __c89vsprintf                            0x000281e9   Thumb Code     0  printfa.o(i.__0vsprintf)
    vsprintf                                 0x000281e9   Thumb Code     0  printfa.o(i.__0vsprintf)
    __ARM_fpclassify                         0x0002820d   Thumb Code    48  fpclassify.o(i.__ARM_fpclassify)
    __ARM_fpclassifyf                        0x0002823d   Thumb Code    38  fpclassifyf.o(i.__ARM_fpclassifyf)
    __hardfp_acosf                           0x00028265   Thumb Code   234  acosf.o(i.__hardfp_acosf)
    __hardfp_atan2f                          0x0002837d   Thumb Code   502  atan2f.o(i.__hardfp_atan2f)
    __hardfp_cos                             0x000285d1   Thumb Code   180  cos.o(i.__hardfp_cos)
    __hardfp_cosf                            0x00028699   Thumb Code   280  cosf.o(i.__hardfp_cosf)
    __hardfp_fabs                            0x000287e9   Thumb Code    20  fabs.o(i.__hardfp_fabs)
    __hardfp_log                             0x00028801   Thumb Code   872  log.o(i.__hardfp_log)
    __hardfp_sinf                            0x00028bc5   Thumb Code   344  sinf.o(i.__hardfp_sinf)
    __hardfp_sqrt                            0x00028d55   Thumb Code   122  sqrt.o(i.__hardfp_sqrt)
    __hardfp_sqrtf                           0x00028dcf   Thumb Code    58  sqrtf.o(i.__hardfp_sqrtf)
    __ieee754_rem_pio2                       0x00028e09   Thumb Code   938  rred.o(i.__ieee754_rem_pio2)
    __kernel_cos                             0x00029241   Thumb Code   322  cos_i.o(i.__kernel_cos)
    __kernel_poly                            0x000293b1   Thumb Code   248  poly.o(i.__kernel_poly)
    __kernel_sin                             0x000294a9   Thumb Code   280  sin_i.o(i.__kernel_sin)
    __mathlib_dbl_divzero                    0x000295d9   Thumb Code    28  dunder.o(i.__mathlib_dbl_divzero)
    __mathlib_dbl_infnan                     0x00029609   Thumb Code    20  dunder.o(i.__mathlib_dbl_infnan)
    __mathlib_dbl_invalid                    0x00029621   Thumb Code    24  dunder.o(i.__mathlib_dbl_invalid)
    __mathlib_dbl_underflow                  0x00029641   Thumb Code    24  dunder.o(i.__mathlib_dbl_underflow)
    __mathlib_flt_infnan                     0x00029661   Thumb Code     6  funder.o(i.__mathlib_flt_infnan)
    __mathlib_flt_infnan2                    0x00029667   Thumb Code     6  funder.o(i.__mathlib_flt_infnan2)
    __mathlib_flt_invalid                    0x0002966d   Thumb Code    10  funder.o(i.__mathlib_flt_invalid)
    __mathlib_flt_underflow                  0x0002967d   Thumb Code    10  funder.o(i.__mathlib_flt_underflow)
    __mathlib_rredf2                         0x0002968d   Thumb Code   316  rredf.o(i.__mathlib_rredf2)
    __scatterload_copy                       0x00029811   Thumb Code    14  handlers.o(i.__scatterload_copy)
    __scatterload_null                       0x0002981f   Thumb Code     2  handlers.o(i.__scatterload_null)
    __scatterload_zeroinit                   0x00029821   Thumb Code    14  handlers.o(i.__scatterload_zeroinit)
    __set_errno                              0x00029831   Thumb Code     6  errno.o(i.__set_errno)
    app_error_fault_handler                  0x0002a5c9   Thumb Code    54  app_error_weak.o(i.app_error_fault_handler)
    app_error_handler_bare                   0x0002a635   Thumb Code    22  app_error.o(i.app_error_handler_bare)
    app_fifo_get                             0x0002a64b   Thumb Code    22  app_fifo.o(i.app_fifo_get)
    app_fifo_init                            0x0002a661   Thumb Code    32  app_fifo.o(i.app_fifo_init)
    app_fifo_put                             0x0002a681   Thumb Code    26  app_fifo.o(i.app_fifo_put)
    app_timer_cnt_get                        0x0002a69d   Thumb Code     6  app_timer_1.o(i.app_timer_cnt_get)
    app_timer_create                         0x0002a6a9   Thumb Code    32  app_timer_1.o(i.app_timer_create)
    app_timer_init                           0x0002a6cd   Thumb Code    70  app_timer_1.o(i.app_timer_init)
    app_timer_start                          0x0002a721   Thumb Code   120  app_timer_1.o(i.app_timer_start)
    app_uart_init                            0x0002a7a1   Thumb Code   164  app_uart_fifo.o(i.app_uart_init)
    app_uart_put                             0x0002a855   Thumb Code    52  app_uart_fifo.o(i.app_uart_put)
    app_util_critical_region_enter           0x0002a891   Thumb Code     4  app_util_platform.o(i.app_util_critical_region_enter)
    app_util_critical_region_exit            0x0002a895   Thumb Code     4  app_util_platform.o(i.app_util_critical_region_exit)
    app_util_disable_irq                     0x0002a899   Thumb Code    12  app_util_platform.o(i.app_util_disable_irq)
    app_util_enable_irq                      0x0002a8a9   Thumb Code    14  app_util_platform.o(i.app_util_enable_irq)
    bsp_board_led_off                        0x0002a965   Thumb Code    10  boards.o(i.bsp_board_led_off)
    bsp_board_leds_init                      0x0002a975   Thumb Code    38  boards.o(i.bsp_board_leds_init)
    bsp_board_leds_off                       0x0002a9a1   Thumb Code    18  boards.o(i.bsp_board_leds_off)
    buffer_is_empty                          0x0002aa25   Thumb Code    16  nrf_log_frontend.o(i.buffer_is_empty)
    dmp_enable_6x_lp_quat                    0x0002ad0d   Thumb Code    58  inv_mpu_dmp_motion_driver.o(i.dmp_enable_6x_lp_quat)
    dmp_enable_feature                       0x0002ad49   Thumb Code   464  inv_mpu_dmp_motion_driver.o(i.dmp_enable_feature)
    dmp_enable_gyro_cal                      0x0002af21   Thumb Code    34  inv_mpu_dmp_motion_driver.o(i.dmp_enable_gyro_cal)
    dmp_enable_lp_quat                       0x0002af5d   Thumb Code    58  inv_mpu_dmp_motion_driver.o(i.dmp_enable_lp_quat)
    dmp_load_motion_driver_firmware          0x0002af99   Thumb Code    16  inv_mpu_dmp_motion_driver.o(i.dmp_load_motion_driver_firmware)
    dmp_read_fifo                            0x0002afad   Thumb Code   336  inv_mpu_dmp_motion_driver.o(i.dmp_read_fifo)
    dmp_register_android_orient_cb           0x0002b12d   Thumb Code     8  inv_mpu_dmp_motion_driver.o(i.dmp_register_android_orient_cb)
    dmp_register_tap_cb                      0x0002b139   Thumb Code     8  inv_mpu_dmp_motion_driver.o(i.dmp_register_tap_cb)
    dmp_set_fifo_rate                        0x0002b145   Thumb Code    82  inv_mpu_dmp_motion_driver.o(i.dmp_set_fifo_rate)
    dmp_set_orientation                      0x0002b1a9   Thumb Code   246  inv_mpu_dmp_motion_driver.o(i.dmp_set_orientation)
    dmp_set_shake_reject_thresh              0x0002b2b5   Thumb Code    48  inv_mpu_dmp_motion_driver.o(i.dmp_set_shake_reject_thresh)
    dmp_set_shake_reject_time                0x0002b2e5   Thumb Code    32  inv_mpu_dmp_motion_driver.o(i.dmp_set_shake_reject_time)
    dmp_set_shake_reject_timeout             0x0002b305   Thumb Code    32  inv_mpu_dmp_motion_driver.o(i.dmp_set_shake_reject_timeout)
    dmp_set_tap_axes                         0x0002b325   Thumb Code    64  inv_mpu_dmp_motion_driver.o(i.dmp_set_tap_axes)
    dmp_set_tap_count                        0x0002b365   Thumb Code    34  inv_mpu_dmp_motion_driver.o(i.dmp_set_tap_count)
    dmp_set_tap_thresh                       0x0002b389   Thumb Code   314  inv_mpu_dmp_motion_driver.o(i.dmp_set_tap_thresh)
    dmp_set_tap_time                         0x0002b4e9   Thumb Code    32  inv_mpu_dmp_motion_driver.o(i.dmp_set_tap_time)
    dmp_set_tap_time_multi                   0x0002b509   Thumb Code    32  inv_mpu_dmp_motion_driver.o(i.dmp_set_tap_time_multi)
    fabs                                     0x0002b569   Thumb Code    24  fabs.o(i.fabs)
    fputc                                    0x0002b5a7   Thumb Code    14  retarget.o(i.fputc)
    free                                     0x0002b5b5   Thumb Code    76  malloc.o(i.free)
    i2c_write_porting                        0x0002bf3d   Thumb Code   100  nrf_drv_mpu_twi.o(i.i2c_write_porting)
    inv_apply_calibration                    0x0002c035   Thumb Code   106  data_builder.o(i.inv_apply_calibration)
    inv_build_accel                          0x0002c0a1   Thumb Code    96  data_builder.o(i.inv_build_accel)
    inv_build_compass                        0x0002c109   Thumb Code   124  data_builder.o(i.inv_build_compass)
    inv_build_gyro                           0x0002c18d   Thumb Code    42  data_builder.o(i.inv_build_gyro)
    inv_build_quat                           0x0002c1bd   Thumb Code    40  data_builder.o(i.inv_build_quat)
    inv_compass_angle                        0x0002c1e9   Thumb Code   162  ml_math_func.o(i.inv_compass_angle)
    inv_convert_to_body_with_scale           0x0002c295   Thumb Code    92  ml_math_func.o(i.inv_convert_to_body_with_scale)
    inv_enable_eMPL_outputs                  0x0002c341   Thumb Code    20  empl_outputs.o(i.inv_enable_eMPL_outputs)
    inv_enable_results_holder                0x0002c35d   Thumb Code    22  results_holder.o(i.inv_enable_results_holder)
    inv_execute_mpl_start_notification       0x0002c379   Thumb Code    38  start_manager.o(i.inv_execute_mpl_start_notification)
    inv_execute_on_data                      0x0002c3a5   Thumb Code   120  data_builder.o(i.inv_execute_on_data)
    inv_generate_results                     0x0002c4c9   Thumb Code    10  results_holder.o(i.inv_generate_results)
    inv_get_6axis_quaternion                 0x0002c4d9   Thumb Code    14  results_holder.o(i.inv_get_6axis_quaternion)
    inv_get_acc_state                        0x0002c4ed   Thumb Code     6  results_holder.o(i.inv_get_acc_state)
    inv_get_accel_accuracy                   0x0002c4f9   Thumb Code     6  data_builder.o(i.inv_get_accel_accuracy)
    inv_get_accel_on                         0x0002c505   Thumb Code    12  data_builder.o(i.inv_get_accel_on)
    inv_get_accel_set                        0x0002c515   Thumb Code    34  data_builder.o(i.inv_get_accel_set)
    inv_get_compass_bias                     0x0002c53d   Thumb Code    14  data_builder.o(i.inv_get_compass_bias)
    inv_get_compass_correction               0x0002c551   Thumb Code    20  results_holder.o(i.inv_get_compass_correction)
    inv_get_compass_on                       0x0002c569   Thumb Code    12  data_builder.o(i.inv_get_compass_on)
    inv_get_compass_soft_iron_output_data    0x0002c579   Thumb Code    24  data_builder.o(i.inv_get_compass_soft_iron_output_data)
    inv_get_compass_state                    0x0002c595   Thumb Code     6  results_holder.o(i.inv_get_compass_state)
    inv_get_gravity                          0x0002c5a1   Thumb Code    80  results_holder.o(i.inv_get_gravity)
    inv_get_gyro                             0x0002c5f5   Thumb Code    10  data_builder.o(i.inv_get_gyro)
    inv_get_gyro_accuracy                    0x0002c605   Thumb Code     6  data_builder.o(i.inv_get_gyro_accuracy)
    inv_get_gyro_bias                        0x0002c611   Thumb Code    26  data_builder.o(i.inv_get_gyro_bias)
    inv_get_gyro_on                          0x0002c635   Thumb Code    10  data_builder.o(i.inv_get_gyro_on)
    inv_get_gyro_sum_of_sqr                  0x0002c645   Thumb Code    26  ml_math_func.o(i.inv_get_gyro_sum_of_sqr)
    inv_get_large_mag_field                  0x0002c661   Thumb Code     6  results_holder.o(i.inv_get_large_mag_field)
    inv_get_last_timestamp                   0x0002c66d   Thumb Code    66  data_builder.o(i.inv_get_last_timestamp)
    inv_get_linear_accel                     0x0002c6b5   Thumb Code    58  results_holder.o(i.inv_get_linear_accel)
    inv_get_linear_accel_float               0x0002c6f1   Thumb Code    64  results_holder.o(i.inv_get_linear_accel_float)
    inv_get_local_field                      0x0002c735   Thumb Code    10  results_holder.o(i.inv_get_local_field)
    inv_get_mag_accuracy                     0x0002c745   Thumb Code    20  data_builder.o(i.inv_get_mag_accuracy)
    inv_get_quaternion                       0x0002c761   Thumb Code    48  results_holder.o(i.inv_get_quaternion)
    inv_get_quaternion_set                   0x0002c795   Thumb Code    56  results_holder.o(i.inv_get_quaternion_set)
    inv_get_sensor_type_gravity              0x0002c7cd   Thumb Code    88  hal_outputs.o(i.inv_get_sensor_type_gravity)
    inv_get_sensor_type_linear_acceleration  0x0002c82d   Thumb Code   106  hal_outputs.o(i.inv_get_sensor_type_linear_acceleration)
    inv_get_sensor_type_quat                 0x0002c89d   Thumb Code    24  empl_outputs.o(i.inv_get_sensor_type_quat)
    inv_got_compass_bias                     0x0002c8b9   Thumb Code     6  results_holder.o(i.inv_got_compass_bias)
    inv_init_data_builder                    0x0002c8c5   Thumb Code    44  data_builder.o(i.inv_init_data_builder)
    inv_init_mpl                             0x0002c901   Thumb Code    94  mpl.o(i.inv_init_mpl)
    inv_init_results_holder                  0x0002c989   Thumb Code    40  results_holder.o(i.inv_init_results_holder)
    inv_init_start_manager                   0x0002c9b9   Thumb Code    14  start_manager.o(i.inv_init_start_manager)
    inv_init_storage_manager                 0x0002c9cd   Thumb Code    20  storage_manager.o(i.inv_init_storage_manager)
    inv_orientation_matrix_to_scalar         0x0002c9e5   Thumb Code    34  ml_math_func.o(i.inv_orientation_matrix_to_scalar)
    inv_q29_mult                             0x0002ca07   Thumb Code    12  ml_math_func.o(i.inv_q29_mult)
    inv_q30_mult                             0x0002ca13   Thumb Code    12  ml_math_func.o(i.inv_q30_mult)
    inv_q_add                                0x0002ca1f   Thumb Code    36  ml_math_func.o(i.inv_q_add)
    inv_q_addf                               0x0002ca43   Thumb Code    66  ml_math_func.o(i.inv_q_addf)
    inv_q_invert                             0x0002ca85   Thumb Code    24  ml_math_func.o(i.inv_q_invert)
    inv_q_invertf                            0x0002ca9d   Thumb Code    46  ml_math_func.o(i.inv_q_invertf)
    inv_q_mult                               0x0002cacb   Thumb Code   176  ml_math_func.o(i.inv_q_mult)
    inv_q_multf                              0x0002cb7b   Thumb Code   210  ml_math_func.o(i.inv_q_multf)
    inv_q_norm4                              0x0002cc4d   Thumb Code   126  ml_math_func.o(i.inv_q_norm4)
    inv_q_normalizef                         0x0002ccd1   Thumb Code   170  ml_math_func.o(i.inv_q_normalizef)
    inv_q_rotate                             0x0002cd81   Thumb Code    62  ml_math_func.o(i.inv_q_rotate)
    inv_quaternion_to_rotation               0x0002cdbf   Thumb Code   218  ml_math_func.o(i.inv_quaternion_to_rotation)
    inv_register_data_cb                     0x0002ce99   Thumb Code   150  data_builder.o(i.inv_register_data_cb)
    inv_register_load_store                  0x0002cf3d   Thumb Code   102  storage_manager.o(i.inv_register_load_store)
    inv_register_mpl_start_notification      0x0002cfa9   Thumb Code    28  start_manager.o(i.inv_register_mpl_start_notification)
    inv_reset_compass_soft_iron_matrix       0x0002cfc9   Thumb Code    70  data_builder.o(i.inv_reset_compass_soft_iron_matrix)
    inv_set_accel_accuracy                   0x0002d065   Thumb Code    22  data_builder.o(i.inv_set_accel_accuracy)
    inv_set_accel_bias                       0x0002d081   Thumb Code    68  data_builder.o(i.inv_set_accel_bias)
    inv_set_accel_bias_found                 0x0002d0c9   Thumb Code     6  results_holder.o(i.inv_set_accel_bias_found)
    inv_set_accel_bias_mask                  0x0002d0d5   Thumb Code    72  data_builder.o(i.inv_set_accel_bias_mask)
    inv_set_accel_orientation_and_scale      0x0002d125   Thumb Code     8  data_builder.o(i.inv_set_accel_orientation_and_scale)
    inv_set_accel_sample_rate                0x0002d131   Thumb Code    34  data_builder.o(i.inv_set_accel_sample_rate)
    inv_set_compass_bias                     0x0002d15d   Thumb Code    68  data_builder.o(i.inv_set_compass_bias)
    inv_set_compass_bias_error               0x0002d1a5   Thumb Code    10  results_holder.o(i.inv_set_compass_bias_error)
    inv_set_compass_bias_found               0x0002d1b5   Thumb Code     6  results_holder.o(i.inv_set_compass_bias_found)
    inv_set_compass_correction               0x0002d1c1   Thumb Code    28  results_holder.o(i.inv_set_compass_correction)
    inv_set_compass_disturbance              0x0002d1e1   Thumb Code     8  data_builder.o(i.inv_set_compass_disturbance)
    inv_set_compass_orientation_and_scale    0x0002d1ed   Thumb Code    12  data_builder.o(i.inv_set_compass_orientation_and_scale)
    inv_set_compass_sample_rate              0x0002d1fd   Thumb Code    34  data_builder.o(i.inv_set_compass_sample_rate)
    inv_set_compass_soft_iron_input_data     0x0002d229   Thumb Code    72  data_builder.o(i.inv_set_compass_soft_iron_input_data)
    inv_set_compass_state                    0x0002d279   Thumb Code     6  results_holder.o(i.inv_set_compass_state)
    inv_set_gyro_bias                        0x0002d305   Thumb Code    88  data_builder.o(i.inv_set_gyro_bias)
    inv_set_gyro_orientation_and_scale       0x0002d361   Thumb Code     8  data_builder.o(i.inv_set_gyro_orientation_and_scale)
    inv_set_gyro_sample_rate                 0x0002d36d   Thumb Code    30  data_builder.o(i.inv_set_gyro_sample_rate)
    inv_set_message                          0x0002d395   Thumb Code    16  message_layer.o(i.inv_set_message)
    inv_set_motion_state                     0x0002d3a9   Thumb Code    48  results_holder.o(i.inv_set_motion_state)
    inv_set_quat_sample_rate                 0x0002d3dd   Thumb Code    20  data_builder.o(i.inv_set_quat_sample_rate)
    inv_start_mpl                            0x0002d405   Thumb Code    34  mpl.o(i.inv_start_mpl)
    inv_start_results_holder                 0x0002d451   Thumb Code    18  results_holder.o(i.inv_start_results_holder)
    inv_store_gaming_quaternion              0x0002d469   Thumb Code    28  results_holder.o(i.inv_store_gaming_quaternion)
    inv_unregister_data_cb                   0x0002d489   Thumb Code    72  data_builder.o(i.inv_unregister_data_cb)
    inv_unregister_mpl_start_notification    0x0002d4d5   Thumb Code    68  start_manager.o(i.inv_unregister_mpl_start_notification)
    magn_setup                               0x0002d779   Thumb Code    36  main.o(i.magn_setup)
    main                                     0x0002d79d   Thumb Code   748  main.o(i.main)
    malloc                                   0x0002db9d   Thumb Code    92  malloc.o(i.malloc)
    millis                                   0x0002dc09   Thumb Code    30  nrf_drv_inv_dmp.o(i.millis)
    mlMatrixVectorMult                       0x0002dc27   Thumb Code    50  ml_math_func.o(i.mlMatrixVectorMult)
    mpu_config                               0x0002dc59   Thumb Code    10  app_mpu.o(i.mpu_config)
    mpu_configure_fifo                       0x0002dc65   Thumb Code    78  inv_mpu.o(i.mpu_configure_fifo)
    mpu_get_accel_fsr                        0x0002dcb9   Thumb Code    54  inv_mpu.o(i.mpu_get_accel_fsr)
    mpu_get_accel_sens                       0x0002dcf5   Thumb Code    62  inv_mpu.o(i.mpu_get_accel_sens)
    mpu_get_compass_fsr                      0x0002dd39   Thumb Code    12  inv_mpu.o(i.mpu_get_compass_fsr)
    mpu_get_compass_reg                      0x0002dd49   Thumb Code   148  inv_mpu.o(i.mpu_get_compass_reg)
    mpu_get_gyro_fsr                         0x0002ddfd   Thumb Code    48  inv_mpu.o(i.mpu_get_gyro_fsr)
    mpu_get_gyro_sens                        0x0002de31   Thumb Code    54  inv_mpu.o(i.mpu_get_gyro_sens)
    mpu_get_lpf                              0x0002de7d   Thumb Code    52  inv_mpu.o(i.mpu_get_lpf)
    mpu_get_sample_rate                      0x0002deb5   Thumb Code    22  inv_mpu.o(i.mpu_get_sample_rate)
    mpu_init                                 0x0002ded1   Thumb Code    36  app_mpu.o(i.mpu_init)
    mpu_init_inv                             0x0002def5   Thumb Code   212  inv_mpu.o(i.mpu_init_inv)
    mpu_int_cfg_pin                          0x0002dfcd   Thumb Code     8  app_mpu.o(i.mpu_int_cfg_pin)
    mpu_load_firmware                        0x0002dfd5   Thumb Code   186  inv_mpu.o(i.mpu_load_firmware)
    mpu_lp_accel_mode                        0x0002e0bd   Thumb Code   232  inv_mpu.o(i.mpu_lp_accel_mode)
    mpu_magnetometer_init                    0x0002e1a9   Thumb Code    46  app_mpu.o(i.mpu_magnetometer_init)
    mpu_read_fifo_stream                     0x0002e1d9   Thumb Code   174  inv_mpu.o(i.mpu_read_fifo_stream)
    mpu_read_mem                             0x0002e2ad   Thumb Code    80  inv_mpu.o(i.mpu_read_mem)
    mpu_reset_fifo                           0x0002e301   Thumb Code   346  inv_mpu.o(i.mpu_reset_fifo)
    mpu_run_6500_self_test                   0x0002e461   Thumb Code   368  inv_mpu.o(i.mpu_run_6500_self_test)
    mpu_set_accel_fsr                        0x0002e71d   Thumb Code    98  inv_mpu.o(i.mpu_set_accel_fsr)
    mpu_set_bypass                           0x0002e785   Thumb Code   214  inv_mpu.o(i.mpu_set_bypass)
    mpu_set_compass_sample_rate              0x0002e861   Thumb Code    76  inv_mpu.o(i.mpu_set_compass_sample_rate)
    mpu_set_dmp_state                        0x0002e8b1   Thumb Code   114  inv_mpu.o(i.mpu_set_dmp_state)
    mpu_set_gyro_fsr                         0x0002e929   Thumb Code   104  inv_mpu.o(i.mpu_set_gyro_fsr)
    mpu_set_int_latched                      0x0002e995   Thumb Code    94  inv_mpu.o(i.mpu_set_int_latched)
    mpu_set_lpf                              0x0002e9f9   Thumb Code   132  inv_mpu.o(i.mpu_set_lpf)
    mpu_set_sample_rate                      0x0002ea81   Thumb Code   138  inv_mpu.o(i.mpu_set_sample_rate)
    mpu_set_sensors                          0x0002eb11   Thumb Code   304  inv_mpu.o(i.mpu_set_sensors)
    mpu_setup                                0x0002ec45   Thumb Code    84  main.o(i.mpu_setup)
    mpu_twi_read_test                        0x0002eccd   Thumb Code   116  nrf_drv_mpu_twi.o(i.mpu_twi_read_test)
    mpu_write_mem                            0x0002ed85   Thumb Code   102  inv_mpu.o(i.mpu_write_mem)
    nrf_drv_clock_init                       0x0002f059   Thumb Code    56  nrf_drv_clock.o(i.nrf_drv_clock_init)
    nrf_drv_clock_lfclk_request              0x0002f099   Thumb Code    86  nrf_drv_clock.o(i.nrf_drv_clock_lfclk_request)
    nrf_drv_common_irq_enable                0x0002f10f   Thumb Code    56  nrf_drv_common.o(i.nrf_drv_common_irq_enable)
    nrf_drv_gpiote_in_event_enable           0x0002f14d   Thumb Code   144  nrf_drv_gpiote.o(i.nrf_drv_gpiote_in_event_enable)
    nrf_drv_gpiote_in_init                   0x0002f1e5   Thumb Code   196  nrf_drv_gpiote.o(i.nrf_drv_gpiote_in_init)
    nrf_drv_gpiote_init                      0x0002f2e5   Thumb Code   118  nrf_drv_gpiote.o(i.nrf_drv_gpiote_init)
    nrf_drv_mpu_init                         0x0002f3e5   Thumb Code    42  nrf_drv_mpu_twi.o(i.nrf_drv_mpu_init)
    nrf_drv_mpu_read_registers               0x0002f419   Thumb Code    96  nrf_drv_mpu_twi.o(i.nrf_drv_mpu_read_registers)
    nrf_drv_mpu_write_magnetometer_register  0x0002f4ad   Thumb Code    52  nrf_drv_mpu_twi.o(i.nrf_drv_mpu_write_magnetometer_register)
    nrf_drv_mpu_write_registers              0x0002f4ed   Thumb Code    70  nrf_drv_mpu_twi.o(i.nrf_drv_mpu_write_registers)
    nrf_drv_mpu_write_single_register        0x0002f545   Thumb Code    52  nrf_drv_mpu_twi.o(i.nrf_drv_mpu_write_single_register)
    nrf_drv_twi_enable                       0x0002f585   Thumb Code    28  nrf_drv_twi.o(i.nrf_drv_twi_enable)
    nrf_drv_twi_init                         0x0002f5a5   Thumb Code   134  nrf_drv_twi.o(i.nrf_drv_twi_init)
    nrf_drv_twi_rx                           0x0002f631   Thumb Code    32  nrf_drv_twi.o(i.nrf_drv_twi_rx)
    nrf_drv_twi_tx                           0x0002f655   Thumb Code    36  nrf_drv_twi.o(i.nrf_drv_twi_tx)
    nrf_drv_twi_xfer                         0x0002f679   Thumb Code    30  nrf_drv_twi.o(i.nrf_drv_twi_xfer)
    nrf_drv_uart_init                        0x0002f69d   Thumb Code    98  nrf_drv_uart.o(i.nrf_drv_uart_init)
    nrf_drv_uart_rx                          0x0002f705   Thumb Code   170  nrf_drv_uart.o(i.nrf_drv_uart_rx)
    nrf_drv_uart_rx_enable                   0x0002f7b5   Thumb Code    42  nrf_drv_uart.o(i.nrf_drv_uart_rx_enable)
    nrf_drv_uart_tx                          0x0002f93d   Thumb Code   262  nrf_drv_uart.o(i.nrf_drv_uart_tx)
    nrf_drv_uart_tx_in_progress              0x0002fa49   Thumb Code    18  nrf_drv_uart.o(i.nrf_drv_uart_tx_in_progress)
    nrf_drv_uart_uninit                      0x0002fa61   Thumb Code    74  nrf_drv_uart.o(i.nrf_drv_uart_uninit)
    nrf_log_backend_hexdump_handler_get      0x0002fced   Thumb Code     4  nrf_log_backend_serial.o(i.nrf_log_backend_hexdump_handler_get)
    nrf_log_backend_init                     0x0002fcf5   Thumb Code   100  nrf_log_backend_serial.o(i.nrf_log_backend_init)
    nrf_log_backend_std_handler_get          0x0002ffa9   Thumb Code     4  nrf_log_backend_serial.o(i.nrf_log_backend_std_handler_get)
    nrf_log_blocking_backend_set             0x0002ffb1   Thumb Code     6  nrf_log_frontend.o(i.nrf_log_blocking_backend_set)
    nrf_log_frontend_dequeue                 0x0002ffb9   Thumb Code   314  nrf_log_frontend.o(i.nrf_log_frontend_dequeue)
    nrf_log_frontend_init                    0x000300fd   Thumb Code    18  nrf_log_frontend.o(i.nrf_log_frontend_init)
    nrf_log_frontend_std_0                   0x00030115   Thumb Code    68  nrf_log_frontend.o(i.nrf_log_frontend_std_0)
    nrf_log_frontend_std_1                   0x00030161   Thumb Code    80  nrf_log_frontend.o(i.nrf_log_frontend_std_1)
    nrf_log_frontend_std_2                   0x000301b9   Thumb Code    96  nrf_log_frontend.o(i.nrf_log_frontend_std_2)
    nrf_log_frontend_std_3                   0x00030221   Thumb Code   114  nrf_log_frontend.o(i.nrf_log_frontend_std_3)
    nrf_log_frontend_std_4                   0x0003029d   Thumb Code   128  nrf_log_frontend.o(i.nrf_log_frontend_std_4)
    nrf_log_handlers_set                     0x00030325   Thumb Code     8  nrf_log_frontend.o(i.nrf_log_handlers_set)
    nrf_log_init                             0x00030331   Thumb Code    36  nrf_log_frontend.o(i.nrf_log_init)
    nrf_log_push                             0x00030355   Thumb Code    90  nrf_log_frontend.o(i.nrf_log_push)
    nrf_strerror_find                        0x000303b5   Thumb Code    52  nrf_strerror.o(i.nrf_strerror_find)
    nrf_strerror_get                         0x000303ed   Thumb Code    14  nrf_strerror.o(i.nrf_strerror_get)
    sqrtf                                    0x00030d71   Thumb Code    62  sqrtf.o(i.sqrtf)
    uart_config                              0x00031299   Thumb Code    62  main.o(i.uart_config)
    uart_error_handle                        0x000312e9   Thumb Code    18  main.o(i.uart_error_handle)
    ml_ver                                   0x000317f0   Data          20  mpl.o(.constdata)
    reg                                      0x00032415   Data          42  inv_mpu.o(.constdata)
    hw                                       0x00032440   Data          14  inv_mpu.o(.constdata)
    test                                     0x00032450   Data          48  inv_mpu.o(.constdata)
    __ctype_table                            0x000326b8   Data         129  ctype_o.o(.constdata)
    __mathlib_zero                           0x00032770   Data           8  qnan.o(.constdata)
    Region$$Table$$Base                      0x00032bec   Number         0  anon$$obj.o(Region$$Table)
    Region$$Table$$Limit                     0x00032c0c   Number         0  anon$$obj.o(Region$$Table)
    mpl_key                                  0x20002198   Data           4  main.o(.data)
    __stdout                                 0x200021d8   Data           4  retarget.o(.data)
    SystemCoreClock                          0x20002228   Data           4  system_nrf52840.o(.data)
    __microlib_freelist                      0x2000223c   Data           4  mvars.o(.data)
    __microlib_freelist_initialised          0x20002240   Data           4  mvars.o(.data)
    twi_tx_buffer                            0x200027b4   Data          16  nrf_drv_mpu_twi.o(.bss)
    cb                                       0x200040e0   Data         232  compass_vec_cal.o(.bss)
    cb_test                                  0x200041c8   Data         232  compass_vec_cal.o(.bss)
    cb_sim                                   0x200042b0   Data         232  compass_vec_cal.o(.bss)
    vc                                       0x20004398   Data         424  compass_vec_cal.o(.bss)
    fnm                                      0x20004540   Data         608  fast_no_motion.o(.bss)
    s9axis                                   0x200047e0   Data         312  fusion_9axis.o(.bss)
    mag_disturb                              0x20004918   Data         184  mag_disturb.o(.bss)
    __heap_base                              0x20004ef8   Data           0  arm_startup_nrf52840.o(HEAP)
    __heap_limit                             0x20006ef8   Data           0  arm_startup_nrf52840.o(HEAP)
    __initial_sp                             0x20008ef8   Data           0  arm_startup_nrf52840.o(STACK)



==============================================================================

Memory Map of the image

  Image Entry point : 0x00022201

  Load Region LR_IROM1 (Base: 0x00022000, Size: 0x00010cbc, Max: 0x000de000, ABSOLUTE)

    Execution Region ER_IROM1 (Base: 0x00022000, Size: 0x00010c0c, Max: 0x000de000, ABSOLUTE)

    Base Addr    Size         Type   Attr      Idx    E Section Name        Object

    0x00022000   0x00000200   Data   RO         4500    RESET               arm_startup_nrf52840.o
    0x00022200   0x00000000   Code   RO         4963  * .ARM.Collect$$$$00000000  mc_w.l(entry.o)
    0x00022200   0x00000004   Code   RO         5379    .ARM.Collect$$$$00000001  mc_w.l(entry2.o)
    0x00022204   0x00000004   Code   RO         5382    .ARM.Collect$$$$00000004  mc_w.l(entry5.o)
    0x00022208   0x00000000   Code   RO         5384    .ARM.Collect$$$$00000008  mc_w.l(entry7b.o)
    0x00022208   0x00000000   Code   RO         5386    .ARM.Collect$$$$0000000A  mc_w.l(entry8b.o)
    0x00022208   0x00000008   Code   RO         5387    .ARM.Collect$$$$0000000B  mc_w.l(entry9a.o)
    0x00022210   0x00000000   Code   RO         5389    .ARM.Collect$$$$0000000D  mc_w.l(entry10a.o)
    0x00022210   0x00000000   Code   RO         5391    .ARM.Collect$$$$0000000F  mc_w.l(entry11a.o)
    0x00022210   0x00000004   Code   RO         5380    .ARM.Collect$$$$00002712  mc_w.l(entry2.o)
    0x00022214   0x00000024   Code   RO         4501    .text               arm_startup_nrf52840.o
    0x00022238   0x000024f0   Code   RO         4541    .text               libmpllib.lib(compass_vec_cal.o)
    0x00024728   0x00000a18   Code   RO         4631    .text               libmpllib.lib(fast_no_motion.o)
    0x00025140   0x000006b0   Code   RO         4664    .text               libmpllib.lib(fusion_9axis.o)
    0x000257f0   0x000005c0   Code   RO         4686    .text               libmpllib.lib(mag_disturb.o)
    0x00025db0   0x00000994   Code   RO         4708    .text               libmpllib.lib(quaternion_supervisor.o)
    0x00026744   0x00000c44   Code   RO         4726    .text               libmpllib.lib(accel_auto_cal.o)
    0x00027388   0x00000062   Code   RO         4966    .text               mc_w.l(ldiv.o)
    0x000273ea   0x0000001e   Code   RO         4968    .text               mc_w.l(llshl.o)
    0x00027408   0x00000024   Code   RO         4970    .text               mc_w.l(llsshr.o)
    0x0002742c   0x00000008   Code   RO         4972    .text               mc_w.l(ctype_o.o)
    0x00027434   0x00000040   Code   RO         5002    .text               mc_w.l(memmovea.o)
    0x00027474   0x00000024   Code   RO         5004    .text               mc_w.l(memseta.o)
    0x00027498   0x0000000e   Code   RO         5006    .text               mc_w.l(strlen.o)
    0x000274a6   0x0000001a   Code   RO         5008    .text               mc_w.l(memcmp.o)
    0x000274c0   0x0000014e   Code   RO         5305    .text               mf_w.l(dadd.o)
    0x0002760e   0x000000e4   Code   RO         5307    .text               mf_w.l(dmul.o)
    0x000276f2   0x000000de   Code   RO         5309    .text               mf_w.l(ddiv.o)
    0x000277d0   0x0000002c   Code   RO         5311    .text               mf_w.l(ffltl.o)
    0x000277fc   0x00000022   Code   RO         5313    .text               mf_w.l(dflti.o)
    0x0002781e   0x00000042   Code   RO         5315    .text               mf_w.l(ffixl.o)
    0x00027860   0x0000003e   Code   RO         5317    .text               mf_w.l(dfixi.o)
    0x0002789e   0x00000026   Code   RO         5319    .text               mf_w.l(f2d.o)
    0x000278c4   0x00000030   Code   RO         5321    .text               mf_w.l(cdcmple.o)
    0x000278f4   0x00000030   Code   RO         5323    .text               mf_w.l(cdrcmple.o)
    0x00027924   0x00000038   Code   RO         5325    .text               mf_w.l(d2f.o)
    0x0002795c   0x0000002c   Code   RO         5393    .text               mc_w.l(uidiv.o)
    0x00027988   0x00000062   Code   RO         5395    .text               mc_w.l(uldiv.o)
    0x000279ea   0x00000020   Code   RO         5397    .text               mc_w.l(llushr.o)
    0x00027a0a   0x00000000   Code   RO         5408    .text               mc_w.l(iusefp.o)
    0x00027a0a   0x0000006e   Code   RO         5409    .text               mf_w.l(fepilogue.o)
    0x00027a78   0x000000ba   Code   RO         5411    .text               mf_w.l(depilogue.o)
    0x00027b32   0x000000a2   Code   RO         5417    .text               mf_w.l(dsqrt.o)
    0x00027bd4   0x00000030   Code   RO         5419    .text               mf_w.l(dfixul.o)
    0x00027c04   0x00000024   Code   RO         5421    .text               mc_w.l(init.o)
    0x00027c28   0x0000001a   Code   RO         5423    .text               mf_w.l(dfltui.o)
    0x00027c42   0x00000002   PAD
    0x00027c44   0x000001b8   Code   RO         1421    i.GPIOTE_IRQHandler  nrf_drv_gpiote.o
    0x00027dfc   0x00000016   Code   RO         1684    i.NVIC_ClearPendingIRQ  app_timer_1.o
    0x00027e12   0x00000016   Code   RO         1685    i.NVIC_EnableIRQ    app_timer_1.o
    0x00027e28   0x00000016   Code   RO         1686    i.NVIC_SetPendingIRQ  app_timer_1.o
    0x00027e3e   0x00000020   Code   RO         1687    i.NVIC_SetPriority  app_timer_1.o
    0x00027e5e   0x00000002   PAD
    0x00027e60   0x00000058   Code   RO          987    i.POWER_CLOCK_IRQHandler  nrf_drv_clock.o
    0x00027eb8   0x00000024   Code   RO         1688    i.RTC1_IRQHandler   app_timer_1.o
    0x00027edc   0x00000010   Code   RO          401    i.SPIM0_SPIS0_TWIM0_TWIS0_SPI0_TWI0_IRQHandler  nrf_drv_twi.o
    0x00027eec   0x00000004   Code   RO         1689    i.SWI0_EGU0_IRQHandler  app_timer_1.o
    0x00027ef0   0x000001e8   Code   RO         4509    i.SystemInit        system_nrf52840.o
    0x000280d8   0x0000001c   Code   RO         1180    i.UARTE0_UART0_IRQHandler  nrf_drv_uart.o
    0x000280f4   0x000000a4   Code   RO          821    i._MLPrintLog       nrf_drv_inv_dmp.o
    0x00028198   0x00000020   Code   RO         5249    i.__0printf         mc_w.l(printfa.o)
    0x000281b8   0x00000030   Code   RO         5250    i.__0snprintf       mc_w.l(printfa.o)
    0x000281e8   0x00000024   Code   RO         5255    i.__0vsprintf       mc_w.l(printfa.o)
    0x0002820c   0x00000030   Code   RO         5344    i.__ARM_fpclassify  m_wm.l(fpclassify.o)
    0x0002823c   0x00000026   Code   RO         5346    i.__ARM_fpclassifyf  m_wm.l(fpclassifyf.o)
    0x00028262   0x00000002   PAD
    0x00028264   0x00000118   Code   RO         4769    i.__hardfp_acosf    m_wm.l(acosf.o)
    0x0002837c   0x00000250   Code   RO         4833    i.__hardfp_atan2f   m_wm.l(atan2f.o)
    0x000285cc   0x00000004   PAD
    0x000285d0   0x000000c8   Code   RO         4851    i.__hardfp_cos      m_wm.l(cos.o)
    0x00028698   0x00000150   Code   RO         4863    i.__hardfp_cosf     m_wm.l(cosf.o)
    0x000287e8   0x00000014   Code   RO         4875    i.__hardfp_fabs     m_wm.l(fabs.o)
    0x000287fc   0x00000004   PAD
    0x00028800   0x000003c4   Code   RO         4887    i.__hardfp_log      m_wm.l(log.o)
    0x00028bc4   0x00000190   Code   RO         4927    i.__hardfp_sinf     m_wm.l(sinf.o)
    0x00028d54   0x0000007a   Code   RO         4939    i.__hardfp_sqrt     m_wm.l(sqrt.o)
    0x00028dce   0x0000003a   Code   RO         4951    i.__hardfp_sqrtf    m_wm.l(sqrtf.o)
    0x00028e08   0x00000438   Code   RO         5365    i.__ieee754_rem_pio2  m_wm.l(rred.o)
    0x00029240   0x00000170   Code   RO         5327    i.__kernel_cos      m_wm.l(cos_i.o)
    0x000293b0   0x000000f8   Code   RO         5362    i.__kernel_poly     m_wm.l(poly.o)
    0x000294a8   0x00000130   Code   RO         5373    i.__kernel_sin      m_wm.l(sin_i.o)
    0x000295d8   0x00000030   Code   RO         5330    i.__mathlib_dbl_divzero  m_wm.l(dunder.o)
    0x00029608   0x00000014   Code   RO         5331    i.__mathlib_dbl_infnan  m_wm.l(dunder.o)
    0x0002961c   0x00000004   PAD
    0x00029620   0x00000020   Code   RO         5333    i.__mathlib_dbl_invalid  m_wm.l(dunder.o)
    0x00029640   0x00000020   Code   RO         5336    i.__mathlib_dbl_underflow  m_wm.l(dunder.o)
    0x00029660   0x00000006   Code   RO         5349    i.__mathlib_flt_infnan  m_wm.l(funder.o)
    0x00029666   0x00000006   Code   RO         5350    i.__mathlib_flt_infnan2  m_wm.l(funder.o)
    0x0002966c   0x00000010   Code   RO         5351    i.__mathlib_flt_invalid  m_wm.l(funder.o)
    0x0002967c   0x00000010   Code   RO         5354    i.__mathlib_flt_underflow  m_wm.l(funder.o)
    0x0002968c   0x00000154   Code   RO         5370    i.__mathlib_rredf2  m_wm.l(rredf.o)
    0x000297e0   0x00000030   Code   RO         3551    i.__print_result_location  mpl.o
    0x00029810   0x0000000e   Code   RO         5427    i.__scatterload_copy  mc_w.l(handlers.o)
    0x0002981e   0x00000002   Code   RO         5428    i.__scatterload_null  mc_w.l(handlers.o)
    0x00029820   0x0000000e   Code   RO         5429    i.__scatterload_zeroinit  mc_w.l(handlers.o)
    0x0002982e   0x00000002   PAD
    0x00029830   0x0000000c   Code   RO         5403    i.__set_errno       mc_w.l(errno.o)
    0x0002983c   0x00000184   Code   RO         5256    i._fp_digits        mc_w.l(printfa.o)
    0x000299c0   0x000006dc   Code   RO         5257    i._printf_core      mc_w.l(printfa.o)
    0x0002a09c   0x00000024   Code   RO         5258    i._printf_post_padding  mc_w.l(printfa.o)
    0x0002a0c0   0x0000002e   Code   RO         5259    i._printf_pre_padding  mc_w.l(printfa.o)
    0x0002a0ee   0x00000016   Code   RO         5260    i._snputc           mc_w.l(printfa.o)
    0x0002a104   0x0000000a   Code   RO         5261    i._sputc            mc_w.l(printfa.o)
    0x0002a10e   0x00000002   PAD
    0x0002a110   0x000004b4   Code   RO         4084    i.accel_6500_self_test  inv_mpu.o
    0x0002a5c4   0x00000002   Code   RO            4    i.android_orient_cb  main.o
    0x0002a5c6   0x00000002   PAD
    0x0002a5c8   0x0000006c   Code   RO         1893    i.app_error_fault_handler  app_error_weak.o
    0x0002a634   0x00000016   Code   RO         1854    i.app_error_handler_bare  app_error.o
    0x0002a64a   0x00000016   Code   RO         1922    i.app_fifo_get      app_fifo.o
    0x0002a660   0x00000020   Code   RO         1923    i.app_fifo_init     app_fifo.o
    0x0002a680   0x0000001a   Code   RO         1925    i.app_fifo_put      app_fifo.o
    0x0002a69a   0x00000002   PAD
    0x0002a69c   0x0000000c   Code   RO         1691    i.app_timer_cnt_get  app_timer_1.o
    0x0002a6a8   0x00000024   Code   RO         1692    i.app_timer_create  app_timer_1.o
    0x0002a6cc   0x00000054   Code   RO         1693    i.app_timer_init    app_timer_1.o
    0x0002a720   0x00000080   Code   RO         1696    i.app_timer_start   app_timer_1.o
    0x0002a7a0   0x000000b4   Code   RO         1997    i.app_uart_init     app_uart_fifo.o
    0x0002a854   0x0000003c   Code   RO         1998    i.app_uart_put      app_uart_fifo.o
    0x0002a890   0x00000004   Code   RO         2066    i.app_util_critical_region_enter  app_util_platform.o
    0x0002a894   0x00000004   Code   RO         2067    i.app_util_critical_region_exit  app_util_platform.o
    0x0002a898   0x00000010   Code   RO         2068    i.app_util_disable_irq  app_util_platform.o
    0x0002a8a8   0x00000014   Code   RO         2069    i.app_util_enable_irq  app_util_platform.o
    0x0002a8bc   0x000000a8   Code   RO         1181    i.apply_config      nrf_drv_uart.o
    0x0002a964   0x00000010   Code   RO          878    i.bsp_board_led_off  boards.o
    0x0002a974   0x0000002c   Code   RO          881    i.bsp_board_leds_init  boards.o
    0x0002a9a0   0x00000012   Code   RO          882    i.bsp_board_leds_off  boards.o
    0x0002a9b2   0x00000012   Code   RO         2226    i.buf_len_update    nrf_log_backend_serial.o
    0x0002a9c4   0x00000060   Code   RO         2321    i.buf_prealloc      nrf_log_frontend.o
    0x0002aa24   0x00000014   Code   RO         2322    i.buffer_is_empty   nrf_log_frontend.o
    0x0002aa38   0x0000001c   Code   RO         1422    i.channel_free      nrf_drv_gpiote.o
    0x0002aa54   0x00000048   Code   RO         1423    i.channel_port_alloc  nrf_drv_gpiote.o
    0x0002aa9c   0x00000010   Code   RO         1424    i.channel_port_get  nrf_drv_gpiote.o
    0x0002aaac   0x00000028   Code   RO          988    i.clock_clk_started_notify  nrf_drv_clock.o
    0x0002aad4   0x000000ac   Code   RO         1699    i.compare_reg_update  app_timer_1.o
    0x0002ab80   0x00000118   Code   RO         4085    i.compass_self_test  inv_mpu.o
    0x0002ac98   0x00000074   Code   RO         2323    i.cont_buf_prealloc  nrf_log_frontend.o
    0x0002ad0c   0x0000003a   Code   RO         3894    i.dmp_enable_6x_lp_quat  inv_mpu_dmp_motion_driver.o
    0x0002ad46   0x00000002   PAD
    0x0002ad48   0x000001d8   Code   RO         3895    i.dmp_enable_feature  inv_mpu_dmp_motion_driver.o
    0x0002af20   0x0000003c   Code   RO         3896    i.dmp_enable_gyro_cal  inv_mpu_dmp_motion_driver.o
    0x0002af5c   0x0000003a   Code   RO         3897    i.dmp_enable_lp_quat  inv_mpu_dmp_motion_driver.o
    0x0002af96   0x00000002   PAD
    0x0002af98   0x00000014   Code   RO         3902    i.dmp_load_motion_driver_firmware  inv_mpu_dmp_motion_driver.o
    0x0002afac   0x00000180   Code   RO         3903    i.dmp_read_fifo     inv_mpu_dmp_motion_driver.o
    0x0002b12c   0x0000000c   Code   RO         3904    i.dmp_register_android_orient_cb  inv_mpu_dmp_motion_driver.o
    0x0002b138   0x0000000c   Code   RO         3905    i.dmp_register_tap_cb  inv_mpu_dmp_motion_driver.o
    0x0002b144   0x00000064   Code   RO         3907    i.dmp_set_fifo_rate  inv_mpu_dmp_motion_driver.o
    0x0002b1a8   0x0000010c   Code   RO         3910    i.dmp_set_orientation  inv_mpu_dmp_motion_driver.o
    0x0002b2b4   0x00000030   Code   RO         3913    i.dmp_set_shake_reject_thresh  inv_mpu_dmp_motion_driver.o
    0x0002b2e4   0x00000020   Code   RO         3914    i.dmp_set_shake_reject_time  inv_mpu_dmp_motion_driver.o
    0x0002b304   0x00000020   Code   RO         3915    i.dmp_set_shake_reject_timeout  inv_mpu_dmp_motion_driver.o
    0x0002b324   0x00000040   Code   RO         3916    i.dmp_set_tap_axes  inv_mpu_dmp_motion_driver.o
    0x0002b364   0x00000022   Code   RO         3917    i.dmp_set_tap_count  inv_mpu_dmp_motion_driver.o
    0x0002b386   0x00000002   PAD
    0x0002b388   0x00000160   Code   RO         3918    i.dmp_set_tap_thresh  inv_mpu_dmp_motion_driver.o
    0x0002b4e8   0x00000020   Code   RO         3919    i.dmp_set_tap_time  inv_mpu_dmp_motion_driver.o
    0x0002b508   0x00000020   Code   RO         3920    i.dmp_set_tap_time_multi  inv_mpu_dmp_motion_driver.o
    0x0002b528   0x00000040   Code   RO         1700    i.elapsed_ticks_acquire  app_timer_1.o
    0x0002b568   0x00000018   Code   RO         4877    i.fabs              m_wm.l(fabs.o)
    0x0002b580   0x00000014   Code   RO         1928    i.fifo_get          app_fifo.o
    0x0002b594   0x00000012   Code   RO         1929    i.fifo_put          app_fifo.o
    0x0002b5a6   0x0000000e   Code   RO         2189    i.fputc             retarget.o
    0x0002b5b4   0x00000050   Code   RO         5277    i.free              mc_w.l(malloc.o)
    0x0002b604   0x000004c8   Code   RO         4086    i.get_st_6500_biases  inv_mpu.o
    0x0002bacc   0x00000470   Code   RO         4088    i.gyro_6500_self_test  inv_mpu.o
    0x0002bf3c   0x00000080   Code   RO          598    i.i2c_write_porting  nrf_drv_mpu_twi.o
    0x0002bfbc   0x00000078   Code   RO         1182    i.interrupts_enable  nrf_drv_uart.o
    0x0002c034   0x0000006a   Code   RO         2606    i.inv_apply_calibration  data_builder.o
    0x0002c09e   0x00000002   PAD
    0x0002c0a0   0x00000068   Code   RO         2607    i.inv_build_accel   data_builder.o
    0x0002c108   0x00000084   Code   RO         2608    i.inv_build_compass  data_builder.o
    0x0002c18c   0x00000030   Code   RO         2609    i.inv_build_gyro    data_builder.o
    0x0002c1bc   0x0000002c   Code   RO         2610    i.inv_build_quat    data_builder.o
    0x0002c1e8   0x000000ac   Code   RO         3198    i.inv_compass_angle  ml_math_func.o
    0x0002c294   0x0000005c   Code   RO         3200    i.inv_convert_to_body_with_scale  ml_math_func.o
    0x0002c2f0   0x0000003c   Code   RO         2613    i.inv_db_load_func  data_builder.o
    0x0002c32c   0x00000014   Code   RO         2614    i.inv_db_save_func  data_builder.o
    0x0002c340   0x0000001c   Code   RO         4427    i.inv_enable_eMPL_outputs  empl_outputs.o
    0x0002c35c   0x0000001c   Code   RO         3586    i.inv_enable_results_holder  results_holder.o
    0x0002c378   0x0000002c   Code   RO         3821    i.inv_execute_mpl_start_notification  start_manager.o
    0x0002c3a4   0x00000080   Code   RO         2617    i.inv_execute_on_data  data_builder.o
    0x0002c424   0x000000a4   Code   RO         4428    i.inv_generate_eMPL_outputs  empl_outputs.o
    0x0002c4c8   0x00000010   Code   RO         3587    i.inv_generate_results  results_holder.o
    0x0002c4d8   0x00000014   Code   RO         3588    i.inv_get_6axis_quaternion  results_holder.o
    0x0002c4ec   0x0000000c   Code   RO         3589    i.inv_get_acc_state  results_holder.o
    0x0002c4f8   0x0000000c   Code   RO         2618    i.inv_get_accel_accuracy  data_builder.o
    0x0002c504   0x00000010   Code   RO         2620    i.inv_get_accel_on  data_builder.o
    0x0002c514   0x00000028   Code   RO         2624    i.inv_get_accel_set  data_builder.o
    0x0002c53c   0x00000014   Code   RO         2625    i.inv_get_compass_bias  data_builder.o
    0x0002c550   0x00000018   Code   RO         3593    i.inv_get_compass_correction  results_holder.o
    0x0002c568   0x00000010   Code   RO         2627    i.inv_get_compass_on  data_builder.o
    0x0002c578   0x0000001c   Code   RO         2634    i.inv_get_compass_soft_iron_output_data  data_builder.o
    0x0002c594   0x0000000c   Code   RO         3594    i.inv_get_compass_state  results_holder.o
    0x0002c5a0   0x00000054   Code   RO         3595    i.inv_get_gravity   results_holder.o
    0x0002c5f4   0x00000010   Code   RO         2635    i.inv_get_gyro      data_builder.o
    0x0002c604   0x0000000c   Code   RO         2636    i.inv_get_gyro_accuracy  data_builder.o
    0x0002c610   0x00000024   Code   RO         2637    i.inv_get_gyro_bias  data_builder.o
    0x0002c634   0x00000010   Code   RO         2639    i.inv_get_gyro_on   data_builder.o
    0x0002c644   0x0000001a   Code   RO         3204    i.inv_get_gyro_sum_of_sqr  ml_math_func.o
    0x0002c65e   0x00000002   PAD
    0x0002c660   0x0000000c   Code   RO         3598    i.inv_get_large_mag_field  results_holder.o
    0x0002c66c   0x00000048   Code   RO         2645    i.inv_get_last_timestamp  data_builder.o
    0x0002c6b4   0x0000003a   Code   RO         3599    i.inv_get_linear_accel  results_holder.o
    0x0002c6ee   0x00000002   PAD
    0x0002c6f0   0x00000044   Code   RO         3600    i.inv_get_linear_accel_float  results_holder.o
    0x0002c734   0x00000010   Code   RO         3601    i.inv_get_local_field  results_holder.o
    0x0002c744   0x0000001c   Code   RO         2646    i.inv_get_mag_accuracy  data_builder.o
    0x0002c760   0x00000034   Code   RO         3604    i.inv_get_quaternion  results_holder.o
    0x0002c794   0x00000038   Code   RO         3606    i.inv_get_quaternion_set  results_holder.o
    0x0002c7cc   0x00000060   Code   RO         3068    i.inv_get_sensor_type_gravity  hal_outputs.o
    0x0002c82c   0x00000070   Code   RO         3071    i.inv_get_sensor_type_linear_acceleration  hal_outputs.o
    0x0002c89c   0x0000001c   Code   RO         4434    i.inv_get_sensor_type_quat  empl_outputs.o
    0x0002c8b8   0x0000000c   Code   RO         3608    i.inv_got_compass_bias  results_holder.o
    0x0002c8c4   0x0000003c   Code   RO         2649    i.inv_init_data_builder  data_builder.o
    0x0002c900   0x00000088   Code   RO         3553    i.inv_init_mpl      mpl.o
    0x0002c988   0x00000030   Code   RO         3609    i.inv_init_results_holder  results_holder.o
    0x0002c9b8   0x00000014   Code   RO         3822    i.inv_init_start_manager  start_manager.o
    0x0002c9cc   0x00000018   Code   RO         3854    i.inv_init_storage_manager  storage_manager.o
    0x0002c9e4   0x00000022   Code   RO         3213    i.inv_orientation_matrix_to_scalar  ml_math_func.o
    0x0002ca06   0x0000000c   Code   RO         3214    i.inv_q29_mult      ml_math_func.o
    0x0002ca12   0x0000000c   Code   RO         3216    i.inv_q30_mult      ml_math_func.o
    0x0002ca1e   0x00000024   Code   RO         3218    i.inv_q_add         ml_math_func.o
    0x0002ca42   0x00000042   Code   RO         3219    i.inv_q_addf        ml_math_func.o
    0x0002ca84   0x00000018   Code   RO         3220    i.inv_q_invert      ml_math_func.o
    0x0002ca9c   0x0000002e   Code   RO         3221    i.inv_q_invertf     ml_math_func.o
    0x0002caca   0x000000b0   Code   RO         3222    i.inv_q_mult        ml_math_func.o
    0x0002cb7a   0x000000d2   Code   RO         3223    i.inv_q_multf       ml_math_func.o
    0x0002cc4c   0x00000084   Code   RO         3224    i.inv_q_norm4       ml_math_func.o
    0x0002ccd0   0x000000b0   Code   RO         3226    i.inv_q_normalizef  ml_math_func.o
    0x0002cd80   0x0000003e   Code   RO         3227    i.inv_q_rotate      ml_math_func.o
    0x0002cdbe   0x000000da   Code   RO         3229    i.inv_quaternion_to_rotation  ml_math_func.o
    0x0002ce98   0x000000a4   Code   RO         2652    i.inv_register_data_cb  data_builder.o
    0x0002cf3c   0x0000006c   Code   RO         3856    i.inv_register_load_store  storage_manager.o
    0x0002cfa8   0x00000020   Code   RO         3823    i.inv_register_mpl_start_notification  start_manager.o
    0x0002cfc8   0x00000054   Code   RO         2653    i.inv_reset_compass_soft_iron_matrix  data_builder.o
    0x0002d01c   0x00000048   Code   RO         3231    i.inv_row_2_scale   ml_math_func.o
    0x0002d064   0x0000001c   Code   RO         2654    i.inv_set_accel_accuracy  data_builder.o
    0x0002d080   0x00000048   Code   RO         2656    i.inv_set_accel_bias  data_builder.o
    0x0002d0c8   0x0000000c   Code   RO         3612    i.inv_set_accel_bias_found  results_holder.o
    0x0002d0d4   0x00000050   Code   RO         2657    i.inv_set_accel_bias_mask  data_builder.o
    0x0002d124   0x0000000c   Code   RO         2658    i.inv_set_accel_orientation_and_scale  data_builder.o
    0x0002d130   0x0000002c   Code   RO         2659    i.inv_set_accel_sample_rate  data_builder.o
    0x0002d15c   0x00000048   Code   RO         2661    i.inv_set_compass_bias  data_builder.o
    0x0002d1a4   0x00000010   Code   RO         3613    i.inv_set_compass_bias_error  results_holder.o
    0x0002d1b4   0x0000000c   Code   RO         3614    i.inv_set_compass_bias_found  results_holder.o
    0x0002d1c0   0x00000020   Code   RO         3615    i.inv_set_compass_correction  results_holder.o
    0x0002d1e0   0x0000000c   Code   RO         2662    i.inv_set_compass_disturbance  data_builder.o
    0x0002d1ec   0x00000010   Code   RO         2663    i.inv_set_compass_orientation_and_scale  data_builder.o
    0x0002d1fc   0x0000002c   Code   RO         2664    i.inv_set_compass_sample_rate  data_builder.o
    0x0002d228   0x00000050   Code   RO         2665    i.inv_set_compass_soft_iron_input_data  data_builder.o
    0x0002d278   0x0000000c   Code   RO         3616    i.inv_set_compass_state  results_holder.o
    0x0002d284   0x00000080   Code   RO         2668    i.inv_set_contiguous  data_builder.o
    0x0002d304   0x0000005c   Code   RO         2670    i.inv_set_gyro_bias  data_builder.o
    0x0002d360   0x0000000c   Code   RO         2671    i.inv_set_gyro_orientation_and_scale  data_builder.o
    0x0002d36c   0x00000028   Code   RO         2672    i.inv_set_gyro_sample_rate  data_builder.o
    0x0002d394   0x00000014   Code   RO         3173    i.inv_set_message   message_layer.o
    0x0002d3a8   0x00000034   Code   RO         3621    i.inv_set_motion_state  results_holder.o
    0x0002d3dc   0x00000018   Code   RO         2673    i.inv_set_quat_sample_rate  data_builder.o
    0x0002d3f4   0x00000010   Code   RO         4436    i.inv_start_eMPL_outputs  empl_outputs.o
    0x0002d404   0x0000004c   Code   RO         3554    i.inv_start_mpl     mpl.o
    0x0002d450   0x00000018   Code   RO         3622    i.inv_start_results_holder  results_holder.o
    0x0002d468   0x00000020   Code   RO         3623    i.inv_store_gaming_quaternion  results_holder.o
    0x0002d488   0x0000004c   Code   RO         2675    i.inv_unregister_data_cb  data_builder.o
    0x0002d4d4   0x00000048   Code   RO         3824    i.inv_unregister_mpl_start_notification  start_manager.o
    0x0002d51c   0x0000014e   Code   RO          402    i.irq_handler_twim  nrf_drv_twi.o
    0x0002d66a   0x00000016   Code   RO          990    i.item_enqueue      nrf_drv_clock.o
    0x0002d680   0x000000f8   Code   RO         1701    i.list_insertions_handler  app_timer_1.o
    0x0002d778   0x00000024   Code   RO            5    i.magn_setup        main.o
    0x0002d79c   0x00000400   Code   RO            6    i.main              main.o
    0x0002db9c   0x0000006c   Code   RO         5278    i.malloc            mc_w.l(malloc.o)
    0x0002dc08   0x0000001e   Code   RO          822    i.millis            nrf_drv_inv_dmp.o
    0x0002dc26   0x00000032   Code   RO         3236    i.mlMatrixVectorMult  ml_math_func.o
    0x0002dc58   0x0000000a   Code   RO          731    i.mpu_config        app_mpu.o
    0x0002dc62   0x00000002   PAD
    0x0002dc64   0x00000054   Code   RO         4089    i.mpu_configure_fifo  inv_mpu.o
    0x0002dcb8   0x0000003c   Code   RO         4090    i.mpu_get_accel_fsr  inv_mpu.o
    0x0002dcf4   0x00000044   Code   RO         4092    i.mpu_get_accel_sens  inv_mpu.o
    0x0002dd38   0x00000010   Code   RO         4093    i.mpu_get_compass_fsr  inv_mpu.o
    0x0002dd48   0x000000b4   Code   RO         4094    i.mpu_get_compass_reg  inv_mpu.o
    0x0002ddfc   0x00000034   Code   RO         4098    i.mpu_get_gyro_fsr  inv_mpu.o
    0x0002de30   0x0000004c   Code   RO         4100    i.mpu_get_gyro_sens  inv_mpu.o
    0x0002de7c   0x00000038   Code   RO         4102    i.mpu_get_lpf       inv_mpu.o
    0x0002deb4   0x0000001c   Code   RO         4104    i.mpu_get_sample_rate  inv_mpu.o
    0x0002ded0   0x00000024   Code   RO          732    i.mpu_init          app_mpu.o
    0x0002def4   0x000000d8   Code   RO         4106    i.mpu_init_inv      inv_mpu.o
    0x0002dfcc   0x00000008   Code   RO          733    i.mpu_int_cfg_pin   app_mpu.o
    0x0002dfd4   0x000000e8   Code   RO         4107    i.mpu_load_firmware  inv_mpu.o
    0x0002e0bc   0x000000ec   Code   RO         4108    i.mpu_lp_accel_mode  inv_mpu.o
    0x0002e1a8   0x0000002e   Code   RO          735    i.mpu_magnetometer_init  app_mpu.o
    0x0002e1d6   0x00000002   PAD
    0x0002e1d8   0x000000d4   Code   RO         4114    i.mpu_read_fifo_stream  inv_mpu.o
    0x0002e2ac   0x00000054   Code   RO         4115    i.mpu_read_mem      inv_mpu.o
    0x0002e300   0x00000160   Code   RO         4118    i.mpu_reset_fifo    inv_mpu.o
    0x0002e460   0x000002bc   Code   RO         4119    i.mpu_run_6500_self_test  inv_mpu.o
    0x0002e71c   0x00000068   Code   RO         4123    i.mpu_set_accel_fsr  inv_mpu.o
    0x0002e784   0x000000dc   Code   RO         4124    i.mpu_set_bypass    inv_mpu.o
    0x0002e860   0x00000050   Code   RO         4125    i.mpu_set_compass_sample_rate  inv_mpu.o
    0x0002e8b0   0x00000078   Code   RO         4126    i.mpu_set_dmp_state  inv_mpu.o
    0x0002e928   0x0000006c   Code   RO         4128    i.mpu_set_gyro_fsr  inv_mpu.o
    0x0002e994   0x00000064   Code   RO         4129    i.mpu_set_int_latched  inv_mpu.o
    0x0002e9f8   0x00000088   Code   RO         4131    i.mpu_set_lpf       inv_mpu.o
    0x0002ea80   0x00000090   Code   RO         4132    i.mpu_set_sample_rate  inv_mpu.o
    0x0002eb10   0x00000134   Code   RO         4133    i.mpu_set_sensors   inv_mpu.o
    0x0002ec44   0x00000088   Code   RO            7    i.mpu_setup         main.o
    0x0002eccc   0x000000b8   Code   RO          599    i.mpu_twi_read_test  nrf_drv_mpu_twi.o
    0x0002ed84   0x0000006c   Code   RO         4134    i.mpu_write_mem     inv_mpu.o
    0x0002edf0   0x00000010   Code   RO         1425    i.nrf_bitmask_bit_is_set  nrf_drv_gpiote.o
    0x0002ee00   0x0000000e   Code   RO          992    i.nrf_clock_event_check  nrf_drv_clock.o
    0x0002ee0e   0x00000010   Code   RO          993    i.nrf_clock_event_clear  nrf_drv_clock.o
    0x0002ee1e   0x0000000a   Code   RO         4135    i.nrf_delay_ms      inv_mpu.o
    0x0002ee28   0x0000008c   Code   RO            8    i.nrf_delay_us      main.o
    0x0002eeb4   0x0000008c   Code   RO          403    i.nrf_delay_us      nrf_drv_twi.o
    0x0002ef40   0x0000008c   Code   RO         1702    i.nrf_delay_us      app_timer_1.o
    0x0002efcc   0x0000008c   Code   RO         4136    i.nrf_delay_us      inv_mpu.o
    0x0002f058   0x00000040   Code   RO         1000    i.nrf_drv_clock_init  nrf_drv_clock.o
    0x0002f098   0x00000060   Code   RO         1005    i.nrf_drv_clock_lfclk_request  nrf_drv_clock.o
    0x0002f0f8   0x00000016   Code   RO         1183    i.nrf_drv_common_irq_disable  nrf_drv_uart.o
    0x0002f10e   0x00000038   Code   RO         1134    i.nrf_drv_common_irq_enable  nrf_drv_common.o
    0x0002f146   0x00000006   Code   RO         1184    i.nrf_drv_get_IRQn  nrf_drv_uart.o
    0x0002f14c   0x00000098   Code   RO         1430    i.nrf_drv_gpiote_in_event_enable  nrf_drv_gpiote.o
    0x0002f1e4   0x00000100   Code   RO         1431    i.nrf_drv_gpiote_in_init  nrf_drv_gpiote.o
    0x0002f2e4   0x000000e0   Code   RO         1434    i.nrf_drv_gpiote_init  nrf_drv_gpiote.o
    0x0002f3c4   0x00000010   Code   RO          404    i.nrf_drv_is_in_RAM  nrf_drv_twi.o
    0x0002f3d4   0x00000010   Code   RO         1185    i.nrf_drv_is_in_RAM  nrf_drv_uart.o
    0x0002f3e4   0x00000034   Code   RO          602    i.nrf_drv_mpu_init  nrf_drv_mpu_twi.o
    0x0002f418   0x0000006c   Code   RO          604    i.nrf_drv_mpu_read_registers  nrf_drv_mpu_twi.o
    0x0002f484   0x00000028   Code   RO          605    i.nrf_drv_mpu_twi_event_handler  nrf_drv_mpu_twi.o
    0x0002f4ac   0x00000040   Code   RO          606    i.nrf_drv_mpu_write_magnetometer_register  nrf_drv_mpu_twi.o
    0x0002f4ec   0x00000058   Code   RO          607    i.nrf_drv_mpu_write_registers  nrf_drv_mpu_twi.o
    0x0002f544   0x00000040   Code   RO          608    i.nrf_drv_mpu_write_single_register  nrf_drv_mpu_twi.o
    0x0002f584   0x00000020   Code   RO          407    i.nrf_drv_twi_enable  nrf_drv_twi.o
    0x0002f5a4   0x0000008c   Code   RO          408    i.nrf_drv_twi_init  nrf_drv_twi.o
    0x0002f630   0x00000024   Code   RO          410    i.nrf_drv_twi_rx    nrf_drv_twi.o
    0x0002f654   0x00000024   Code   RO          413    i.nrf_drv_twi_tx    nrf_drv_twi.o
    0x0002f678   0x00000024   Code   RO          415    i.nrf_drv_twi_xfer  nrf_drv_twi.o
    0x0002f69c   0x00000068   Code   RO         1187    i.nrf_drv_uart_init  nrf_drv_uart.o
    0x0002f704   0x000000b0   Code   RO         1188    i.nrf_drv_uart_rx   nrf_drv_uart.o
    0x0002f7b4   0x00000030   Code   RO         1191    i.nrf_drv_uart_rx_enable  nrf_drv_uart.o
    0x0002f7e4   0x000000a8   Code   RO         1192    i.nrf_drv_uart_rx_for_uart  nrf_drv_uart.o
    0x0002f88c   0x000000b0   Code   RO         1193    i.nrf_drv_uart_rx_for_uarte  nrf_drv_uart.o
    0x0002f93c   0x0000010c   Code   RO         1195    i.nrf_drv_uart_tx   nrf_drv_uart.o
    0x0002fa48   0x00000018   Code   RO         1197    i.nrf_drv_uart_tx_in_progress  nrf_drv_uart.o
    0x0002fa60   0x00000054   Code   RO         1198    i.nrf_drv_uart_uninit  nrf_drv_uart.o
    0x0002fab4   0x00000032   Code   RO          886    i.nrf_gpio_cfg      boards.o
    0x0002fae6   0x00000032   Code   RO         1199    i.nrf_gpio_cfg      nrf_drv_uart.o
    0x0002fb18   0x00000032   Code   RO         1449    i.nrf_gpio_cfg      nrf_drv_gpiote.o
    0x0002fb4a   0x00000012   Code   RO         1200    i.nrf_gpio_cfg_default  nrf_drv_uart.o
    0x0002fb5c   0x00000012   Code   RO         1201    i.nrf_gpio_cfg_input  nrf_drv_uart.o
    0x0002fb6e   0x00000014   Code   RO         1202    i.nrf_gpio_cfg_output  nrf_drv_uart.o
    0x0002fb82   0x00000030   Code   RO         1451    i.nrf_gpio_cfg_sense_set  nrf_drv_gpiote.o
    0x0002fbb2   0x00000014   Code   RO          416    i.nrf_gpio_pin_clear  nrf_drv_twi.o
    0x0002fbc6   0x00000002   PAD
    0x0002fbc8   0x0000001c   Code   RO          417    i.nrf_gpio_pin_port_decode  nrf_drv_twi.o
    0x0002fbe4   0x0000001c   Code   RO          887    i.nrf_gpio_pin_port_decode  boards.o
    0x0002fc00   0x0000001c   Code   RO         1203    i.nrf_gpio_pin_port_decode  nrf_drv_uart.o
    0x0002fc1c   0x0000001c   Code   RO         1453    i.nrf_gpio_pin_port_decode  nrf_drv_gpiote.o
    0x0002fc38   0x00000016   Code   RO         1454    i.nrf_gpio_pin_read  nrf_drv_gpiote.o
    0x0002fc4e   0x00000014   Code   RO          418    i.nrf_gpio_pin_set  nrf_drv_twi.o
    0x0002fc62   0x00000014   Code   RO         1204    i.nrf_gpio_pin_set  nrf_drv_uart.o
    0x0002fc76   0x00000026   Code   RO          888    i.nrf_gpio_pin_write  boards.o
    0x0002fc9c   0x0000002c   Code   RO         1456    i.nrf_gpio_ports_read  nrf_drv_gpiote.o
    0x0002fcc8   0x00000014   Code   RO         1457    i.nrf_gpiote_event_clear  nrf_drv_gpiote.o
    0x0002fcdc   0x00000010   Code   RO         1458    i.nrf_gpiote_event_is_set  nrf_drv_gpiote.o
    0x0002fcec   0x00000008   Code   RO         2228    i.nrf_log_backend_hexdump_handler_get  nrf_log_backend_serial.o
    0x0002fcf4   0x00000070   Code   RO         2229    i.nrf_log_backend_init  nrf_log_backend_serial.o
    0x0002fd64   0x0000012e   Code   RO         2230    i.nrf_log_backend_serial_hexdump_handler  nrf_log_backend_serial.o
    0x0002fe92   0x00000114   Code   RO         2231    i.nrf_log_backend_serial_std_handler  nrf_log_backend_serial.o
    0x0002ffa6   0x00000002   PAD
    0x0002ffa8   0x00000008   Code   RO         2232    i.nrf_log_backend_std_handler_get  nrf_log_backend_serial.o
    0x0002ffb0   0x00000006   Code   RO         2324    i.nrf_log_blocking_backend_set  nrf_log_frontend.o
    0x0002ffb6   0x00000002   PAD
    0x0002ffb8   0x00000144   Code   RO         2325    i.nrf_log_frontend_dequeue  nrf_log_frontend.o
    0x000300fc   0x00000018   Code   RO         2327    i.nrf_log_frontend_init  nrf_log_frontend.o
    0x00030114   0x0000004c   Code   RO         2328    i.nrf_log_frontend_std_0  nrf_log_frontend.o
    0x00030160   0x00000058   Code   RO         2329    i.nrf_log_frontend_std_1  nrf_log_frontend.o
    0x000301b8   0x00000068   Code   RO         2330    i.nrf_log_frontend_std_2  nrf_log_frontend.o
    0x00030220   0x0000007c   Code   RO         2331    i.nrf_log_frontend_std_3  nrf_log_frontend.o
    0x0003029c   0x00000088   Code   RO         2332    i.nrf_log_frontend_std_4  nrf_log_frontend.o
    0x00030324   0x0000000c   Code   RO         2336    i.nrf_log_handlers_set  nrf_log_frontend.o
    0x00030330   0x00000024   Code   RO         2337    i.nrf_log_init      nrf_log_frontend.o
    0x00030354   0x00000060   Code   RO         2338    i.nrf_log_push      nrf_log_frontend.o
    0x000303b4   0x00000038   Code   RO         2155    i.nrf_strerror_find  nrf_strerror.o
    0x000303ec   0x00000014   Code   RO         2156    i.nrf_strerror_get  nrf_strerror.o
    0x00030400   0x0000000a   Code   RO          419    i.nrf_twim_event_check  nrf_drv_twi.o
    0x0003040a   0x0000000c   Code   RO          420    i.nrf_twim_event_clear  nrf_drv_twi.o
    0x00030416   0x0000000a   Code   RO         1205    i.nrf_uart_event_check  nrf_drv_uart.o
    0x00030420   0x0000000c   Code   RO         1206    i.nrf_uart_event_clear  nrf_drv_uart.o
    0x0003042c   0x0000000c   Code   RO         1207    i.nrf_uart_int_enable_check  nrf_drv_uart.o
    0x00030438   0x0000000a   Code   RO         1208    i.nrf_uarte_event_check  nrf_drv_uart.o
    0x00030442   0x0000000c   Code   RO         1209    i.nrf_uarte_event_clear  nrf_drv_uart.o
    0x0003044e   0x00000002   PAD
    0x00030450   0x0000000c   Code   RO            9    i.pin_in_read       main.o
    0x0003045c   0x00000018   Code   RO         1459    i.pin_in_use_by_port  nrf_drv_gpiote.o
    0x00030474   0x00000018   Code   RO         1460    i.pin_in_use_by_te  nrf_drv_gpiote.o
    0x0003048c   0x00000078   Code   RO         1210    i.pins_to_default   nrf_drv_uart.o
    0x00030504   0x0000044c   Code   RO           10    i.read_from_mpl     main.o
    0x00030950   0x0000003c   Code   RO         1703    i.rtc1_stop         app_timer_1.o
    0x0003098c   0x00000104   Code   RO           11    i.run_self_test     main.o
    0x00030a90   0x00000032   Code   RO         1211    i.rx_byte           nrf_drv_uart.o
    0x00030ac2   0x00000018   Code   RO         1212    i.rx_done_event     nrf_drv_uart.o
    0x00030ada   0x00000020   Code   RO         1213    i.rx_enable         nrf_drv_uart.o
    0x00030afa   0x00000002   PAD
    0x00030afc   0x0000000c   Code   RO         2233    i.serial_is_busy    nrf_log_backend_serial.o
    0x00030b08   0x0000002c   Code   RO         2234    i.serial_tx         nrf_log_backend_serial.o
    0x00030b34   0x00000058   Code   RO         4137    i.set_int_enable    inv_mpu.o
    0x00030b8c   0x000001e4   Code   RO         4138    i.setup_compass     inv_mpu.o
    0x00030d70   0x0000003e   Code   RO         4953    i.sqrtf             m_wm.l(sqrtf.o)
    0x00030dae   0x00000002   Code   RO           12    i.tap_cb            main.o
    0x00030db0   0x00000002   Code   RO           13    i.timer_a_handler   main.o
    0x00030db2   0x00000002   PAD
    0x00030db4   0x00000080   Code   RO         1704    i.timer_list_handler  app_timer_1.o
    0x00030e34   0x0000003c   Code   RO         1705    i.timer_list_insert  app_timer_1.o
    0x00030e70   0x00000060   Code   RO         1706    i.timer_list_remove  app_timer_1.o
    0x00030ed0   0x00000074   Code   RO         1708    i.timer_timeouts_check  app_timer_1.o
    0x00030f44   0x00000034   Code   RO         2235    i.timestamp_process  nrf_log_backend_serial.o
    0x00030f78   0x000000a4   Code   RO          421    i.twi_clear_bus     nrf_drv_twi.o
    0x0003101c   0x00000240   Code   RO          422    i.twim_xfer         nrf_drv_twi.o
    0x0003125c   0x00000020   Code   RO         1214    i.tx_byte           nrf_drv_uart.o
    0x0003127c   0x0000001c   Code   RO         1215    i.tx_done_event     nrf_drv_uart.o
    0x00031298   0x00000050   Code   RO           14    i.uart_config       main.o
    0x000312e8   0x00000012   Code   RO           15    i.uart_error_handle  main.o
    0x000312fa   0x00000002   PAD
    0x000312fc   0x000000a0   Code   RO         1999    i.uart_event_handler  app_uart_fifo.o
    0x0003139c   0x00000010   Code   RO         2236    i.uart_event_handler  nrf_log_backend_serial.o
    0x000313ac   0x0000011e   Code   RO         1216    i.uart_irq_handler  nrf_drv_uart.o
    0x000314ca   0x000000f0   Code   RO         1217    i.uarte_irq_handler  nrf_drv_uart.o
    0x000315ba   0x00000002   PAD
    0x000315bc   0x00000030   Code   RO         1709    i.user_op_alloc     app_timer_1.o
    0x000315ec   0x00000024   Data   RO           18    .constdata          main.o
    0x00031610   0x0000000c   Data   RO          427    .constdata          nrf_drv_twi.o
    0x0003161c   0x00000018   Data   RO          610    .constdata          nrf_drv_mpu_twi.o
    0x00031634   0x00000008   Data   RO          889    .constdata          boards.o
    0x0003163c   0x0000004b   Data   RO         1462    .constdata          nrf_drv_gpiote.o
    0x00031687   0x00000001   PAD
    0x00031688   0x00000020   Data   RO         2001    .constdata          app_uart_fifo.o
    0x000316a8   0x00000104   Data   RO         2157    .constdata          nrf_strerror.o
    0x000317ac   0x00000020   Data   RO         2239    .constdata          nrf_log_backend_serial.o
    0x000317cc   0x00000024   Data   RO         2340    .constdata          nrf_log_frontend.o
    0x000317f0   0x0000002f   Data   RO         3555    .constdata          mpl.o
    0x0003181f   0x00000bf6   Data   RO         3923    .constdata          inv_mpu_dmp_motion_driver.o
    0x00032415   0x0000002a   Data   RO         4139    .constdata          inv_mpu.o
    0x0003243f   0x00000001   PAD
    0x00032440   0x0000000e   Data   RO         4140    .constdata          inv_mpu.o
    0x0003244e   0x00000002   PAD
    0x00032450   0x00000030   Data   RO         4141    .constdata          inv_mpu.o
    0x00032480   0x00000200   Data   RO         4142    .constdata          inv_mpu.o
    0x00032680   0x00000038   Data   RO         4890    .constdata          m_wm.l(log.o)
    0x000326b8   0x00000081   Data   RO         4973    .constdata          mc_w.l(ctype_o.o)
    0x00032739   0x00000003   PAD
    0x0003273c   0x00000004   Data   RO         4974    .constdata          mc_w.l(ctype_o.o)
    0x00032740   0x00000030   Data   RO         5328    .constdata          m_wm.l(cos_i.o)
    0x00032770   0x00000008   Data   RO         5364    .constdata          m_wm.l(qnan.o)
    0x00032778   0x000000c8   Data   RO         5367    .constdata          m_wm.l(rred.o)
    0x00032840   0x00000020   Data   RO         5371    .constdata          m_wm.l(rredf.o)
    0x00032860   0x00000028   Data   RO         5374    .constdata          m_wm.l(sin_i.o)
    0x00032888   0x00000009   Data   RO           19    .conststring        main.o
    0x00032891   0x00000003   PAD
    0x00032894   0x00000307   Data   RO         2158    .conststring        nrf_strerror.o
    0x00032b9b   0x00000001   PAD
    0x00032b9c   0x0000000b   Data   RO         2341    .conststring        nrf_log_frontend.o
    0x00032ba7   0x00000001   PAD
    0x00032ba8   0x00000044   Data   RO         2678    .conststring        data_builder.o
    0x00032bec   0x00000020   Data   RO         5425    Region$$Table       anon$$obj.o


    Execution Region RW_IRAM1 (Base: 0x20002198, Size: 0x00006d60, Max: 0x0003de68, ABSOLUTE)

    Base Addr    Size         Type   Attr      Idx    E Section Name        Object

    0x20002198   0x00000004   Data   RW           20    .data               main.o
    0x2000219c   0x00000012   Data   RW           21    .data               main.o
    0x200021ae   0x00000002   Data   RW          611    .data               nrf_drv_mpu_twi.o
    0x200021b0   0x00000014   Data   RW         1711    .data               app_timer_1.o
    0x200021c4   0x00000010   Data   RW         2002    .data               app_uart_fifo.o
    0x200021d4   0x00000004   Data   RW         2072    .data               app_util_platform.o
    0x200021d8   0x00000004   Data   RW         2190    .data               retarget.o
    0x200021dc   0x0000000c   Data   RW         2240    .data               nrf_log_backend_serial.o
    0x200021e8   0x00000004   Data   RW         2342    .data               nrf_log_frontend.o
    0x200021ec   0x00000004   Data   RW         3174    .data               message_layer.o
    0x200021f0   0x00000038   Data   RW         4143    .data               inv_mpu.o
    0x20002228   0x00000004   Data   RW         4510    .data               system_nrf52840.o
    0x2000222c   0x00000010   Data   RW         4543    .data               libmpllib.lib(compass_vec_cal.o)
    0x2000223c   0x00000004   Data   RW         5399    .data               mc_w.l(mvars.o)
    0x20002240   0x00000004   Data   RW         5400    .data               mc_w.l(mvars.o)
    0x20002244   0x00000004   Data   RW         5404    .data               mc_w.l(errno.o)
    0x20002248   0x00000020   Zero   RW           16    .bss                main.o
    0x20002268   0x00000524   Zero   RW           17    .bss                main.o
    0x2000278c   0x00000028   Zero   RW          423    .bss                nrf_drv_twi.o
    0x200027b4   0x00000010   Zero   RW          609    .bss                nrf_drv_mpu_twi.o
    0x200027c4   0x00000014   Zero   RW         1007    .bss                nrf_drv_clock.o
    0x200027d8   0x00000020   Zero   RW         1218    .bss                nrf_drv_uart.o
    0x200027f8   0x00000058   Zero   RW         1461    .bss                nrf_drv_gpiote.o
    0x20002850   0x0000010c   Zero   RW         1710    .bss                app_timer_1.o
    0x2000295c   0x00000020   Zero   RW         2000    .bss                app_uart_fifo.o
    0x2000297c   0x00000100   Zero   RW         2237    .bss                nrf_log_backend_serial.o
    0x20002a7c   0x00001018   Zero   RW         2339    .bss                nrf_log_frontend.o
    0x20003a94   0x000002d8   Zero   RW         2677    .bss                data_builder.o
    0x20003d6c   0x000000c4   Zero   RW         3078    .bss                hal_outputs.o
    0x20003e30   0x00000088   Zero   RW         3624    .bss                results_holder.o
    0x20003eb8   0x00000054   Zero   RW         3825    .bss                start_manager.o
    0x20003f0c   0x00000198   Zero   RW         3858    .bss                storage_manager.o
    0x200040a4   0x00000010   Zero   RW         3922    .bss                inv_mpu_dmp_motion_driver.o
    0x200040b4   0x00000028   Zero   RW         4437    .bss                empl_outputs.o
    0x200040dc   0x00000004   PAD
    0x200040e0   0x00000460   Zero   RW         4542    .bss                libmpllib.lib(compass_vec_cal.o)
    0x20004540   0x000002a0   Zero   RW         4632    .bss                libmpllib.lib(fast_no_motion.o)
    0x200047e0   0x00000138   Zero   RW         4665    .bss                libmpllib.lib(fusion_9axis.o)
    0x20004918   0x000000b8   Zero   RW         4687    .bss                libmpllib.lib(mag_disturb.o)
    0x200049d0   0x0000006c   Zero   RW         4709    .bss                libmpllib.lib(quaternion_supervisor.o)
    0x20004a3c   0x00000004   PAD
    0x20004a40   0x000004b8   Zero   RW         4727    .bss                libmpllib.lib(accel_auto_cal.o)
    0x20004ef8   0x00002000   Zero   RW         4499    HEAP                arm_startup_nrf52840.o
    0x20006ef8   0x00002000   Zero   RW         4498    STACK               arm_startup_nrf52840.o


==============================================================================

Image component sizes


      Code (inc. data)   RO Data    RW Data    ZI Data      Debug   Object Name

        22          0          0          0          0       2285   app_error.o
       108         54          0          0          0      27397   app_error_weak.o
       118          0          0          0          0       5138   app_fifo.o
       100          0          0          0          0       3338   app_mpu.o
      1530        118          0         20        268      47050   app_timer_1.o
       400         32         32         16         32      11959   app_uart_fifo.o
        44         10          0          4          0       3460   app_util_platform.o
        36          8        512          0      16384        952   arm_startup_nrf52840.o
       194         18          8          0          0       8890   boards.o
      2094        254         68          0        728      36757   data_builder.o
       236         20          0          0         40       4313   empl_outputs.o
       208         14          0          0        196       4707   hal_outputs.o
      8646       1858        616         56          0      39744   inv_mpu.o
      2070        172       3062          0         16      23044   inv_mpu_dmp_motion_driver.o
      2812        504         45         22       1348      75799   main.o
        20          4          0          4          0       1522   message_layer.o
      1616         22          0          0          0      16485   ml_math_func.o
       260        110         47          0          0       5860   mpl.o
       340         28          0          0         20      13092   nrf_drv_clock.o
        56          0          0          0          0      27575   nrf_drv_common.o
      1480        230         75          0         88      31922   nrf_drv_gpiote.o
       194         22          0          0          0       3683   nrf_drv_inv_dmp.o
       728        166         24          2         16      14424   nrf_drv_mpu_twi.o
      1616         48         12          0         40      64527   nrf_drv_twi.o
      2430         90          0          0         32      46207   nrf_drv_uart.o
       848         56         32         12        256      11455   nrf_log_backend_serial.o
      1258         90         47          4       4120      16690   nrf_log_frontend.o
        76         10       1035          0          0       2819   nrf_strerror.o
       710        114          0          0        136      17822   results_holder.o
        14          0          0          4          0       2934   retarget.o
       168         20          0          0         84       4036   start_manager.o
       132         10          0          0        408       2973   storage_manager.o
       488         56          0          4          0       2515   system_nrf52840.o

    ----------------------------------------------------------------------
     31090       4138       5656        148      24216     581374   Object Totals
         0          0         32          0          0          0   (incl. Generated)
        38          0          9          0          4          0   (incl. Padding)

    ----------------------------------------------------------------------

      Code (inc. data)   RO Data    RW Data    ZI Data      Debug   Library Member Name

      3140        190          0          0       1208       9672   accel_auto_cal.o
      9456        298          0         16       1120      19892   compass_vec_cal.o
      2584         42          0          0        672      13744   fast_no_motion.o
      1712         72          0          0        312       5636   fusion_9axis.o
      1472         48          0          0        184       7614   mag_disturb.o
      2452        130          0          0        108       5637   quaternion_supervisor.o
       280         46          0          0          0        176   acosf.o
       592         90          0          0          0        184   atan2f.o
       200         20          0          0          0        164   cos.o
       368         46         48          0          0        200   cos_i.o
       336         56          0          0          0        136   cosf.o
       132         36          0          0          0        496   dunder.o
        44          0          0          0          0        248   fabs.o
        48          0          0          0          0        124   fpclassify.o
        38          0          0          0          0        116   fpclassifyf.o
        44         12          0          0          0        464   funder.o
       964         92         56          0          0        316   log.o
       248          0          0          0          0        152   poly.o
         0          0          8          0          0          0   qnan.o
      1080        142        200          0          0        188   rred.o
       340         24         32          0          0        160   rredf.o
       304         24         40          0          0        208   sin_i.o
       400         56          0          0          0        212   sinf.o
       122          0          0          0          0        148   sqrt.o
       120          0          0          0          0        272   sqrtf.o
         8          4        133          0          0         68   ctype_o.o
         0          0          0          0          0          0   entry.o
         0          0          0          0          0          0   entry10a.o
         0          0          0          0          0          0   entry11a.o
         8          4          0          0          0          0   entry2.o
         4          0          0          0          0          0   entry5.o
         0          0          0          0          0          0   entry7b.o
         0          0          0          0          0          0   entry8b.o
         8          4          0          0          0          0   entry9a.o
        12          6          0          4          0         68   errno.o
        30          0          0          0          0          0   handlers.o
        36          8          0          0          0         68   init.o
         0          0          0          0          0          0   iusefp.o
        98          0          0          0          0         84   ldiv.o
        30          0          0          0          0         68   llshl.o
        36          0          0          0          0         68   llsshr.o
        32          0          0          0          0         68   llushr.o
       188         20          0          0          0        160   malloc.o
        26          0          0          0          0         80   memcmp.o
        64          0          0          0          0         76   memmovea.o
        36          0          0          0          0        108   memseta.o
         0          0          0          8          0          0   mvars.o
      2374        100          0          0          0        752   printfa.o
        14          0          0          0          0         68   strlen.o
        44          0          0          0          0         80   uidiv.o
        98          0          0          0          0         92   uldiv.o
        48          0          0          0          0         68   cdcmple.o
        48          0          0          0          0         68   cdrcmple.o
        56          0          0          0          0         88   d2f.o
       334          0          0          0          0        148   dadd.o
       222          0          0          0          0        100   ddiv.o
       186          0          0          0          0        176   depilogue.o
        62          0          0          0          0         80   dfixi.o
        48          0          0          0          0         68   dfixul.o
        34          0          0          0          0         76   dflti.o
        26          0          0          0          0         76   dfltui.o
       228          0          0          0          0         96   dmul.o
       162          0          0          0          0        100   dsqrt.o
        38          0          0          0          0         68   f2d.o
       110          0          0          0          0        168   fepilogue.o
        66          0          0          0          0         76   ffixl.o
        44          0          0          0          0         92   ffltl.o

    ----------------------------------------------------------------------
     31354       1574        520         28       3608      69615   Library Totals
        20          4          3          0          4          0   (incl. Padding)

    ----------------------------------------------------------------------

      Code (inc. data)   RO Data    RW Data    ZI Data      Debug   Library Name

     20816        780          0         16       3604      62195   libmpllib.lib
      5660        644        384          0          0       3964   m_wm.l
      3146        146        133         12          0       1908   mc_w.l
      1712          0          0          0          0       1548   mf_w.l

    ----------------------------------------------------------------------
     31354       1574        520         28       3608      69615   Library Totals

    ----------------------------------------------------------------------

==============================================================================


      Code (inc. data)   RO Data    RW Data    ZI Data      Debug   

     62444       5712       6176        176      27824     614321   Grand Totals
     62444       5712       6176        176      27824     614321   ELF Image Totals
     62444       5712       6176        176          0          0   ROM Totals

==============================================================================

    Total RO  Size (Code + RO Data)                68620 (  67.01kB)
    Total RW  Size (RW Data + ZI Data)             28000 (  27.34kB)
    Total ROM Size (Code + RO Data + RW Data)      68796 (  67.18kB)

==============================================================================

