Component: ARM Compiler 5.06 update 4 (build 422) Tool: armlink [4d35d2]

==============================================================================

Section Cross References

    main.o(i.magn_setup) refers to app_mpu.o(i.mpu_magnetometer_init) for mpu_magnetometer_init
    main.o(i.magn_setup) refers to app_error.o(i.app_error_handler_bare) for app_error_handler_bare
    main.o(i.main) refers to main.o(i.uart_config) for uart_config
    main.o(i.main) refers to nrf_drv_gpiote.o(i.nrf_drv_gpiote_init) for nrf_drv_gpiote_init
    main.o(i.main) refers to app_error.o(i.app_error_handler_bare) for app_error_handler_bare
    main.o(i.main) refers to nrf_drv_gpiote.o(i.nrf_drv_gpiote_in_init) for nrf_drv_gpiote_in_init
    main.o(i.main) refers to nrf_drv_gpiote.o(i.nrf_drv_gpiote_in_event_enable) for nrf_drv_gpiote_in_event_enable
    main.o(i.main) refers to main.o(i.mpu_setup) for mpu_setup
    main.o(i.main) refers to main.o(i.magn_setup) for magn_setup
    main.o(i.main) refers to nrf_log_frontend.o(i.nrf_log_init) for nrf_log_init
    main.o(i.main) refers to nrf_drv_clock.o(i.nrf_drv_clock_init) for nrf_drv_clock_init
    main.o(i.main) refers to nrf_drv_clock.o(i.nrf_drv_clock_lfclk_request) for nrf_drv_clock_lfclk_request
    main.o(i.main) refers to app_timer_1.o(i.app_timer_init) for app_timer_init
    main.o(i.main) refers to app_timer_1.o(i.app_timer_create) for app_timer_create
    main.o(i.main) refers to app_timer_1.o(i.app_timer_start) for app_timer_start
    main.o(i.main) refers to inv_mpu.o(i.mpu_init_inv) for mpu_init_inv
    main.o(i.main) refers to nrf_log_frontend.o(i.nrf_log_frontend_std_0) for nrf_log_frontend_std_0
    main.o(i.main) refers to mpl.o(i.inv_init_mpl) for inv_init_mpl
    main.o(i.main) refers to quaternion_supervisor.o(.text) for inv_enable_quaternion
    main.o(i.main) refers to fusion_9axis.o(.text) for inv_enable_9x_sensor_fusion
    main.o(i.main) refers to fast_no_motion.o(.text) for inv_enable_fast_nomot
    main.o(i.main) refers to compass_vec_cal.o(.text) for inv_enable_vector_compass_cal
    main.o(i.main) refers to mag_disturb.o(.text) for inv_enable_magnetic_disturbance
    main.o(i.main) refers to empl_outputs.o(i.inv_enable_eMPL_outputs) for inv_enable_eMPL_outputs
    main.o(i.main) refers to mpl.o(i.inv_start_mpl) for inv_start_mpl
    main.o(i.main) refers to printfa.o(i.__0printf) for __2printf
    main.o(i.main) refers to main.o(i.nrf_delay_us) for nrf_delay_us
    main.o(i.main) refers to nrf_log_frontend.o(i.nrf_log_frontend_dequeue) for nrf_log_frontend_dequeue
    main.o(i.main) refers to inv_mpu.o(i.mpu_set_sensors) for mpu_set_sensors
    main.o(i.main) refers to nrf_log_frontend.o(i.nrf_log_frontend_std_1) for nrf_log_frontend_std_1
    main.o(i.main) refers to inv_mpu.o(i.mpu_configure_fifo) for mpu_configure_fifo
    main.o(i.main) refers to inv_mpu.o(i.mpu_set_sample_rate) for mpu_set_sample_rate
    main.o(i.main) refers to inv_mpu.o(i.mpu_set_compass_sample_rate) for mpu_set_compass_sample_rate
    main.o(i.main) refers to inv_mpu.o(i.mpu_get_sample_rate) for mpu_get_sample_rate
    main.o(i.main) refers to inv_mpu.o(i.mpu_get_gyro_fsr) for mpu_get_gyro_fsr
    main.o(i.main) refers to inv_mpu.o(i.mpu_get_accel_fsr) for mpu_get_accel_fsr
    main.o(i.main) refers to inv_mpu.o(i.mpu_get_compass_fsr) for mpu_get_compass_fsr
    main.o(i.main) refers to data_builder.o(i.inv_set_gyro_sample_rate) for inv_set_gyro_sample_rate
    main.o(i.main) refers to data_builder.o(i.inv_set_accel_sample_rate) for inv_set_accel_sample_rate
    main.o(i.main) refers to data_builder.o(i.inv_set_compass_sample_rate) for inv_set_compass_sample_rate
    main.o(i.main) refers to ml_math_func.o(i.inv_orientation_matrix_to_scalar) for inv_orientation_matrix_to_scalar
    main.o(i.main) refers to data_builder.o(i.inv_set_gyro_orientation_and_scale) for inv_set_gyro_orientation_and_scale
    main.o(i.main) refers to data_builder.o(i.inv_set_accel_orientation_and_scale) for inv_set_accel_orientation_and_scale
    main.o(i.main) refers to data_builder.o(i.inv_set_compass_orientation_and_scale) for inv_set_compass_orientation_and_scale
    main.o(i.main) refers to nrf_drv_inv_dmp.o(i.millis) for millis
    main.o(i.main) refers to inv_mpu_dmp_motion_driver.o(i.dmp_load_motion_driver_firmware) for dmp_load_motion_driver_firmware
    main.o(i.main) refers to inv_mpu_dmp_motion_driver.o(i.dmp_set_orientation) for dmp_set_orientation
    main.o(i.main) refers to inv_mpu_dmp_motion_driver.o(i.dmp_enable_feature) for dmp_enable_feature
    main.o(i.main) refers to inv_mpu_dmp_motion_driver.o(i.dmp_set_fifo_rate) for dmp_set_fifo_rate
    main.o(i.main) refers to data_builder.o(i.inv_set_quat_sample_rate) for inv_set_quat_sample_rate
    main.o(i.main) refers to inv_mpu.o(i.mpu_set_dmp_state) for mpu_set_dmp_state
    main.o(i.main) refers to inv_mpu_dmp_motion_driver.o(i.dmp_read_fifo) for dmp_read_fifo
[...]
    inv_magnetic_disturbance_process         0x00003d0d   Thumb Code    50  mag_disturb.o(.text)
    inv_start_magnetic_disturbance           0x00003d3f   Thumb Code    14  mag_disturb.o(.text)
    inv_stop_magnetic_disturbance            0x00003d4d   Thumb Code     8  mag_disturb.o(.text)
    inv_enable_magnetic_disturbance          0x00003d55   Thumb Code    40  mag_disturb.o(.text)
    inv_disable_magnetic_disturbance         0x00003d7d   Thumb Code    22  mag_disturb.o(.text)
    inv_enable_dip_tracking                  0x00003d93   Thumb Code    14  mag_disturb.o(.text)
    inv_get_magnetic_disturbance_state       0x00003da1   Thumb Code     8  mag_disturb.o(.text)
    inv_generate_gyro_quaternion             0x00004169   Thumb Code   348  quaternion_supervisor.o(.text)
    inv_set_quaternion                       0x0000447b   Thumb Code    36  quaternion_supervisor.o(.text)
    inv_generate_accel_gyro_quaternion       0x0000449f   Thumb Code   468  quaternion_supervisor.o(.text)
    inv_stop_quaternion                      0x000046b7   Thumb Code     6  quaternion_supervisor.o(.text)
    inv_init_quaternion                      0x000046bd   Thumb Code    34  quaternion_supervisor.o(.text)
    inv_start_quaternion                     0x000046df   Thumb Code    34  quaternion_supervisor.o(.text)
    inv_enable_quaternion                    0x00004701   Thumb Code    24  quaternion_supervisor.o(.text)
    inv_disable_quaternion                   0x00004719   Thumb Code    20  quaternion_supervisor.o(.text)
    inv_init_accel_maxmin                    0x00004745   Thumb Code    34  accel_auto_cal.o(.text)
    inv_record_good_accel_maxmin             0x00004767   Thumb Code    58  accel_auto_cal.o(.text)
    inv_get_current_calibrated_accel         0x000047a1   Thumb Code    70  accel_auto_cal.o(.text)
    inv_sort_order_4_T                       0x00004b91   Thumb Code   134  accel_auto_cal.o(.text)
    inv_init_check_sample_balance            0x00004c17   Thumb Code    36  accel_auto_cal.o(.text)
    inv_init_check_sample_balance_parameter  0x00004c3b   Thumb Code    28  accel_auto_cal.o(.text)
    inv_add_accel_block_data                 0x00004c57   Thumb Code   180  accel_auto_cal.o(.text)
    inv_add_vector_block_data                0x00004d0b   Thumb Code   152  accel_auto_cal.o(.text)
    inv_check_sample_balance                 0x00004da3   Thumb Code   372  accel_auto_cal.o(.text)
    inv_auto_calibrate                       0x00004f69   Thumb Code   828  accel_auto_cal.o(.text)
    inv_init_in_use_auto_calibration         0x000052a5   Thumb Code    92  accel_auto_cal.o(.text)
    inv_start_in_use_auto_calibration        0x00005301   Thumb Code    14  accel_auto_cal.o(.text)
    inv_stop_in_use_auto_calibration         0x0000530f   Thumb Code     8  accel_auto_cal.o(.text)
    inv_enable_in_use_auto_calibration       0x00005317   Thumb Code    24  accel_auto_cal.o(.text)
    inv_disable_in_use_auto_calibration      0x0000532f   Thumb Code    22  accel_auto_cal.o(.text)
    inv_get_accel_bias_stage                 0x00005345   Thumb Code     6  accel_auto_cal.o(.text)
    __aeabi_ldivmod                          0x00005389   Thumb Code    98  ldiv.o(.text)
    __aeabi_llsl                             0x000053eb   Thumb Code    30  llshl.o(.text)
    _ll_shift_l                              0x000053eb   Thumb Code     0  llshl.o(.text)
    __aeabi_lasr                             0x00005409   Thumb Code    36  llsshr.o(.text)
    _ll_sshift_r                             0x00005409   Thumb Code     0  llsshr.o(.text)
    __rt_ctype_table                         0x0000542d   Thumb Code     4  ctype_o.o(.text)
    ___aeabi_memcpy8$move                    0x00005435   Thumb Code     0  memmovea.o(.text)
    __aeabi_memcpy                           0x00005435   Thumb Code    64  memmovea.o(.text)
    __aeabi_memcpy4                          0x00005435   Thumb Code     0  memmovea.o(.text)
    __aeabi_memmove                          0x00005435   Thumb Code     0  memmovea.o(.text)
    __aeabi_memmove4                         0x00005435   Thumb Code     0  memmovea.o(.text)
    __aeabi_memmove8                         0x00005435   Thumb Code     0  memmovea.o(.text)
    __aeabi_memset                           0x00005475   Thumb Code    14  memseta.o(.text)
    __aeabi_memset4                          0x00005475   Thumb Code     0  memseta.o(.text)
    __aeabi_memset8                          0x00005475   Thumb Code     0  memseta.o(.text)
    __aeabi_memclr                           0x00005483   Thumb Code     4  memseta.o(.text)
    __aeabi_memclr4                          0x00005483   Thumb Code     0  memseta.o(.text)
    __aeabi_memclr8                          0x00005483   Thumb Code     0  memseta.o(.text)
    _memset$wrapper                          0x00005487   Thumb Code    18  memseta.o(.text)
    strlen                                   0x00005499   Thumb Code    14  strlen.o(.text)
    memcmp                                   0x000054a7   Thumb Code    26  memcmp.o(.text)
    __aeabi_dadd                             0x000054c1   Thumb Code   322  dadd.o(.text)
    __aeabi_dsub                             0x00005603   Thumb Code     6  dadd.o(.text)
    __aeabi_drsub                            0x00005609   Thumb Code     6  dadd.o(.text)
    __aeabi_dmul                             0x0000560f   Thumb Code   228  dmul.o(.text)
    __aeabi_ddiv                             0x000056f3   Thumb Code   222  ddiv.o(.text)
    __aeabi_l2f                              0x000057d1   Thumb Code    44  ffltl.o(.text)
    __aeabi_i2d                              0x000057fd   Thumb Code    34  dflti.o(.text)
    __aeabi_f2lz                             0x0000581f   Thumb Code    66  ffixl.o(.text)
    __aeabi_d2iz                             0x00005861   Thumb Code    62  dfixi.o(.text)
    __aeabi_f2d                              0x0000589f   Thumb Code    38  f2d.o(.text)
    __aeabi_cdcmpeq                          0x000058c5   Thumb Code     0  cdcmple.o(.text)
    __aeabi_cdcmple                          0x000058c5   Thumb Code    48  cdcmple.o(.text)
    __aeabi_cdrcmple                         0x000058f5   Thumb Code    48  cdrcmple.o(.text)
    __aeabi_d2f                              0x00005925   Thumb Code    56  d2f.o(.text)
    __aeabi_uidiv                            0x0000595d   Thumb Code     0  uidiv.o(.text)
    __aeabi_uidivmod                         0x0000595d   Thumb Code    44  uidiv.o(.text)
    __aeabi_uldivmod                         0x00005989   Thumb Code    98  uldiv.o(.text)
    __aeabi_llsr                             0x000059eb   Thumb Code    32  llushr.o(.text)
    _ll_ushift_r                             0x000059eb   Thumb Code     0  llushr.o(.text)
    __I$use$fp                               0x00005a0b   Thumb Code     0  iusefp.o(.text)
    _float_round                             0x00005a0b   Thumb Code    18  fepilogue.o(.text)
    _float_epilogue                          0x00005a1d   Thumb Code    92  fepilogue.o(.text)
    _double_round                            0x00005a79   Thumb Code    30  depilogue.o(.text)
    _double_epilogue                         0x00005a97   Thumb Code   156  depilogue.o(.text)
    _dsqrt                                   0x00005b33   Thumb Code   162  dsqrt.o(.text)
    __aeabi_d2ulz                            0x00005bd5   Thumb Code    48  dfixul.o(.text)
    __scatterload                            0x00005c05   Thumb Code    28  init.o(.text)
    __scatterload_rt2                        0x00005c05   Thumb Code     0  init.o(.text)
    __aeabi_ui2d                             0x00005c29   Thumb Code    26  dfltui.o(.text)
    GPIOTE_IRQHandler                        0x00005c45   Thumb Code   430  nrf_drv_gpiote.o(i.GPIOTE_IRQHandler)
    POWER_CLOCK_IRQHandler                   0x00005e61   Thumb Code   180  nrf_drv_clock.o(i.POWER_CLOCK_IRQHandler)
    RTC1_IRQHandler                          0x00005f19   Thumb Code    32  app_timer_1.o(i.RTC1_IRQHandler)
    SPIM0_SPIS0_TWIM0_TWIS0_SPI0_TWI0_IRQHandler 0x00005f3d   Thumb Code     8  nrf_drv_twi.o(i.SPIM0_SPIS0_TWIM0_TWIS0_SPI0_TWI0_IRQHandler)
    SWI0_EGU0_IRQHandler                     0x00005f4d   Thumb Code     4  app_timer_1.o(i.SWI0_EGU0_IRQHandler)
    SystemInit                               0x00005f51   Thumb Code   432  system_nrf52840.o(i.SystemInit)
    UARTE0_UART0_IRQHandler                  0x00006139   Thumb Code    20  nrf_drv_uart.o(i.UARTE0_UART0_IRQHandler)
    _MLPrintLog                              0x00006155   Thumb Code   152  nrf_drv_inv_dmp.o(i._MLPrintLog)
    __0printf                                0x000061f9   Thumb Code    22  printfa.o(i.__0printf)
    __1printf                                0x000061f9   Thumb Code     0  printfa.o(i.__0printf)
    __2printf                                0x000061f9   Thumb Code     0  printfa.o(i.__0printf)
    __c89printf                              0x000061f9   Thumb Code     0  printfa.o(i.__0printf)
    printf                                   0x000061f9   Thumb Code     0  printfa.o(i.__0printf)
    __0snprintf                              0x00006219   Thumb Code    44  printfa.o(i.__0snprintf)
    __1snprintf                              0x00006219   Thumb Code     0  printfa.o(i.__0snprintf)
    __2snprintf                              0x00006219   Thumb Code     0  printfa.o(i.__0snprintf)
    __c89snprintf                            0x00006219   Thumb Code     0  printfa.o(i.__0snprintf)
    snprintf                                 0x00006219   Thumb Code     0  printfa.o(i.__0snprintf)
    __0vsprintf                              0x00006249   Thumb Code    30  printfa.o(i.__0vsprintf)
    __1vsprintf                              0x00006249   Thumb Code     0  printfa.o(i.__0vsprintf)
    __2vsprintf                              0x00006249   Thumb Code     0  printfa.o(i.__0vsprintf)
    __c89vsprintf                            0x00006249   Thumb Code     0  printfa.o(i.__0vsprintf)
    vsprintf                                 0x00006249   Thumb Code     0  printfa.o(i.__0vsprintf)
    __ARM_fpclassify                         0x0000626d   Thumb Code    48  fpclassify.o(i.__ARM_fpclassify)
    __ARM_fpclassifyf                        0x0000629d   Thumb Code    38  fpclassifyf.o(i.__ARM_fpclassifyf)
    __hardfp_acosf                           0x000062c5   Thumb Code   234  acosf.o(i.__hardfp_acosf)
    __hardfp_atan2f                          0x000063dd   Thumb Code   502  atan2f.o(i.__hardfp_atan2f)
    __hardfp_cos                             0x00006631   Thumb Code   180  cos.o(i.__hardfp_cos)
    __hardfp_cosf                            0x000066f9   Thumb Code   280  cosf.o(i.__hardfp_cosf)
    __hardfp_fabs                            0x00006849   Thumb Code    20  fabs.o(i.__hardfp_fabs)
    __hardfp_log                             0x00006861   Thumb Code   872  log.o(i.__hardfp_log)
    __hardfp_sinf                            0x00006c25   Thumb Code   344  sinf.o(i.__hardfp_sinf)
    __hardfp_sqrt                            0x00006db5   Thumb Code   122  sqrt.o(i.__hardfp_sqrt)
    __hardfp_sqrtf                           0x00006e2f   Thumb Code    58  sqrtf.o(i.__hardfp_sqrtf)
    __ieee754_rem_pio2                       0x00006e69   Thumb Code   938  rred.o(i.__ieee754_rem_pio2)
    __kernel_cos                             0x000072a1   Thumb Code   322  cos_i.o(i.__kernel_cos)
    __kernel_poly                            0x00007411   Thumb Code   248  poly.o(i.__kernel_poly)
    __kernel_sin                             0x00007509   Thumb Code   280  sin_i.o(i.__kernel_sin)
    __mathlib_dbl_divzero                    0x00007639   Thumb Code    28  dunder.o(i.__mathlib_dbl_divzero)
    __mathlib_dbl_infnan                     0x00007669   Thumb Code    20  dunder.o(i.__mathlib_dbl_infnan)
    __mathlib_dbl_invalid                    0x00007681   Thumb Code    24  dunder.o(i.__mathlib_dbl_invalid)
    __mathlib_dbl_underflow                  0x000076a1   Thumb Code    24  dunder.o(i.__mathlib_dbl_underflow)
    __mathlib_flt_infnan                     0x000076c1   Thumb Code     6  funder.o(i.__mathlib_flt_infnan)
    __mathlib_flt_infnan2                    0x000076c7   Thumb Code     6  funder.o(i.__mathlib_flt_infnan2)
    __mathlib_flt_invalid                    0x000076cd   Thumb Code    10  funder.o(i.__mathlib_flt_invalid)
    __mathlib_flt_underflow                  0x000076dd   Thumb Code    10  funder.o(i.__mathlib_flt_underflow)
    __mathlib_rredf2                         0x000076ed   Thumb Code   316  rredf.o(i.__mathlib_rredf2)
    __scatterload_copy                       0x00007871   Thumb Code    14  handlers.o(i.__scatterload_copy)
    __scatterload_null                       0x0000787f   Thumb Code     2  handlers.o(i.__scatterload_null)
    __scatterload_zeroinit                   0x00007881   Thumb Code    14  handlers.o(i.__scatterload_zeroinit)
    __set_errno                              0x00007891   Thumb Code     6  errno.o(i.__set_errno)
    app_error_fault_handler                  0x00008171   Thumb Code    54  app_error_weak.o(i.app_error_fault_handler)
    app_error_handler_bare                   0x000081dd   Thumb Code    22  app_error.o(i.app_error_handler_bare)
    app_fifo_get                             0x000081f3   Thumb Code    22  app_fifo.o(i.app_fifo_get)
    app_fifo_init                            0x00008209   Thumb Code    32  app_fifo.o(i.app_fifo_init)
    app_fifo_put                             0x00008229   Thumb Code    26  app_fifo.o(i.app_fifo_put)
    app_timer_cnt_get                        0x00008245   Thumb Code     6  app_timer_1.o(i.app_timer_cnt_get)
    app_timer_create                         0x00008251   Thumb Code    32  app_timer_1.o(i.app_timer_create)
    app_timer_init                           0x00008275   Thumb Code    70  app_timer_1.o(i.app_timer_init)
    app_timer_start                          0x000082c9   Thumb Code   120  app_timer_1.o(i.app_timer_start)
    app_uart_init                            0x00008349   Thumb Code   164  app_uart_fifo.o(i.app_uart_init)
    app_uart_put                             0x000083fd   Thumb Code    52  app_uart_fifo.o(i.app_uart_put)
    app_util_critical_region_enter           0x00008439   Thumb Code     4  app_util_platform.o(i.app_util_critical_region_enter)
    app_util_critical_region_exit            0x0000843d   Thumb Code     4  app_util_platform.o(i.app_util_critical_region_exit)
    app_util_disable_irq                     0x00008441   Thumb Code    12  app_util_platform.o(i.app_util_disable_irq)
    app_util_enable_irq                      0x00008451   Thumb Code    14  app_util_platform.o(i.app_util_enable_irq)
    bsp_board_led_off                        0x0000850d   Thumb Code    10  boards.o(i.bsp_board_led_off)
    bsp_board_leds_init                      0x0000851d   Thumb Code    38  boards.o(i.bsp_board_leds_init)
    bsp_board_leds_off                       0x00008549   Thumb Code    18  boards.o(i.bsp_board_leds_off)
    buffer_is_empty                          0x000085cd   Thumb Code    16  nrf_log_frontend.o(i.buffer_is_empty)
    dmp_enable_6x_lp_quat                    0x0000879d   Thumb Code    58  inv_mpu_dmp_motion_driver.o(i.dmp_enable_6x_lp_quat)
    dmp_enable_feature                       0x000087d9   Thumb Code   464  inv_mpu_dmp_motion_driver.o(i.dmp_enable_feature)
    dmp_enable_gyro_cal                      0x000089b1   Thumb Code    34  inv_mpu_dmp_motion_driver.o(i.dmp_enable_gyro_cal)
    dmp_enable_lp_quat                       0x000089ed   Thumb Code    58  inv_mpu_dmp_motion_driver.o(i.dmp_enable_lp_quat)
    dmp_load_motion_driver_firmware          0x00008a29   Thumb Code    16  inv_mpu_dmp_motion_driver.o(i.dmp_load_motion_driver_firmware)
    dmp_read_fifo                            0x00008a3d   Thumb Code   336  inv_mpu_dmp_motion_driver.o(i.dmp_read_fifo)
    dmp_set_fifo_rate                        0x00008bb9   Thumb Code    82  inv_mpu_dmp_motion_driver.o(i.dmp_set_fifo_rate)
    dmp_set_orientation                      0x00008c1d   Thumb Code   246  inv_mpu_dmp_motion_driver.o(i.dmp_set_orientation)
    dmp_set_shake_reject_thresh              0x00008d29   Thumb Code    48  inv_mpu_dmp_motion_driver.o(i.dmp_set_shake_reject_thresh)
    dmp_set_shake_reject_time                0x00008d59   Thumb Code    32  inv_mpu_dmp_motion_driver.o(i.dmp_set_shake_reject_time)
    dmp_set_shake_reject_timeout             0x00008d79   Thumb Code    32  inv_mpu_dmp_motion_driver.o(i.dmp_set_shake_reject_timeout)
    dmp_set_tap_axes                         0x00008d99   Thumb Code    64  inv_mpu_dmp_motion_driver.o(i.dmp_set_tap_axes)
    dmp_set_tap_count                        0x00008dd9   Thumb Code    34  inv_mpu_dmp_motion_driver.o(i.dmp_set_tap_count)
    dmp_set_tap_thresh                       0x00008dfd   Thumb Code   314  inv_mpu_dmp_motion_driver.o(i.dmp_set_tap_thresh)
    dmp_set_tap_time                         0x00008f5d   Thumb Code    32  inv_mpu_dmp_motion_driver.o(i.dmp_set_tap_time)
    dmp_set_tap_time_multi                   0x00008f7d   Thumb Code    32  inv_mpu_dmp_motion_driver.o(i.dmp_set_tap_time_multi)
    fabs                                     0x00008fdd   Thumb Code    24  fabs.o(i.fabs)
    fputc                                    0x0000901b   Thumb Code    14  retarget.o(i.fputc)
    free                                     0x00009029   Thumb Code    76  malloc.o(i.free)
    i2c_write_porting                        0x00009099   Thumb Code   102  nrf_drv_mpu_twi.o(i.i2c_write_porting)
    inv_apply_calibration                    0x00009191   Thumb Code   106  data_builder.o(i.inv_apply_calibration)
    inv_build_accel                          0x000091fd   Thumb Code    96  data_builder.o(i.inv_build_accel)
    inv_build_compass                        0x00009265   Thumb Code   124  data_builder.o(i.inv_build_compass)
    inv_build_gyro                           0x000092e9   Thumb Code    42  data_builder.o(i.inv_build_gyro)
    inv_build_quat                           0x00009319   Thumb Code    40  data_builder.o(i.inv_build_quat)
    inv_compass_angle                        0x00009345   Thumb Code   162  ml_math_func.o(i.inv_compass_angle)
    inv_convert_to_body_with_scale           0x000093f1   Thumb Code    92  ml_math_func.o(i.inv_convert_to_body_with_scale)
    inv_enable_eMPL_outputs                  0x0000949d   Thumb Code    20  empl_outputs.o(i.inv_enable_eMPL_outputs)
    inv_enable_results_holder                0x000094b9   Thumb Code    22  results_holder.o(i.inv_enable_results_holder)
    inv_execute_mpl_start_notification       0x000094d5   Thumb Code    38  start_manager.o(i.inv_execute_mpl_start_notification)
    inv_execute_on_data                      0x00009501   Thumb Code   120  data_builder.o(i.inv_execute_on_data)
    inv_generate_results                     0x00009625   Thumb Code    10  results_holder.o(i.inv_generate_results)
    inv_get_6axis_quaternion                 0x00009635   Thumb Code    14  results_holder.o(i.inv_get_6axis_quaternion)
    inv_get_acc_state                        0x00009649   Thumb Code     6  results_holder.o(i.inv_get_acc_state)
    inv_get_accel_accuracy                   0x00009655   Thumb Code     6  data_builder.o(i.inv_get_accel_accuracy)
    inv_get_accel_on                         0x00009661   Thumb Code    12  data_builder.o(i.inv_get_accel_on)
    inv_get_accel_set                        0x00009671   Thumb Code    34  data_builder.o(i.inv_get_accel_set)
    inv_get_compass_bias                     0x00009699   Thumb Code    14  data_builder.o(i.inv_get_compass_bias)
    inv_get_compass_correction               0x000096ad   Thumb Code    20  results_holder.o(i.inv_get_compass_correction)
    inv_get_compass_on                       0x000096c5   Thumb Code    12  data_builder.o(i.inv_get_compass_on)
    inv_get_compass_soft_iron_output_data    0x000096d5   Thumb Code    24  data_builder.o(i.inv_get_compass_soft_iron_output_data)
    inv_get_compass_state                    0x000096f1   Thumb Code     6  results_holder.o(i.inv_get_compass_state)
    inv_get_gravity                          0x000096fd   Thumb Code    80  results_holder.o(i.inv_get_gravity)
    inv_get_gyro                             0x00009751   Thumb Code    10  data_builder.o(i.inv_get_gyro)
    inv_get_gyro_accuracy                    0x00009761   Thumb Code     6  data_builder.o(i.inv_get_gyro_accuracy)
    inv_get_gyro_bias                        0x0000976d   Thumb Code    26  data_builder.o(i.inv_get_gyro_bias)
    inv_get_gyro_on                          0x00009791   Thumb Code    10  data_builder.o(i.inv_get_gyro_on)
    inv_get_gyro_sum_of_sqr                  0x000097a1   Thumb Code    26  ml_math_func.o(i.inv_get_gyro_sum_of_sqr)
    inv_get_large_mag_field                  0x000097bd   Thumb Code     6  results_holder.o(i.inv_get_large_mag_field)
    inv_get_last_timestamp                   0x000097c9   Thumb Code    66  data_builder.o(i.inv_get_last_timestamp)
    inv_get_linear_accel                     0x00009811   Thumb Code    58  results_holder.o(i.inv_get_linear_accel)
    inv_get_linear_accel_float               0x0000984d   Thumb Code    64  results_holder.o(i.inv_get_linear_accel_float)
    inv_get_local_field                      0x00009891   Thumb Code    10  results_holder.o(i.inv_get_local_field)
    inv_get_mag_accuracy                     0x000098a1   Thumb Code    20  data_builder.o(i.inv_get_mag_accuracy)
    inv_get_quaternion                       0x000098bd   Thumb Code    48  results_holder.o(i.inv_get_quaternion)
    inv_get_quaternion_set                   0x000098f1   Thumb Code    56  results_holder.o(i.inv_get_quaternion_set)
    inv_get_sensor_type_euler                0x00009929   Thumb Code   408  empl_outputs.o(i.inv_get_sensor_type_euler)
    inv_get_sensor_type_gravity              0x00009ae5   Thumb Code    88  hal_outputs.o(i.inv_get_sensor_type_gravity)
    inv_get_sensor_type_quat                 0x00009b45   Thumb Code    24  empl_outputs.o(i.inv_get_sensor_type_quat)
    inv_got_compass_bias                     0x00009b61   Thumb Code     6  results_holder.o(i.inv_got_compass_bias)
    inv_init_data_builder                    0x00009b6d   Thumb Code    44  data_builder.o(i.inv_init_data_builder)
    inv_init_mpl                             0x00009ba9   Thumb Code    94  mpl.o(i.inv_init_mpl)
    inv_init_results_holder                  0x00009c31   Thumb Code    40  results_holder.o(i.inv_init_results_holder)
    inv_init_start_manager                   0x00009c61   Thumb Code    14  start_manager.o(i.inv_init_start_manager)
    inv_init_storage_manager                 0x00009c75   Thumb Code    20  storage_manager.o(i.inv_init_storage_manager)
    inv_orientation_matrix_to_scalar         0x00009c8d   Thumb Code    34  ml_math_func.o(i.inv_orientation_matrix_to_scalar)
    inv_q29_mult                             0x00009caf   Thumb Code    12  ml_math_func.o(i.inv_q29_mult)
    inv_q30_mult                             0x00009cbb   Thumb Code    12  ml_math_func.o(i.inv_q30_mult)
    inv_q_add                                0x00009cc7   Thumb Code    36  ml_math_func.o(i.inv_q_add)
    inv_q_addf                               0x00009ceb   Thumb Code    66  ml_math_func.o(i.inv_q_addf)
    inv_q_invert                             0x00009d2d   Thumb Code    24  ml_math_func.o(i.inv_q_invert)
    inv_q_invertf                            0x00009d45   Thumb Code    46  ml_math_func.o(i.inv_q_invertf)
    inv_q_mult                               0x00009d73   Thumb Code   176  ml_math_func.o(i.inv_q_mult)
    inv_q_multf                              0x00009e23   Thumb Code   210  ml_math_func.o(i.inv_q_multf)
    inv_q_norm4                              0x00009ef5   Thumb Code   126  ml_math_func.o(i.inv_q_norm4)
    inv_q_normalizef                         0x00009f79   Thumb Code   170  ml_math_func.o(i.inv_q_normalizef)
    inv_q_rotate                             0x0000a029   Thumb Code    62  ml_math_func.o(i.inv_q_rotate)
    inv_quaternion_to_rotation               0x0000a067   Thumb Code   218  ml_math_func.o(i.inv_quaternion_to_rotation)
    inv_register_data_cb                     0x0000a141   Thumb Code   150  data_builder.o(i.inv_register_data_cb)
    inv_register_load_store                  0x0000a1e5   Thumb Code   102  storage_manager.o(i.inv_register_load_store)
    inv_register_mpl_start_notification      0x0000a251   Thumb Code    28  start_manager.o(i.inv_register_mpl_start_notification)
    inv_reset_compass_soft_iron_matrix       0x0000a271   Thumb Code    70  data_builder.o(i.inv_reset_compass_soft_iron_matrix)
    inv_set_accel_accuracy                   0x0000a30d   Thumb Code    22  data_builder.o(i.inv_set_accel_accuracy)
    inv_set_accel_bias_found                 0x0000a329   Thumb Code     6  results_holder.o(i.inv_set_accel_bias_found)
    inv_set_accel_bias_mask                  0x0000a335   Thumb Code    72  data_builder.o(i.inv_set_accel_bias_mask)
    inv_set_accel_orientation_and_scale      0x0000a385   Thumb Code     8  data_builder.o(i.inv_set_accel_orientation_and_scale)
    inv_set_accel_sample_rate                0x0000a391   Thumb Code    34  data_builder.o(i.inv_set_accel_sample_rate)
    inv_set_compass_bias                     0x0000a3bd   Thumb Code    68  data_builder.o(i.inv_set_compass_bias)
    inv_set_compass_bias_error               0x0000a405   Thumb Code    10  results_holder.o(i.inv_set_compass_bias_error)
    inv_set_compass_bias_found               0x0000a415   Thumb Code     6  results_holder.o(i.inv_set_compass_bias_found)
    inv_set_compass_correction               0x0000a421   Thumb Code    28  results_holder.o(i.inv_set_compass_correction)
    inv_set_compass_disturbance              0x0000a441   Thumb Code     8  data_builder.o(i.inv_set_compass_disturbance)
    inv_set_compass_orientation_and_scale    0x0000a44d   Thumb Code    12  data_builder.o(i.inv_set_compass_orientation_and_scale)
    inv_set_compass_sample_rate              0x0000a45d   Thumb Code    34  data_builder.o(i.inv_set_compass_sample_rate)
    inv_set_compass_soft_iron_input_data     0x0000a489   Thumb Code    72  data_builder.o(i.inv_set_compass_soft_iron_input_data)
    inv_set_compass_state                    0x0000a4d9   Thumb Code     6  results_holder.o(i.inv_set_compass_state)
    inv_set_gyro_bias                        0x0000a565   Thumb Code    88  data_builder.o(i.inv_set_gyro_bias)
    inv_set_gyro_orientation_and_scale       0x0000a5c1   Thumb Code     8  data_builder.o(i.inv_set_gyro_orientation_and_scale)
    inv_set_gyro_sample_rate                 0x0000a5cd   Thumb Code    30  data_builder.o(i.inv_set_gyro_sample_rate)
    inv_set_message                          0x0000a5f5   Thumb Code    16  message_layer.o(i.inv_set_message)
    inv_set_motion_state                     0x0000a609   Thumb Code    48  results_holder.o(i.inv_set_motion_state)
    inv_set_quat_sample_rate                 0x0000a63d   Thumb Code    20  data_builder.o(i.inv_set_quat_sample_rate)
    inv_start_mpl                            0x0000a665   Thumb Code    34  mpl.o(i.inv_start_mpl)
    inv_start_results_holder                 0x0000a6b1   Thumb Code    18  results_holder.o(i.inv_start_results_holder)
    inv_store_gaming_quaternion              0x0000a6c9   Thumb Code    28  results_holder.o(i.inv_store_gaming_quaternion)
    inv_unregister_data_cb                   0x0000a6e9   Thumb Code    72  data_builder.o(i.inv_unregister_data_cb)
    inv_unregister_mpl_start_notification    0x0000a735   Thumb Code    68  start_manager.o(i.inv_unregister_mpl_start_notification)
    magn_setup                               0x0000a9d9   Thumb Code    36  main.o(i.magn_setup)
    main                                     0x0000a9fd   Thumb Code   988  main.o(i.main)
    malloc                                   0x0000b0d1   Thumb Code    92  malloc.o(i.malloc)
    millis                                   0x0000b13d   Thumb Code    30  nrf_drv_inv_dmp.o(i.millis)
    mlMatrixVectorMult                       0x0000b15b   Thumb Code    50  ml_math_func.o(i.mlMatrixVectorMult)
    mpu_config                               0x0000b18d   Thumb Code    10  app_mpu.o(i.mpu_config)
    mpu_configure_fifo                       0x0000b199   Thumb Code    78  inv_mpu.o(i.mpu_configure_fifo)
    mpu_get_accel_fsr                        0x0000b1ed   Thumb Code    54  inv_mpu.o(i.mpu_get_accel_fsr)
    mpu_get_compass_fsr                      0x0000b229   Thumb Code    12  inv_mpu.o(i.mpu_get_compass_fsr)
    mpu_get_compass_reg                      0x0000b239   Thumb Code   148  inv_mpu.o(i.mpu_get_compass_reg)
    mpu_get_gyro_fsr                         0x0000b2ed   Thumb Code    48  inv_mpu.o(i.mpu_get_gyro_fsr)
    mpu_get_sample_rate                      0x0000b321   Thumb Code    22  inv_mpu.o(i.mpu_get_sample_rate)
    mpu_init                                 0x0000b33d   Thumb Code    36  app_mpu.o(i.mpu_init)
    mpu_init_inv                             0x0000b361   Thumb Code   212  inv_mpu.o(i.mpu_init_inv)
    mpu_int_cfg_pin                          0x0000b439   Thumb Code     8  app_mpu.o(i.mpu_int_cfg_pin)
    mpu_load_firmware                        0x0000b441   Thumb Code   186  inv_mpu.o(i.mpu_load_firmware)
    mpu_lp_accel_mode                        0x0000b529   Thumb Code   232  inv_mpu.o(i.mpu_lp_accel_mode)
    mpu_magnetometer_init                    0x0000b615   Thumb Code    46  app_mpu.o(i.mpu_magnetometer_init)
    mpu_read_fifo_stream                     0x0000b645   Thumb Code   174  inv_mpu.o(i.mpu_read_fifo_stream)
    mpu_read_mem                             0x0000b719   Thumb Code    80  inv_mpu.o(i.mpu_read_mem)
    mpu_reset_fifo                           0x0000b76d   Thumb Code   346  inv_mpu.o(i.mpu_reset_fifo)
    mpu_set_accel_fsr                        0x0000b8cd   Thumb Code    98  inv_mpu.o(i.mpu_set_accel_fsr)
    mpu_set_bypass                           0x0000b935   Thumb Code   214  inv_mpu.o(i.mpu_set_bypass)
    mpu_set_compass_sample_rate              0x0000ba11   Thumb Code    76  inv_mpu.o(i.mpu_set_compass_sample_rate)
    mpu_set_dmp_state                        0x0000ba61   Thumb Code   114  inv_mpu.o(i.mpu_set_dmp_state)
    mpu_set_gyro_fsr                         0x0000bad9   Thumb Code   104  inv_mpu.o(i.mpu_set_gyro_fsr)
    mpu_set_int_latched                      0x0000bb45   Thumb Code    94  inv_mpu.o(i.mpu_set_int_latched)
    mpu_set_lpf                              0x0000bba9   Thumb Code   132  inv_mpu.o(i.mpu_set_lpf)
    mpu_set_sample_rate                      0x0000bc31   Thumb Code   138  inv_mpu.o(i.mpu_set_sample_rate)
    mpu_set_sensors                          0x0000bcc1   Thumb Code   304  inv_mpu.o(i.mpu_set_sensors)
    mpu_setup                                0x0000bdf5   Thumb Code    84  main.o(i.mpu_setup)
    mpu_twi_read_test                        0x0000be7d   Thumb Code   118  nrf_drv_mpu_twi.o(i.mpu_twi_read_test)
    mpu_write_mem                            0x0000bf35   Thumb Code   102  inv_mpu.o(i.mpu_write_mem)
    nrf_drv_clock_hfclk_release              0x0000c229   Thumb Code    34  nrf_drv_clock.o(i.nrf_drv_clock_hfclk_release)
    nrf_drv_clock_hfclk_request              0x0000c251   Thumb Code    82  nrf_drv_clock.o(i.nrf_drv_clock_hfclk_request)
    nrf_drv_clock_init                       0x0000c2a9   Thumb Code    66  nrf_drv_clock.o(i.nrf_drv_clock_init)
    nrf_drv_clock_lfclk_request              0x0000c2f5   Thumb Code    86  nrf_drv_clock.o(i.nrf_drv_clock_lfclk_request)
    nrf_drv_common_irq_enable                0x0000c36b   Thumb Code    56  nrf_drv_common.o(i.nrf_drv_common_irq_enable)
    nrf_drv_gpiote_in_event_enable           0x0000c3a9   Thumb Code   144  nrf_drv_gpiote.o(i.nrf_drv_gpiote_in_event_enable)
    nrf_drv_gpiote_in_init                   0x0000c441   Thumb Code   196  nrf_drv_gpiote.o(i.nrf_drv_gpiote_in_init)
    nrf_drv_gpiote_init                      0x0000c541   Thumb Code   118  nrf_drv_gpiote.o(i.nrf_drv_gpiote_init)
    nrf_drv_mpu_init                         0x0000c641   Thumb Code    42  nrf_drv_mpu_twi.o(i.nrf_drv_mpu_init)
    nrf_drv_mpu_read_registers               0x0000c675   Thumb Code    98  nrf_drv_mpu_twi.o(i.nrf_drv_mpu_read_registers)
    nrf_drv_mpu_write_magnetometer_register  0x0000c709   Thumb Code    54  nrf_drv_mpu_twi.o(i.nrf_drv_mpu_write_magnetometer_register)
    nrf_drv_mpu_write_registers              0x0000c749   Thumb Code    72  nrf_drv_mpu_twi.o(i.nrf_drv_mpu_write_registers)
    nrf_drv_mpu_write_single_register        0x0000c79d   Thumb Code    54  nrf_drv_mpu_twi.o(i.nrf_drv_mpu_write_single_register)
    nrf_drv_twi_enable                       0x0000c7dd   Thumb Code    28  nrf_drv_twi.o(i.nrf_drv_twi_enable)
    nrf_drv_twi_init                         0x0000c7fd   Thumb Code   134  nrf_drv_twi.o(i.nrf_drv_twi_init)
    nrf_drv_twi_rx                           0x0000c889   Thumb Code    32  nrf_drv_twi.o(i.nrf_drv_twi_rx)
    nrf_drv_twi_tx                           0x0000c8ad   Thumb Code    36  nrf_drv_twi.o(i.nrf_drv_twi_tx)
    nrf_drv_twi_xfer                         0x0000c8d1   Thumb Code    30  nrf_drv_twi.o(i.nrf_drv_twi_xfer)
    nrf_drv_uart_init                        0x0000c8f5   Thumb Code    98  nrf_drv_uart.o(i.nrf_drv_uart_init)
    nrf_drv_uart_rx                          0x0000c95d   Thumb Code   170  nrf_drv_uart.o(i.nrf_drv_uart_rx)
    nrf_drv_uart_rx_enable                   0x0000ca0d   Thumb Code    42  nrf_drv_uart.o(i.nrf_drv_uart_rx_enable)
    nrf_drv_uart_tx                          0x0000cb95   Thumb Code   262  nrf_drv_uart.o(i.nrf_drv_uart_tx)
    nrf_drv_uart_tx_in_progress              0x0000cca1   Thumb Code    18  nrf_drv_uart.o(i.nrf_drv_uart_tx_in_progress)
    nrf_drv_uart_uninit                      0x0000ccb9   Thumb Code    74  nrf_drv_uart.o(i.nrf_drv_uart_uninit)
    nrf_log_backend_hexdump_handler_get      0x0000cf45   Thumb Code     4  nrf_log_backend_serial.o(i.nrf_log_backend_hexdump_handler_get)
    nrf_log_backend_init                     0x0000cf4d   Thumb Code   100  nrf_log_backend_serial.o(i.nrf_log_backend_init)
    nrf_log_backend_std_handler_get          0x0000d201   Thumb Code     4  nrf_log_backend_serial.o(i.nrf_log_backend_std_handler_get)
    nrf_log_blocking_backend_set             0x0000d209   Thumb Code     6  nrf_log_frontend.o(i.nrf_log_blocking_backend_set)
    nrf_log_frontend_dequeue                 0x0000d211   Thumb Code   298  nrf_log_frontend.o(i.nrf_log_frontend_dequeue)
    nrf_log_frontend_init                    0x0000d341   Thumb Code    16  nrf_log_frontend.o(i.nrf_log_frontend_init)
    nrf_log_frontend_std_0                   0x0000d355   Thumb Code    68  nrf_log_frontend.o(i.nrf_log_frontend_std_0)
    nrf_log_frontend_std_1                   0x0000d3a1   Thumb Code    80  nrf_log_frontend.o(i.nrf_log_frontend_std_1)
    nrf_log_frontend_std_2                   0x0000d3f9   Thumb Code    96  nrf_log_frontend.o(i.nrf_log_frontend_std_2)
    nrf_log_frontend_std_3                   0x0000d461   Thumb Code   114  nrf_log_frontend.o(i.nrf_log_frontend_std_3)
    nrf_log_frontend_std_4                   0x0000d4dd   Thumb Code   128  nrf_log_frontend.o(i.nrf_log_frontend_std_4)
    nrf_log_handlers_set                     0x0000d565   Thumb Code    10  nrf_log_frontend.o(i.nrf_log_handlers_set)
    nrf_log_init                             0x0000d575   Thumb Code    36  nrf_log_frontend.o(i.nrf_log_init)
    nrf_log_push                             0x0000d599   Thumb Code    90  nrf_log_frontend.o(i.nrf_log_push)
    nrf_strerror_find                        0x0000d5f9   Thumb Code    52  nrf_strerror.o(i.nrf_strerror_find)
    nrf_strerror_get                         0x0000d631   Thumb Code    14  nrf_strerror.o(i.nrf_strerror_get)
    sqrtf                                    0x0000db01   Thumb Code    62  sqrtf.o(i.sqrtf)
    uart_config                              0x0000e025   Thumb Code    62  main.o(i.uart_config)
    uart_error_handle                        0x0000e075   Thumb Code    18  main.o(i.uart_error_handle)
    ml_ver                                   0x0000e57c   Data          20  mpl.o(.constdata)
    reg                                      0x0000f1a1   Data          42  inv_mpu.o(.constdata)
    hw                                       0x0000f1cc   Data          14  inv_mpu.o(.constdata)
    test                                     0x0000f1dc   Data          48  inv_mpu.o(.constdata)
    __ctype_table                            0x0000f248   Data         129  ctype_o.o(.constdata)
    __mathlib_zero                           0x0000f300   Data           8  qnan.o(.constdata)
    Region$$Table$$Base                      0x0000f77c   Number         0  anon$$obj.o(Region$$Table)
    Region$$Table$$Limit                     0x0000f79c   Number         0  anon$$obj.o(Region$$Table)
    mpl_key                                  0x20000000   Data           4  main.o(.data)
    __stdout                                 0x20000040   Data           4  retarget.o(.data)
    SystemCoreClock                          0x20000090   Data           4  system_nrf52840.o(.data)
    __microlib_freelist                      0x200000a4   Data           4  mvars.o(.data)
    __microlib_freelist_initialised          0x200000a8   Data           4  mvars.o(.data)
    twi_tx_buffer                            0x2000061c   Data          16  nrf_drv_mpu_twi.o(.bss)
    cb                                       0x200012b0   Data         232  compass_vec_cal.o(.bss)
    cb_test                                  0x20001398   Data         232  compass_vec_cal.o(.bss)
    cb_sim                                   0x20001480   Data         232  compass_vec_cal.o(.bss)
    vc                                       0x20001568   Data         424  compass_vec_cal.o(.bss)
    fnm                                      0x20001710   Data         608  fast_no_motion.o(.bss)
    s9axis                                   0x200019b0   Data         312  fusion_9axis.o(.bss)
    mag_disturb                              0x20001ae8   Data         184  mag_disturb.o(.bss)
    __heap_base                              0x200020c8   Data           0  arm_startup_nrf52840.o(HEAP)
    __heap_limit                             0x200040c8   Data           0  arm_startup_nrf52840.o(HEAP)
    __initial_sp                             0x200060c8   Data           0  arm_startup_nrf52840.o(STACK)



==============================================================================

Memory Map of the image

  Image Entry point : 0x00000201

  Load Region LR_IROM1 (Base: 0x00000000, Size: 0x0000f84c, Max: 0x00100000, ABSOLUTE)

    Execution Region ER_IROM1 (Base: 0x00000000, Size: 0x0000f79c, Max: 0x00100000, ABSOLUTE)

    Base Addr    Size         Type   Attr      Idx    E Section Name        Object

    0x00000000   0x00000200   Data   RO         4424    RESET               arm_startup_nrf52840.o
    0x00000200   0x00000000   Code   RO         4887  * .ARM.Collect$$$$00000000  mc_w.l(entry.o)
    0x00000200   0x00000004   Code   RO         5303    .ARM.Collect$$$$00000001  mc_w.l(entry2.o)
    0x00000204   0x00000004   Code   RO         5306    .ARM.Collect$$$$00000004  mc_w.l(entry5.o)
    0x00000208   0x00000000   Code   RO         5308    .ARM.Collect$$$$00000008  mc_w.l(entry7b.o)
    0x00000208   0x00000000   Code   RO         5310    .ARM.Collect$$$$0000000A  mc_w.l(entry8b.o)
    0x00000208   0x00000008   Code   RO         5311    .ARM.Collect$$$$0000000B  mc_w.l(entry9a.o)
    0x00000210   0x00000000   Code   RO         5313    .ARM.Collect$$$$0000000D  mc_w.l(entry10a.o)
    0x00000210   0x00000000   Code   RO         5315    .ARM.Collect$$$$0000000F  mc_w.l(entry11a.o)
    0x00000210   0x00000004   Code   RO         5304    .ARM.Collect$$$$00002712  mc_w.l(entry2.o)
    0x00000214   0x00000024   Code   RO         4425    .text               arm_startup_nrf52840.o
    0x00000238   0x000024f0   Code   RO         4465    .text               libmpllib.lib(compass_vec_cal.o)
    0x00002728   0x00000a18   Code   RO         4555    .text               libmpllib.lib(fast_no_motion.o)
    0x00003140   0x000006b0   Code   RO         4588    .text               libmpllib.lib(fusion_9axis.o)
    0x000037f0   0x000005c0   Code   RO         4610    .text               libmpllib.lib(mag_disturb.o)
    0x00003db0   0x00000994   Code   RO         4632    .text               libmpllib.lib(quaternion_supervisor.o)
    0x00004744   0x00000c44   Code   RO         4650    .text               libmpllib.lib(accel_auto_cal.o)
    0x00005388   0x00000062   Code   RO         4890    .text               mc_w.l(ldiv.o)
    0x000053ea   0x0000001e   Code   RO         4892    .text               mc_w.l(llshl.o)
    0x00005408   0x00000024   Code   RO         4894    .text               mc_w.l(llsshr.o)
    0x0000542c   0x00000008   Code   RO         4896    .text               mc_w.l(ctype_o.o)
    0x00005434   0x00000040   Code   RO         4926    .text               mc_w.l(memmovea.o)
    0x00005474   0x00000024   Code   RO         4928    .text               mc_w.l(memseta.o)
    0x00005498   0x0000000e   Code   RO         4930    .text               mc_w.l(strlen.o)
    0x000054a6   0x0000001a   Code   RO         4932    .text               mc_w.l(memcmp.o)
    0x000054c0   0x0000014e   Code   RO         5229    .text               mf_w.l(dadd.o)
    0x0000560e   0x000000e4   Code   RO         5231    .text               mf_w.l(dmul.o)
    0x000056f2   0x000000de   Code   RO         5233    .text               mf_w.l(ddiv.o)
    0x000057d0   0x0000002c   Code   RO         5235    .text               mf_w.l(ffltl.o)
    0x000057fc   0x00000022   Code   RO         5237    .text               mf_w.l(dflti.o)
    0x0000581e   0x00000042   Code   RO         5239    .text               mf_w.l(ffixl.o)
    0x00005860   0x0000003e   Code   RO         5241    .text               mf_w.l(dfixi.o)
    0x0000589e   0x00000026   Code   RO         5243    .text               mf_w.l(f2d.o)
    0x000058c4   0x00000030   Code   RO         5245    .text               mf_w.l(cdcmple.o)
    0x000058f4   0x00000030   Code   RO         5247    .text               mf_w.l(cdrcmple.o)
    0x00005924   0x00000038   Code   RO         5249    .text               mf_w.l(d2f.o)
    0x0000595c   0x0000002c   Code   RO         5317    .text               mc_w.l(uidiv.o)
    0x00005988   0x00000062   Code   RO         5319    .text               mc_w.l(uldiv.o)
    0x000059ea   0x00000020   Code   RO         5321    .text               mc_w.l(llushr.o)
    0x00005a0a   0x00000000   Code   RO         5332    .text               mc_w.l(iusefp.o)
    0x00005a0a   0x0000006e   Code   RO         5333    .text               mf_w.l(fepilogue.o)
    0x00005a78   0x000000ba   Code   RO         5335    .text               mf_w.l(depilogue.o)
    0x00005b32   0x000000a2   Code   RO         5341    .text               mf_w.l(dsqrt.o)
    0x00005bd4   0x00000030   Code   RO         5343    .text               mf_w.l(dfixul.o)
    0x00005c04   0x00000024   Code   RO         5345    .text               mc_w.l(init.o)
    0x00005c28   0x0000001a   Code   RO         5347    .text               mf_w.l(dfltui.o)
    0x00005c42   0x00000002   PAD
    0x00005c44   0x000001b8   Code   RO         1342    i.GPIOTE_IRQHandler  nrf_drv_gpiote.o
    0x00005dfc   0x00000016   Code   RO         1605    i.NVIC_ClearPendingIRQ  app_timer_1.o
    0x00005e12   0x00000016   Code   RO         1606    i.NVIC_EnableIRQ    app_timer_1.o
    0x00005e28   0x00000016   Code   RO         1607    i.NVIC_SetPendingIRQ  app_timer_1.o
    0x00005e3e   0x00000020   Code   RO         1608    i.NVIC_SetPriority  app_timer_1.o
    0x00005e5e   0x00000002   PAD
    0x00005e60   0x000000b8   Code   RO          903    i.POWER_CLOCK_IRQHandler  nrf_drv_clock.o
    0x00005f18   0x00000024   Code   RO         1609    i.RTC1_IRQHandler   app_timer_1.o
    0x00005f3c   0x00000010   Code   RO          317    i.SPIM0_SPIS0_TWIM0_TWIS0_SPI0_TWI0_IRQHandler  nrf_drv_twi.o
    0x00005f4c   0x00000004   Code   RO         1610    i.SWI0_EGU0_IRQHandler  app_timer_1.o
    0x00005f50   0x000001e8   Code   RO         4433    i.SystemInit        system_nrf52840.o
    0x00006138   0x0000001c   Code   RO         1101    i.UARTE0_UART0_IRQHandler  nrf_drv_uart.o
    0x00006154   0x000000a4   Code   RO          737    i._MLPrintLog       nrf_drv_inv_dmp.o
    0x000061f8   0x00000020   Code   RO         5173    i.__0printf         mc_w.l(printfa.o)
    0x00006218   0x00000030   Code   RO         5174    i.__0snprintf       mc_w.l(printfa.o)
    0x00006248   0x00000024   Code   RO         5179    i.__0vsprintf       mc_w.l(printfa.o)
    0x0000626c   0x00000030   Code   RO         5268    i.__ARM_fpclassify  m_wm.l(fpclassify.o)
    0x0000629c   0x00000026   Code   RO         5270    i.__ARM_fpclassifyf  m_wm.l(fpclassifyf.o)
    0x000062c2   0x00000002   PAD
    0x000062c4   0x00000118   Code   RO         4693    i.__hardfp_acosf    m_wm.l(acosf.o)
    0x000063dc   0x00000250   Code   RO         4757    i.__hardfp_atan2f   m_wm.l(atan2f.o)
    0x0000662c   0x00000004   PAD
    0x00006630   0x000000c8   Code   RO         4775    i.__hardfp_cos      m_wm.l(cos.o)
    0x000066f8   0x00000150   Code   RO         4787    i.__hardfp_cosf     m_wm.l(cosf.o)
    0x00006848   0x00000014   Code   RO         4799    i.__hardfp_fabs     m_wm.l(fabs.o)
    0x0000685c   0x00000004   PAD
    0x00006860   0x000003c4   Code   RO         4811    i.__hardfp_log      m_wm.l(log.o)
    0x00006c24   0x00000190   Code   RO         4851    i.__hardfp_sinf     m_wm.l(sinf.o)
    0x00006db4   0x0000007a   Code   RO         4863    i.__hardfp_sqrt     m_wm.l(sqrt.o)
    0x00006e2e   0x0000003a   Code   RO         4875    i.__hardfp_sqrtf    m_wm.l(sqrtf.o)
    0x00006e68   0x00000438   Code   RO         5289    i.__ieee754_rem_pio2  m_wm.l(rred.o)
    0x000072a0   0x00000170   Code   RO         5251    i.__kernel_cos      m_wm.l(cos_i.o)
    0x00007410   0x000000f8   Code   RO         5286    i.__kernel_poly     m_wm.l(poly.o)
    0x00007508   0x00000130   Code   RO         5297    i.__kernel_sin      m_wm.l(sin_i.o)
    0x00007638   0x00000030   Code   RO         5254    i.__mathlib_dbl_divzero  m_wm.l(dunder.o)
    0x00007668   0x00000014   Code   RO         5255    i.__mathlib_dbl_infnan  m_wm.l(dunder.o)
    0x0000767c   0x00000004   PAD
    0x00007680   0x00000020   Code   RO         5257    i.__mathlib_dbl_invalid  m_wm.l(dunder.o)
    0x000076a0   0x00000020   Code   RO         5260    i.__mathlib_dbl_underflow  m_wm.l(dunder.o)
    0x000076c0   0x00000006   Code   RO         5273    i.__mathlib_flt_infnan  m_wm.l(funder.o)
    0x000076c6   0x00000006   Code   RO         5274    i.__mathlib_flt_infnan2  m_wm.l(funder.o)
    0x000076cc   0x00000010   Code   RO         5275    i.__mathlib_flt_invalid  m_wm.l(funder.o)
    0x000076dc   0x00000010   Code   RO         5278    i.__mathlib_flt_underflow  m_wm.l(funder.o)
    0x000076ec   0x00000154   Code   RO         5294    i.__mathlib_rredf2  m_wm.l(rredf.o)
    0x00007840   0x00000030   Code   RO         3475    i.__print_result_location  mpl.o
    0x00007870   0x0000000e   Code   RO         5351    i.__scatterload_copy  mc_w.l(handlers.o)
    0x0000787e   0x00000002   Code   RO         5352    i.__scatterload_null  mc_w.l(handlers.o)
    0x00007880   0x0000000e   Code   RO         5353    i.__scatterload_zeroinit  mc_w.l(handlers.o)
    0x0000788e   0x00000002   PAD
    0x00007890   0x0000000c   Code   RO         5327    i.__set_errno       mc_w.l(errno.o)
    0x0000789c   0x00000184   Code   RO         5180    i._fp_digits        mc_w.l(printfa.o)
    0x00007a20   0x000006dc   Code   RO         5181    i._printf_core      mc_w.l(printfa.o)
    0x000080fc   0x00000024   Code   RO         5182    i._printf_post_padding  mc_w.l(printfa.o)
    0x00008120   0x0000002e   Code   RO         5183    i._printf_pre_padding  mc_w.l(printfa.o)
    0x0000814e   0x00000016   Code   RO         5184    i._snputc           mc_w.l(printfa.o)
    0x00008164   0x0000000a   Code   RO         5185    i._sputc            mc_w.l(printfa.o)
    0x0000816e   0x00000002   PAD
    0x00008170   0x0000006c   Code   RO         1814    i.app_error_fault_handler  app_error_weak.o
    0x000081dc   0x00000016   Code   RO         1775    i.app_error_handler_bare  app_error.o
    0x000081f2   0x00000016   Code   RO         1843    i.app_fifo_get      app_fifo.o
    0x00008208   0x00000020   Code   RO         1844    i.app_fifo_init     app_fifo.o
    0x00008228   0x0000001a   Code   RO         1846    i.app_fifo_put      app_fifo.o
    0x00008242   0x00000002   PAD
    0x00008244   0x0000000c   Code   RO         1612    i.app_timer_cnt_get  app_timer_1.o
    0x00008250   0x00000024   Code   RO         1613    i.app_timer_create  app_timer_1.o
    0x00008274   0x00000054   Code   RO         1614    i.app_timer_init    app_timer_1.o
    0x000082c8   0x00000080   Code   RO         1617    i.app_timer_start   app_timer_1.o
    0x00008348   0x000000b4   Code   RO         1918    i.app_uart_init     app_uart_fifo.o
    0x000083fc   0x0000003c   Code   RO         1919    i.app_uart_put      app_uart_fifo.o
    0x00008438   0x00000004   Code   RO         1987    i.app_util_critical_region_enter  app_util_platform.o
    0x0000843c   0x00000004   Code   RO         1988    i.app_util_critical_region_exit  app_util_platform.o
    0x00008440   0x00000010   Code   RO         1989    i.app_util_disable_irq  app_util_platform.o
    0x00008450   0x00000014   Code   RO         1990    i.app_util_enable_irq  app_util_platform.o
    0x00008464   0x000000a8   Code   RO         1102    i.apply_config      nrf_drv_uart.o
    0x0000850c   0x00000010   Code   RO          794    i.bsp_board_led_off  boards.o
    0x0000851c   0x0000002c   Code   RO          797    i.bsp_board_leds_init  boards.o
    0x00008548   0x00000012   Code   RO          798    i.bsp_board_leds_off  boards.o
    0x0000855a   0x00000012   Code   RO         2147    i.buf_len_update    nrf_log_backend_serial.o
    0x0000856c   0x00000060   Code   RO         2242    i.buf_prealloc      nrf_log_frontend.o
    0x000085cc   0x00000014   Code   RO         2243    i.buffer_is_empty   nrf_log_frontend.o
    0x000085e0   0x0000001c   Code   RO         1343    i.channel_free      nrf_drv_gpiote.o
    0x000085fc   0x00000048   Code   RO         1344    i.channel_port_alloc  nrf_drv_gpiote.o
    0x00008644   0x00000010   Code   RO         1345    i.channel_port_get  nrf_drv_gpiote.o
    0x00008654   0x00000028   Code   RO          905    i.clock_clk_started_notify  nrf_drv_clock.o
    0x0000867c   0x000000ac   Code   RO         1620    i.compare_reg_update  app_timer_1.o
    0x00008728   0x00000074   Code   RO         2244    i.cont_buf_prealloc  nrf_log_frontend.o
    0x0000879c   0x0000003a   Code   RO         3818    i.dmp_enable_6x_lp_quat  inv_mpu_dmp_motion_driver.o
    0x000087d6   0x00000002   PAD
    0x000087d8   0x000001d8   Code   RO         3819    i.dmp_enable_feature  inv_mpu_dmp_motion_driver.o
    0x000089b0   0x0000003c   Code   RO         3820    i.dmp_enable_gyro_cal  inv_mpu_dmp_motion_driver.o
    0x000089ec   0x0000003a   Code   RO         3821    i.dmp_enable_lp_quat  inv_mpu_dmp_motion_driver.o
    0x00008a26   0x00000002   PAD
    0x00008a28   0x00000014   Code   RO         3826    i.dmp_load_motion_driver_firmware  inv_mpu_dmp_motion_driver.o
    0x00008a3c   0x0000017c   Code   RO         3827    i.dmp_read_fifo     inv_mpu_dmp_motion_driver.o
    0x00008bb8   0x00000064   Code   RO         3831    i.dmp_set_fifo_rate  inv_mpu_dmp_motion_driver.o
    0x00008c1c   0x0000010c   Code   RO         3834    i.dmp_set_orientation  inv_mpu_dmp_motion_driver.o
    0x00008d28   0x00000030   Code   RO         3837    i.dmp_set_shake_reject_thresh  inv_mpu_dmp_motion_driver.o
    0x00008d58   0x00000020   Code   RO         3838    i.dmp_set_shake_reject_time  inv_mpu_dmp_motion_driver.o
    0x00008d78   0x00000020   Code   RO         3839    i.dmp_set_shake_reject_timeout  inv_mpu_dmp_motion_driver.o
    0x00008d98   0x00000040   Code   RO         3840    i.dmp_set_tap_axes  inv_mpu_dmp_motion_driver.o
    0x00008dd8   0x00000022   Code   RO         3841    i.dmp_set_tap_count  inv_mpu_dmp_motion_driver.o
    0x00008dfa   0x00000002   PAD
    0x00008dfc   0x00000160   Code   RO         3842    i.dmp_set_tap_thresh  inv_mpu_dmp_motion_driver.o
    0x00008f5c   0x00000020   Code   RO         3843    i.dmp_set_tap_time  inv_mpu_dmp_motion_driver.o
    0x00008f7c   0x00000020   Code   RO         3844    i.dmp_set_tap_time_multi  inv_mpu_dmp_motion_driver.o
    0x00008f9c   0x00000040   Code   RO         1621    i.elapsed_ticks_acquire  app_timer_1.o
    0x00008fdc   0x00000018   Code   RO         4801    i.fabs              m_wm.l(fabs.o)
    0x00008ff4   0x00000014   Code   RO         1849    i.fifo_get          app_fifo.o
    0x00009008   0x00000012   Code   RO         1850    i.fifo_put          app_fifo.o
    0x0000901a   0x0000000e   Code   RO         2110    i.fputc             retarget.o
    0x00009028   0x00000050   Code   RO         5201    i.free              mc_w.l(malloc.o)
    0x00009078   0x00000020   Code   RO          906    i.hfclk_stop        nrf_drv_clock.o
    0x00009098   0x00000080   Code   RO          514    i.i2c_write_porting  nrf_drv_mpu_twi.o
    0x00009118   0x00000078   Code   RO         1103    i.interrupts_enable  nrf_drv_uart.o
    0x00009190   0x0000006a   Code   RO         2527    i.inv_apply_calibration  data_builder.o
    0x000091fa   0x00000002   PAD
    0x000091fc   0x00000068   Code   RO         2528    i.inv_build_accel   data_builder.o
    0x00009264   0x00000084   Code   RO         2529    i.inv_build_compass  data_builder.o
    0x000092e8   0x00000030   Code   RO         2530    i.inv_build_gyro    data_builder.o
    0x00009318   0x0000002c   Code   RO         2531    i.inv_build_quat    data_builder.o
    0x00009344   0x000000ac   Code   RO         3122    i.inv_compass_angle  ml_math_func.o
    0x000093f0   0x0000005c   Code   RO         3124    i.inv_convert_to_body_with_scale  ml_math_func.o
    0x0000944c   0x0000003c   Code   RO         2534    i.inv_db_load_func  data_builder.o
    0x00009488   0x00000014   Code   RO         2535    i.inv_db_save_func  data_builder.o
    0x0000949c   0x0000001c   Code   RO         4351    i.inv_enable_eMPL_outputs  empl_outputs.o
    0x000094b8   0x0000001c   Code   RO         3510    i.inv_enable_results_holder  results_holder.o
    0x000094d4   0x0000002c   Code   RO         3745    i.inv_execute_mpl_start_notification  start_manager.o
    0x00009500   0x00000080   Code   RO         2538    i.inv_execute_on_data  data_builder.o
    0x00009580   0x000000a4   Code   RO         4352    i.inv_generate_eMPL_outputs  empl_outputs.o
    0x00009624   0x00000010   Code   RO         3511    i.inv_generate_results  results_holder.o
    0x00009634   0x00000014   Code   RO         3512    i.inv_get_6axis_quaternion  results_holder.o
    0x00009648   0x0000000c   Code   RO         3513    i.inv_get_acc_state  results_holder.o
    0x00009654   0x0000000c   Code   RO         2539    i.inv_get_accel_accuracy  data_builder.o
    0x00009660   0x00000010   Code   RO         2541    i.inv_get_accel_on  data_builder.o
    0x00009670   0x00000028   Code   RO         2545    i.inv_get_accel_set  data_builder.o
    0x00009698   0x00000014   Code   RO         2546    i.inv_get_compass_bias  data_builder.o
    0x000096ac   0x00000018   Code   RO         3517    i.inv_get_compass_correction  results_holder.o
    0x000096c4   0x00000010   Code   RO         2548    i.inv_get_compass_on  data_builder.o
    0x000096d4   0x0000001c   Code   RO         2555    i.inv_get_compass_soft_iron_output_data  data_builder.o
    0x000096f0   0x0000000c   Code   RO         3518    i.inv_get_compass_state  results_holder.o
    0x000096fc   0x00000054   Code   RO         3519    i.inv_get_gravity   results_holder.o
    0x00009750   0x00000010   Code   RO         2556    i.inv_get_gyro      data_builder.o
    0x00009760   0x0000000c   Code   RO         2557    i.inv_get_gyro_accuracy  data_builder.o
    0x0000976c   0x00000024   Code   RO         2558    i.inv_get_gyro_bias  data_builder.o
    0x00009790   0x00000010   Code   RO         2560    i.inv_get_gyro_on   data_builder.o
    0x000097a0   0x0000001a   Code   RO         3128    i.inv_get_gyro_sum_of_sqr  ml_math_func.o
    0x000097ba   0x00000002   PAD
    0x000097bc   0x0000000c   Code   RO         3522    i.inv_get_large_mag_field  results_holder.o
    0x000097c8   0x00000048   Code   RO         2566    i.inv_get_last_timestamp  data_builder.o
    0x00009810   0x0000003a   Code   RO         3523    i.inv_get_linear_accel  results_holder.o
    0x0000984a   0x00000002   PAD
    0x0000984c   0x00000044   Code   RO         3524    i.inv_get_linear_accel_float  results_holder.o
    0x00009890   0x00000010   Code   RO         3525    i.inv_get_local_field  results_holder.o
    0x000098a0   0x0000001c   Code   RO         2567    i.inv_get_mag_accuracy  data_builder.o
    0x000098bc   0x00000034   Code   RO         3528    i.inv_get_quaternion  results_holder.o
    0x000098f0   0x00000038   Code   RO         3530    i.inv_get_quaternion_set  results_holder.o
    0x00009928   0x000001bc   Code   RO         4355    i.inv_get_sensor_type_euler  empl_outputs.o
    0x00009ae4   0x00000060   Code   RO         2989    i.inv_get_sensor_type_gravity  hal_outputs.o
    0x00009b44   0x0000001c   Code   RO         4358    i.inv_get_sensor_type_quat  empl_outputs.o
    0x00009b60   0x0000000c   Code   RO         3532    i.inv_got_compass_bias  results_holder.o
    0x00009b6c   0x0000003c   Code   RO         2570    i.inv_init_data_builder  data_builder.o
    0x00009ba8   0x00000088   Code   RO         3477    i.inv_init_mpl      mpl.o
    0x00009c30   0x00000030   Code   RO         3533    i.inv_init_results_holder  results_holder.o
    0x00009c60   0x00000014   Code   RO         3746    i.inv_init_start_manager  start_manager.o
    0x00009c74   0x00000018   Code   RO         3778    i.inv_init_storage_manager  storage_manager.o
    0x00009c8c   0x00000022   Code   RO         3137    i.inv_orientation_matrix_to_scalar  ml_math_func.o
    0x00009cae   0x0000000c   Code   RO         3138    i.inv_q29_mult      ml_math_func.o
    0x00009cba   0x0000000c   Code   RO         3140    i.inv_q30_mult      ml_math_func.o
    0x00009cc6   0x00000024   Code   RO         3142    i.inv_q_add         ml_math_func.o
    0x00009cea   0x00000042   Code   RO         3143    i.inv_q_addf        ml_math_func.o
    0x00009d2c   0x00000018   Code   RO         3144    i.inv_q_invert      ml_math_func.o
    0x00009d44   0x0000002e   Code   RO         3145    i.inv_q_invertf     ml_math_func.o
    0x00009d72   0x000000b0   Code   RO         3146    i.inv_q_mult        ml_math_func.o
    0x00009e22   0x000000d2   Code   RO         3147    i.inv_q_multf       ml_math_func.o
    0x00009ef4   0x00000084   Code   RO         3148    i.inv_q_norm4       ml_math_func.o
    0x00009f78   0x000000b0   Code   RO         3150    i.inv_q_normalizef  ml_math_func.o
    0x0000a028   0x0000003e   Code   RO         3151    i.inv_q_rotate      ml_math_func.o
    0x0000a066   0x000000da   Code   RO         3153    i.inv_quaternion_to_rotation  ml_math_func.o
    0x0000a140   0x000000a4   Code   RO         2573    i.inv_register_data_cb  data_builder.o
    0x0000a1e4   0x0000006c   Code   RO         3780    i.inv_register_load_store  storage_manager.o
    0x0000a250   0x00000020   Code   RO         3747    i.inv_register_mpl_start_notification  start_manager.o
    0x0000a270   0x00000054   Code   RO         2574    i.inv_reset_compass_soft_iron_matrix  data_builder.o
    0x0000a2c4   0x00000048   Code   RO         3155    i.inv_row_2_scale   ml_math_func.o
    0x0000a30c   0x0000001c   Code   RO         2575    i.inv_set_accel_accuracy  data_builder.o
    0x0000a328   0x0000000c   Code   RO         3536    i.inv_set_accel_bias_found  results_holder.o
    0x0000a334   0x00000050   Code   RO         2578    i.inv_set_accel_bias_mask  data_builder.o
    0x0000a384   0x0000000c   Code   RO         2579    i.inv_set_accel_orientation_and_scale  data_builder.o
    0x0000a390   0x0000002c   Code   RO         2580    i.inv_set_accel_sample_rate  data_builder.o
    0x0000a3bc   0x00000048   Code   RO         2582    i.inv_set_compass_bias  data_builder.o
    0x0000a404   0x00000010   Code   RO         3537    i.inv_set_compass_bias_error  results_holder.o
    0x0000a414   0x0000000c   Code   RO         3538    i.inv_set_compass_bias_found  results_holder.o
    0x0000a420   0x00000020   Code   RO         3539    i.inv_set_compass_correction  results_holder.o
    0x0000a440   0x0000000c   Code   RO         2583    i.inv_set_compass_disturbance  data_builder.o
    0x0000a44c   0x00000010   Code   RO         2584    i.inv_set_compass_orientation_and_scale  data_builder.o
    0x0000a45c   0x0000002c   Code   RO         2585    i.inv_set_compass_sample_rate  data_builder.o
    0x0000a488   0x00000050   Code   RO         2586    i.inv_set_compass_soft_iron_input_data  data_builder.o
    0x0000a4d8   0x0000000c   Code   RO         3540    i.inv_set_compass_state  results_holder.o
    0x0000a4e4   0x00000080   Code   RO         2589    i.inv_set_contiguous  data_builder.o
    0x0000a564   0x0000005c   Code   RO         2591    i.inv_set_gyro_bias  data_builder.o
    0x0000a5c0   0x0000000c   Code   RO         2592    i.inv_set_gyro_orientation_and_scale  data_builder.o
    0x0000a5cc   0x00000028   Code   RO         2593    i.inv_set_gyro_sample_rate  data_builder.o
    0x0000a5f4   0x00000014   Code   RO         3097    i.inv_set_message   message_layer.o
    0x0000a608   0x00000034   Code   RO         3545    i.inv_set_motion_state  results_holder.o
    0x0000a63c   0x00000018   Code   RO         2594    i.inv_set_quat_sample_rate  data_builder.o
    0x0000a654   0x00000010   Code   RO         4360    i.inv_start_eMPL_outputs  empl_outputs.o
    0x0000a664   0x0000004c   Code   RO         3478    i.inv_start_mpl     mpl.o
    0x0000a6b0   0x00000018   Code   RO         3546    i.inv_start_results_holder  results_holder.o
    0x0000a6c8   0x00000020   Code   RO         3547    i.inv_store_gaming_quaternion  results_holder.o
    0x0000a6e8   0x0000004c   Code   RO         2596    i.inv_unregister_data_cb  data_builder.o
    0x0000a734   0x00000048   Code   RO         3748    i.inv_unregister_mpl_start_notification  start_manager.o
    0x0000a77c   0x0000014e   Code   RO          318    i.irq_handler_twim  nrf_drv_twi.o
    0x0000a8ca   0x00000016   Code   RO          907    i.item_enqueue      nrf_drv_clock.o
    0x0000a8e0   0x000000f8   Code   RO         1622    i.list_insertions_handler  app_timer_1.o
    0x0000a9d8   0x00000024   Code   RO            4    i.magn_setup        main.o
    0x0000a9fc   0x000006d4   Code   RO            5    i.main              main.o
    0x0000b0d0   0x0000006c   Code   RO         5202    i.malloc            mc_w.l(malloc.o)
    0x0000b13c   0x0000001e   Code   RO          738    i.millis            nrf_drv_inv_dmp.o
    0x0000b15a   0x00000032   Code   RO         3160    i.mlMatrixVectorMult  ml_math_func.o
    0x0000b18c   0x0000000a   Code   RO          647    i.mpu_config        app_mpu.o
    0x0000b196   0x00000002   PAD
    0x0000b198   0x00000054   Code   RO         4013    i.mpu_configure_fifo  inv_mpu.o
    0x0000b1ec   0x0000003c   Code   RO         4014    i.mpu_get_accel_fsr  inv_mpu.o
    0x0000b228   0x00000010   Code   RO         4017    i.mpu_get_compass_fsr  inv_mpu.o
    0x0000b238   0x000000b4   Code   RO         4018    i.mpu_get_compass_reg  inv_mpu.o
    0x0000b2ec   0x00000034   Code   RO         4022    i.mpu_get_gyro_fsr  inv_mpu.o
    0x0000b320   0x0000001c   Code   RO         4028    i.mpu_get_sample_rate  inv_mpu.o
    0x0000b33c   0x00000024   Code   RO          648    i.mpu_init          app_mpu.o
    0x0000b360   0x000000d8   Code   RO         4030    i.mpu_init_inv      inv_mpu.o
    0x0000b438   0x00000008   Code   RO          649    i.mpu_int_cfg_pin   app_mpu.o
    0x0000b440   0x000000e8   Code   RO         4031    i.mpu_load_firmware  inv_mpu.o
    0x0000b528   0x000000ec   Code   RO         4032    i.mpu_lp_accel_mode  inv_mpu.o
    0x0000b614   0x0000002e   Code   RO          651    i.mpu_magnetometer_init  app_mpu.o
    0x0000b642   0x00000002   PAD
    0x0000b644   0x000000d4   Code   RO         4038    i.mpu_read_fifo_stream  inv_mpu.o
    0x0000b718   0x00000054   Code   RO         4039    i.mpu_read_mem      inv_mpu.o
    0x0000b76c   0x00000160   Code   RO         4042    i.mpu_reset_fifo    inv_mpu.o
    0x0000b8cc   0x00000068   Code   RO         4047    i.mpu_set_accel_fsr  inv_mpu.o
    0x0000b934   0x000000dc   Code   RO         4048    i.mpu_set_bypass    inv_mpu.o
    0x0000ba10   0x00000050   Code   RO         4049    i.mpu_set_compass_sample_rate  inv_mpu.o
    0x0000ba60   0x00000078   Code   RO         4050    i.mpu_set_dmp_state  inv_mpu.o
    0x0000bad8   0x0000006c   Code   RO         4052    i.mpu_set_gyro_fsr  inv_mpu.o
    0x0000bb44   0x00000064   Code   RO         4053    i.mpu_set_int_latched  inv_mpu.o
    0x0000bba8   0x00000088   Code   RO         4055    i.mpu_set_lpf       inv_mpu.o
    0x0000bc30   0x00000090   Code   RO         4056    i.mpu_set_sample_rate  inv_mpu.o
    0x0000bcc0   0x00000134   Code   RO         4057    i.mpu_set_sensors   inv_mpu.o
    0x0000bdf4   0x00000088   Code   RO            6    i.mpu_setup         main.o
    0x0000be7c   0x000000b8   Code   RO          515    i.mpu_twi_read_test  nrf_drv_mpu_twi.o
    0x0000bf34   0x0000006c   Code   RO         4058    i.mpu_write_mem     inv_mpu.o
    0x0000bfa0   0x00000010   Code   RO         1346    i.nrf_bitmask_bit_is_set  nrf_drv_gpiote.o
    0x0000bfb0   0x0000000e   Code   RO          909    i.nrf_clock_event_check  nrf_drv_clock.o
    0x0000bfbe   0x00000010   Code   RO          910    i.nrf_clock_event_clear  nrf_drv_clock.o
    0x0000bfce   0x00000002   PAD
    0x0000bfd0   0x0000001c   Code   RO          911    i.nrf_clock_hf_is_running  nrf_drv_clock.o
    0x0000bfec   0x0000000a   Code   RO         4059    i.nrf_delay_ms      inv_mpu.o
    0x0000bff6   0x00000002   PAD
    0x0000bff8   0x0000008c   Code   RO            7    i.nrf_delay_us      main.o
    0x0000c084   0x0000008c   Code   RO          319    i.nrf_delay_us      nrf_drv_twi.o
    0x0000c110   0x0000008c   Code   RO         1623    i.nrf_delay_us      app_timer_1.o
    0x0000c19c   0x0000008c   Code   RO         4060    i.nrf_delay_us      inv_mpu.o
    0x0000c228   0x00000028   Code   RO          915    i.nrf_drv_clock_hfclk_release  nrf_drv_clock.o
    0x0000c250   0x00000058   Code   RO          916    i.nrf_drv_clock_hfclk_request  nrf_drv_clock.o
    0x0000c2a8   0x0000004c   Code   RO          917    i.nrf_drv_clock_init  nrf_drv_clock.o
    0x0000c2f4   0x00000060   Code   RO          922    i.nrf_drv_clock_lfclk_request  nrf_drv_clock.o
    0x0000c354   0x00000016   Code   RO         1104    i.nrf_drv_common_irq_disable  nrf_drv_uart.o
    0x0000c36a   0x00000038   Code   RO         1055    i.nrf_drv_common_irq_enable  nrf_drv_common.o
    0x0000c3a2   0x00000006   Code   RO         1105    i.nrf_drv_get_IRQn  nrf_drv_uart.o
    0x0000c3a8   0x00000098   Code   RO         1351    i.nrf_drv_gpiote_in_event_enable  nrf_drv_gpiote.o
    0x0000c440   0x00000100   Code   RO         1352    i.nrf_drv_gpiote_in_init  nrf_drv_gpiote.o
    0x0000c540   0x000000e0   Code   RO         1355    i.nrf_drv_gpiote_init  nrf_drv_gpiote.o
    0x0000c620   0x00000010   Code   RO          320    i.nrf_drv_is_in_RAM  nrf_drv_twi.o
    0x0000c630   0x00000010   Code   RO         1106    i.nrf_drv_is_in_RAM  nrf_drv_uart.o
    0x0000c640   0x00000034   Code   RO          518    i.nrf_drv_mpu_init  nrf_drv_mpu_twi.o
    0x0000c674   0x0000006c   Code   RO          520    i.nrf_drv_mpu_read_registers  nrf_drv_mpu_twi.o
    0x0000c6e0   0x00000028   Code   RO          521    i.nrf_drv_mpu_twi_event_handler  nrf_drv_mpu_twi.o
    0x0000c708   0x00000040   Code   RO          522    i.nrf_drv_mpu_write_magnetometer_register  nrf_drv_mpu_twi.o
    0x0000c748   0x00000054   Code   RO          523    i.nrf_drv_mpu_write_registers  nrf_drv_mpu_twi.o
    0x0000c79c   0x00000040   Code   RO          524    i.nrf_drv_mpu_write_single_register  nrf_drv_mpu_twi.o
    0x0000c7dc   0x00000020   Code   RO          323    i.nrf_drv_twi_enable  nrf_drv_twi.o
    0x0000c7fc   0x0000008c   Code   RO          324    i.nrf_drv_twi_init  nrf_drv_twi.o
    0x0000c888   0x00000024   Code   RO          326    i.nrf_drv_twi_rx    nrf_drv_twi.o
    0x0000c8ac   0x00000024   Code   RO          329    i.nrf_drv_twi_tx    nrf_drv_twi.o
    0x0000c8d0   0x00000024   Code   RO          331    i.nrf_drv_twi_xfer  nrf_drv_twi.o
    0x0000c8f4   0x00000068   Code   RO         1108    i.nrf_drv_uart_init  nrf_drv_uart.o
    0x0000c95c   0x000000b0   Code   RO         1109    i.nrf_drv_uart_rx   nrf_drv_uart.o
    0x0000ca0c   0x00000030   Code   RO         1112    i.nrf_drv_uart_rx_enable  nrf_drv_uart.o
    0x0000ca3c   0x000000a8   Code   RO         1113    i.nrf_drv_uart_rx_for_uart  nrf_drv_uart.o
    0x0000cae4   0x000000b0   Code   RO         1114    i.nrf_drv_uart_rx_for_uarte  nrf_drv_uart.o
    0x0000cb94   0x0000010c   Code   RO         1116    i.nrf_drv_uart_tx   nrf_drv_uart.o
    0x0000cca0   0x00000018   Code   RO         1118    i.nrf_drv_uart_tx_in_progress  nrf_drv_uart.o
    0x0000ccb8   0x00000054   Code   RO         1119    i.nrf_drv_uart_uninit  nrf_drv_uart.o
    0x0000cd0c   0x00000032   Code   RO          802    i.nrf_gpio_cfg      boards.o
    0x0000cd3e   0x00000032   Code   RO         1120    i.nrf_gpio_cfg      nrf_drv_uart.o
    0x0000cd70   0x00000032   Code   RO         1370    i.nrf_gpio_cfg      nrf_drv_gpiote.o
    0x0000cda2   0x00000012   Code   RO         1121    i.nrf_gpio_cfg_default  nrf_drv_uart.o
    0x0000cdb4   0x00000012   Code   RO         1122    i.nrf_gpio_cfg_input  nrf_drv_uart.o
    0x0000cdc6   0x00000014   Code   RO         1123    i.nrf_gpio_cfg_output  nrf_drv_uart.o
    0x0000cdda   0x00000030   Code   RO         1372    i.nrf_gpio_cfg_sense_set  nrf_drv_gpiote.o
    0x0000ce0a   0x00000014   Code   RO          332    i.nrf_gpio_pin_clear  nrf_drv_twi.o
    0x0000ce1e   0x00000002   PAD
    0x0000ce20   0x0000001c   Code   RO          333    i.nrf_gpio_pin_port_decode  nrf_drv_twi.o
    0x0000ce3c   0x0000001c   Code   RO          803    i.nrf_gpio_pin_port_decode  boards.o
    0x0000ce58   0x0000001c   Code   RO         1124    i.nrf_gpio_pin_port_decode  nrf_drv_uart.o
    0x0000ce74   0x0000001c   Code   RO         1374    i.nrf_gpio_pin_port_decode  nrf_drv_gpiote.o
    0x0000ce90   0x00000016   Code   RO         1375    i.nrf_gpio_pin_read  nrf_drv_gpiote.o
    0x0000cea6   0x00000014   Code   RO          334    i.nrf_gpio_pin_set  nrf_drv_twi.o
    0x0000ceba   0x00000014   Code   RO         1125    i.nrf_gpio_pin_set  nrf_drv_uart.o
    0x0000cece   0x00000026   Code   RO          804    i.nrf_gpio_pin_write  boards.o
    0x0000cef4   0x0000002c   Code   RO         1377    i.nrf_gpio_ports_read  nrf_drv_gpiote.o
    0x0000cf20   0x00000014   Code   RO         1378    i.nrf_gpiote_event_clear  nrf_drv_gpiote.o
    0x0000cf34   0x00000010   Code   RO         1379    i.nrf_gpiote_event_is_set  nrf_drv_gpiote.o
    0x0000cf44   0x00000008   Code   RO         2149    i.nrf_log_backend_hexdump_handler_get  nrf_log_backend_serial.o
    0x0000cf4c   0x00000070   Code   RO         2150    i.nrf_log_backend_init  nrf_log_backend_serial.o
    0x0000cfbc   0x0000012e   Code   RO         2151    i.nrf_log_backend_serial_hexdump_handler  nrf_log_backend_serial.o
    0x0000d0ea   0x00000114   Code   RO         2152    i.nrf_log_backend_serial_std_handler  nrf_log_backend_serial.o
    0x0000d1fe   0x00000002   PAD
    0x0000d200   0x00000008   Code   RO         2153    i.nrf_log_backend_std_handler_get  nrf_log_backend_serial.o
    0x0000d208   0x00000006   Code   RO         2245    i.nrf_log_blocking_backend_set  nrf_log_frontend.o
    0x0000d20e   0x00000002   PAD
    0x0000d210   0x00000130   Code   RO         2246    i.nrf_log_frontend_dequeue  nrf_log_frontend.o
    0x0000d340   0x00000014   Code   RO         2248    i.nrf_log_frontend_init  nrf_log_frontend.o
    0x0000d354   0x0000004c   Code   RO         2249    i.nrf_log_frontend_std_0  nrf_log_frontend.o
    0x0000d3a0   0x00000058   Code   RO         2250    i.nrf_log_frontend_std_1  nrf_log_frontend.o
    0x0000d3f8   0x00000068   Code   RO         2251    i.nrf_log_frontend_std_2  nrf_log_frontend.o
    0x0000d460   0x0000007c   Code   RO         2252    i.nrf_log_frontend_std_3  nrf_log_frontend.o
    0x0000d4dc   0x00000088   Code   RO         2253    i.nrf_log_frontend_std_4  nrf_log_frontend.o
    0x0000d564   0x00000010   Code   RO         2257    i.nrf_log_handlers_set  nrf_log_frontend.o
    0x0000d574   0x00000024   Code   RO         2258    i.nrf_log_init      nrf_log_frontend.o
    0x0000d598   0x00000060   Code   RO         2259    i.nrf_log_push      nrf_log_frontend.o
    0x0000d5f8   0x00000038   Code   RO         2076    i.nrf_strerror_find  nrf_strerror.o
    0x0000d630   0x00000014   Code   RO         2077    i.nrf_strerror_get  nrf_strerror.o
    0x0000d644   0x0000000a   Code   RO          335    i.nrf_twim_event_check  nrf_drv_twi.o
    0x0000d64e   0x0000000c   Code   RO          336    i.nrf_twim_event_clear  nrf_drv_twi.o
    0x0000d65a   0x0000000a   Code   RO         1126    i.nrf_uart_event_check  nrf_drv_uart.o
    0x0000d664   0x0000000c   Code   RO         1127    i.nrf_uart_event_clear  nrf_drv_uart.o
    0x0000d670   0x0000000c   Code   RO         1128    i.nrf_uart_int_enable_check  nrf_drv_uart.o
    0x0000d67c   0x0000000a   Code   RO         1129    i.nrf_uarte_event_check  nrf_drv_uart.o
    0x0000d686   0x0000000c   Code   RO         1130    i.nrf_uarte_event_clear  nrf_drv_uart.o
    0x0000d692   0x00000002   PAD
    0x0000d694   0x0000000c   Code   RO            8    i.pin_in_read       main.o
    0x0000d6a0   0x00000018   Code   RO         1380    i.pin_in_use_by_port  nrf_drv_gpiote.o
    0x0000d6b8   0x00000018   Code   RO         1381    i.pin_in_use_by_te  nrf_drv_gpiote.o
    0x0000d6d0   0x00000078   Code   RO         1131    i.pins_to_default   nrf_drv_uart.o
    0x0000d748   0x0000009c   Code   RO            9    i.read_from_mpl     main.o
    0x0000d7e4   0x0000003c   Code   RO         1624    i.rtc1_stop         app_timer_1.o
    0x0000d820   0x00000032   Code   RO         1132    i.rx_byte           nrf_drv_uart.o
    0x0000d852   0x00000018   Code   RO         1133    i.rx_done_event     nrf_drv_uart.o
    0x0000d86a   0x00000020   Code   RO         1134    i.rx_enable         nrf_drv_uart.o
    0x0000d88a   0x00000002   PAD
    0x0000d88c   0x0000000c   Code   RO         2154    i.serial_is_busy    nrf_log_backend_serial.o
    0x0000d898   0x0000002c   Code   RO         2155    i.serial_tx         nrf_log_backend_serial.o
    0x0000d8c4   0x00000058   Code   RO         4061    i.set_int_enable    inv_mpu.o
    0x0000d91c   0x000001e4   Code   RO         4062    i.setup_compass     inv_mpu.o
    0x0000db00   0x0000003e   Code   RO         4877    i.sqrtf             m_wm.l(sqrtf.o)
    0x0000db3e   0x00000002   Code   RO           10    i.timer_a_handler   main.o
    0x0000db40   0x00000080   Code   RO         1625    i.timer_list_handler  app_timer_1.o
    0x0000dbc0   0x0000003c   Code   RO         1626    i.timer_list_insert  app_timer_1.o
    0x0000dbfc   0x00000060   Code   RO         1627    i.timer_list_remove  app_timer_1.o
    0x0000dc5c   0x00000074   Code   RO         1629    i.timer_timeouts_check  app_timer_1.o
    0x0000dcd0   0x00000034   Code   RO         2156    i.timestamp_process  nrf_log_backend_serial.o
    0x0000dd04   0x000000a4   Code   RO          337    i.twi_clear_bus     nrf_drv_twi.o
    0x0000dda8   0x00000240   Code   RO          338    i.twim_xfer         nrf_drv_twi.o
    0x0000dfe8   0x00000020   Code   RO         1135    i.tx_byte           nrf_drv_uart.o
    0x0000e008   0x0000001c   Code   RO         1136    i.tx_done_event     nrf_drv_uart.o
    0x0000e024   0x00000050   Code   RO           11    i.uart_config       main.o
    0x0000e074   0x00000012   Code   RO           12    i.uart_error_handle  main.o
    0x0000e086   0x00000002   PAD
    0x0000e088   0x000000a0   Code   RO         1920    i.uart_event_handler  app_uart_fifo.o
    0x0000e128   0x00000010   Code   RO         2157    i.uart_event_handler  nrf_log_backend_serial.o
    0x0000e138   0x0000011e   Code   RO         1137    i.uart_irq_handler  nrf_drv_uart.o
    0x0000e256   0x000000f0   Code   RO         1138    i.uarte_irq_handler  nrf_drv_uart.o
    0x0000e346   0x00000002   PAD
    0x0000e348   0x00000030   Code   RO         1630    i.user_op_alloc     app_timer_1.o
    0x0000e378   0x00000024   Data   RO           16    .constdata          main.o
    0x0000e39c   0x0000000c   Data   RO          343    .constdata          nrf_drv_twi.o
    0x0000e3a8   0x00000018   Data   RO          526    .constdata          nrf_drv_mpu_twi.o
    0x0000e3c0   0x00000008   Data   RO          805    .constdata          boards.o
    0x0000e3c8   0x0000004b   Data   RO         1383    .constdata          nrf_drv_gpiote.o
    0x0000e413   0x00000001   PAD
    0x0000e414   0x00000020   Data   RO         1922    .constdata          app_uart_fifo.o
    0x0000e434   0x00000104   Data   RO         2078    .constdata          nrf_strerror.o
    0x0000e538   0x00000020   Data   RO         2160    .constdata          nrf_log_backend_serial.o
    0x0000e558   0x00000024   Data   RO         2261    .constdata          nrf_log_frontend.o
    0x0000e57c   0x0000002f   Data   RO         3479    .constdata          mpl.o
    0x0000e5ab   0x00000bf6   Data   RO         3847    .constdata          inv_mpu_dmp_motion_driver.o
    0x0000f1a1   0x0000002a   Data   RO         4063    .constdata          inv_mpu.o
    0x0000f1cb   0x00000001   PAD
    0x0000f1cc   0x0000000e   Data   RO         4064    .constdata          inv_mpu.o
    0x0000f1da   0x00000002   PAD
    0x0000f1dc   0x00000030   Data   RO         4065    .constdata          inv_mpu.o
    0x0000f20c   0x00000004   PAD
    0x0000f210   0x00000038   Data   RO         4814    .constdata          m_wm.l(log.o)
    0x0000f248   0x00000081   Data   RO         4897    .constdata          mc_w.l(ctype_o.o)
    0x0000f2c9   0x00000003   PAD
    0x0000f2cc   0x00000004   Data   RO         4898    .constdata          mc_w.l(ctype_o.o)
    0x0000f2d0   0x00000030   Data   RO         5252    .constdata          m_wm.l(cos_i.o)
    0x0000f300   0x00000008   Data   RO         5288    .constdata          m_wm.l(qnan.o)
    0x0000f308   0x000000c8   Data   RO         5291    .constdata          m_wm.l(rred.o)
    0x0000f3d0   0x00000020   Data   RO         5295    .constdata          m_wm.l(rredf.o)
    0x0000f3f0   0x00000028   Data   RO         5298    .constdata          m_wm.l(sin_i.o)
    0x0000f418   0x00000009   Data   RO           17    .conststring        main.o
    0x0000f421   0x00000003   PAD
    0x0000f424   0x00000307   Data   RO         2079    .conststring        nrf_strerror.o
    0x0000f72b   0x00000001   PAD
    0x0000f72c   0x0000000b   Data   RO         2262    .conststring        nrf_log_frontend.o
    0x0000f737   0x00000001   PAD
    0x0000f738   0x00000044   Data   RO         2599    .conststring        data_builder.o
    0x0000f77c   0x00000020   Data   RO         5349    Region$$Table       anon$$obj.o


    Execution Region RW_IRAM1 (Base: 0x20000000, Size: 0x000060c8, Max: 0x00040000, ABSOLUTE)

    Base Addr    Size         Type   Attr      Idx    E Section Name        Object

    0x20000000   0x00000004   Data   RW           18    .data               main.o
    0x20000004   0x00000012   Data   RW           19    .data               main.o
    0x20000016   0x00000002   Data   RW          527    .data               nrf_drv_mpu_twi.o
    0x20000018   0x00000014   Data   RW         1632    .data               app_timer_1.o
    0x2000002c   0x00000010   Data   RW         1923    .data               app_uart_fifo.o
    0x2000003c   0x00000004   Data   RW         1993    .data               app_util_platform.o
    0x20000040   0x00000004   Data   RW         2111    .data               retarget.o
    0x20000044   0x0000000c   Data   RW         2161    .data               nrf_log_backend_serial.o
    0x20000050   0x00000004   Data   RW         2263    .data               nrf_log_frontend.o
    0x20000054   0x00000004   Data   RW         3098    .data               message_layer.o
    0x20000058   0x00000038   Data   RW         4067    .data               inv_mpu.o
    0x20000090   0x00000004   Data   RW         4434    .data               system_nrf52840.o
    0x20000094   0x00000010   Data   RW         4467    .data               libmpllib.lib(compass_vec_cal.o)
    0x200000a4   0x00000004   Data   RW         5323    .data               mc_w.l(mvars.o)
    0x200000a8   0x00000004   Data   RW         5324    .data               mc_w.l(mvars.o)
    0x200000ac   0x00000004   Data   RW         5328    .data               mc_w.l(errno.o)
    0x200000b0   0x00000020   Zero   RW           14    .bss                main.o
    0x200000d0   0x00000524   Zero   RW           15    .bss                main.o
    0x200005f4   0x00000028   Zero   RW          339    .bss                nrf_drv_twi.o
    0x2000061c   0x00000010   Zero   RW          525    .bss                nrf_drv_mpu_twi.o
    0x2000062c   0x00000024   Zero   RW          924    .bss                nrf_drv_clock.o
    0x20000650   0x00000020   Zero   RW         1139    .bss                nrf_drv_uart.o
    0x20000670   0x00000058   Zero   RW         1382    .bss                nrf_drv_gpiote.o
    0x200006c8   0x00000064   Zero   RW         1631    .bss                app_timer_1.o
    0x2000072c   0x00000020   Zero   RW         1921    .bss                app_uart_fifo.o
    0x2000074c   0x00000100   Zero   RW         2158    .bss                nrf_log_backend_serial.o
    0x2000084c   0x00000418   Zero   RW         2260    .bss                nrf_log_frontend.o
    0x20000c64   0x000002d8   Zero   RW         2598    .bss                data_builder.o
    0x20000f3c   0x000000c4   Zero   RW         2999    .bss                hal_outputs.o
    0x20001000   0x00000088   Zero   RW         3548    .bss                results_holder.o
    0x20001088   0x00000054   Zero   RW         3749    .bss                start_manager.o
    0x200010dc   0x00000198   Zero   RW         3782    .bss                storage_manager.o
    0x20001274   0x00000010   Zero   RW         3846    .bss                inv_mpu_dmp_motion_driver.o
    0x20001284   0x00000028   Zero   RW         4361    .bss                empl_outputs.o
    0x200012ac   0x00000004   PAD
    0x200012b0   0x00000460   Zero   RW         4466    .bss                libmpllib.lib(compass_vec_cal.o)
    0x20001710   0x000002a0   Zero   RW         4556    .bss                libmpllib.lib(fast_no_motion.o)
    0x200019b0   0x00000138   Zero   RW         4589    .bss                libmpllib.lib(fusion_9axis.o)
    0x20001ae8   0x000000b8   Zero   RW         4611    .bss                libmpllib.lib(mag_disturb.o)
    0x20001ba0   0x0000006c   Zero   RW         4633    .bss                libmpllib.lib(quaternion_supervisor.o)
    0x20001c0c   0x00000004   PAD
    0x20001c10   0x000004b8   Zero   RW         4651    .bss                libmpllib.lib(accel_auto_cal.o)
    0x200020c8   0x00002000   Zero   RW         4423    HEAP                arm_startup_nrf52840.o
    0x200040c8   0x00002000   Zero   RW         4422    STACK               arm_startup_nrf52840.o


==============================================================================

Image component sizes


      Code (inc. data)   RO Data    RW Data    ZI Data      Debug   Object Name

        22          0          0          0          0       2285   app_error.o
       108         54          0          0          0      27397   app_error_weak.o
       118          0          0          0          0       5138   app_fifo.o
       100          0          0          0          0       3338   app_mpu.o
      1530        118          0         20        100      47046   app_timer_1.o
       400         32         32         16         32      11959   app_uart_fifo.o
        44         10          0          4          0       3460   app_util_platform.o
        36          8        512          0      16384        952   arm_startup_nrf52840.o
       194         18          8          0          0       8890   boards.o
      2022        250         68          0        728      35972   data_builder.o
       680         56          0          0         40       5709   empl_outputs.o
        96          8          0          0        196       3769   hal_outputs.o
      3902        258        104         56          0      29092   inv_mpu.o
      2042        160       3062          0         16      21561   inv_mpu_dmp_motion_driver.o
      2328        920         45         22       1348      73483   main.o
        20          4          0          4          0       1522   message_layer.o
      1616         22          0          0          0      16485   ml_math_func.o
       260        110         47          0          0       5860   mpl.o
       636         54          0          0         36      16508   nrf_drv_clock.o
        56          0          0          0          0      27575   nrf_drv_common.o
      1480        230         75          0         88      31922   nrf_drv_gpiote.o
       194         22          0          0          0       3683   nrf_drv_inv_dmp.o
       724        150         24          2         16      14416   nrf_drv_mpu_twi.o
      1616         48         12          0         40      64527   nrf_drv_twi.o
      2430         90          0          0         32      46207   nrf_drv_uart.o
       848         56         32         12        256      11455   nrf_log_backend_serial.o
      1238         86         47          4       1048      16650   nrf_log_frontend.o
        76         10       1035          0          0       2819   nrf_strerror.o
       710        114          0          0        136      17822   results_holder.o
        14          0          0          4          0       2934   retarget.o
       168         20          0          0         84       4036   start_manager.o
       132         10          0          0        408       2973   storage_manager.o
       488         56          0          4          0       2515   system_nrf52840.o

    ----------------------------------------------------------------------
     26366       2974       5148        148      20992     569960   Object Totals
         0          0         32          0          0          0   (incl. Generated)
        38          0         13          0          4          0   (incl. Padding)

    ----------------------------------------------------------------------

      Code (inc. data)   RO Data    RW Data    ZI Data      Debug   Library Member Name

      3140        190          0          0       1208       9672   accel_auto_cal.o
      9456        298          0         16       1120      19892   compass_vec_cal.o
      2584         42          0          0        672      13744   fast_no_motion.o
      1712         72          0          0        312       5636   fusion_9axis.o
      1472         48          0          0        184       7614   mag_disturb.o
      2452        130          0          0        108       5637   quaternion_supervisor.o
       280         46          0          0          0        176   acosf.o
       592         90          0          0          0        184   atan2f.o
       200         20          0          0          0        164   cos.o
       368         46         48          0          0        200   cos_i.o
       336         56          0          0          0        136   cosf.o
       132         36          0          0          0        496   dunder.o
        44          0          0          0          0        248   fabs.o
        48          0          0          0          0        124   fpclassify.o
        38          0          0          0          0        116   fpclassifyf.o
        44         12          0          0          0        464   funder.o
       964         92         56          0          0        316   log.o
       248          0          0          0          0        152   poly.o
         0          0          8          0          0          0   qnan.o
      1080        142        200          0          0        188   rred.o
       340         24         32          0          0        160   rredf.o
       304         24         40          0          0        208   sin_i.o
       400         56          0          0          0        212   sinf.o
       122          0          0          0          0        148   sqrt.o
       120          0          0          0          0        272   sqrtf.o
         8          4        133          0          0         68   ctype_o.o
         0          0          0          0          0          0   entry.o
         0          0          0          0          0          0   entry10a.o
         0          0          0          0          0          0   entry11a.o
         8          4          0          0          0          0   entry2.o
         4          0          0          0          0          0   entry5.o
         0          0          0          0          0          0   entry7b.o
         0          0          0          0          0          0   entry8b.o
         8          4          0          0          0          0   entry9a.o
        12          6          0          4          0         68   errno.o
        30          0          0          0          0          0   handlers.o
        36          8          0          0          0         68   init.o
         0          0          0          0          0          0   iusefp.o
        98          0          0          0          0         84   ldiv.o
        30          0          0          0          0         68   llshl.o
        36          0          0          0          0         68   llsshr.o
        32          0          0          0          0         68   llushr.o
       188         20          0          0          0        160   malloc.o
        26          0          0          0          0         80   memcmp.o
        64          0          0          0          0         76   memmovea.o
        36          0          0          0          0        108   memseta.o
         0          0          0          8          0          0   mvars.o
      2374        100          0          0          0        752   printfa.o
        14          0          0          0          0         68   strlen.o
        44          0          0          0          0         80   uidiv.o
        98          0          0          0          0         92   uldiv.o
        48          0          0          0          0         68   cdcmple.o
        48          0          0          0          0         68   cdrcmple.o
        56          0          0          0          0         88   d2f.o
       334          0          0          0          0        148   dadd.o
       222          0          0          0          0        100   ddiv.o
       186          0          0          0          0        176   depilogue.o
        62          0          0          0          0         80   dfixi.o
        48          0          0          0          0         68   dfixul.o
        34          0          0          0          0         76   dflti.o
        26          0          0          0          0         76   dfltui.o
       228          0          0          0          0         96   dmul.o
       162          0          0          0          0        100   dsqrt.o
        38          0          0          0          0         68   f2d.o
       110          0          0          0          0        168   fepilogue.o
        66          0          0          0          0         76   ffixl.o
        44          0          0          0          0         92   ffltl.o

    ----------------------------------------------------------------------
     31354       1574        520         28       3608      69615   Library Totals
        20          4          3          0          4          0   (incl. Padding)

    ----------------------------------------------------------------------

      Code (inc. data)   RO Data    RW Data    ZI Data      Debug   Library Name

     20816        780          0         16       3604      62195   libmpllib.lib
      5660        644        384          0          0       3964   m_wm.l
      3146        146        133         12          0       1908   mc_w.l
      1712          0          0          0          0       1548   mf_w.l

    ----------------------------------------------------------------------
     31354       1574        520         28       3608      69615   Library Totals

    ----------------------------------------------------------------------

==============================================================================


      Code (inc. data)   RO Data    RW Data    ZI Data      Debug   

     57720       4548       5668        176      24600     603907   Grand Totals
     57720       4548       5668        176      24600     603907   ELF Image Totals
     57720       4548       5668        176          0          0   ROM Totals

==============================================================================

    Total RO  Size (Code + RO Data)                63388 (  61.90kB)
    Total RW  Size (RW Data + ZI Data)             24776 (  24.20kB)
    Total ROM Size (Code + RO Data + RW Data)      63564 (  62.07kB)

==============================================================================

