Component: ARM Compiler 5.06 update 4 (build 422) Tool: armlink [4d35d2]

==============================================================================

Section Cross References

    main.o(i.gyro_data_ready_cb) refers to main.o(.bss) for .bss
    main.o(i.magn_setup) refers to app_mpu.o(i.mpu_magnetometer_init) for mpu_magnetometer_init
    main.o(i.magn_setup) refers to app_error.o(i.app_error_handler_bare) for app_error_handler_bare
    main.o(i.main) refers to main.o(i.uart_config) for uart_config
    main.o(i.main) refers to nrf_drv_gpiote.o(i.nrf_drv_gpiote_init) for nrf_drv_gpiote_init
    main.o(i.main) refers to app_error.o(i.app_error_handler_bare) for app_error_handler_bare
    main.o(i.main) refers to nrf_drv_gpiote.o(i.nrf_drv_gpiote_in_init) for nrf_drv_gpiote_in_init
    main.o(i.main) refers to main.o(i.mpu_setup) for mpu_setup
    main.o(i.main) refers to main.o(i.magn_setup) for magn_setup
    main.o(i.main) refers to nrf_log_frontend.o(i.nrf_log_init) for nrf_log_init
    main.o(i.main) refers to nrf_drv_mpu_twi.o(i.i2c_write_porting) for i2c_write_porting
    main.o(i.main) refers to nrf_drv_mpu_twi.o(i.mpu_twi_read_test) for mpu_twi_read_test
    main.o(i.main) refers to nrf_log_frontend.o(i.nrf_log_frontend_std_3) for nrf_log_frontend_std_3
    main.o(i.main) refers to nrf_drv_clock.o(i.nrf_drv_clock_init) for nrf_drv_clock_init
    main.o(i.main) refers to nrf_drv_clock.o(i.nrf_drv_clock_lfclk_request) for nrf_drv_clock_lfclk_request
    main.o(i.main) refers to app_timer_1.o(i.app_timer_init) for app_timer_init
    main.o(i.main) refers to app_timer_1.o(i.app_timer_create) for app_timer_create
    main.o(i.main) refers to app_timer_1.o(i.app_timer_start) for app_timer_start
    main.o(i.main) refers to inv_mpu.o(i.mpu_init_inv) for mpu_init_inv
    main.o(i.main) refers to nrf_log_frontend.o(i.nrf_log_frontend_std_0) for nrf_log_frontend_std_0
    main.o(i.main) refers to inv_mpu.o(i.mpu_set_bypass) for mpu_set_bypass
    main.o(i.main) refers to mpl.o(i.inv_init_mpl) for inv_init_mpl
    main.o(i.main) refers to quaternion_supervisor.o(.text) for inv_enable_quaternion
    main.o(i.main) refers to fusion_9axis.o(.text) for inv_enable_9x_sensor_fusion
    main.o(i.main) refers to empl_outputs.o(i.inv_enable_eMPL_outputs) for inv_enable_eMPL_outputs
    main.o(i.main) refers to mpl.o(i.inv_start_mpl) for inv_start_mpl
    main.o(i.main) refers to printfa.o(i.__0printf) for __2printf
    main.o(i.main) refers to main.o(i.nrf_delay_us) for nrf_delay_us
    main.o(i.main) refers to nrf_log_frontend.o(i.nrf_log_frontend_dequeue) for nrf_log_frontend_dequeue
    main.o(i.main) refers to inv_mpu.o(i.mpu_set_sensors) for mpu_set_sensors
    main.o(i.main) refers to nrf_log_frontend.o(i.nrf_log_frontend_std_1) for nrf_log_frontend_std_1
    main.o(i.main) refers to inv_mpu.o(i.mpu_configure_fifo) for mpu_configure_fifo
    main.o(i.main) refers to inv_mpu.o(i.mpu_set_sample_rate) for mpu_set_sample_rate
    main.o(i.main) refers to inv_mpu.o(i.mpu_set_compass_sample_rate) for mpu_set_compass_sample_rate
    main.o(i.main) refers to inv_mpu.o(i.mpu_get_sample_rate) for mpu_get_sample_rate
    main.o(i.main) refers to inv_mpu.o(i.mpu_get_gyro_fsr) for mpu_get_gyro_fsr
    main.o(i.main) refers to inv_mpu.o(i.mpu_get_accel_fsr) for mpu_get_accel_fsr
    main.o(i.main) refers to inv_mpu.o(i.mpu_get_compass_fsr) for mpu_get_compass_fsr
    main.o(i.main) refers to data_builder.o(i.inv_set_gyro_sample_rate) for inv_set_gyro_sample_rate
    main.o(i.main) refers to data_builder.o(i.inv_set_accel_sample_rate) for inv_set_accel_sample_rate
    main.o(i.main) refers to data_builder.o(i.inv_set_compass_sample_rate) for inv_set_compass_sample_rate
    main.o(i.main) refers to ml_math_func.o(i.inv_orientation_matrix_to_scalar) for inv_orientation_matrix_to_scalar
    main.o(i.main) refers to data_builder.o(i.inv_set_gyro_orientation_and_scale) for inv_set_gyro_orientation_and_scale
    main.o(i.main) refers to data_builder.o(i.inv_set_accel_orientation_and_scale) for inv_set_accel_orientation_and_scale
    main.o(i.main) refers to data_builder.o(i.inv_set_compass_orientation_and_scale) for inv_set_compass_orientation_and_scale
    main.o(i.main) refers to nrf_drv_inv_dmp.o(i.millis) for millis
    main.o(i.main) refers to inv_mpu_dmp_motion_driver.o(i.dmp_load_motion_driver_firmware) for dmp_load_motion_driver_firmware
    main.o(i.main) refers to inv_mpu_dmp_motion_driver.o(i.dmp_set_orientation) for dmp_set_orientation
    main.o(i.main) refers to inv_mpu_dmp_motion_driver.o(i.dmp_register_tap_cb) for dmp_register_tap_cb
    main.o(i.main) refers to inv_mpu_dmp_motion_driver.o(i.dmp_register_android_orient_cb) for dmp_register_android_orient_cb
    main.o(i.main) refers to inv_mpu_dmp_motion_driver.o(i.dmp_enable_feature) for dmp_enable_feature
    main.o(i.main) refers to inv_mpu_dmp_motion_driver.o(i.dmp_set_fifo_rate) for dmp_set_fifo_rate
[...]
    .bss                                     0x20000c50   Section      728  data_builder.o(.bss)
    inv_data_builder                         0x20000c50   Data         320  data_builder.o(.bss)
    sensors                                  0x20000d90   Data         408  data_builder.o(.bss)
    .bss                                     0x20000f28   Section      136  results_holder.o(.bss)
    rh                                       0x20000f28   Data         136  results_holder.o(.bss)
    .bss                                     0x20000fb0   Section       84  start_manager.o(.bss)
    inv_start_cb                             0x20000fb0   Data          84  start_manager.o(.bss)
    .bss                                     0x20001004   Section      408  storage_manager.o(.bss)
    ds                                       0x20001004   Data         408  storage_manager.o(.bss)
    .bss                                     0x2000119c   Section       16  inv_mpu_dmp_motion_driver.o(.bss)
    dmp                                      0x2000119c   Data          16  inv_mpu_dmp_motion_driver.o(.bss)
    .bss                                     0x200011ac   Section       40  empl_outputs.o(.bss)
    eMPL_out                                 0x200011ac   Data          40  empl_outputs.o(.bss)
    .bss                                     0x200011d4   Section      312  fusion_9axis.o(.bss)
    .bss                                     0x2000130c   Section      108  quaternion_supervisor.o(.bss)
    inv_quat_data                            0x2000130c   Data         108  quaternion_supervisor.o(.bss)
    .bss                                     0x20001378   Section      184  mag_disturb.o(.bss)
    HEAP                                     0x20001430   Section     8192  arm_startup_nrf52840.o(HEAP)
    STACK                                    0x20003430   Section     8192  arm_startup_nrf52840.o(STACK)

    Global Symbols

    Symbol Name                              Value     Ov Type        Size  Object(Section)

    BuildAttributes$$THM_ISAv4$E$P$D$K$B$S$7EM$VFPi3$EXTD16$VFPS$VFMA$PE$A:L22UL41UL21$X:L11$S22US41US21$IEEE1$IW$USESV6$~STKCKD$USESV7$~SHL$OTIME$ROPI$IEEEX$EBA8$MICROLIB$REQ8$PRES8$EABIv2 0x00000000   Number         0  anon$$obj.o ABSOLUTE
    __ARM_use_no_argv                        0x00000000   Number         0  main.o ABSOLUTE
    __Vectors                                0x00000000   Data           4  arm_startup_nrf52840.o(RESET)
    _printf_a                                0x00000000   Number         0  stubs.o ABSOLUTE
    _printf_c                                0x00000000   Number         0  stubs.o ABSOLUTE
    _printf_charcount                        0x00000000   Number         0  stubs.o ABSOLUTE
    _printf_d                                0x00000000   Number         0  stubs.o ABSOLUTE
    _printf_e                                0x00000000   Number         0  stubs.o ABSOLUTE
    _printf_f                                0x00000000   Number         0  stubs.o ABSOLUTE
    _printf_flags                            0x00000000   Number         0  stubs.o ABSOLUTE
    _printf_fp_dec                           0x00000000   Number         0  stubs.o ABSOLUTE
    _printf_fp_hex                           0x00000000   Number         0  stubs.o ABSOLUTE
    _printf_g                                0x00000000   Number         0  stubs.o ABSOLUTE
    _printf_i                                0x00000000   Number         0  stubs.o ABSOLUTE
    _printf_int_dec                          0x00000000   Number         0  stubs.o ABSOLUTE
    _printf_l                                0x00000000   Number         0  stubs.o ABSOLUTE
    _printf_lc                               0x00000000   Number         0  stubs.o ABSOLUTE
    _printf_ll                               0x00000000   Number         0  stubs.o ABSOLUTE
    _printf_lld                              0x00000000   Number         0  stubs.o ABSOLUTE
    _printf_lli                              0x00000000   Number         0  stubs.o ABSOLUTE
    _printf_llo                              0x00000000   Number         0  stubs.o ABSOLUTE
    _printf_llu                              0x00000000   Number         0  stubs.o ABSOLUTE
    _printf_llx                              0x00000000   Number         0  stubs.o ABSOLUTE
    _printf_longlong_dec                     0x00000000   Number         0  stubs.o ABSOLUTE
    _printf_longlong_hex                     0x00000000   Number         0  stubs.o ABSOLUTE
    _printf_longlong_oct                     0x00000000   Number         0  stubs.o ABSOLUTE
    _printf_ls                               0x00000000   Number         0  stubs.o ABSOLUTE
    _printf_mbtowc                           0x00000000   Number         0  stubs.o ABSOLUTE
    _printf_n                                0x00000000   Number         0  stubs.o ABSOLUTE
    _printf_o                                0x00000000   Number         0  stubs.o ABSOLUTE
    _printf_p                                0x00000000   Number         0  stubs.o ABSOLUTE
    _printf_percent                          0x00000000   Number         0  stubs.o ABSOLUTE
    _printf_pre_padding                      0x00000000   Number         0  stubs.o ABSOLUTE
    _printf_return_value                     0x00000000   Number         0  stubs.o ABSOLUTE
    _printf_s                                0x00000000   Number         0  stubs.o ABSOLUTE
    _printf_sizespec                         0x00000000   Number         0  stubs.o ABSOLUTE
    _printf_str                              0x00000000   Number         0  stubs.o ABSOLUTE
    _printf_truncate_signed                  0x00000000   Number         0  stubs.o ABSOLUTE
    _printf_truncate_unsigned                0x00000000   Number         0  stubs.o ABSOLUTE
    _printf_u                                0x00000000   Number         0  stubs.o ABSOLUTE
    _printf_wc                               0x00000000   Number         0  stubs.o ABSOLUTE
    _printf_wctomb                           0x00000000   Number         0  stubs.o ABSOLUTE
    _printf_widthprec                        0x00000000   Number         0  stubs.o ABSOLUTE
    _printf_x                                0x00000000   Number         0  stubs.o ABSOLUTE
    __cpp_initialize__aeabi_                  - Undefined Weak Reference
    __cxa_finalize                            - Undefined Weak Reference
    __decompress                              - Undefined Weak Reference
    _clock_init                               - Undefined Weak Reference
    _microlib_exit                            - Undefined Weak Reference
    __Vectors_End                            0x00000200   Data           0  arm_startup_nrf52840.o(RESET)
    __Vectors_Size                           0x00000200   Number         0  arm_startup_nrf52840.o ABSOLUTE
    __main                                   0x00000201   Thumb Code     0  entry.o(.ARM.Collect$$$$00000000)
    _main_stk                                0x00000201   Thumb Code     0  entry2.o(.ARM.Collect$$$$00000001)
    _main_scatterload                        0x00000205   Thumb Code     0  entry5.o(.ARM.Collect$$$$00000004)
    __main_after_scatterload                 0x00000209   Thumb Code     0  entry5.o(.ARM.Collect$$$$00000004)
    _main_clock                              0x00000209   Thumb Code     0  entry7b.o(.ARM.Collect$$$$00000008)
    _main_cpp_init                           0x00000209   Thumb Code     0  entry8b.o(.ARM.Collect$$$$0000000A)
    _main_init                               0x00000209   Thumb Code     0  entry9a.o(.ARM.Collect$$$$0000000B)
    __rt_final_cpp                           0x00000211   Thumb Code     0  entry10a.o(.ARM.Collect$$$$0000000D)
    __rt_final_exit                          0x00000211   Thumb Code     0  entry11a.o(.ARM.Collect$$$$0000000F)
    Reset_Handler                            0x00000215   Thumb Code     8  arm_startup_nrf52840.o(.text)
    NMI_Handler                              0x0000021d   Thumb Code     2  arm_startup_nrf52840.o(.text)
    HardFault_Handler                        0x0000021f   Thumb Code     2  arm_startup_nrf52840.o(.text)
    MemoryManagement_Handler                 0x00000221   Thumb Code     2  arm_startup_nrf52840.o(.text)
    BusFault_Handler                         0x00000223   Thumb Code     2  arm_startup_nrf52840.o(.text)
    UsageFault_Handler                       0x00000225   Thumb Code     2  arm_startup_nrf52840.o(.text)
    SVC_Handler                              0x00000227   Thumb Code     2  arm_startup_nrf52840.o(.text)
    DebugMon_Handler                         0x00000229   Thumb Code     2  arm_startup_nrf52840.o(.text)
    PendSV_Handler                           0x0000022b   Thumb Code     2  arm_startup_nrf52840.o(.text)
    SysTick_Handler                          0x0000022d   Thumb Code     2  arm_startup_nrf52840.o(.text)
    CCM_AAR_IRQHandler                       0x0000022f   Thumb Code     0  arm_startup_nrf52840.o(.text)
    COMP_LPCOMP_IRQHandler                   0x0000022f   Thumb Code     0  arm_startup_nrf52840.o(.text)
    CRYPTOCELL_IRQHandler                    0x0000022f   Thumb Code     0  arm_startup_nrf52840.o(.text)
    ECB_IRQHandler                           0x0000022f   Thumb Code     0  arm_startup_nrf52840.o(.text)
    FPU_IRQHandler                           0x0000022f   Thumb Code     0  arm_startup_nrf52840.o(.text)
    I2S_IRQHandler                           0x0000022f   Thumb Code     0  arm_startup_nrf52840.o(.text)
    MWU_IRQHandler                           0x0000022f   Thumb Code     0  arm_startup_nrf52840.o(.text)
    NFCT_IRQHandler                          0x0000022f   Thumb Code     0  arm_startup_nrf52840.o(.text)
    PDM_IRQHandler                           0x0000022f   Thumb Code     0  arm_startup_nrf52840.o(.text)
    PWM0_IRQHandler                          0x0000022f   Thumb Code     0  arm_startup_nrf52840.o(.text)
    PWM1_IRQHandler                          0x0000022f   Thumb Code     0  arm_startup_nrf52840.o(.text)
    PWM2_IRQHandler                          0x0000022f   Thumb Code     0  arm_startup_nrf52840.o(.text)
    PWM3_IRQHandler                          0x0000022f   Thumb Code     0  arm_startup_nrf52840.o(.text)
    QDEC_IRQHandler                          0x0000022f   Thumb Code     0  arm_startup_nrf52840.o(.text)
    QSPI_IRQHandler                          0x0000022f   Thumb Code     0  arm_startup_nrf52840.o(.text)
    RADIO_IRQHandler                         0x0000022f   Thumb Code     0  arm_startup_nrf52840.o(.text)
    RNG_IRQHandler                           0x0000022f   Thumb Code     0  arm_startup_nrf52840.o(.text)
    RTC0_IRQHandler                          0x0000022f   Thumb Code     0  arm_startup_nrf52840.o(.text)
    RTC2_IRQHandler                          0x0000022f   Thumb Code     0  arm_startup_nrf52840.o(.text)
    SAADC_IRQHandler                         0x0000022f   Thumb Code     0  arm_startup_nrf52840.o(.text)
    SPIM1_SPIS1_TWIM1_TWIS1_SPI1_TWI1_IRQHandler 0x0000022f   Thumb Code     0  arm_startup_nrf52840.o(.text)
    SPIM2_SPIS2_SPI2_IRQHandler              0x0000022f   Thumb Code     0  arm_startup_nrf52840.o(.text)
    SPIM3_IRQHandler                         0x0000022f   Thumb Code     0  arm_startup_nrf52840.o(.text)
    SWI1_EGU1_IRQHandler                     0x0000022f   Thumb Code     0  arm_startup_nrf52840.o(.text)
    SWI2_EGU2_IRQHandler                     0x0000022f   Thumb Code     0  arm_startup_nrf52840.o(.text)
    SWI3_EGU3_IRQHandler                     0x0000022f   Thumb Code     0  arm_startup_nrf52840.o(.text)
    SWI4_EGU4_IRQHandler                     0x0000022f   Thumb Code     0  arm_startup_nrf52840.o(.text)
    SWI5_EGU5_IRQHandler                     0x0000022f   Thumb Code     0  arm_startup_nrf52840.o(.text)
    TEMP_IRQHandler                          0x0000022f   Thumb Code     0  arm_startup_nrf52840.o(.text)
    TIMER0_IRQHandler                        0x0000022f   Thumb Code     0  arm_startup_nrf52840.o(.text)
    TIMER1_IRQHandler                        0x0000022f   Thumb Code     0  arm_startup_nrf52840.o(.text)
    TIMER2_IRQHandler                        0x0000022f   Thumb Code     0  arm_startup_nrf52840.o(.text)
    TIMER3_IRQHandler                        0x0000022f   Thumb Code     0  arm_startup_nrf52840.o(.text)
    TIMER4_IRQHandler                        0x0000022f   Thumb Code     0  arm_startup_nrf52840.o(.text)
    UARTE1_IRQHandler                        0x0000022f   Thumb Code     0  arm_startup_nrf52840.o(.text)
    USBD_IRQHandler                          0x0000022f   Thumb Code     0  arm_startup_nrf52840.o(.text)
    WDT_IRQHandler                           0x0000022f   Thumb Code     0  arm_startup_nrf52840.o(.text)
    inv_filter_correction_angle              0x000002e5   Thumb Code   374  fusion_9axis.o(.text)
    inv_perform_9x_fusion                    0x0000045b   Thumb Code   894  fusion_9axis.o(.text)
    inv_process_9x_sensor_fusion_cb          0x000007d9   Thumb Code   120  fusion_9axis.o(.text)
    inv_init_9x_fusion                       0x00000851   Thumb Code    52  fusion_9axis.o(.text)
    inv_9x_fusion_set_mag_fb                 0x00000885   Thumb Code    10  fusion_9axis.o(.text)
    inv_9x_fusion_enable_jitter_reduction    0x0000088f   Thumb Code    10  fusion_9axis.o(.text)
    inv_9x_fusion_use_timestamps             0x00000899   Thumb Code    10  fusion_9axis.o(.text)
    inv_start_9x_sensor_fusion               0x000008a3   Thumb Code    14  fusion_9axis.o(.text)
    inv_stop_9x_sensor_fusion                0x000008b1   Thumb Code     8  fusion_9axis.o(.text)
    inv_enable_9x_sensor_fusion              0x000008b9   Thumb Code    30  fusion_9axis.o(.text)
    inv_disable_9x_sensor_fusion             0x000008d7   Thumb Code     8  fusion_9axis.o(.text)
    inv_generate_gyro_quaternion             0x00000ca1   Thumb Code   348  quaternion_supervisor.o(.text)
    inv_set_quaternion                       0x00000fb3   Thumb Code    36  quaternion_supervisor.o(.text)
    inv_generate_accel_gyro_quaternion       0x00000fd7   Thumb Code   468  quaternion_supervisor.o(.text)
    inv_stop_quaternion                      0x000011ef   Thumb Code     6  quaternion_supervisor.o(.text)
    inv_init_quaternion                      0x000011f5   Thumb Code    34  quaternion_supervisor.o(.text)
    inv_start_quaternion                     0x00001217   Thumb Code    34  quaternion_supervisor.o(.text)
    inv_enable_quaternion                    0x00001239   Thumb Code    24  quaternion_supervisor.o(.text)
    inv_disable_quaternion                   0x00001251   Thumb Code    20  quaternion_supervisor.o(.text)
    inv_set_magnetic_disturbance             0x0000127d   Thumb Code    16  mag_disturb.o(.text)
    inv_init_magnetic_disturbance            0x0000128d   Thumb Code    68  mag_disturb.o(.text)
    MagDisturbSetDisturbance                 0x000012d1   Thumb Code   108  mag_disturb.o(.text)
    MagDisturbCheckSettling                  0x0000133d   Thumb Code    68  mag_disturb.o(.text)
    ComputeAngleVelocity                     0x00001381   Thumb Code    94  mag_disturb.o(.text)
    inv_disable_dip_tracking                 0x000013df   Thumb Code    10  mag_disturb.o(.text)
    Mag3ofNormalizedLong                     0x000013e9   Thumb Code    60  mag_disturb.o(.text)
    inv_track_dip_angle                      0x00001425   Thumb Code   126  mag_disturb.o(.text)
    inv_check_magnetic_disturbance           0x000014a3   Thumb Code   758  mag_disturb.o(.text)
    inv_magnetic_disturbance_process         0x00001799   Thumb Code    50  mag_disturb.o(.text)
    inv_start_magnetic_disturbance           0x000017cb   Thumb Code    14  mag_disturb.o(.text)
    inv_stop_magnetic_disturbance            0x000017d9   Thumb Code     8  mag_disturb.o(.text)
    inv_enable_magnetic_disturbance          0x000017e1   Thumb Code    40  mag_disturb.o(.text)
    inv_disable_magnetic_disturbance         0x00001809   Thumb Code    22  mag_disturb.o(.text)
    inv_enable_dip_tracking                  0x0000181f   Thumb Code    14  mag_disturb.o(.text)
    inv_get_magnetic_disturbance_state       0x0000182d   Thumb Code     8  mag_disturb.o(.text)
    __aeabi_lasr                             0x0000183d   Thumb Code    36  llsshr.o(.text)
    _ll_sshift_r                             0x0000183d   Thumb Code     0  llsshr.o(.text)
    __rt_ctype_table                         0x00001861   Thumb Code     4  ctype_o.o(.text)
    ___aeabi_memcpy8$move                    0x00001869   Thumb Code     0  memmovea.o(.text)
    __aeabi_memcpy                           0x00001869   Thumb Code    64  memmovea.o(.text)
    __aeabi_memcpy4                          0x00001869   Thumb Code     0  memmovea.o(.text)
    __aeabi_memmove                          0x00001869   Thumb Code     0  memmovea.o(.text)
    __aeabi_memmove4                         0x00001869   Thumb Code     0  memmovea.o(.text)
    __aeabi_memmove8                         0x00001869   Thumb Code     0  memmovea.o(.text)
    __aeabi_memset                           0x000018a9   Thumb Code    14  memseta.o(.text)
    __aeabi_memset4                          0x000018a9   Thumb Code     0  memseta.o(.text)
    __aeabi_memset8                          0x000018a9   Thumb Code     0  memseta.o(.text)
    __aeabi_memclr                           0x000018b7   Thumb Code     4  memseta.o(.text)
    __aeabi_memclr4                          0x000018b7   Thumb Code     0  memseta.o(.text)
    __aeabi_memclr8                          0x000018b7   Thumb Code     0  memseta.o(.text)
    _memset$wrapper                          0x000018bb   Thumb Code    18  memseta.o(.text)
    strlen                                   0x000018cd   Thumb Code    14  strlen.o(.text)
    memcmp                                   0x000018db   Thumb Code    26  memcmp.o(.text)
    __aeabi_dadd                             0x000018f5   Thumb Code   322  dadd.o(.text)
    __aeabi_dsub                             0x00001a37   Thumb Code     6  dadd.o(.text)
    __aeabi_drsub                            0x00001a3d   Thumb Code     6  dadd.o(.text)
    __aeabi_dmul                             0x00001a43   Thumb Code   228  dmul.o(.text)
    __aeabi_ddiv                             0x00001b27   Thumb Code   222  ddiv.o(.text)
    __aeabi_i2d                              0x00001c05   Thumb Code    34  dflti.o(.text)
    __aeabi_d2iz                             0x00001c27   Thumb Code    62  dfixi.o(.text)
    __aeabi_f2d                              0x00001c65   Thumb Code    38  f2d.o(.text)
    __aeabi_cdrcmple                         0x00001c8d   Thumb Code    48  cdrcmple.o(.text)
    __aeabi_d2f                              0x00001cbd   Thumb Code    56  d2f.o(.text)
    __aeabi_uidiv                            0x00001cf5   Thumb Code     0  uidiv.o(.text)
    __aeabi_uidivmod                         0x00001cf5   Thumb Code    44  uidiv.o(.text)
    __aeabi_uldivmod                         0x00001d21   Thumb Code    98  uldiv.o(.text)
    __aeabi_llsl                             0x00001d83   Thumb Code    30  llshl.o(.text)
    _ll_shift_l                              0x00001d83   Thumb Code     0  llshl.o(.text)
    __aeabi_llsr                             0x00001da1   Thumb Code    32  llushr.o(.text)
    _ll_ushift_r                             0x00001da1   Thumb Code     0  llushr.o(.text)
    __I$use$fp                               0x00001dc1   Thumb Code     0  iusefp.o(.text)
    _float_round                             0x00001dc1   Thumb Code    18  fepilogue.o(.text)
    _float_epilogue                          0x00001dd3   Thumb Code    92  fepilogue.o(.text)
    _double_round                            0x00001e2f   Thumb Code    30  depilogue.o(.text)
    _double_epilogue                         0x00001e4d   Thumb Code   156  depilogue.o(.text)
    __aeabi_d2ulz                            0x00001ee9   Thumb Code    48  dfixul.o(.text)
    __scatterload                            0x00001f19   Thumb Code    28  init.o(.text)
    __scatterload_rt2                        0x00001f19   Thumb Code     0  init.o(.text)
    GPIOTE_IRQHandler                        0x00001f3d   Thumb Code   430  nrf_drv_gpiote.o(i.GPIOTE_IRQHandler)
    POWER_CLOCK_IRQHandler                   0x00002159   Thumb Code   180  nrf_drv_clock.o(i.POWER_CLOCK_IRQHandler)
    RTC1_IRQHandler                          0x00002211   Thumb Code    32  app_timer_1.o(i.RTC1_IRQHandler)
    SPIM0_SPIS0_TWIM0_TWIS0_SPI0_TWI0_IRQHandler 0x00002235   Thumb Code     8  nrf_drv_twi.o(i.SPIM0_SPIS0_TWIM0_TWIS0_SPI0_TWI0_IRQHandler)
    SWI0_EGU0_IRQHandler                     0x00002245   Thumb Code     4  app_timer_1.o(i.SWI0_EGU0_IRQHandler)
    SystemInit                               0x00002249   Thumb Code   432  system_nrf52840.o(i.SystemInit)
    UARTE0_UART0_IRQHandler                  0x00002431   Thumb Code    20  nrf_drv_uart.o(i.UARTE0_UART0_IRQHandler)
    _MLPrintLog                              0x0000244d   Thumb Code   152  nrf_drv_inv_dmp.o(i._MLPrintLog)
    __0printf                                0x000024f1   Thumb Code    22  printfa.o(i.__0printf)
    __1printf                                0x000024f1   Thumb Code     0  printfa.o(i.__0printf)
    __2printf                                0x000024f1   Thumb Code     0  printfa.o(i.__0printf)
    __c89printf                              0x000024f1   Thumb Code     0  printfa.o(i.__0printf)
    printf                                   0x000024f1   Thumb Code     0  printfa.o(i.__0printf)
    __0snprintf                              0x00002511   Thumb Code    44  printfa.o(i.__0snprintf)
    __1snprintf                              0x00002511   Thumb Code     0  printfa.o(i.__0snprintf)
    __2snprintf                              0x00002511   Thumb Code     0  printfa.o(i.__0snprintf)
    __c89snprintf                            0x00002511   Thumb Code     0  printfa.o(i.__0snprintf)
    snprintf                                 0x00002511   Thumb Code     0  printfa.o(i.__0snprintf)
    __0vsprintf                              0x00002541   Thumb Code    30  printfa.o(i.__0vsprintf)
    __1vsprintf                              0x00002541   Thumb Code     0  printfa.o(i.__0vsprintf)
    __2vsprintf                              0x00002541   Thumb Code     0  printfa.o(i.__0vsprintf)
    __c89vsprintf                            0x00002541   Thumb Code     0  printfa.o(i.__0vsprintf)
    vsprintf                                 0x00002541   Thumb Code     0  printfa.o(i.__0vsprintf)
    __ARM_fpclassifyf                        0x00002565   Thumb Code    38  fpclassifyf.o(i.__ARM_fpclassifyf)
    __hardfp_acosf                           0x0000258d   Thumb Code   234  acosf.o(i.__hardfp_acosf)
    __hardfp_atan2f                          0x000026a5   Thumb Code   502  atan2f.o(i.__hardfp_atan2f)
    __hardfp_cosf                            0x000028f5   Thumb Code   280  cosf.o(i.__hardfp_cosf)
    __hardfp_sinf                            0x00002a45   Thumb Code   344  sinf.o(i.__hardfp_sinf)
    __hardfp_sqrtf                           0x00002bd5   Thumb Code    58  sqrtf.o(i.__hardfp_sqrtf)
    __mathlib_flt_infnan                     0x00002c0f   Thumb Code     6  funder.o(i.__mathlib_flt_infnan)
    __mathlib_flt_infnan2                    0x00002c15   Thumb Code     6  funder.o(i.__mathlib_flt_infnan2)
    __mathlib_flt_invalid                    0x00002c1d   Thumb Code    10  funder.o(i.__mathlib_flt_invalid)
    __mathlib_flt_underflow                  0x00002c2d   Thumb Code    10  funder.o(i.__mathlib_flt_underflow)
    __mathlib_rredf2                         0x00002c3d   Thumb Code   316  rredf.o(i.__mathlib_rredf2)
    __scatterload_copy                       0x00002dc1   Thumb Code    14  handlers.o(i.__scatterload_copy)
    __scatterload_null                       0x00002dcf   Thumb Code     2  handlers.o(i.__scatterload_null)
    __scatterload_zeroinit                   0x00002dd1   Thumb Code    14  handlers.o(i.__scatterload_zeroinit)
    __set_errno                              0x00002de1   Thumb Code     6  errno.o(i.__set_errno)
    app_error_fault_handler                  0x000036c1   Thumb Code    54  app_error_weak.o(i.app_error_fault_handler)
    app_error_handler_bare                   0x0000372d   Thumb Code    22  app_error.o(i.app_error_handler_bare)
    app_fifo_get                             0x00003743   Thumb Code    22  app_fifo.o(i.app_fifo_get)
    app_fifo_init                            0x00003759   Thumb Code    32  app_fifo.o(i.app_fifo_init)
    app_fifo_put                             0x00003779   Thumb Code    26  app_fifo.o(i.app_fifo_put)
    app_timer_cnt_get                        0x00003795   Thumb Code     6  app_timer_1.o(i.app_timer_cnt_get)
    app_timer_create                         0x000037a1   Thumb Code    32  app_timer_1.o(i.app_timer_create)
    app_timer_init                           0x000037c5   Thumb Code    70  app_timer_1.o(i.app_timer_init)
    app_timer_start                          0x00003819   Thumb Code   120  app_timer_1.o(i.app_timer_start)
    app_uart_init                            0x00003899   Thumb Code   164  app_uart_fifo.o(i.app_uart_init)
    app_uart_put                             0x0000394d   Thumb Code    52  app_uart_fifo.o(i.app_uart_put)
    app_util_critical_region_enter           0x00003989   Thumb Code     4  app_util_platform.o(i.app_util_critical_region_enter)
    app_util_critical_region_exit            0x0000398d   Thumb Code     4  app_util_platform.o(i.app_util_critical_region_exit)
    app_util_disable_irq                     0x00003991   Thumb Code    12  app_util_platform.o(i.app_util_disable_irq)
    app_util_enable_irq                      0x000039a1   Thumb Code    14  app_util_platform.o(i.app_util_enable_irq)
    bsp_board_led_off                        0x00003a5d   Thumb Code    10  boards.o(i.bsp_board_led_off)
    bsp_board_leds_init                      0x00003a6d   Thumb Code    38  boards.o(i.bsp_board_leds_init)
    bsp_board_leds_off                       0x00003a99   Thumb Code    18  boards.o(i.bsp_board_leds_off)
    buffer_is_empty                          0x00003b1d   Thumb Code    16  nrf_log_frontend.o(i.buffer_is_empty)
    dmp_enable_6x_lp_quat                    0x00003ced   Thumb Code    58  inv_mpu_dmp_motion_driver.o(i.dmp_enable_6x_lp_quat)
    dmp_enable_feature                       0x00003d29   Thumb Code   464  inv_mpu_dmp_motion_driver.o(i.dmp_enable_feature)
    dmp_enable_gyro_cal                      0x00003f01   Thumb Code    34  inv_mpu_dmp_motion_driver.o(i.dmp_enable_gyro_cal)
    dmp_enable_lp_quat                       0x00003f3d   Thumb Code    58  inv_mpu_dmp_motion_driver.o(i.dmp_enable_lp_quat)
    dmp_load_motion_driver_firmware          0x00003f79   Thumb Code    16  inv_mpu_dmp_motion_driver.o(i.dmp_load_motion_driver_firmware)
    dmp_read_fifo                            0x00003f8d   Thumb Code   324  inv_mpu_dmp_motion_driver.o(i.dmp_read_fifo)
    dmp_register_android_orient_cb           0x000040d5   Thumb Code     8  inv_mpu_dmp_motion_driver.o(i.dmp_register_android_orient_cb)
    dmp_register_tap_cb                      0x000040e1   Thumb Code     8  inv_mpu_dmp_motion_driver.o(i.dmp_register_tap_cb)
    dmp_set_fifo_rate                        0x000040ed   Thumb Code    82  inv_mpu_dmp_motion_driver.o(i.dmp_set_fifo_rate)
    dmp_set_orientation                      0x00004151   Thumb Code   246  inv_mpu_dmp_motion_driver.o(i.dmp_set_orientation)
    dmp_set_shake_reject_thresh              0x0000425d   Thumb Code    48  inv_mpu_dmp_motion_driver.o(i.dmp_set_shake_reject_thresh)
    dmp_set_shake_reject_time                0x0000428d   Thumb Code    32  inv_mpu_dmp_motion_driver.o(i.dmp_set_shake_reject_time)
    dmp_set_shake_reject_timeout             0x000042ad   Thumb Code    32  inv_mpu_dmp_motion_driver.o(i.dmp_set_shake_reject_timeout)
    dmp_set_tap_axes                         0x000042cd   Thumb Code    64  inv_mpu_dmp_motion_driver.o(i.dmp_set_tap_axes)
    dmp_set_tap_count                        0x0000430d   Thumb Code    34  inv_mpu_dmp_motion_driver.o(i.dmp_set_tap_count)
    dmp_set_tap_thresh                       0x00004331   Thumb Code   314  inv_mpu_dmp_motion_driver.o(i.dmp_set_tap_thresh)
    dmp_set_tap_time                         0x00004491   Thumb Code    32  inv_mpu_dmp_motion_driver.o(i.dmp_set_tap_time)
    dmp_set_tap_time_multi                   0x000044b1   Thumb Code    32  inv_mpu_dmp_motion_driver.o(i.dmp_set_tap_time_multi)
    fputc                                    0x00004537   Thumb Code    14  retarget.o(i.fputc)
    free                                     0x00004545   Thumb Code    76  malloc.o(i.free)
    i2c_write_porting                        0x000045c1   Thumb Code   102  nrf_drv_mpu_twi.o(i.i2c_write_porting)
    inv_compass_angle                        0x000046b9   Thumb Code   162  ml_math_func.o(i.inv_compass_angle)
    inv_convert_to_body_with_scale           0x00004765   Thumb Code    92  ml_math_func.o(i.inv_convert_to_body_with_scale)
    inv_enable_eMPL_outputs                  0x00004811   Thumb Code    20  empl_outputs.o(i.inv_enable_eMPL_outputs)
    inv_enable_results_holder                0x0000482d   Thumb Code    22  results_holder.o(i.inv_enable_results_holder)
    inv_execute_mpl_start_notification       0x00004849   Thumb Code    38  start_manager.o(i.inv_execute_mpl_start_notification)
    inv_generate_results                     0x00004919   Thumb Code    10  results_holder.o(i.inv_generate_results)
    inv_get_6axis_quaternion                 0x00004929   Thumb Code    14  results_holder.o(i.inv_get_6axis_quaternion)
    inv_get_acc_state                        0x0000493d   Thumb Code     6  results_holder.o(i.inv_get_acc_state)
    inv_get_accel_accuracy                   0x00004949   Thumb Code     6  data_builder.o(i.inv_get_accel_accuracy)
    inv_get_accel_on                         0x00004955   Thumb Code    12  data_builder.o(i.inv_get_accel_on)
    inv_get_accel_set                        0x00004965   Thumb Code    34  data_builder.o(i.inv_get_accel_set)
    inv_get_compass_correction               0x0000498d   Thumb Code    20  results_holder.o(i.inv_get_compass_correction)
    inv_get_compass_on                       0x000049a5   Thumb Code    12  data_builder.o(i.inv_get_compass_on)
    inv_get_gravity                          0x000049b5   Thumb Code    80  results_holder.o(i.inv_get_gravity)
    inv_get_gyro                             0x00004a09   Thumb Code    10  data_builder.o(i.inv_get_gyro)
    inv_get_gyro_accuracy                    0x00004a19   Thumb Code     6  data_builder.o(i.inv_get_gyro_accuracy)
    inv_get_gyro_bias                        0x00004a25   Thumb Code    26  data_builder.o(i.inv_get_gyro_bias)
    inv_get_gyro_on                          0x00004a49   Thumb Code    10  data_builder.o(i.inv_get_gyro_on)
    inv_get_gyro_sum_of_sqr                  0x00004a59   Thumb Code    26  ml_math_func.o(i.inv_get_gyro_sum_of_sqr)
    inv_get_last_timestamp                   0x00004a75   Thumb Code    66  data_builder.o(i.inv_get_last_timestamp)
    inv_get_linear_accel                     0x00004abd   Thumb Code    58  results_holder.o(i.inv_get_linear_accel)
    inv_get_local_field                      0x00004af9   Thumb Code    10  results_holder.o(i.inv_get_local_field)
    inv_get_mag_accuracy                     0x00004b09   Thumb Code    20  data_builder.o(i.inv_get_mag_accuracy)
    inv_get_quaternion                       0x00004b25   Thumb Code    48  results_holder.o(i.inv_get_quaternion)
    inv_get_quaternion_set                   0x00004b59   Thumb Code    56  results_holder.o(i.inv_get_quaternion_set)
    inv_got_compass_bias                     0x00004b91   Thumb Code     6  results_holder.o(i.inv_got_compass_bias)
    inv_init_data_builder                    0x00004b9d   Thumb Code    44  data_builder.o(i.inv_init_data_builder)
    inv_init_mpl                             0x00004bd9   Thumb Code    94  mpl.o(i.inv_init_mpl)
    inv_init_results_holder                  0x00004c61   Thumb Code    40  results_holder.o(i.inv_init_results_holder)
    inv_init_start_manager                   0x00004c91   Thumb Code    14  start_manager.o(i.inv_init_start_manager)
    inv_init_storage_manager                 0x00004ca5   Thumb Code    20  storage_manager.o(i.inv_init_storage_manager)
    inv_orientation_matrix_to_scalar         0x00004cbd   Thumb Code    34  ml_math_func.o(i.inv_orientation_matrix_to_scalar)
    inv_q29_mult                             0x00004cdf   Thumb Code    12  ml_math_func.o(i.inv_q29_mult)
    inv_q30_mult                             0x00004ceb   Thumb Code    12  ml_math_func.o(i.inv_q30_mult)
    inv_q_add                                0x00004cf7   Thumb Code    36  ml_math_func.o(i.inv_q_add)
    inv_q_addf                               0x00004d1b   Thumb Code    66  ml_math_func.o(i.inv_q_addf)
    inv_q_invert                             0x00004d5d   Thumb Code    24  ml_math_func.o(i.inv_q_invert)
    inv_q_invertf                            0x00004d75   Thumb Code    46  ml_math_func.o(i.inv_q_invertf)
    inv_q_mult                               0x00004da3   Thumb Code   176  ml_math_func.o(i.inv_q_mult)
    inv_q_multf                              0x00004e53   Thumb Code   210  ml_math_func.o(i.inv_q_multf)
    inv_q_norm4                              0x00004f25   Thumb Code   126  ml_math_func.o(i.inv_q_norm4)
    inv_q_normalizef                         0x00004fa9   Thumb Code   170  ml_math_func.o(i.inv_q_normalizef)
    inv_q_rotate                             0x00005059   Thumb Code    62  ml_math_func.o(i.inv_q_rotate)
    inv_quaternion_to_rotation               0x00005097   Thumb Code   218  ml_math_func.o(i.inv_quaternion_to_rotation)
    inv_register_data_cb                     0x00005171   Thumb Code   150  data_builder.o(i.inv_register_data_cb)
    inv_register_load_store                  0x00005215   Thumb Code   102  storage_manager.o(i.inv_register_load_store)
    inv_register_mpl_start_notification      0x00005281   Thumb Code    28  start_manager.o(i.inv_register_mpl_start_notification)
    inv_reset_compass_soft_iron_matrix       0x000052a1   Thumb Code    70  data_builder.o(i.inv_reset_compass_soft_iron_matrix)
    inv_set_accel_orientation_and_scale      0x0000533d   Thumb Code     8  data_builder.o(i.inv_set_accel_orientation_and_scale)
    inv_set_accel_sample_rate                0x00005349   Thumb Code    34  data_builder.o(i.inv_set_accel_sample_rate)
    inv_set_compass_bias_found               0x00005375   Thumb Code     6  results_holder.o(i.inv_set_compass_bias_found)
    inv_set_compass_correction               0x00005381   Thumb Code    28  results_holder.o(i.inv_set_compass_correction)
    inv_set_compass_disturbance              0x000053a1   Thumb Code     8  data_builder.o(i.inv_set_compass_disturbance)
    inv_set_compass_orientation_and_scale    0x000053ad   Thumb Code    12  data_builder.o(i.inv_set_compass_orientation_and_scale)
    inv_set_compass_sample_rate              0x000053bd   Thumb Code    34  data_builder.o(i.inv_set_compass_sample_rate)
    inv_set_gyro_orientation_and_scale       0x000053e9   Thumb Code     8  data_builder.o(i.inv_set_gyro_orientation_and_scale)
    inv_set_gyro_sample_rate                 0x000053f5   Thumb Code    30  data_builder.o(i.inv_set_gyro_sample_rate)
    inv_set_quat_sample_rate                 0x0000541d   Thumb Code    20  data_builder.o(i.inv_set_quat_sample_rate)
    inv_start_mpl                            0x00005445   Thumb Code    34  mpl.o(i.inv_start_mpl)
    inv_start_results_holder                 0x00005491   Thumb Code    18  results_holder.o(i.inv_start_results_holder)
    inv_store_gaming_quaternion              0x000054a9   Thumb Code    28  results_holder.o(i.inv_store_gaming_quaternion)
    inv_unregister_data_cb                   0x000054c9   Thumb Code    72  data_builder.o(i.inv_unregister_data_cb)
    inv_unregister_mpl_start_notification    0x00005515   Thumb Code    68  start_manager.o(i.inv_unregister_mpl_start_notification)
    magn_setup                               0x000057b9   Thumb Code    36  main.o(i.magn_setup)
    main                                     0x000057dd   Thumb Code   734  main.o(i.main)
    malloc                                   0x00005cfd   Thumb Code    92  malloc.o(i.malloc)
    millis                                   0x00005d69   Thumb Code    30  nrf_drv_inv_dmp.o(i.millis)
    mpu_config                               0x00005d87   Thumb Code    10  app_mpu.o(i.mpu_config)
    mpu_configure_fifo                       0x00005d91   Thumb Code    78  inv_mpu.o(i.mpu_configure_fifo)
    mpu_get_accel_fsr                        0x00005de5   Thumb Code    54  inv_mpu.o(i.mpu_get_accel_fsr)
    mpu_get_compass_fsr                      0x00005e21   Thumb Code    12  inv_mpu.o(i.mpu_get_compass_fsr)
    mpu_get_gyro_fsr                         0x00005e31   Thumb Code    48  inv_mpu.o(i.mpu_get_gyro_fsr)
    mpu_get_int_status                       0x00005e65   Thumb Code    52  inv_mpu.o(i.mpu_get_int_status)
    mpu_get_sample_rate                      0x00005e9d   Thumb Code    22  inv_mpu.o(i.mpu_get_sample_rate)
    mpu_init                                 0x00005eb9   Thumb Code    36  app_mpu.o(i.mpu_init)
    mpu_init_inv                             0x00005edd   Thumb Code   212  inv_mpu.o(i.mpu_init_inv)
    mpu_int_cfg_pin                          0x00005fb5   Thumb Code     8  app_mpu.o(i.mpu_int_cfg_pin)
    mpu_load_firmware                        0x00005fbd   Thumb Code   186  inv_mpu.o(i.mpu_load_firmware)
    mpu_lp_accel_mode                        0x000060a5   Thumb Code   232  inv_mpu.o(i.mpu_lp_accel_mode)
    mpu_magnetometer_init                    0x00006191   Thumb Code    46  app_mpu.o(i.mpu_magnetometer_init)
    mpu_read_fifo_stream                     0x000061c1   Thumb Code   140  inv_mpu.o(i.mpu_read_fifo_stream)
    mpu_read_mem                             0x00006251   Thumb Code    80  inv_mpu.o(i.mpu_read_mem)
    mpu_reset_fifo                           0x000062a5   Thumb Code   346  inv_mpu.o(i.mpu_reset_fifo)
    mpu_set_accel_fsr                        0x00006405   Thumb Code    98  inv_mpu.o(i.mpu_set_accel_fsr)
    mpu_set_bypass                           0x0000646d   Thumb Code   214  inv_mpu.o(i.mpu_set_bypass)
    mpu_set_compass_sample_rate              0x00006549   Thumb Code    76  inv_mpu.o(i.mpu_set_compass_sample_rate)
    mpu_set_dmp_state                        0x00006599   Thumb Code   114  inv_mpu.o(i.mpu_set_dmp_state)
    mpu_set_gyro_fsr                         0x00006611   Thumb Code   104  inv_mpu.o(i.mpu_set_gyro_fsr)
    mpu_set_int_latched                      0x0000667d   Thumb Code    94  inv_mpu.o(i.mpu_set_int_latched)
    mpu_set_lpf                              0x000066e1   Thumb Code   132  inv_mpu.o(i.mpu_set_lpf)
    mpu_set_sample_rate                      0x00006769   Thumb Code   138  inv_mpu.o(i.mpu_set_sample_rate)
    mpu_set_sensors                          0x000067f9   Thumb Code   304  inv_mpu.o(i.mpu_set_sensors)
    mpu_setup                                0x0000692d   Thumb Code    84  main.o(i.mpu_setup)
    mpu_twi_read_test                        0x000069b5   Thumb Code   100  nrf_drv_mpu_twi.o(i.mpu_twi_read_test)
    mpu_write_mem                            0x00006a21   Thumb Code   102  inv_mpu.o(i.mpu_write_mem)
    nrf_drv_clock_hfclk_release              0x00006d15   Thumb Code    34  nrf_drv_clock.o(i.nrf_drv_clock_hfclk_release)
    nrf_drv_clock_hfclk_request              0x00006d3d   Thumb Code    82  nrf_drv_clock.o(i.nrf_drv_clock_hfclk_request)
    nrf_drv_clock_init                       0x00006d95   Thumb Code    66  nrf_drv_clock.o(i.nrf_drv_clock_init)
    nrf_drv_clock_lfclk_request              0x00006de1   Thumb Code    86  nrf_drv_clock.o(i.nrf_drv_clock_lfclk_request)
    nrf_drv_common_irq_enable                0x00006e57   Thumb Code    56  nrf_drv_common.o(i.nrf_drv_common_irq_enable)
    nrf_drv_gpiote_in_init                   0x00006e95   Thumb Code   196  nrf_drv_gpiote.o(i.nrf_drv_gpiote_in_init)
    nrf_drv_gpiote_init                      0x00006f95   Thumb Code   118  nrf_drv_gpiote.o(i.nrf_drv_gpiote_init)
    nrf_drv_mpu_init                         0x00007095   Thumb Code    42  nrf_drv_mpu_twi.o(i.nrf_drv_mpu_init)
    nrf_drv_mpu_read_registers               0x000070c9   Thumb Code    98  nrf_drv_mpu_twi.o(i.nrf_drv_mpu_read_registers)
    nrf_drv_mpu_write_magnetometer_register  0x0000715d   Thumb Code    54  nrf_drv_mpu_twi.o(i.nrf_drv_mpu_write_magnetometer_register)
    nrf_drv_mpu_write_registers              0x0000719d   Thumb Code    72  nrf_drv_mpu_twi.o(i.nrf_drv_mpu_write_registers)
    nrf_drv_mpu_write_single_register        0x000071f1   Thumb Code    54  nrf_drv_mpu_twi.o(i.nrf_drv_mpu_write_single_register)
    nrf_drv_twi_enable                       0x00007231   Thumb Code    28  nrf_drv_twi.o(i.nrf_drv_twi_enable)
    nrf_drv_twi_init                         0x00007251   Thumb Code   134  nrf_drv_twi.o(i.nrf_drv_twi_init)
    nrf_drv_twi_rx                           0x000072dd   Thumb Code    32  nrf_drv_twi.o(i.nrf_drv_twi_rx)
    nrf_drv_twi_tx                           0x00007301   Thumb Code    36  nrf_drv_twi.o(i.nrf_drv_twi_tx)
    nrf_drv_twi_xfer                         0x00007325   Thumb Code    30  nrf_drv_twi.o(i.nrf_drv_twi_xfer)
    nrf_drv_uart_init                        0x00007349   Thumb Code    98  nrf_drv_uart.o(i.nrf_drv_uart_init)
    nrf_drv_uart_rx                          0x000073b1   Thumb Code   170  nrf_drv_uart.o(i.nrf_drv_uart_rx)
    nrf_drv_uart_rx_enable                   0x00007461   Thumb Code    42  nrf_drv_uart.o(i.nrf_drv_uart_rx_enable)
    nrf_drv_uart_tx                          0x000075e9   Thumb Code   262  nrf_drv_uart.o(i.nrf_drv_uart_tx)
    nrf_drv_uart_tx_in_progress              0x000076f5   Thumb Code    18  nrf_drv_uart.o(i.nrf_drv_uart_tx_in_progress)
    nrf_drv_uart_uninit                      0x0000770d   Thumb Code    74  nrf_drv_uart.o(i.nrf_drv_uart_uninit)
    nrf_log_backend_hexdump_handler_get      0x00007985   Thumb Code     4  nrf_log_backend_serial.o(i.nrf_log_backend_hexdump_handler_get)
    nrf_log_backend_init                     0x0000798d   Thumb Code   100  nrf_log_backend_serial.o(i.nrf_log_backend_init)
    nrf_log_backend_std_handler_get          0x00007c41   Thumb Code     4  nrf_log_backend_serial.o(i.nrf_log_backend_std_handler_get)
    nrf_log_blocking_backend_set             0x00007c49   Thumb Code     6  nrf_log_frontend.o(i.nrf_log_blocking_backend_set)
    nrf_log_frontend_dequeue                 0x00007c51   Thumb Code   298  nrf_log_frontend.o(i.nrf_log_frontend_dequeue)
    nrf_log_frontend_init                    0x00007d81   Thumb Code    16  nrf_log_frontend.o(i.nrf_log_frontend_init)
    nrf_log_frontend_std_0                   0x00007d95   Thumb Code    68  nrf_log_frontend.o(i.nrf_log_frontend_std_0)
    nrf_log_frontend_std_1                   0x00007de1   Thumb Code    80  nrf_log_frontend.o(i.nrf_log_frontend_std_1)
    nrf_log_frontend_std_2                   0x00007e39   Thumb Code    96  nrf_log_frontend.o(i.nrf_log_frontend_std_2)
    nrf_log_frontend_std_3                   0x00007ea1   Thumb Code   114  nrf_log_frontend.o(i.nrf_log_frontend_std_3)
    nrf_log_handlers_set                     0x00007f1d   Thumb Code    10  nrf_log_frontend.o(i.nrf_log_handlers_set)
    nrf_log_init                             0x00007f2d   Thumb Code    36  nrf_log_frontend.o(i.nrf_log_init)
    nrf_log_push                             0x00007f51   Thumb Code    90  nrf_log_frontend.o(i.nrf_log_push)
    nrf_strerror_find                        0x00007fb1   Thumb Code    52  nrf_strerror.o(i.nrf_strerror_find)
    nrf_strerror_get                         0x00007fe9   Thumb Code    14  nrf_strerror.o(i.nrf_strerror_get)
    sqrtf                                    0x000083ed   Thumb Code    62  sqrtf.o(i.sqrtf)
    uart_config                              0x00008915   Thumb Code    62  main.o(i.uart_config)
    uart_error_handle                        0x00008965   Thumb Code    18  main.o(i.uart_error_handle)
    updateFifo                               0x00008c39   Thumb Code    56  main.o(i.updateFifo)
    ml_ver                                   0x00008ed0   Data          20  mpl.o(.constdata)
    reg                                      0x00009af5   Data          42  inv_mpu.o(.constdata)
    hw                                       0x00009b20   Data          14  inv_mpu.o(.constdata)
    test                                     0x00009b30   Data          48  inv_mpu.o(.constdata)
    __ctype_table                            0x00009b60   Data         129  ctype_o.o(.constdata)
    Region$$Table$$Base                      0x00009f6c   Number         0  anon$$obj.o(Region$$Table)
    Region$$Table$$Limit                     0x00009f8c   Number         0  anon$$obj.o(Region$$Table)
    mpl_key                                  0x20000000   Data           4  main.o(.data)
    __stdout                                 0x20000040   Data           4  retarget.o(.data)
    SystemCoreClock                          0x2000008c   Data           4  system_nrf52840.o(.data)
    __microlib_freelist                      0x20000090   Data           4  mvars.o(.data)
    __microlib_freelist_initialised          0x20000094   Data           4  mvars.o(.data)
    twi_tx_buffer                            0x20000608   Data          16  nrf_drv_mpu_twi.o(.bss)
    s9axis                                   0x200011d4   Data         312  fusion_9axis.o(.bss)
    mag_disturb                              0x20001378   Data         184  mag_disturb.o(.bss)
    __heap_base                              0x20001430   Data           0  arm_startup_nrf52840.o(HEAP)
    __heap_limit                             0x20003430   Data           0  arm_startup_nrf52840.o(HEAP)
    __initial_sp                             0x20005430   Data           0  arm_startup_nrf52840.o(STACK)



==============================================================================

Memory Map of the image

  Image Entry point : 0x00000201

  Load Region LR_IROM1 (Base: 0x00000000, Size: 0x0000a028, Max: 0x00100000, ABSOLUTE)

    Execution Region ER_IROM1 (Base: 0x00000000, Size: 0x00009f8c, Max: 0x00100000, ABSOLUTE)

    Base Addr    Size         Type   Attr      Idx    E Section Name        Object

    0x00000000   0x00000200   Data   RO         4430    RESET               arm_startup_nrf52840.o
    0x00000200   0x00000000   Code   RO         4808  * .ARM.Collect$$$$00000000  mc_w.l(entry.o)
    0x00000200   0x00000004   Code   RO         5218    .ARM.Collect$$$$00000001  mc_w.l(entry2.o)
    0x00000204   0x00000004   Code   RO         5221    .ARM.Collect$$$$00000004  mc_w.l(entry5.o)
    0x00000208   0x00000000   Code   RO         5223    .ARM.Collect$$$$00000008  mc_w.l(entry7b.o)
    0x00000208   0x00000000   Code   RO         5225    .ARM.Collect$$$$0000000A  mc_w.l(entry8b.o)
    0x00000208   0x00000008   Code   RO         5226    .ARM.Collect$$$$0000000B  mc_w.l(entry9a.o)
    0x00000210   0x00000000   Code   RO         5228    .ARM.Collect$$$$0000000D  mc_w.l(entry10a.o)
    0x00000210   0x00000000   Code   RO         5230    .ARM.Collect$$$$0000000F  mc_w.l(entry11a.o)
    0x00000210   0x00000004   Code   RO         5219    .ARM.Collect$$$$00002712  mc_w.l(entry2.o)
    0x00000214   0x00000024   Code   RO         4431    .text               arm_startup_nrf52840.o
    0x00000238   0x000006b0   Code   RO         4471    .text               libmpllib.lib(fusion_9axis.o)
    0x000008e8   0x00000994   Code   RO         4533    .text               libmpllib.lib(quaternion_supervisor.o)
    0x0000127c   0x000005c0   Code   RO         4578    .text               libmpllib.lib(mag_disturb.o)
    0x0000183c   0x00000024   Code   RO         4813    .text               mc_w.l(llsshr.o)
    0x00001860   0x00000008   Code   RO         4815    .text               mc_w.l(ctype_o.o)
    0x00001868   0x00000040   Code   RO         4845    .text               mc_w.l(memmovea.o)
    0x000018a8   0x00000024   Code   RO         4847    .text               mc_w.l(memseta.o)
    0x000018cc   0x0000000e   Code   RO         4849    .text               mc_w.l(strlen.o)
    0x000018da   0x0000001a   Code   RO         4851    .text               mc_w.l(memcmp.o)
    0x000018f4   0x0000014e   Code   RO         5148    .text               mf_w.l(dadd.o)
    0x00001a42   0x000000e4   Code   RO         5150    .text               mf_w.l(dmul.o)
    0x00001b26   0x000000de   Code   RO         5152    .text               mf_w.l(ddiv.o)
    0x00001c04   0x00000022   Code   RO         5154    .text               mf_w.l(dflti.o)
    0x00001c26   0x0000003e   Code   RO         5156    .text               mf_w.l(dfixi.o)
    0x00001c64   0x00000026   Code   RO         5158    .text               mf_w.l(f2d.o)
    0x00001c8a   0x00000002   PAD
    0x00001c8c   0x00000030   Code   RO         5162    .text               mf_w.l(cdrcmple.o)
    0x00001cbc   0x00000038   Code   RO         5164    .text               mf_w.l(d2f.o)
    0x00001cf4   0x0000002c   Code   RO         5232    .text               mc_w.l(uidiv.o)
    0x00001d20   0x00000062   Code   RO         5234    .text               mc_w.l(uldiv.o)
    0x00001d82   0x0000001e   Code   RO         5236    .text               mc_w.l(llshl.o)
    0x00001da0   0x00000020   Code   RO         5238    .text               mc_w.l(llushr.o)
    0x00001dc0   0x00000000   Code   RO         5249    .text               mc_w.l(iusefp.o)
    0x00001dc0   0x0000006e   Code   RO         5250    .text               mf_w.l(fepilogue.o)
    0x00001e2e   0x000000ba   Code   RO         5252    .text               mf_w.l(depilogue.o)
    0x00001ee8   0x00000030   Code   RO         5260    .text               mf_w.l(dfixul.o)
    0x00001f18   0x00000024   Code   RO         5262    .text               mc_w.l(init.o)
    0x00001f3c   0x000001b8   Code   RO         1348    i.GPIOTE_IRQHandler  nrf_drv_gpiote.o
    0x000020f4   0x00000016   Code   RO         1611    i.NVIC_ClearPendingIRQ  app_timer_1.o
    0x0000210a   0x00000016   Code   RO         1612    i.NVIC_EnableIRQ    app_timer_1.o
    0x00002120   0x00000016   Code   RO         1613    i.NVIC_SetPendingIRQ  app_timer_1.o
    0x00002136   0x00000020   Code   RO         1614    i.NVIC_SetPriority  app_timer_1.o
    0x00002156   0x00000002   PAD
    0x00002158   0x000000b8   Code   RO          909    i.POWER_CLOCK_IRQHandler  nrf_drv_clock.o
    0x00002210   0x00000024   Code   RO         1615    i.RTC1_IRQHandler   app_timer_1.o
    0x00002234   0x00000010   Code   RO          327    i.SPIM0_SPIS0_TWIM0_TWIS0_SPI0_TWI0_IRQHandler  nrf_drv_twi.o
    0x00002244   0x00000004   Code   RO         1616    i.SWI0_EGU0_IRQHandler  app_timer_1.o
    0x00002248   0x000001e8   Code   RO         4439    i.SystemInit        system_nrf52840.o
    0x00002430   0x0000001c   Code   RO         1107    i.UARTE0_UART0_IRQHandler  nrf_drv_uart.o
    0x0000244c   0x000000a4   Code   RO          734    i._MLPrintLog       nrf_drv_inv_dmp.o
    0x000024f0   0x00000020   Code   RO         5092    i.__0printf         mc_w.l(printfa.o)
    0x00002510   0x00000030   Code   RO         5093    i.__0snprintf       mc_w.l(printfa.o)
    0x00002540   0x00000024   Code   RO         5098    i.__0vsprintf       mc_w.l(printfa.o)
    0x00002564   0x00000026   Code   RO         5185    i.__ARM_fpclassifyf  m_wm.l(fpclassifyf.o)
    0x0000258a   0x00000002   PAD
    0x0000258c   0x00000118   Code   RO         4614    i.__hardfp_acosf    m_wm.l(acosf.o)
    0x000026a4   0x00000250   Code   RO         4678    i.__hardfp_atan2f   m_wm.l(atan2f.o)
    0x000028f4   0x00000150   Code   RO         4708    i.__hardfp_cosf     m_wm.l(cosf.o)
    0x00002a44   0x00000190   Code   RO         4772    i.__hardfp_sinf     m_wm.l(sinf.o)
    0x00002bd4   0x0000003a   Code   RO         4796    i.__hardfp_sqrtf    m_wm.l(sqrtf.o)
    0x00002c0e   0x00000006   Code   RO         5188    i.__mathlib_flt_infnan  m_wm.l(funder.o)
    0x00002c14   0x00000006   Code   RO         5189    i.__mathlib_flt_infnan2  m_wm.l(funder.o)
    0x00002c1a   0x00000002   PAD
    0x00002c1c   0x00000010   Code   RO         5190    i.__mathlib_flt_invalid  m_wm.l(funder.o)
    0x00002c2c   0x00000010   Code   RO         5193    i.__mathlib_flt_underflow  m_wm.l(funder.o)
    0x00002c3c   0x00000154   Code   RO         5209    i.__mathlib_rredf2  m_wm.l(rredf.o)
    0x00002d90   0x00000030   Code   RO         3481    i.__print_result_location  mpl.o
    0x00002dc0   0x0000000e   Code   RO         5268    i.__scatterload_copy  mc_w.l(handlers.o)
    0x00002dce   0x00000002   Code   RO         5269    i.__scatterload_null  mc_w.l(handlers.o)
    0x00002dd0   0x0000000e   Code   RO         5270    i.__scatterload_zeroinit  mc_w.l(handlers.o)
    0x00002dde   0x00000002   PAD
    0x00002de0   0x0000000c   Code   RO         5244    i.__set_errno       mc_w.l(errno.o)
    0x00002dec   0x00000184   Code   RO         5099    i._fp_digits        mc_w.l(printfa.o)
    0x00002f70   0x000006dc   Code   RO         5100    i._printf_core      mc_w.l(printfa.o)
    0x0000364c   0x00000024   Code   RO         5101    i._printf_post_padding  mc_w.l(printfa.o)
    0x00003670   0x0000002e   Code   RO         5102    i._printf_pre_padding  mc_w.l(printfa.o)
    0x0000369e   0x00000016   Code   RO         5103    i._snputc           mc_w.l(printfa.o)
    0x000036b4   0x0000000a   Code   RO         5104    i._sputc            mc_w.l(printfa.o)
    0x000036be   0x00000002   Code   RO            4    i.android_orient_cb  main.o
    0x000036c0   0x0000006c   Code   RO         1820    i.app_error_fault_handler  app_error_weak.o
    0x0000372c   0x00000016   Code   RO         1781    i.app_error_handler_bare  app_error.o
    0x00003742   0x00000016   Code   RO         1849    i.app_fifo_get      app_fifo.o
    0x00003758   0x00000020   Code   RO         1850    i.app_fifo_init     app_fifo.o
    0x00003778   0x0000001a   Code   RO         1852    i.app_fifo_put      app_fifo.o
    0x00003792   0x00000002   PAD
    0x00003794   0x0000000c   Code   RO         1618    i.app_timer_cnt_get  app_timer_1.o
    0x000037a0   0x00000024   Code   RO         1619    i.app_timer_create  app_timer_1.o
    0x000037c4   0x00000054   Code   RO         1620    i.app_timer_init    app_timer_1.o
    0x00003818   0x00000080   Code   RO         1623    i.app_timer_start   app_timer_1.o
    0x00003898   0x000000b4   Code   RO         1924    i.app_uart_init     app_uart_fifo.o
    0x0000394c   0x0000003c   Code   RO         1925    i.app_uart_put      app_uart_fifo.o
    0x00003988   0x00000004   Code   RO         1993    i.app_util_critical_region_enter  app_util_platform.o
    0x0000398c   0x00000004   Code   RO         1994    i.app_util_critical_region_exit  app_util_platform.o
    0x00003990   0x00000010   Code   RO         1995    i.app_util_disable_irq  app_util_platform.o
    0x000039a0   0x00000014   Code   RO         1996    i.app_util_enable_irq  app_util_platform.o
    0x000039b4   0x000000a8   Code   RO         1108    i.apply_config      nrf_drv_uart.o
    0x00003a5c   0x00000010   Code   RO          800    i.bsp_board_led_off  boards.o
    0x00003a6c   0x0000002c   Code   RO          803    i.bsp_board_leds_init  boards.o
    0x00003a98   0x00000012   Code   RO          804    i.bsp_board_leds_off  boards.o
    0x00003aaa   0x00000012   Code   RO         2153    i.buf_len_update    nrf_log_backend_serial.o
    0x00003abc   0x00000060   Code   RO         2248    i.buf_prealloc      nrf_log_frontend.o
    0x00003b1c   0x00000014   Code   RO         2249    i.buffer_is_empty   nrf_log_frontend.o
    0x00003b30   0x0000001c   Code   RO         1349    i.channel_free      nrf_drv_gpiote.o
    0x00003b4c   0x00000048   Code   RO         1350    i.channel_port_alloc  nrf_drv_gpiote.o
    0x00003b94   0x00000010   Code   RO         1351    i.channel_port_get  nrf_drv_gpiote.o
    0x00003ba4   0x00000028   Code   RO          911    i.clock_clk_started_notify  nrf_drv_clock.o
    0x00003bcc   0x000000ac   Code   RO         1626    i.compare_reg_update  app_timer_1.o
    0x00003c78   0x00000074   Code   RO         2250    i.cont_buf_prealloc  nrf_log_frontend.o
    0x00003cec   0x0000003a   Code   RO         3824    i.dmp_enable_6x_lp_quat  inv_mpu_dmp_motion_driver.o
    0x00003d26   0x00000002   PAD
    0x00003d28   0x000001d8   Code   RO         3825    i.dmp_enable_feature  inv_mpu_dmp_motion_driver.o
    0x00003f00   0x0000003c   Code   RO         3826    i.dmp_enable_gyro_cal  inv_mpu_dmp_motion_driver.o
    0x00003f3c   0x0000003a   Code   RO         3827    i.dmp_enable_lp_quat  inv_mpu_dmp_motion_driver.o
    0x00003f76   0x00000002   PAD
    0x00003f78   0x00000014   Code   RO         3832    i.dmp_load_motion_driver_firmware  inv_mpu_dmp_motion_driver.o
    0x00003f8c   0x00000148   Code   RO         3833    i.dmp_read_fifo     inv_mpu_dmp_motion_driver.o
    0x000040d4   0x0000000c   Code   RO         3834    i.dmp_register_android_orient_cb  inv_mpu_dmp_motion_driver.o
    0x000040e0   0x0000000c   Code   RO         3835    i.dmp_register_tap_cb  inv_mpu_dmp_motion_driver.o
    0x000040ec   0x00000064   Code   RO         3837    i.dmp_set_fifo_rate  inv_mpu_dmp_motion_driver.o
    0x00004150   0x0000010c   Code   RO         3840    i.dmp_set_orientation  inv_mpu_dmp_motion_driver.o
    0x0000425c   0x00000030   Code   RO         3843    i.dmp_set_shake_reject_thresh  inv_mpu_dmp_motion_driver.o
    0x0000428c   0x00000020   Code   RO         3844    i.dmp_set_shake_reject_time  inv_mpu_dmp_motion_driver.o
    0x000042ac   0x00000020   Code   RO         3845    i.dmp_set_shake_reject_timeout  inv_mpu_dmp_motion_driver.o
    0x000042cc   0x00000040   Code   RO         3846    i.dmp_set_tap_axes  inv_mpu_dmp_motion_driver.o
    0x0000430c   0x00000022   Code   RO         3847    i.dmp_set_tap_count  inv_mpu_dmp_motion_driver.o
    0x0000432e   0x00000002   PAD
    0x00004330   0x00000160   Code   RO         3848    i.dmp_set_tap_thresh  inv_mpu_dmp_motion_driver.o
    0x00004490   0x00000020   Code   RO         3849    i.dmp_set_tap_time  inv_mpu_dmp_motion_driver.o
    0x000044b0   0x00000020   Code   RO         3850    i.dmp_set_tap_time_multi  inv_mpu_dmp_motion_driver.o
    0x000044d0   0x00000040   Code   RO         1627    i.elapsed_ticks_acquire  app_timer_1.o
    0x00004510   0x00000014   Code   RO         1855    i.fifo_get          app_fifo.o
    0x00004524   0x00000012   Code   RO         1856    i.fifo_put          app_fifo.o
    0x00004536   0x0000000e   Code   RO         2116    i.fputc             retarget.o
    0x00004544   0x00000050   Code   RO         5120    i.free              mc_w.l(malloc.o)
    0x00004594   0x0000000c   Code   RO            5    i.gyro_data_ready_cb  main.o
    0x000045a0   0x00000020   Code   RO          912    i.hfclk_stop        nrf_drv_clock.o
    0x000045c0   0x00000080   Code   RO          524    i.i2c_write_porting  nrf_drv_mpu_twi.o
    0x00004640   0x00000078   Code   RO         1109    i.interrupts_enable  nrf_drv_uart.o
    0x000046b8   0x000000ac   Code   RO         3128    i.inv_compass_angle  ml_math_func.o
    0x00004764   0x0000005c   Code   RO         3130    i.inv_convert_to_body_with_scale  ml_math_func.o
    0x000047c0   0x0000003c   Code   RO         2540    i.inv_db_load_func  data_builder.o
    0x000047fc   0x00000014   Code   RO         2541    i.inv_db_save_func  data_builder.o
    0x00004810   0x0000001c   Code   RO         4357    i.inv_enable_eMPL_outputs  empl_outputs.o
    0x0000482c   0x0000001c   Code   RO         3516    i.inv_enable_results_holder  results_holder.o
    0x00004848   0x0000002c   Code   RO         3751    i.inv_execute_mpl_start_notification  start_manager.o
    0x00004874   0x000000a4   Code   RO         4358    i.inv_generate_eMPL_outputs  empl_outputs.o
    0x00004918   0x00000010   Code   RO         3517    i.inv_generate_results  results_holder.o
    0x00004928   0x00000014   Code   RO         3518    i.inv_get_6axis_quaternion  results_holder.o
    0x0000493c   0x0000000c   Code   RO         3519    i.inv_get_acc_state  results_holder.o
    0x00004948   0x0000000c   Code   RO         2545    i.inv_get_accel_accuracy  data_builder.o
    0x00004954   0x00000010   Code   RO         2547    i.inv_get_accel_on  data_builder.o
    0x00004964   0x00000028   Code   RO         2551    i.inv_get_accel_set  data_builder.o
    0x0000498c   0x00000018   Code   RO         3523    i.inv_get_compass_correction  results_holder.o
    0x000049a4   0x00000010   Code   RO         2554    i.inv_get_compass_on  data_builder.o
    0x000049b4   0x00000054   Code   RO         3525    i.inv_get_gravity   results_holder.o
    0x00004a08   0x00000010   Code   RO         2562    i.inv_get_gyro      data_builder.o
    0x00004a18   0x0000000c   Code   RO         2563    i.inv_get_gyro_accuracy  data_builder.o
    0x00004a24   0x00000024   Code   RO         2564    i.inv_get_gyro_bias  data_builder.o
    0x00004a48   0x00000010   Code   RO         2566    i.inv_get_gyro_on   data_builder.o
    0x00004a58   0x0000001a   Code   RO         3134    i.inv_get_gyro_sum_of_sqr  ml_math_func.o
    0x00004a72   0x00000002   PAD
    0x00004a74   0x00000048   Code   RO         2572    i.inv_get_last_timestamp  data_builder.o
    0x00004abc   0x0000003a   Code   RO         3529    i.inv_get_linear_accel  results_holder.o
    0x00004af6   0x00000002   PAD
    0x00004af8   0x00000010   Code   RO         3531    i.inv_get_local_field  results_holder.o
    0x00004b08   0x0000001c   Code   RO         2573    i.inv_get_mag_accuracy  data_builder.o
    0x00004b24   0x00000034   Code   RO         3534    i.inv_get_quaternion  results_holder.o
    0x00004b58   0x00000038   Code   RO         3536    i.inv_get_quaternion_set  results_holder.o
    0x00004b90   0x0000000c   Code   RO         3538    i.inv_got_compass_bias  results_holder.o
    0x00004b9c   0x0000003c   Code   RO         2576    i.inv_init_data_builder  data_builder.o
    0x00004bd8   0x00000088   Code   RO         3483    i.inv_init_mpl      mpl.o
    0x00004c60   0x00000030   Code   RO         3539    i.inv_init_results_holder  results_holder.o
    0x00004c90   0x00000014   Code   RO         3752    i.inv_init_start_manager  start_manager.o
    0x00004ca4   0x00000018   Code   RO         3784    i.inv_init_storage_manager  storage_manager.o
    0x00004cbc   0x00000022   Code   RO         3143    i.inv_orientation_matrix_to_scalar  ml_math_func.o
    0x00004cde   0x0000000c   Code   RO         3144    i.inv_q29_mult      ml_math_func.o
    0x00004cea   0x0000000c   Code   RO         3146    i.inv_q30_mult      ml_math_func.o
    0x00004cf6   0x00000024   Code   RO         3148    i.inv_q_add         ml_math_func.o
    0x00004d1a   0x00000042   Code   RO         3149    i.inv_q_addf        ml_math_func.o
    0x00004d5c   0x00000018   Code   RO         3150    i.inv_q_invert      ml_math_func.o
    0x00004d74   0x0000002e   Code   RO         3151    i.inv_q_invertf     ml_math_func.o
    0x00004da2   0x000000b0   Code   RO         3152    i.inv_q_mult        ml_math_func.o
    0x00004e52   0x000000d2   Code   RO         3153    i.inv_q_multf       ml_math_func.o
    0x00004f24   0x00000084   Code   RO         3154    i.inv_q_norm4       ml_math_func.o
    0x00004fa8   0x000000b0   Code   RO         3156    i.inv_q_normalizef  ml_math_func.o
    0x00005058   0x0000003e   Code   RO         3157    i.inv_q_rotate      ml_math_func.o
    0x00005096   0x000000da   Code   RO         3159    i.inv_quaternion_to_rotation  ml_math_func.o
    0x00005170   0x000000a4   Code   RO         2579    i.inv_register_data_cb  data_builder.o
    0x00005214   0x0000006c   Code   RO         3786    i.inv_register_load_store  storage_manager.o
    0x00005280   0x00000020   Code   RO         3753    i.inv_register_mpl_start_notification  start_manager.o
    0x000052a0   0x00000054   Code   RO         2580    i.inv_reset_compass_soft_iron_matrix  data_builder.o
    0x000052f4   0x00000048   Code   RO         3161    i.inv_row_2_scale   ml_math_func.o
    0x0000533c   0x0000000c   Code   RO         2585    i.inv_set_accel_orientation_and_scale  data_builder.o
    0x00005348   0x0000002c   Code   RO         2586    i.inv_set_accel_sample_rate  data_builder.o
    0x00005374   0x0000000c   Code   RO         3544    i.inv_set_compass_bias_found  results_holder.o
    0x00005380   0x00000020   Code   RO         3545    i.inv_set_compass_correction  results_holder.o
    0x000053a0   0x0000000c   Code   RO         2589    i.inv_set_compass_disturbance  data_builder.o
    0x000053ac   0x00000010   Code   RO         2590    i.inv_set_compass_orientation_and_scale  data_builder.o
    0x000053bc   0x0000002c   Code   RO         2591    i.inv_set_compass_sample_rate  data_builder.o
    0x000053e8   0x0000000c   Code   RO         2598    i.inv_set_gyro_orientation_and_scale  data_builder.o
    0x000053f4   0x00000028   Code   RO         2599    i.inv_set_gyro_sample_rate  data_builder.o
    0x0000541c   0x00000018   Code   RO         2600    i.inv_set_quat_sample_rate  data_builder.o
    0x00005434   0x00000010   Code   RO         4366    i.inv_start_eMPL_outputs  empl_outputs.o
    0x00005444   0x0000004c   Code   RO         3484    i.inv_start_mpl     mpl.o
    0x00005490   0x00000018   Code   RO         3552    i.inv_start_results_holder  results_holder.o
    0x000054a8   0x00000020   Code   RO         3553    i.inv_store_gaming_quaternion  results_holder.o
    0x000054c8   0x0000004c   Code   RO         2602    i.inv_unregister_data_cb  data_builder.o
    0x00005514   0x00000048   Code   RO         3754    i.inv_unregister_mpl_start_notification  start_manager.o
    0x0000555c   0x0000014e   Code   RO          328    i.irq_handler_twim  nrf_drv_twi.o
    0x000056aa   0x00000016   Code   RO          913    i.item_enqueue      nrf_drv_clock.o
    0x000056c0   0x000000f8   Code   RO         1628    i.list_insertions_handler  app_timer_1.o
    0x000057b8   0x00000024   Code   RO            6    i.magn_setup        main.o
    0x000057dc   0x00000520   Code   RO            7    i.main              main.o
    0x00005cfc   0x0000006c   Code   RO         5121    i.malloc            mc_w.l(malloc.o)
    0x00005d68   0x0000001e   Code   RO          735    i.millis            nrf_drv_inv_dmp.o
    0x00005d86   0x0000000a   Code   RO          644    i.mpu_config        app_mpu.o
    0x00005d90   0x00000054   Code   RO         4019    i.mpu_configure_fifo  inv_mpu.o
    0x00005de4   0x0000003c   Code   RO         4020    i.mpu_get_accel_fsr  inv_mpu.o
    0x00005e20   0x00000010   Code   RO         4023    i.mpu_get_compass_fsr  inv_mpu.o
    0x00005e30   0x00000034   Code   RO         4028    i.mpu_get_gyro_fsr  inv_mpu.o
    0x00005e64   0x00000038   Code   RO         4031    i.mpu_get_int_status  inv_mpu.o
    0x00005e9c   0x0000001c   Code   RO         4034    i.mpu_get_sample_rate  inv_mpu.o
    0x00005eb8   0x00000024   Code   RO          645    i.mpu_init          app_mpu.o
    0x00005edc   0x000000d8   Code   RO         4036    i.mpu_init_inv      inv_mpu.o
    0x00005fb4   0x00000008   Code   RO          646    i.mpu_int_cfg_pin   app_mpu.o
    0x00005fbc   0x000000e8   Code   RO         4037    i.mpu_load_firmware  inv_mpu.o
    0x000060a4   0x000000ec   Code   RO         4038    i.mpu_lp_accel_mode  inv_mpu.o
    0x00006190   0x0000002e   Code   RO          648    i.mpu_magnetometer_init  app_mpu.o
    0x000061be   0x00000002   PAD
    0x000061c0   0x00000090   Code   RO         4044    i.mpu_read_fifo_stream  inv_mpu.o
    0x00006250   0x00000054   Code   RO         4045    i.mpu_read_mem      inv_mpu.o
    0x000062a4   0x00000160   Code   RO         4048    i.mpu_reset_fifo    inv_mpu.o
    0x00006404   0x00000068   Code   RO         4053    i.mpu_set_accel_fsr  inv_mpu.o
    0x0000646c   0x000000dc   Code   RO         4054    i.mpu_set_bypass    inv_mpu.o
    0x00006548   0x00000050   Code   RO         4055    i.mpu_set_compass_sample_rate  inv_mpu.o
    0x00006598   0x00000078   Code   RO         4056    i.mpu_set_dmp_state  inv_mpu.o
    0x00006610   0x0000006c   Code   RO         4058    i.mpu_set_gyro_fsr  inv_mpu.o
    0x0000667c   0x00000064   Code   RO         4059    i.mpu_set_int_latched  inv_mpu.o
    0x000066e0   0x00000088   Code   RO         4061    i.mpu_set_lpf       inv_mpu.o
    0x00006768   0x00000090   Code   RO         4062    i.mpu_set_sample_rate  inv_mpu.o
    0x000067f8   0x00000134   Code   RO         4063    i.mpu_set_sensors   inv_mpu.o
    0x0000692c   0x00000088   Code   RO            8    i.mpu_setup         main.o
    0x000069b4   0x0000006c   Code   RO          525    i.mpu_twi_read_test  nrf_drv_mpu_twi.o
    0x00006a20   0x0000006c   Code   RO         4064    i.mpu_write_mem     inv_mpu.o
    0x00006a8c   0x00000010   Code   RO         1352    i.nrf_bitmask_bit_is_set  nrf_drv_gpiote.o
    0x00006a9c   0x0000000e   Code   RO          915    i.nrf_clock_event_check  nrf_drv_clock.o
    0x00006aaa   0x00000010   Code   RO          916    i.nrf_clock_event_clear  nrf_drv_clock.o
    0x00006aba   0x00000002   PAD
    0x00006abc   0x0000001c   Code   RO          917    i.nrf_clock_hf_is_running  nrf_drv_clock.o
    0x00006ad8   0x0000000a   Code   RO         4065    i.nrf_delay_ms      inv_mpu.o
    0x00006ae2   0x00000002   PAD
    0x00006ae4   0x0000008c   Code   RO            9    i.nrf_delay_us      main.o
    0x00006b70   0x0000008c   Code   RO          329    i.nrf_delay_us      nrf_drv_twi.o
    0x00006bfc   0x0000008c   Code   RO         1629    i.nrf_delay_us      app_timer_1.o
    0x00006c88   0x0000008c   Code   RO         4066    i.nrf_delay_us      inv_mpu.o
    0x00006d14   0x00000028   Code   RO          921    i.nrf_drv_clock_hfclk_release  nrf_drv_clock.o
    0x00006d3c   0x00000058   Code   RO          922    i.nrf_drv_clock_hfclk_request  nrf_drv_clock.o
    0x00006d94   0x0000004c   Code   RO          923    i.nrf_drv_clock_init  nrf_drv_clock.o
    0x00006de0   0x00000060   Code   RO          928    i.nrf_drv_clock_lfclk_request  nrf_drv_clock.o
    0x00006e40   0x00000016   Code   RO         1110    i.nrf_drv_common_irq_disable  nrf_drv_uart.o
    0x00006e56   0x00000038   Code   RO         1061    i.nrf_drv_common_irq_enable  nrf_drv_common.o
    0x00006e8e   0x00000006   Code   RO         1111    i.nrf_drv_get_IRQn  nrf_drv_uart.o
    0x00006e94   0x00000100   Code   RO         1358    i.nrf_drv_gpiote_in_init  nrf_drv_gpiote.o
    0x00006f94   0x000000e0   Code   RO         1361    i.nrf_drv_gpiote_init  nrf_drv_gpiote.o
    0x00007074   0x00000010   Code   RO          330    i.nrf_drv_is_in_RAM  nrf_drv_twi.o
    0x00007084   0x00000010   Code   RO         1112    i.nrf_drv_is_in_RAM  nrf_drv_uart.o
    0x00007094   0x00000034   Code   RO          528    i.nrf_drv_mpu_init  nrf_drv_mpu_twi.o
    0x000070c8   0x0000006c   Code   RO          530    i.nrf_drv_mpu_read_registers  nrf_drv_mpu_twi.o
    0x00007134   0x00000028   Code   RO          531    i.nrf_drv_mpu_twi_event_handler  nrf_drv_mpu_twi.o
    0x0000715c   0x00000040   Code   RO          532    i.nrf_drv_mpu_write_magnetometer_register  nrf_drv_mpu_twi.o
    0x0000719c   0x00000054   Code   RO          533    i.nrf_drv_mpu_write_registers  nrf_drv_mpu_twi.o
    0x000071f0   0x00000040   Code   RO          534    i.nrf_drv_mpu_write_single_register  nrf_drv_mpu_twi.o
    0x00007230   0x00000020   Code   RO          333    i.nrf_drv_twi_enable  nrf_drv_twi.o
    0x00007250   0x0000008c   Code   RO          334    i.nrf_drv_twi_init  nrf_drv_twi.o
    0x000072dc   0x00000024   Code   RO          336    i.nrf_drv_twi_rx    nrf_drv_twi.o
    0x00007300   0x00000024   Code   RO          339    i.nrf_drv_twi_tx    nrf_drv_twi.o
    0x00007324   0x00000024   Code   RO          341    i.nrf_drv_twi_xfer  nrf_drv_twi.o
    0x00007348   0x00000068   Code   RO         1114    i.nrf_drv_uart_init  nrf_drv_uart.o
    0x000073b0   0x000000b0   Code   RO         1115    i.nrf_drv_uart_rx   nrf_drv_uart.o
    0x00007460   0x00000030   Code   RO         1118    i.nrf_drv_uart_rx_enable  nrf_drv_uart.o
    0x00007490   0x000000a8   Code   RO         1119    i.nrf_drv_uart_rx_for_uart  nrf_drv_uart.o
    0x00007538   0x000000b0   Code   RO         1120    i.nrf_drv_uart_rx_for_uarte  nrf_drv_uart.o
    0x000075e8   0x0000010c   Code   RO         1122    i.nrf_drv_uart_tx   nrf_drv_uart.o
    0x000076f4   0x00000018   Code   RO         1124    i.nrf_drv_uart_tx_in_progress  nrf_drv_uart.o
    0x0000770c   0x00000054   Code   RO         1125    i.nrf_drv_uart_uninit  nrf_drv_uart.o
    0x00007760   0x00000032   Code   RO          808    i.nrf_gpio_cfg      boards.o
    0x00007792   0x00000032   Code   RO         1126    i.nrf_gpio_cfg      nrf_drv_uart.o
    0x000077c4   0x00000032   Code   RO         1376    i.nrf_gpio_cfg      nrf_drv_gpiote.o
    0x000077f6   0x00000012   Code   RO         1127    i.nrf_gpio_cfg_default  nrf_drv_uart.o
    0x00007808   0x00000012   Code   RO         1128    i.nrf_gpio_cfg_input  nrf_drv_uart.o
    0x0000781a   0x00000014   Code   RO         1129    i.nrf_gpio_cfg_output  nrf_drv_uart.o
    0x0000782e   0x00000030   Code   RO         1378    i.nrf_gpio_cfg_sense_set  nrf_drv_gpiote.o
    0x0000785e   0x00000014   Code   RO          342    i.nrf_gpio_pin_clear  nrf_drv_twi.o
    0x00007872   0x00000002   PAD
    0x00007874   0x0000001c   Code   RO          343    i.nrf_gpio_pin_port_decode  nrf_drv_twi.o
    0x00007890   0x0000001c   Code   RO          809    i.nrf_gpio_pin_port_decode  boards.o
    0x000078ac   0x0000001c   Code   RO         1130    i.nrf_gpio_pin_port_decode  nrf_drv_uart.o
    0x000078c8   0x0000001c   Code   RO         1380    i.nrf_gpio_pin_port_decode  nrf_drv_gpiote.o
    0x000078e4   0x00000014   Code   RO          344    i.nrf_gpio_pin_set  nrf_drv_twi.o
    0x000078f8   0x00000014   Code   RO         1131    i.nrf_gpio_pin_set  nrf_drv_uart.o
    0x0000790c   0x00000026   Code   RO          810    i.nrf_gpio_pin_write  boards.o
    0x00007932   0x00000002   PAD
    0x00007934   0x0000002c   Code   RO         1383    i.nrf_gpio_ports_read  nrf_drv_gpiote.o
    0x00007960   0x00000014   Code   RO         1384    i.nrf_gpiote_event_clear  nrf_drv_gpiote.o
    0x00007974   0x00000010   Code   RO         1385    i.nrf_gpiote_event_is_set  nrf_drv_gpiote.o
    0x00007984   0x00000008   Code   RO         2155    i.nrf_log_backend_hexdump_handler_get  nrf_log_backend_serial.o
    0x0000798c   0x00000070   Code   RO         2156    i.nrf_log_backend_init  nrf_log_backend_serial.o
    0x000079fc   0x0000012e   Code   RO         2157    i.nrf_log_backend_serial_hexdump_handler  nrf_log_backend_serial.o
    0x00007b2a   0x00000114   Code   RO         2158    i.nrf_log_backend_serial_std_handler  nrf_log_backend_serial.o
    0x00007c3e   0x00000002   PAD
    0x00007c40   0x00000008   Code   RO         2159    i.nrf_log_backend_std_handler_get  nrf_log_backend_serial.o
    0x00007c48   0x00000006   Code   RO         2251    i.nrf_log_blocking_backend_set  nrf_log_frontend.o
    0x00007c4e   0x00000002   PAD
    0x00007c50   0x00000130   Code   RO         2252    i.nrf_log_frontend_dequeue  nrf_log_frontend.o
    0x00007d80   0x00000014   Code   RO         2254    i.nrf_log_frontend_init  nrf_log_frontend.o
    0x00007d94   0x0000004c   Code   RO         2255    i.nrf_log_frontend_std_0  nrf_log_frontend.o
    0x00007de0   0x00000058   Code   RO         2256    i.nrf_log_frontend_std_1  nrf_log_frontend.o
    0x00007e38   0x00000068   Code   RO         2257    i.nrf_log_frontend_std_2  nrf_log_frontend.o
    0x00007ea0   0x0000007c   Code   RO         2258    i.nrf_log_frontend_std_3  nrf_log_frontend.o
    0x00007f1c   0x00000010   Code   RO         2263    i.nrf_log_handlers_set  nrf_log_frontend.o
    0x00007f2c   0x00000024   Code   RO         2264    i.nrf_log_init      nrf_log_frontend.o
    0x00007f50   0x00000060   Code   RO         2265    i.nrf_log_push      nrf_log_frontend.o
    0x00007fb0   0x00000038   Code   RO         2082    i.nrf_strerror_find  nrf_strerror.o
    0x00007fe8   0x00000014   Code   RO         2083    i.nrf_strerror_get  nrf_strerror.o
    0x00007ffc   0x0000000a   Code   RO          345    i.nrf_twim_event_check  nrf_drv_twi.o
    0x00008006   0x0000000c   Code   RO          346    i.nrf_twim_event_clear  nrf_drv_twi.o
    0x00008012   0x0000000a   Code   RO         1132    i.nrf_uart_event_check  nrf_drv_uart.o
    0x0000801c   0x0000000c   Code   RO         1133    i.nrf_uart_event_clear  nrf_drv_uart.o
    0x00008028   0x0000000c   Code   RO         1134    i.nrf_uart_int_enable_check  nrf_drv_uart.o
    0x00008034   0x0000000a   Code   RO         1135    i.nrf_uarte_event_check  nrf_drv_uart.o
    0x0000803e   0x0000000c   Code   RO         1136    i.nrf_uarte_event_clear  nrf_drv_uart.o
    0x0000804a   0x00000002   PAD
    0x0000804c   0x0000000c   Code   RO           10    i.pin_in_read       main.o
    0x00008058   0x00000078   Code   RO         1137    i.pins_to_default   nrf_drv_uart.o
    0x000080d0   0x0000003c   Code   RO         1630    i.rtc1_stop         app_timer_1.o
    0x0000810c   0x00000032   Code   RO         1138    i.rx_byte           nrf_drv_uart.o
    0x0000813e   0x00000018   Code   RO         1139    i.rx_done_event     nrf_drv_uart.o
    0x00008156   0x00000020   Code   RO         1140    i.rx_enable         nrf_drv_uart.o
    0x00008176   0x00000002   PAD
    0x00008178   0x0000000c   Code   RO         2160    i.serial_is_busy    nrf_log_backend_serial.o
    0x00008184   0x0000002c   Code   RO         2161    i.serial_tx         nrf_log_backend_serial.o
    0x000081b0   0x00000058   Code   RO         4067    i.set_int_enable    inv_mpu.o
    0x00008208   0x000001e4   Code   RO         4068    i.setup_compass     inv_mpu.o
    0x000083ec   0x0000003e   Code   RO         4798    i.sqrtf             m_wm.l(sqrtf.o)
    0x0000842a   0x00000002   Code   RO           11    i.tap_cb            main.o
    0x0000842c   0x00000002   Code   RO           12    i.timer_a_handler   main.o
    0x0000842e   0x00000002   PAD
    0x00008430   0x00000080   Code   RO         1631    i.timer_list_handler  app_timer_1.o
    0x000084b0   0x0000003c   Code   RO         1632    i.timer_list_insert  app_timer_1.o
    0x000084ec   0x00000060   Code   RO         1633    i.timer_list_remove  app_timer_1.o
    0x0000854c   0x00000074   Code   RO         1635    i.timer_timeouts_check  app_timer_1.o
    0x000085c0   0x00000034   Code   RO         2162    i.timestamp_process  nrf_log_backend_serial.o
    0x000085f4   0x000000a4   Code   RO          347    i.twi_clear_bus     nrf_drv_twi.o
    0x00008698   0x00000240   Code   RO          348    i.twim_xfer         nrf_drv_twi.o
    0x000088d8   0x00000020   Code   RO         1141    i.tx_byte           nrf_drv_uart.o
    0x000088f8   0x0000001c   Code   RO         1142    i.tx_done_event     nrf_drv_uart.o
    0x00008914   0x00000050   Code   RO           13    i.uart_config       main.o
    0x00008964   0x00000012   Code   RO           14    i.uart_error_handle  main.o
    0x00008976   0x00000002   PAD
    0x00008978   0x000000a0   Code   RO         1926    i.uart_event_handler  app_uart_fifo.o
    0x00008a18   0x00000010   Code   RO         2163    i.uart_event_handler  nrf_log_backend_serial.o
    0x00008a28   0x0000011e   Code   RO         1143    i.uart_irq_handler  nrf_drv_uart.o
    0x00008b46   0x000000f0   Code   RO         1144    i.uarte_irq_handler  nrf_drv_uart.o
    0x00008c36   0x00000002   PAD
    0x00008c38   0x00000064   Code   RO           15    i.updateFifo        main.o
    0x00008c9c   0x00000030   Code   RO         1636    i.user_op_alloc     app_timer_1.o
    0x00008ccc   0x00000024   Data   RO           18    .constdata          main.o
    0x00008cf0   0x0000000c   Data   RO          353    .constdata          nrf_drv_twi.o
    0x00008cfc   0x00000018   Data   RO          536    .constdata          nrf_drv_mpu_twi.o
    0x00008d14   0x00000008   Data   RO          811    .constdata          boards.o
    0x00008d1c   0x0000004b   Data   RO         1389    .constdata          nrf_drv_gpiote.o
    0x00008d67   0x00000001   PAD
    0x00008d68   0x00000020   Data   RO         1928    .constdata          app_uart_fifo.o
    0x00008d88   0x00000104   Data   RO         2084    .constdata          nrf_strerror.o
    0x00008e8c   0x00000020   Data   RO         2166    .constdata          nrf_log_backend_serial.o
    0x00008eac   0x00000024   Data   RO         2267    .constdata          nrf_log_frontend.o
    0x00008ed0   0x0000002f   Data   RO         3485    .constdata          mpl.o
    0x00008eff   0x00000bf6   Data   RO         3853    .constdata          inv_mpu_dmp_motion_driver.o
    0x00009af5   0x0000002a   Data   RO         4069    .constdata          inv_mpu.o
    0x00009b1f   0x00000001   PAD
    0x00009b20   0x0000000e   Data   RO         4070    .constdata          inv_mpu.o
    0x00009b2e   0x00000002   PAD
    0x00009b30   0x00000030   Data   RO         4071    .constdata          inv_mpu.o
    0x00009b60   0x00000081   Data   RO         4816    .constdata          mc_w.l(ctype_o.o)
    0x00009be1   0x00000003   PAD
    0x00009be4   0x00000004   Data   RO         4817    .constdata          mc_w.l(ctype_o.o)
    0x00009be8   0x00000020   Data   RO         5210    .constdata          m_wm.l(rredf.o)
    0x00009c08   0x00000009   Data   RO           19    .conststring        main.o
    0x00009c11   0x00000003   PAD
    0x00009c14   0x00000307   Data   RO         2085    .conststring        nrf_strerror.o
    0x00009f1b   0x00000001   PAD
    0x00009f1c   0x0000000b   Data   RO         2268    .conststring        nrf_log_frontend.o
    0x00009f27   0x00000001   PAD
    0x00009f28   0x00000044   Data   RO         2605    .conststring        data_builder.o
    0x00009f6c   0x00000020   Data   RO         5266    Region$$Table       anon$$obj.o


    Execution Region RW_IRAM1 (Base: 0x20000000, Size: 0x00005430, Max: 0x00040000, ABSOLUTE)

    Base Addr    Size         Type   Attr      Idx    E Section Name        Object

    0x20000000   0x00000004   Data   RW           20    .data               main.o
    0x20000004   0x00000012   Data   RW           21    .data               main.o
    0x20000016   0x00000002   Data   RW          537    .data               nrf_drv_mpu_twi.o
    0x20000018   0x00000014   Data   RW         1638    .data               app_timer_1.o
    0x2000002c   0x00000010   Data   RW         1929    .data               app_uart_fifo.o
    0x2000003c   0x00000004   Data   RW         1999    .data               app_util_platform.o
    0x20000040   0x00000004   Data   RW         2117    .data               retarget.o
    0x20000044   0x0000000c   Data   RW         2167    .data               nrf_log_backend_serial.o
    0x20000050   0x00000004   Data   RW         2269    .data               nrf_log_frontend.o
    0x20000054   0x00000038   Data   RW         4073    .data               inv_mpu.o
    0x2000008c   0x00000004   Data   RW         4440    .data               system_nrf52840.o
    0x20000090   0x00000004   Data   RW         5240    .data               mc_w.l(mvars.o)
    0x20000094   0x00000004   Data   RW         5241    .data               mc_w.l(mvars.o)
    0x20000098   0x00000004   Data   RW         5245    .data               mc_w.l(errno.o)
    0x2000009c   0x00000020   Zero   RW           16    .bss                main.o
    0x200000bc   0x00000524   Zero   RW           17    .bss                main.o
    0x200005e0   0x00000028   Zero   RW          349    .bss                nrf_drv_twi.o
    0x20000608   0x00000010   Zero   RW          535    .bss                nrf_drv_mpu_twi.o
    0x20000618   0x00000024   Zero   RW          930    .bss                nrf_drv_clock.o
    0x2000063c   0x00000020   Zero   RW         1145    .bss                nrf_drv_uart.o
    0x2000065c   0x00000058   Zero   RW         1388    .bss                nrf_drv_gpiote.o
    0x200006b4   0x00000064   Zero   RW         1637    .bss                app_timer_1.o
    0x20000718   0x00000020   Zero   RW         1927    .bss                app_uart_fifo.o
    0x20000738   0x00000100   Zero   RW         2164    .bss                nrf_log_backend_serial.o
    0x20000838   0x00000418   Zero   RW         2266    .bss                nrf_log_frontend.o
    0x20000c50   0x000002d8   Zero   RW         2604    .bss                data_builder.o
    0x20000f28   0x00000088   Zero   RW         3554    .bss                results_holder.o
    0x20000fb0   0x00000054   Zero   RW         3755    .bss                start_manager.o
    0x20001004   0x00000198   Zero   RW         3788    .bss                storage_manager.o
    0x2000119c   0x00000010   Zero   RW         3852    .bss                inv_mpu_dmp_motion_driver.o
    0x200011ac   0x00000028   Zero   RW         4367    .bss                empl_outputs.o
    0x200011d4   0x00000138   Zero   RW         4472    .bss                libmpllib.lib(fusion_9axis.o)
    0x2000130c   0x0000006c   Zero   RW         4534    .bss                libmpllib.lib(quaternion_supervisor.o)
    0x20001378   0x000000b8   Zero   RW         4579    .bss                libmpllib.lib(mag_disturb.o)
    0x20001430   0x00002000   Zero   RW         4429    HEAP                arm_startup_nrf52840.o
    0x20003430   0x00002000   Zero   RW         4428    STACK               arm_startup_nrf52840.o


==============================================================================

Image component sizes


      Code (inc. data)   RO Data    RW Data    ZI Data      Debug   Object Name

        22          0          0          0          0       2285   app_error.o
       108         54          0          0          0      27397   app_error_weak.o
       118          0          0          0          0       5138   app_fifo.o
       100          0          0          0          0       3338   app_mpu.o
      1530        118          0         20        100      47046   app_timer_1.o
       400         32         32         16         32      11959   app_uart_fifo.o
        44         10          0          4          0       3460   app_util_platform.o
        36          8        512          0      16384        952   arm_startup_nrf52840.o
       194         18          8          0          0       8890   boards.o
       932        172         68          0        728      25146   data_builder.o
       208         16          0          0         40       3510   empl_outputs.o
      3710        196        104         56          0      28611   inv_mpu.o
      2014        128       3062          0         16      22904   inv_mpu_dmp_motion_driver.o
      1852        708         45         22       1348      74836   main.o
      1566         22          0          0          0      15592   ml_math_func.o
       260        110         47          0          0       5860   mpl.o
       636         54          0          0         36      16508   nrf_drv_clock.o
        56          0          0          0          0      27575   nrf_drv_common.o
      1258        214         75          0         88      28537   nrf_drv_gpiote.o
       194         22          0          0          0       3683   nrf_drv_inv_dmp.o
       648         92         24          2         16      14324   nrf_drv_mpu_twi.o
      1616         48         12          0         40      64527   nrf_drv_twi.o
      2430         90          0          0         32      46207   nrf_drv_uart.o
       848         56         32         12        256      11455   nrf_log_backend_serial.o
      1102         78         47          4       1048      15501   nrf_log_frontend.o
        76         10       1035          0          0       2819   nrf_strerror.o
       526         76          0          0        136      12940   results_holder.o
        14          0          0          4          0       2934   retarget.o
       168         20          0          0         84       4036   start_manager.o
       132         10          0          0        408       2973   storage_manager.o
       488         56          0          4          0       2515   system_nrf52840.o

    ----------------------------------------------------------------------
     23324       2418       5144        144      20792     543458   Object Totals
         0          0         32          0          0          0   (incl. Generated)
        38          0          9          0          0          0   (incl. Padding)

    ----------------------------------------------------------------------

      Code (inc. data)   RO Data    RW Data    ZI Data      Debug   Library Member Name

      1712         72          0          0        312      14368   fusion_9axis.o
      1472         48          0          0        184       7614   mag_disturb.o
      2452        130          0          0        108       5637   quaternion_supervisor.o
       280         46          0          0          0        176   acosf.o
       592         90          0          0          0        184   atan2f.o
       336         56          0          0          0        136   cosf.o
        38          0          0          0          0        116   fpclassifyf.o
        44         12          0          0          0        464   funder.o
       340         24         32          0          0        160   rredf.o
       400         56          0          0          0        212   sinf.o
       120          0          0          0          0        272   sqrtf.o
         8          4        133          0          0         68   ctype_o.o
         0          0          0          0          0          0   entry.o
         0          0          0          0          0          0   entry10a.o
         0          0          0          0          0          0   entry11a.o
         8          4          0          0          0          0   entry2.o
         4          0          0          0          0          0   entry5.o
         0          0          0          0          0          0   entry7b.o
         0          0          0          0          0          0   entry8b.o
         8          4          0          0          0          0   entry9a.o
        12          6          0          4          0         68   errno.o
        30          0          0          0          0          0   handlers.o
        36          8          0          0          0         68   init.o
         0          0          0          0          0          0   iusefp.o
        30          0          0          0          0         68   llshl.o
        36          0          0          0          0         68   llsshr.o
        32          0          0          0          0         68   llushr.o
       188         20          0          0          0        160   malloc.o
        26          0          0          0          0         80   memcmp.o
        64          0          0          0          0         76   memmovea.o
        36          0          0          0          0        108   memseta.o
         0          0          0          8          0          0   mvars.o
      2374        100          0          0          0        752   printfa.o
        14          0          0          0          0         68   strlen.o
        44          0          0          0          0         80   uidiv.o
        98          0          0          0          0         92   uldiv.o
        48          0          0          0          0         68   cdrcmple.o
        56          0          0          0          0         88   d2f.o
       334          0          0          0          0        148   dadd.o
       222          0          0          0          0        100   ddiv.o
       186          0          0          0          0        176   depilogue.o
        62          0          0          0          0         80   dfixi.o
        48          0          0          0          0         68   dfixul.o
        34          0          0          0          0         76   dflti.o
       228          0          0          0          0         96   dmul.o
        38          0          0          0          0         68   f2d.o
       110          0          0          0          0        168   fepilogue.o

    ----------------------------------------------------------------------
     12208        680        168         12        604      32299   Library Totals
         8          0          3          0          0          0   (incl. Padding)

    ----------------------------------------------------------------------

      Code (inc. data)   RO Data    RW Data    ZI Data      Debug   Library Name

      5636        250          0          0        604      27619   libmpllib.lib
      2150        284         32          0          0       1720   m_wm.l
      3048        146        133         12          0       1824   mc_w.l
      1366          0          0          0          0       1136   mf_w.l

    ----------------------------------------------------------------------
     12208        680        168         12        604      32299   Library Totals

    ----------------------------------------------------------------------

==============================================================================


      Code (inc. data)   RO Data    RW Data    ZI Data      Debug   

     35532       3098       5312        156      21396     545601   Grand Totals
     35532       3098       5312        156      21396     545601   ELF Image Totals
     35532       3098       5312        156          0          0   ROM Totals

==============================================================================

    Total RO  Size (Code + RO Data)                40844 (  39.89kB)
    Total RW  Size (RW Data + ZI Data)             21552 (  21.05kB)
    Total ROM Size (Code + RO Data + RW Data)      41000 (  40.04kB)

==============================================================================

