Component: ARM Compiler 5.06 update 4 (build 422) Tool: armlink [4d35d2]

==============================================================================

Section Cross References

    main.o(.text) refers to app_error.o(.text) for app_error_handler_bare
    main.o(.text) refers to bsp.o(.text) for bsp_indication_set
    main.o(.text) refers to bsp_btn_ble.o(.text) for bsp_btn_ble_sleep_mode_prepare
    main.o(.text) refers to memseta.o(.text) for __aeabi_memclr4
    main.o(.text) refers to empl_outputs.o(.text) for inv_get_sensor_type_quat
    main.o(.text) refers to hal_outputs.o(.text) for inv_get_sensor_type_linear_acceleration
    main.o(.text) refers to dflti.o(.text) for __aeabi_i2d
    main.o(.text) refers to dmul.o(.text) for __aeabi_dmul
    main.o(.text) refers to f2d.o(.text) for __aeabi_f2d
    main.o(.text) refers to printfa.o(i.__0printf) for __2printf
    main.o(.text) refers to nrf_drv_clock.o(.text) for nrf_drv_clock_init
    main.o(.text) refers to app_timer_1.o(.text) for app_timer_init
    main.o(.text) refers to memmovea.o(.text) for __aeabi_memcpy4
    main.o(.text) refers to app_uart_fifo.o(.text) for app_uart_init
    main.o(.text) refers to nrf_log_frontend.o(.text) for nrf_log_init
    main.o(.text) refers to nrf_drv_gpiote.o(.text) for nrf_drv_gpiote_init
    main.o(.text) refers to app_mpu.o(.text) for mpu_init
    main.o(.text) refers to inv_mpu.o(.text) for mpu_init_inv
    main.o(.text) refers to mpl.o(.text) for inv_init_mpl
    main.o(.text) refers to quaternion_supervisor.o(.text) for inv_enable_quaternion
    main.o(.text) refers to fusion_9axis.o(.text) for inv_enable_9x_sensor_fusion
    main.o(.text) refers to fast_no_motion.o(.text) for inv_enable_fast_nomot
    main.o(.text) refers to compass_vec_cal.o(.text) for inv_enable_vector_compass_cal
    main.o(.text) refers to mag_disturb.o(.text) for inv_enable_magnetic_disturbance
    main.o(.text) refers to data_builder.o(.text) for inv_set_gyro_sample_rate
    main.o(.text) refers to ml_math_func.o(.text) for inv_orientation_matrix_to_scalar
    main.o(.text) refers to nrf_drv_inv_dmp.o(.text) for millis
    main.o(.text) refers to inv_mpu_dmp_motion_driver.o(.text) for dmp_load_motion_driver_firmware
    main.o(.text) refers to main.o(.bss) for .bss
    main.o(.text) refers to main.o(.constdata) for .constdata
    main.o(.text) refers to main.o(.data) for .data
    main.o(.text) refers to system_nrf52840.o(.data) for SystemCoreClock
    main.o(.constdata) refers to main.o(.bss) for timer1_data
    main.o(.data) refers to main.o(.conststring) for .conststring
    boards.o(.text) refers to boards.o(.constdata) for .constdata
    bsp.o(.text) refers to boards.o(.text) for bsp_board_button_state_get
    bsp.o(.text) refers to app_timer_1.o(.text) for app_timer_start
    bsp.o(.text) refers to uldiv.o(.text) for __aeabi_uldivmod
    bsp.o(.text) refers to app_button.o(.text) for app_button_init
    bsp.o(.text) refers to bsp.o(.constdata) for .constdata
    bsp.o(.text) refers to bsp.o(.data) for .data
    bsp.o(.text) refers to bsp.o(.bss) for .bss
    bsp.o(.constdata) refers to bsp.o(.bss) for m_leds_timer_id_data
    bsp.o(.constdata) refers to bsp.o(.bss) for m_alert_timer_id_data
    bsp.o(.constdata) refers to bsp.o(.bss) for m_button_timer_id_data
    bsp.o(.constdata) refers to bsp.o(.text) for bsp_button_event_handler
    bsp_btn_ble.o(.text) refers to bsp.o(.text) for bsp_event_to_button_action_assign
    bsp_btn_ble.o(.text) refers to bsp_btn_ble.o(.data) for .data
    bsp_nfc.o(.text) refers to bsp.o(.text) for bsp_event_to_button_action_assign
    bsp_nfc.o(.text) refers to app_util_platform.o(.text) for app_util_critical_region_enter
    ble_advdata.o(.text) refers to memmovea.o(.text) for __aeabi_memcpy
    ble_conn_params.o(.text) refers to memmovea.o(.text) for __aeabi_memcpy4
    ble_conn_params.o(.text) refers to app_timer_1.o(.text) for app_timer_create
    ble_conn_params.o(.text) refers to ble_srv_common.o(.text) for ble_srv_is_notification_enabled
    ble_conn_params.o(.text) refers to ble_conn_params.o(.data) for .data
    ble_conn_params.o(.text) refers to ble_conn_params.o(.bss) for .bss
    ble_conn_params.o(.text) refers to ble_conn_params.o(.constdata) for .constdata
    ble_conn_params.o(.constdata) refers to ble_conn_params.o(.bss) for m_conn_params_timer_id_data
    ble_db_discovery.o(.text) refers to memmovea.o(.text) for __aeabi_memcpy
    ble_db_discovery.o(.text) refers to ble_db_discovery.o(.bss) for .bss
    ble_db_discovery.o(.text) refers to ble_db_discovery.o(.data) for .data
    ble_srv_common.o(.text) refers to strlen.o(.text) for strlen
    ble_srv_common.o(.text) refers to memseta.o(.text) for __aeabi_memclr4
    nrf_ble_gatt.o(.text) refers to memmovea.o(.text) for __aeabi_memcpy4
    nrf_ble_gatt.o(.text) refers to nrf_log_frontend.o(.text) for nrf_log_frontend_std_1
    nrf_ble_gatt.o(.text) refers to nrf_ble_gatt.o(.constdata) for .constdata
[...]
    nrf_drv_gpiote_out_task_enable           0x00024b51   Thumb Code    28  nrf_drv_gpiote.o(.text)
    nrf_drv_gpiote_out_task_disable          0x00024b6d   Thumb Code    28  nrf_drv_gpiote.o(.text)
    nrf_drv_gpiote_out_task_addr_get         0x00024b89   Thumb Code    16  nrf_drv_gpiote.o(.text)
    nrf_drv_gpiote_set_task_addr_get         0x00024b99   Thumb Code    20  nrf_drv_gpiote.o(.text)
    nrf_drv_gpiote_clr_task_addr_get         0x00024bad   Thumb Code    20  nrf_drv_gpiote.o(.text)
    nrf_drv_gpiote_out_task_force            0x00024bc1   Thumb Code    32  nrf_drv_gpiote.o(.text)
    nrf_drv_gpiote_out_task_trigger          0x00024be1   Thumb Code    20  nrf_drv_gpiote.o(.text)
    nrf_drv_gpiote_set_task_trigger          0x00024bf5   Thumb Code    22  nrf_drv_gpiote.o(.text)
    nrf_drv_gpiote_clr_task_trigger          0x00024c0b   Thumb Code    22  nrf_drv_gpiote.o(.text)
    nrf_drv_gpiote_in_init                   0x00024c21   Thumb Code   346  nrf_drv_gpiote.o(.text)
    nrf_drv_gpiote_in_event_enable           0x00024d7b   Thumb Code   144  nrf_drv_gpiote.o(.text)
    nrf_drv_gpiote_in_is_set                 0x00024e0b   Thumb Code    14  nrf_drv_gpiote.o(.text)
    nrf_drv_gpiote_in_event_addr_get         0x00024e19   Thumb Code    36  nrf_drv_gpiote.o(.text)
    GPIOTE_IRQHandler                        0x00024e3d   Thumb Code   430  nrf_drv_gpiote.o(.text)
    mpu_config                               0x00025161   Thumb Code    10  app_mpu.o(.text)
    mpu_int_cfg_pin                          0x0002516b   Thumb Code     8  app_mpu.o(.text)
    mpu_int_enable                           0x00025173   Thumb Code     8  app_mpu.o(.text)
    mpu_init                                 0x0002517b   Thumb Code     4  app_mpu.o(.text)
    mpu_read_accel                           0x0002517f   Thumb Code    44  app_mpu.o(.text)
    mpu_read_gyro                            0x000251ab   Thumb Code    44  app_mpu.o(.text)
    mpu_read_temp                            0x000251d7   Thumb Code    38  app_mpu.o(.text)
    mpu_read_int_source                      0x000251fd   Thumb Code    10  app_mpu.o(.text)
    mpu_magnetometer_init                    0x00025207   Thumb Code    46  app_mpu.o(.text)
    mpu_read_magnetometer                    0x00025235   Thumb Code    46  app_mpu.o(.text)
    mpu_read_magnetometer_test               0x00025263   Thumb Code     4  app_mpu.o(.text)
    app_button_init                          0x00025311   Thumb Code    96  app_button.o(.text)
    app_button_enable                        0x00025371   Thumb Code    32  app_button.o(.text)
    app_button_disable                       0x00025391   Thumb Code    38  app_button.o(.text)
    app_button_is_pushed                     0x000253b7   Thumb Code    32  app_button.o(.text)
    app_error_handler                        0x000253e9   Thumb Code    24  app_error.o(.text)
    app_error_handler_bare                   0x00025401   Thumb Code    22  app_error.o(.text)
    app_error_save_and_stop                  0x00025417   Thumb Code    94  app_error.o(.text)
    app_error_fault_handler                  0x00025479   Thumb Code    42  app_error_weak.o(.text)
    app_fifo_init                            0x000254d9   Thumb Code    32  app_fifo.o(.text)
    app_fifo_put                             0x000254f9   Thumb Code    26  app_fifo.o(.text)
    app_fifo_get                             0x00025513   Thumb Code    22  app_fifo.o(.text)
    app_fifo_peek                            0x00025529   Thumb Code    34  app_fifo.o(.text)
    app_fifo_flush                           0x0002554b   Thumb Code     8  app_fifo.o(.text)
    app_fifo_read                            0x00025553   Thumb Code    76  app_fifo.o(.text)
    app_fifo_write                           0x0002559f   Thumb Code    80  app_fifo.o(.text)
    RTC1_IRQHandler                          0x00025825   Thumb Code    32  app_timer_1.o(.text)
    SWI0_EGU0_IRQHandler                     0x00025845   Thumb Code     4  app_timer_1.o(.text)
    app_timer_init                           0x00025849   Thumb Code    70  app_timer_1.o(.text)
    app_timer_create                         0x0002588f   Thumb Code    32  app_timer_1.o(.text)
    app_timer_start                          0x000258af   Thumb Code   132  app_timer_1.o(.text)
    app_timer_stop                           0x00025933   Thumb Code    24  app_timer_1.o(.text)
    app_timer_stop_all                       0x0002594b   Thumb Code    16  app_timer_1.o(.text)
    app_timer_cnt_get                        0x0002595b   Thumb Code     8  app_timer_1.o(.text)
    app_timer_cnt_diff_compute               0x00025963   Thumb Code     8  app_timer_1.o(.text)
    app_timer_pause                          0x0002596b   Thumb Code     8  app_timer_1.o(.text)
    app_timer_resume                         0x00025973   Thumb Code     8  app_timer_1.o(.text)
    app_uart_init                            0x00025ce5   Thumb Code   164  app_uart_fifo.o(.text)
    app_uart_flush                           0x00025d89   Thumb Code    26  app_uart_fifo.o(.text)
    app_uart_get                             0x00025da3   Thumb Code    42  app_uart_fifo.o(.text)
    app_uart_put                             0x00025dcd   Thumb Code    56  app_uart_fifo.o(.text)
    app_uart_close                           0x00025e05   Thumb Code    14  app_uart_fifo.o(.text)
    app_util_disable_irq                     0x00025e25   Thumb Code    12  app_util_platform.o(.text)
    app_util_enable_irq                      0x00025e31   Thumb Code    14  app_util_platform.o(.text)
    app_util_critical_region_enter           0x00025e3f   Thumb Code    64  app_util_platform.o(.text)
    app_util_critical_region_exit            0x00025e7f   Thumb Code    46  app_util_platform.o(.text)
    privilege_level_get                      0x00025ead   Thumb Code    26  app_util_platform.o(.text)
    current_int_priority_get                 0x00025ec7   Thumb Code    48  app_util_platform.o(.text)
    nrf_strerror_find                        0x00025f05   Thumb Code    52  nrf_strerror.o(.text)
    nrf_strerror_get                         0x00025f39   Thumb Code    16  nrf_strerror.o(.text)
    fgetc                                    0x00025f4d   Thumb Code    18  retarget.o(.text)
    fputc                                    0x00025f5f   Thumb Code    14  retarget.o(.text)
    nrf_log_backend_init                     0x00025f79   Thumb Code   100  nrf_log_backend_serial.o(.text)
    nrf_log_backend_std_handler_get          0x0002624b   Thumb Code     4  nrf_log_backend_serial.o(.text)
    nrf_log_backend_hexdump_handler_get      0x0002624f   Thumb Code     4  nrf_log_backend_serial.o(.text)
    nrf_log_backend_getchar                  0x00026253   Thumb Code    48  nrf_log_backend_serial.o(.text)
    nrf_log_handlers_set                     0x000262e1   Thumb Code     8  nrf_log_frontend.o(.text)
    nrf_log_frontend_init                    0x000262e9   Thumb Code     2  nrf_log_frontend.o(.text)
    nrf_log_init                             0x000262eb   Thumb Code    34  nrf_log_frontend.o(.text)
    nrf_log_blocking_backend_set             0x0002630d   Thumb Code     6  nrf_log_frontend.o(.text)
    nrf_log_push                             0x00026313   Thumb Code     2  nrf_log_frontend.o(.text)
    nrf_log_frontend_std_0                   0x00026315   Thumb Code     8  nrf_log_frontend.o(.text)
    nrf_log_frontend_std_1                   0x0002631d   Thumb Code    14  nrf_log_frontend.o(.text)
    nrf_log_frontend_std_2                   0x0002632b   Thumb Code    16  nrf_log_frontend.o(.text)
    nrf_log_frontend_std_3                   0x0002633b   Thumb Code    18  nrf_log_frontend.o(.text)
    nrf_log_frontend_std_4                   0x0002634d   Thumb Code    20  nrf_log_frontend.o(.text)
    nrf_log_frontend_std_5                   0x00026361   Thumb Code    28  nrf_log_frontend.o(.text)
    nrf_log_frontend_std_6                   0x0002637d   Thumb Code    28  nrf_log_frontend.o(.text)
    nrf_log_frontend_hexdump                 0x00026399   Thumb Code    48  nrf_log_frontend.o(.text)
    buffer_is_empty                          0x000263c9   Thumb Code    16  nrf_log_frontend.o(.text)
    nrf_log_frontend_dequeue                 0x000263d9   Thumb Code   292  nrf_log_frontend.o(.text)
    nrf_log_getchar                          0x000264fd   Thumb Code     4  nrf_log_frontend.o(.text)
    softdevice_fault_handler                 0x000265a3   Thumb Code     4  softdevice_handler.o(.text)
    intern_softdevice_events_execute         0x000265a7   Thumb Code   114  softdevice_handler.o(.text)
    softdevice_handler_is_enabled            0x00026619   Thumb Code     6  softdevice_handler.o(.text)
    softdevice_handler_init                  0x0002661f   Thumb Code    92  softdevice_handler.o(.text)
    softdevice_handler_sd_disable            0x0002667b   Thumb Code    20  softdevice_handler.o(.text)
    softdevice_ble_evt_handler_set           0x0002668f   Thumb Code    14  softdevice_handler.o(.text)
    softdevice_sys_evt_handler_set           0x0002669d   Thumb Code    14  softdevice_handler.o(.text)
    SWI2_EGU2_IRQHandler                     0x000266ab   Thumb Code    30  softdevice_handler.o(.text)
    softdevice_handler_suspend               0x000266c9   Thumb Code    52  softdevice_handler.o(.text)
    softdevice_handler_resume                0x000266fd   Thumb Code    64  softdevice_handler.o(.text)
    softdevice_handler_is_suspended          0x0002673d   Thumb Code     6  softdevice_handler.o(.text)
    softdevice_app_ram_start_get             0x00026743   Thumb Code    14  softdevice_handler.o(.text)
    softdevice_enable                        0x00026751   Thumb Code    70  softdevice_handler.o(.text)
    inv_disable_compass_soft_iron_matrix     0x000268c1   Thumb Code    12  data_builder.o(.text)
    inv_reset_compass_soft_iron_matrix       0x000268cd   Thumb Code    70  data_builder.o(.text)
    inv_init_data_builder                    0x00026913   Thumb Code    48  data_builder.o(.text)
    inv_get_gyro_sensitivity                 0x00026943   Thumb Code     8  data_builder.o(.text)
    inv_get_accel_sensitivity                0x0002694b   Thumb Code     8  data_builder.o(.text)
    inv_get_compass_sensitivity              0x00026953   Thumb Code    10  data_builder.o(.text)
    set_sensor_orientation_and_scale         0x0002695d   Thumb Code     6  data_builder.o(.text)
    inv_set_gyro_orientation_and_scale       0x00026963   Thumb Code    10  data_builder.o(.text)
    inv_set_gyro_sample_rate                 0x0002696d   Thumb Code    32  data_builder.o(.text)
    inv_set_accel_sample_rate                0x0002698d   Thumb Code    36  data_builder.o(.text)
    inv_set_compass_sample_rate              0x000269b1   Thumb Code    36  data_builder.o(.text)
    inv_get_gyro_sample_rate_ms              0x000269d5   Thumb Code    10  data_builder.o(.text)
    inv_get_accel_sample_rate_ms             0x000269df   Thumb Code    10  data_builder.o(.text)
    inv_get_compass_sample_rate_ms           0x000269e9   Thumb Code    12  data_builder.o(.text)
    inv_set_quat_sample_rate                 0x000269f5   Thumb Code    22  data_builder.o(.text)
    inv_set_gyro_bandwidth                   0x00026a0b   Thumb Code     8  data_builder.o(.text)
    inv_set_accel_bandwidth                  0x00026a13   Thumb Code    10  data_builder.o(.text)
    inv_set_compass_bandwidth                0x00026a1d   Thumb Code    10  data_builder.o(.text)
    inv_get_compass_on                       0x00026a27   Thumb Code    14  data_builder.o(.text)
    inv_get_gyro_on                          0x00026a35   Thumb Code    12  data_builder.o(.text)
    inv_get_accel_on                         0x00026a41   Thumb Code    14  data_builder.o(.text)
    inv_get_last_timestamp                   0x00026a4f   Thumb Code    68  data_builder.o(.text)
    inv_set_accel_orientation_and_scale      0x00026a93   Thumb Code    10  data_builder.o(.text)
    inv_set_compass_orientation_and_scale    0x00026a9d   Thumb Code    14  data_builder.o(.text)
    inv_matrix_vector_mult                   0x00026aab   Thumb Code   110  data_builder.o(.text)
    inv_apply_calibration                    0x00026b19   Thumb Code   106  data_builder.o(.text)
    inv_get_compass_bias                     0x00026b83   Thumb Code    14  data_builder.o(.text)
    inv_set_compass_bias                     0x00026b91   Thumb Code    68  data_builder.o(.text)
    inv_set_compass_disturbance              0x00026bd5   Thumb Code    10  data_builder.o(.text)
    inv_get_compass_disturbance              0x00026bdf   Thumb Code    10  data_builder.o(.text)
    inv_set_accel_bias                       0x00026be9   Thumb Code    72  data_builder.o(.text)
    inv_set_accel_accuracy                   0x00026c31   Thumb Code    24  data_builder.o(.text)
    inv_set_accel_bias_mask                  0x00026c49   Thumb Code   102  data_builder.o(.text)
    inv_set_gyro_bias                        0x00026caf   Thumb Code    90  data_builder.o(.text)
    inv_get_gyro_bias_tc_set                 0x00026d09   Thumb Code    20  data_builder.o(.text)
    inv_get_gyro_bias                        0x00026d1d   Thumb Code    28  data_builder.o(.text)
    inv_get_accel_bias                       0x00026d39   Thumb Code    28  data_builder.o(.text)
    inv_build_accel                          0x00026d55   Thumb Code    96  data_builder.o(.text)
    inv_build_gyro                           0x00026db5   Thumb Code    44  data_builder.o(.text)
    inv_get_compass_soft_iron_output_data    0x00026de1   Thumb Code    24  data_builder.o(.text)
    inv_set_compass_soft_iron_input_data     0x00026df9   Thumb Code    72  data_builder.o(.text)
    inv_build_compass                        0x00026e41   Thumb Code   124  data_builder.o(.text)
    inv_build_temp                           0x00026ebd   Thumb Code    24  data_builder.o(.text)
    inv_build_quat                           0x00026ed5   Thumb Code    40  data_builder.o(.text)
    inv_accel_was_turned_off                 0x00026efd   Thumb Code     8  data_builder.o(.text)
    inv_compass_was_turned_off               0x00026f05   Thumb Code    10  data_builder.o(.text)
    inv_quaternion_sensor_was_turned_off     0x00026f0f   Thumb Code    10  data_builder.o(.text)
    inv_gyro_was_turned_off                  0x00026f19   Thumb Code     8  data_builder.o(.text)
    inv_temperature_was_turned_off           0x00026f21   Thumb Code    10  data_builder.o(.text)
    inv_register_data_cb                     0x00026f2b   Thumb Code   148  data_builder.o(.text)
    inv_unregister_data_cb                   0x00026fbf   Thumb Code    70  data_builder.o(.text)
    inv_execute_on_data                      0x00027095   Thumb Code   118  data_builder.o(.text)
    inv_get_accel_set                        0x0002710b   Thumb Code    34  data_builder.o(.text)
    inv_get_gyro_set                         0x0002712d   Thumb Code    32  data_builder.o(.text)
    inv_get_gyro_set_raw                     0x0002714d   Thumb Code    32  data_builder.o(.text)
    inv_get_gyro                             0x0002716d   Thumb Code    12  data_builder.o(.text)
    inv_get_compass_set                      0x00027179   Thumb Code    46  data_builder.o(.text)
    inv_get_temp_set                         0x000271a7   Thumb Code    30  data_builder.o(.text)
    inv_get_gyro_accuracy                    0x000271c5   Thumb Code     6  data_builder.o(.text)
    inv_get_mag_accuracy                     0x000271cb   Thumb Code    20  data_builder.o(.text)
    inv_get_accel_accuracy                   0x000271df   Thumb Code     6  data_builder.o(.text)
    inv_get_gyro_orient                      0x000271e5   Thumb Code    10  data_builder.o(.text)
    inv_get_accel_orient                     0x000271ef   Thumb Code    10  data_builder.o(.text)
    inv_get_compass_soft_iron_matrix_d       0x000271f9   Thumb Code    24  data_builder.o(.text)
    inv_set_compass_soft_iron_matrix_d       0x00027211   Thumb Code    52  data_builder.o(.text)
    inv_get_compass_soft_iron_matrix_f       0x00027245   Thumb Code    28  data_builder.o(.text)
    inv_set_compass_soft_iron_matrix_f       0x00027261   Thumb Code    52  data_builder.o(.text)
    inv_get_compass_soft_iron_input_data     0x00027295   Thumb Code    24  data_builder.o(.text)
    inv_enable_compass_soft_iron_matrix      0x000272ad   Thumb Code    10  data_builder.o(.text)
    inv_get_sensor_type_accelerometer        0x000272c9   Thumb Code    80  hal_outputs.o(.text)
    inv_get_sensor_type_linear_acceleration  0x00027319   Thumb Code   106  hal_outputs.o(.text)
    inv_get_sensor_type_gravity              0x00027383   Thumb Code    88  hal_outputs.o(.text)
    inv_get_sensor_type_gyroscope            0x000273db   Thumb Code    80  hal_outputs.o(.text)
    inv_get_sensor_type_gyroscope_raw        0x0002742b   Thumb Code    80  hal_outputs.o(.text)
    inv_get_sensor_type_rotation_vector      0x0002747b   Thumb Code   170  hal_outputs.o(.text)
    inv_get_sensor_type_magnetic_field       0x00027525   Thumb Code    58  hal_outputs.o(.text)
    inv_get_sensor_type_orientation          0x0002755f   Thumb Code    20  hal_outputs.o(.text)
    inv_generate_hal_outputs                 0x00027573   Thumb Code   374  hal_outputs.o(.text)
    inv_stop_hal_outputs                     0x000276e9   Thumb Code     8  hal_outputs.o(.text)
    inv_start_hal_outputs                    0x000276f1   Thumb Code    14  hal_outputs.o(.text)
    inv_init_hal_outputs                     0x000276ff   Thumb Code    44  hal_outputs.o(.text)
    inv_enable_hal_outputs                   0x0002772b   Thumb Code    18  hal_outputs.o(.text)
    inv_disable_hal_outputs                  0x0002773d   Thumb Code    22  hal_outputs.o(.text)
    inv_set_message                          0x00027885   Thumb Code    16  message_layer.o(.text)
    inv_get_message_level_0                  0x00027895   Thumb Code    14  message_layer.o(.text)
    inv_sinf                                 0x000278a9   Thumb Code    38  ml_math_func.o(.text)
    inv_cosf                                 0x000278cf   Thumb Code    40  ml_math_func.o(.text)
    inv_q30_mult                             0x000278f7   Thumb Code    12  ml_math_func.o(.text)
    inv_q_mult                               0x00027903   Thumb Code   176  ml_math_func.o(.text)
    inv_q_invert                             0x000279b3   Thumb Code    24  ml_math_func.o(.text)
    inv_compass_angle                        0x000279cb   Thumb Code   162  ml_math_func.o(.text)
    inv_get_gyro_sum_of_sqr                  0x00027a6d   Thumb Code    26  ml_math_func.o(.text)
    inv_q29_mult                             0x00027a87   Thumb Code    12  ml_math_func.o(.text)
    inv_q30_div                              0x00027a93   Thumb Code    22  ml_math_func.o(.text)
    inv_q_shift_mult                         0x00027aa9   Thumb Code    12  ml_math_func.o(.text)
    inv_q_add                                0x00027ab5   Thumb Code    36  ml_math_func.o(.text)
    inv_vector_normalize                     0x00027ad9   Thumb Code   200  ml_math_func.o(.text)
    inv_q_normalize                          0x00027ba1   Thumb Code     4  ml_math_func.o(.text)
    quaternion_to_rotation_angle             0x00027ba5   Thumb Code   140  ml_math_func.o(.text)
    inv_q_rotate                             0x00027c31   Thumb Code    62  ml_math_func.o(.text)
    inv_q_multf                              0x00027c6f   Thumb Code   288  ml_math_func.o(.text)
    inv_q_addf                               0x00027d8f   Thumb Code    66  ml_math_func.o(.text)
    inv_q_normalizef                         0x00027dd1   Thumb Code   170  ml_math_func.o(.text)
    inv_q_norm4                              0x00027e7b   Thumb Code   126  ml_math_func.o(.text)
    inv_q_invertf                            0x00027ef9   Thumb Code    46  ml_math_func.o(.text)
    inv_quaternion_to_rotation               0x00027f27   Thumb Code   218  ml_math_func.o(.text)
    inv_quaternion_to_rotation_vector        0x00028001   Thumb Code    34  ml_math_func.o(.text)
    inv_int32_to_big8                        0x00028023   Thumb Code    18  ml_math_func.o(.text)
    inv_big8_to_int32                        0x00028035   Thumb Code    14  ml_math_func.o(.text)
    inv_big8_to_int16                        0x00028043   Thumb Code     8  ml_math_func.o(.text)
    inv_little8_to_int16                     0x0002804b   Thumb Code     6  ml_math_func.o(.text)
    inv_int16_to_big8                        0x00028051   Thumb Code    10  ml_math_func.o(.text)
    inv_matrix_det_inc                       0x0002805b   Thumb Code    96  ml_math_func.o(.text)
    inv_matrix_det_incd                      0x000280bb   Thumb Code    94  ml_math_func.o(.text)
    inv_matrix_det                           0x00028119   Thumb Code   150  ml_math_func.o(.text)
    inv_matrix_detd                          0x000281af   Thumb Code   218  ml_math_func.o(.text)
    inv_wrap_angle                           0x00028289   Thumb Code    36  ml_math_func.o(.text)
    inv_angle_diff                           0x000282ad   Thumb Code    66  ml_math_func.o(.text)
    inv_checksum                             0x000282ef   Thumb Code    28  ml_math_func.o(.text)
    inv_orientation_matrix_to_scalar         0x00028353   Thumb Code    34  ml_math_func.o(.text)
    inv_convert_to_body                      0x00028375   Thumb Code    70  ml_math_func.o(.text)
    inv_convert_to_chip                      0x000283bb   Thumb Code    70  ml_math_func.o(.text)
    inv_convert_to_body_with_scale           0x00028401   Thumb Code    92  ml_math_func.o(.text)
    inv_vector_norm                          0x0002845d   Thumb Code    46  ml_math_func.o(.text)
    inv_init_biquad_filter                   0x0002848b   Thumb Code    38  ml_math_func.o(.text)
    inv_calc_state_to_match_output           0x000284b1   Thumb Code    42  ml_math_func.o(.text)
    inv_biquad_filter_process                0x000284db   Thumb Code    94  ml_math_func.o(.text)
    inv_get_cross_product_vec                0x00028539   Thumb Code    86  ml_math_func.o(.text)
    mlMatrixVectorMult                       0x0002858f   Thumb Code    52  ml_math_func.o(.text)
    inv_init_mpl                             0x000285e5   Thumb Code    94  mpl.o(.text)
    inv_get_version                          0x00028643   Thumb Code    10  mpl.o(.text)
    inv_start_mpl                            0x0002864d   Thumb Code    36  mpl.o(.text)
    inv_store_gaming_quaternion              0x000286c9   Thumb Code    28  results_holder.o(.text)
    inv_set_compass_correction               0x000286e5   Thumb Code    28  results_holder.o(.text)
    inv_get_compass_correction               0x00028701   Thumb Code    20  results_holder.o(.text)
    inv_get_large_mag_field                  0x00028715   Thumb Code     6  results_holder.o(.text)
    inv_set_large_mag_field                  0x0002871b   Thumb Code     6  results_holder.o(.text)
    inv_get_acc_state                        0x00028721   Thumb Code     6  results_holder.o(.text)
    inv_set_acc_state                        0x00028727   Thumb Code     6  results_holder.o(.text)
    inv_get_motion_state                     0x0002872d   Thumb Code    12  results_holder.o(.text)
    inv_set_motion_state                     0x00028739   Thumb Code    48  results_holder.o(.text)
    inv_set_local_field                      0x00028769   Thumb Code    12  results_holder.o(.text)
    inv_get_local_field                      0x00028775   Thumb Code    12  results_holder.o(.text)
    inv_set_mag_scale                        0x00028781   Thumb Code    12  results_holder.o(.text)
    inv_get_mag_scale                        0x0002878d   Thumb Code    12  results_holder.o(.text)
    inv_get_gravity                          0x00028799   Thumb Code    80  results_holder.o(.text)
    inv_get_6axis_quaternion                 0x000287e9   Thumb Code    16  results_holder.o(.text)
    inv_get_quaternion                       0x000287f9   Thumb Code    48  results_holder.o(.text)
    inv_get_quaternion_float                 0x00028829   Thumb Code    58  results_holder.o(.text)
    inv_get_quaternion_set                   0x00028863   Thumb Code    56  results_holder.o(.text)
    inv_generate_results                     0x0002889b   Thumb Code    10  results_holder.o(.text)
    inv_start_results_holder                 0x000288a5   Thumb Code    20  results_holder.o(.text)
    inv_init_results_holder                  0x000288b9   Thumb Code    40  results_holder.o(.text)
    inv_enable_results_holder                0x000288e1   Thumb Code    24  results_holder.o(.text)
    inv_got_accel_bias                       0x000288f9   Thumb Code     6  results_holder.o(.text)
    inv_set_accel_bias_found                 0x000288ff   Thumb Code     6  results_holder.o(.text)
    inv_got_compass_bias                     0x00028905   Thumb Code     6  results_holder.o(.text)
    inv_set_compass_bias_found               0x0002890b   Thumb Code     6  results_holder.o(.text)
    inv_set_compass_state                    0x00028911   Thumb Code     6  results_holder.o(.text)
    inv_get_compass_state                    0x00028917   Thumb Code     6  results_holder.o(.text)
    inv_set_compass_bias_error               0x0002891d   Thumb Code    12  results_holder.o(.text)
    inv_get_compass_bias_error               0x00028929   Thumb Code    12  results_holder.o(.text)
    inv_get_linear_accel                     0x00028935   Thumb Code    58  results_holder.o(.text)
    inv_get_accel                            0x0002896f   Thumb Code    20  results_holder.o(.text)
    inv_get_accel_float                      0x00028983   Thumb Code    62  results_holder.o(.text)
    inv_get_gyro_float                       0x000289c1   Thumb Code    64  results_holder.o(.text)
    inv_set_heading_confidence_interval      0x00028a01   Thumb Code     8  results_holder.o(.text)
    inv_get_heading_confidence_interval      0x00028a09   Thumb Code     8  results_holder.o(.text)
    inv_get_linear_accel_float               0x00028a11   Thumb Code    64  results_holder.o(.text)
    inv_init_start_manager                   0x00028a75   Thumb Code    14  start_manager.o(.text)
    inv_unregister_mpl_start_notification    0x00028a83   Thumb Code    66  start_manager.o(.text)
    inv_register_mpl_start_notification      0x00028ac5   Thumb Code    28  start_manager.o(.text)
    inv_execute_mpl_start_notification       0x00028ae1   Thumb Code    38  start_manager.o(.text)
    inv_init_storage_manager                 0x00028b0d   Thumb Code    20  storage_manager.o(.text)
    inv_register_load_store                  0x00028b21   Thumb Code   102  storage_manager.o(.text)
    inv_get_mpl_state_size                   0x00028b87   Thumb Code    10  storage_manager.o(.text)
    inv_load_mpl_states                      0x00028b91   Thumb Code   162  storage_manager.o(.text)
    inv_save_mpl_states                      0x00028c33   Thumb Code   114  storage_manager.o(.text)
    dmp_load_motion_driver_firmware          0x00028ca9   Thumb Code    16  inv_mpu_dmp_motion_driver.o(.text)
    dmp_set_orientation                      0x00028cb9   Thumb Code   246  inv_mpu_dmp_motion_driver.o(.text)
    dmp_set_gyro_bias                        0x00028daf   Thumb Code   196  inv_mpu_dmp_motion_driver.o(.text)
    dmp_set_accel_bias                       0x00028e73   Thumb Code   214  inv_mpu_dmp_motion_driver.o(.text)
    dmp_set_fifo_rate                        0x00028f49   Thumb Code    82  inv_mpu_dmp_motion_driver.o(.text)
    dmp_get_fifo_rate                        0x00028f9b   Thumb Code    10  inv_mpu_dmp_motion_driver.o(.text)
    dmp_set_tap_thresh                       0x00028fa5   Thumb Code   392  inv_mpu_dmp_motion_driver.o(.text)
    dmp_set_tap_axes                         0x0002912d   Thumb Code    64  inv_mpu_dmp_motion_driver.o(.text)
    dmp_set_tap_count                        0x0002916d   Thumb Code    34  inv_mpu_dmp_motion_driver.o(.text)
    dmp_set_tap_time                         0x0002918f   Thumb Code    32  inv_mpu_dmp_motion_driver.o(.text)
    dmp_set_tap_time_multi                   0x000291af   Thumb Code    32  inv_mpu_dmp_motion_driver.o(.text)
    dmp_set_shake_reject_thresh              0x000291cf   Thumb Code    48  inv_mpu_dmp_motion_driver.o(.text)
    dmp_set_shake_reject_time                0x000291ff   Thumb Code    32  inv_mpu_dmp_motion_driver.o(.text)
    dmp_set_shake_reject_timeout             0x0002921f   Thumb Code    32  inv_mpu_dmp_motion_driver.o(.text)
    dmp_get_pedometer_step_count             0x0002923f   Thumb Code    48  inv_mpu_dmp_motion_driver.o(.text)
    dmp_set_pedometer_step_count             0x0002926f   Thumb Code    38  inv_mpu_dmp_motion_driver.o(.text)
    dmp_get_pedometer_walk_time              0x00029295   Thumb Code    54  inv_mpu_dmp_motion_driver.o(.text)
    dmp_set_pedometer_walk_time              0x000292cb   Thumb Code    44  inv_mpu_dmp_motion_driver.o(.text)
    dmp_enable_6x_lp_quat                    0x000292f7   Thumb Code    58  inv_mpu_dmp_motion_driver.o(.text)
    dmp_enable_lp_quat                       0x00029331   Thumb Code    58  inv_mpu_dmp_motion_driver.o(.text)
    dmp_enable_gyro_cal                      0x0002936b   Thumb Code    34  inv_mpu_dmp_motion_driver.o(.text)
    dmp_enable_feature                       0x0002938d   Thumb Code   464  inv_mpu_dmp_motion_driver.o(.text)
    dmp_get_enabled_features                 0x0002955d   Thumb Code    10  inv_mpu_dmp_motion_driver.o(.text)
    dmp_set_interrupt_mode                   0x00029567   Thumb Code    60  inv_mpu_dmp_motion_driver.o(.text)
    dmp_read_fifo                            0x000295a3   Thumb Code   336  inv_mpu_dmp_motion_driver.o(.text)
    dmp_register_tap_cb                      0x000296f3   Thumb Code     8  inv_mpu_dmp_motion_driver.o(.text)
    dmp_register_android_orient_cb           0x000296fb   Thumb Code     8  inv_mpu_dmp_motion_driver.o(.text)
    mpu_reg_dump                             0x0002984d   Thumb Code    72  inv_mpu.o(.text)
    mpu_read_reg                             0x00029895   Thumb Code    52  inv_mpu.o(.text)
    mpu_set_int_latched                      0x000298c9   Thumb Code    94  inv_mpu.o(.text)
    mpu_set_sensors                          0x00029927   Thumb Code   304  inv_mpu.o(.text)
    mpu_set_compass_sample_rate              0x00029a57   Thumb Code    76  inv_mpu.o(.text)
    mpu_set_bypass                           0x00029aa3   Thumb Code   212  inv_mpu.o(.text)
    mpu_reset_fifo                           0x00029d6f   Thumb Code   344  inv_mpu.o(.text)
    mpu_configure_fifo                       0x00029ec7   Thumb Code    78  inv_mpu.o(.text)
    mpu_set_lpf                              0x00029f15   Thumb Code   132  inv_mpu.o(.text)
    mpu_lp_accel_mode                        0x00029f99   Thumb Code   232  inv_mpu.o(.text)
    mpu_set_sample_rate                      0x0002a081   Thumb Code   138  inv_mpu.o(.text)
    mpu_set_accel_fsr                        0x0002a10b   Thumb Code   104  inv_mpu.o(.text)
    mpu_set_gyro_fsr                         0x0002a173   Thumb Code   104  inv_mpu.o(.text)
    mpu_init_inv                             0x0002a1db   Thumb Code   212  inv_mpu.o(.text)
    mpu_get_gyro_reg                         0x0002a2af   Thumb Code    78  inv_mpu.o(.text)
    mpu_get_accel_reg                        0x0002a2fd   Thumb Code    76  inv_mpu.o(.text)
    mpu_get_temperature                      0x0002a349   Thumb Code   122  inv_mpu.o(.text)
    mpu_read_6500_accel_bias                 0x0002a3c3   Thumb Code    96  inv_mpu.o(.text)
    mpu_read_6050_accel_bias                 0x0002a423   Thumb Code    94  inv_mpu.o(.text)
    mpu_read_6500_gyro_bias                  0x0002a481   Thumb Code    94  inv_mpu.o(.text)
    mpu_set_gyro_bias_reg                    0x0002a4df   Thumb Code   142  inv_mpu.o(.text)
    mpu_set_accel_bias_6050_reg              0x0002a56d   Thumb Code   172  inv_mpu.o(.text)
    mpu_set_accel_bias_6500_reg              0x0002a619   Thumb Code   170  inv_mpu.o(.text)
    mpu_get_gyro_fsr                         0x0002a6c3   Thumb Code    48  inv_mpu.o(.text)
    mpu_get_accel_fsr                        0x0002a6f3   Thumb Code    54  inv_mpu.o(.text)
    mpu_get_lpf                              0x0002a729   Thumb Code    52  inv_mpu.o(.text)
    mpu_get_sample_rate                      0x0002a75d   Thumb Code    22  inv_mpu.o(.text)
    mpu_get_compass_sample_rate              0x0002a773   Thumb Code    10  inv_mpu.o(.text)
    mpu_get_gyro_sens                        0x0002a77d   Thumb Code    54  inv_mpu.o(.text)
    mpu_get_accel_sens                       0x0002a7b3   Thumb Code    62  inv_mpu.o(.text)
    mpu_get_fifo_config                      0x0002a7f1   Thumb Code    10  inv_mpu.o(.text)
    mpu_get_power_state                      0x0002a7fb   Thumb Code    14  inv_mpu.o(.text)
    mpu_get_int_status                       0x0002a809   Thumb Code    52  inv_mpu.o(.text)
    mpu_read_fifo                            0x0002a83d   Thumb Code   370  inv_mpu.o(.text)
    mpu_read_fifo_stream                     0x0002a9af   Thumb Code   198  inv_mpu.o(.text)
    mpu_set_int_level                        0x0002aa75   Thumb Code    10  inv_mpu.o(.text)
    mpu_set_dmp_state                        0x0002bb65   Thumb Code   114  inv_mpu.o(.text)
    mpu_run_6500_self_test                   0x0002bbd7   Thumb Code   368  inv_mpu.o(.text)
    mpu_run_self_test                        0x0002bd47   Thumb Code   152  inv_mpu.o(.text)
    mpu_write_mem                            0x0002bddf   Thumb Code   102  inv_mpu.o(.text)
    mpu_read_mem                             0x0002be45   Thumb Code    80  inv_mpu.o(.text)
    mpu_load_firmware                        0x0002be95   Thumb Code   630  inv_mpu.o(.text)
    mpu_get_dmp_state                        0x0002c10b   Thumb Code    12  inv_mpu.o(.text)
    mpu_get_compass_reg                      0x0002c117   Thumb Code   148  inv_mpu.o(.text)
    mpu_get_compass_fsr                      0x0002c1ab   Thumb Code    12  inv_mpu.o(.text)
    mpu_lp_motion_interrupt                  0x0002c1b7   Thumb Code   548  inv_mpu.o(.text)
    inv_get_sensor_type_accel                0x0002c491   Thumb Code    22  empl_outputs.o(.text)
    inv_get_sensor_type_gyro                 0x0002c4a7   Thumb Code    22  empl_outputs.o(.text)
    inv_get_sensor_type_compass              0x0002c4bd   Thumb Code    22  empl_outputs.o(.text)
    inv_get_sensor_type_quat                 0x0002c4d3   Thumb Code    24  empl_outputs.o(.text)
    inv_get_sensor_type_heading              0x0002c4eb   Thumb Code   146  empl_outputs.o(.text)
    inv_get_sensor_type_euler                0x0002c57d   Thumb Code   408  empl_outputs.o(.text)
    inv_get_sensor_type_rot_mat              0x0002c715   Thumb Code    28  empl_outputs.o(.text)
    inv_enable_eMPL_outputs                  0x0002c7db   Thumb Code    20  empl_outputs.o(.text)
    inv_disable_eMPL_outputs                 0x0002c7ef   Thumb Code    18  empl_outputs.o(.text)
    Reset_Handler                            0x0002c831   Thumb Code     8  arm_startup_nrf52840.o(.text)
    NMI_Handler                              0x0002c839   Thumb Code     2  arm_startup_nrf52840.o(.text)
    HardFault_Handler                        0x0002c83b   Thumb Code     2  arm_startup_nrf52840.o(.text)
    MemoryManagement_Handler                 0x0002c83d   Thumb Code     2  arm_startup_nrf52840.o(.text)
    BusFault_Handler                         0x0002c83f   Thumb Code     2  arm_startup_nrf52840.o(.text)
    UsageFault_Handler                       0x0002c841   Thumb Code     2  arm_startup_nrf52840.o(.text)
    SVC_Handler                              0x0002c843   Thumb Code     2  arm_startup_nrf52840.o(.text)
    DebugMon_Handler                         0x0002c845   Thumb Code     2  arm_startup_nrf52840.o(.text)
    PendSV_Handler                           0x0002c847   Thumb Code     2  arm_startup_nrf52840.o(.text)
    SysTick_Handler                          0x0002c849   Thumb Code     2  arm_startup_nrf52840.o(.text)
    CCM_AAR_IRQHandler                       0x0002c84b   Thumb Code     0  arm_startup_nrf52840.o(.text)
    COMP_LPCOMP_IRQHandler                   0x0002c84b   Thumb Code     0  arm_startup_nrf52840.o(.text)
    CRYPTOCELL_IRQHandler                    0x0002c84b   Thumb Code     0  arm_startup_nrf52840.o(.text)
    ECB_IRQHandler                           0x0002c84b   Thumb Code     0  arm_startup_nrf52840.o(.text)
    FPU_IRQHandler                           0x0002c84b   Thumb Code     0  arm_startup_nrf52840.o(.text)
    I2S_IRQHandler                           0x0002c84b   Thumb Code     0  arm_startup_nrf52840.o(.text)
    MWU_IRQHandler                           0x0002c84b   Thumb Code     0  arm_startup_nrf52840.o(.text)
    NFCT_IRQHandler                          0x0002c84b   Thumb Code     0  arm_startup_nrf52840.o(.text)
    PDM_IRQHandler                           0x0002c84b   Thumb Code     0  arm_startup_nrf52840.o(.text)
    PWM0_IRQHandler                          0x0002c84b   Thumb Code     0  arm_startup_nrf52840.o(.text)
    PWM1_IRQHandler                          0x0002c84b   Thumb Code     0  arm_startup_nrf52840.o(.text)
    PWM2_IRQHandler                          0x0002c84b   Thumb Code     0  arm_startup_nrf52840.o(.text)
    PWM3_IRQHandler                          0x0002c84b   Thumb Code     0  arm_startup_nrf52840.o(.text)
    QDEC_IRQHandler                          0x0002c84b   Thumb Code     0  arm_startup_nrf52840.o(.text)
    QSPI_IRQHandler                          0x0002c84b   Thumb Code     0  arm_startup_nrf52840.o(.text)
    RADIO_IRQHandler                         0x0002c84b   Thumb Code     0  arm_startup_nrf52840.o(.text)
    RNG_IRQHandler                           0x0002c84b   Thumb Code     0  arm_startup_nrf52840.o(.text)
    RTC0_IRQHandler                          0x0002c84b   Thumb Code     0  arm_startup_nrf52840.o(.text)
    RTC2_IRQHandler                          0x0002c84b   Thumb Code     0  arm_startup_nrf52840.o(.text)
    SAADC_IRQHandler                         0x0002c84b   Thumb Code     0  arm_startup_nrf52840.o(.text)
    SPIM1_SPIS1_TWIM1_TWIS1_SPI1_TWI1_IRQHandler 0x0002c84b   Thumb Code     0  arm_startup_nrf52840.o(.text)
    SPIM2_SPIS2_SPI2_IRQHandler              0x0002c84b   Thumb Code     0  arm_startup_nrf52840.o(.text)
    SPIM3_IRQHandler                         0x0002c84b   Thumb Code     0  arm_startup_nrf52840.o(.text)
    SWI1_EGU1_IRQHandler                     0x0002c84b   Thumb Code     0  arm_startup_nrf52840.o(.text)
    SWI3_EGU3_IRQHandler                     0x0002c84b   Thumb Code     0  arm_startup_nrf52840.o(.text)
    SWI4_EGU4_IRQHandler                     0x0002c84b   Thumb Code     0  arm_startup_nrf52840.o(.text)
    SWI5_EGU5_IRQHandler                     0x0002c84b   Thumb Code     0  arm_startup_nrf52840.o(.text)
    TEMP_IRQHandler                          0x0002c84b   Thumb Code     0  arm_startup_nrf52840.o(.text)
    TIMER0_IRQHandler                        0x0002c84b   Thumb Code     0  arm_startup_nrf52840.o(.text)
    TIMER1_IRQHandler                        0x0002c84b   Thumb Code     0  arm_startup_nrf52840.o(.text)
    TIMER2_IRQHandler                        0x0002c84b   Thumb Code     0  arm_startup_nrf52840.o(.text)
    TIMER3_IRQHandler                        0x0002c84b   Thumb Code     0  arm_startup_nrf52840.o(.text)
    TIMER4_IRQHandler                        0x0002c84b   Thumb Code     0  arm_startup_nrf52840.o(.text)
    UARTE1_IRQHandler                        0x0002c84b   Thumb Code     0  arm_startup_nrf52840.o(.text)
    USBD_IRQHandler                          0x0002c84b   Thumb Code     0  arm_startup_nrf52840.o(.text)
    WDT_IRQHandler                           0x0002c84b   Thumb Code     0  arm_startup_nrf52840.o(.text)
    SystemCoreClockUpdate                    0x0002c855   Thumb Code     8  system_nrf52840.o(.text)
    SystemInit                               0x0002c85d   Thumb Code   432  system_nrf52840.o(.text)
    inv_vector_compass_cal_sensitivity       0x0002ca45   Thumb Code     8  compass_vec_cal.o(.text)
    inv_cheap_rand                           0x0002cc33   Thumb Code    42  compass_vec_cal.o(.text)
    inv_cheap_gaussian                       0x0002cc5d   Thumb Code   134  compass_vec_cal.o(.text)
    inv_combine_compass_data                 0x0002cce3   Thumb Code   416  compass_vec_cal.o(.text)
    inv_set_terms                            0x0002ce83   Thumb Code   932  compass_vec_cal.o(.text)
    inv_compute_bias                         0x0002d227   Thumb Code  2142  compass_vec_cal.o(.text)
    inv_center_sum                           0x0002da85   Thumb Code  1784  compass_vec_cal.o(.text)
    inv_get_current_calibrated_compass       0x0002e17d   Thumb Code    82  compass_vec_cal.o(.text)
    inv_add_compass_block_data               0x0002e1cf   Thumb Code   172  compass_vec_cal.o(.text)
    inv_check_sim                            0x0002e4e7   Thumb Code   400  compass_vec_cal.o(.text)
    inv_reset_data_collection                0x0002e677   Thumb Code    50  compass_vec_cal.o(.text)
    inv_process_compass_only_cal             0x0002e6a9   Thumb Code  1720  compass_vec_cal.o(.text)
    inv_generate_vector_compass_cal          0x0002ed61   Thumb Code    62  compass_vec_cal.o(.text)
    inv_start_vector_compass_cal             0x0002ed9f   Thumb Code    14  compass_vec_cal.o(.text)
    inv_stop_vector_compass_cal              0x0002edad   Thumb Code     8  compass_vec_cal.o(.text)
    inv_init_vector_compass_cal              0x0002edb5   Thumb Code    92  compass_vec_cal.o(.text)
    inv_enable_vector_compass_cal            0x0002ee11   Thumb Code    24  compass_vec_cal.o(.text)
    inv_disable_vector_compass_cal           0x0002ee29   Thumb Code    22  compass_vec_cal.o(.text)
    inv_init_maxmin                          0x0002ef35   Thumb Code    78  fast_no_motion.o(.text)
    inv_fast_nomot_parameter                 0x0002ef83   Thumb Code   332  fast_no_motion.o(.text)
    inv_fast_nomot_parameter_3rd             0x0002f0cf   Thumb Code   190  fast_no_motion.o(.text)
    inv_fast_nomot_set_gyro_bias             0x0002f18d   Thumb Code   232  fast_no_motion.o(.text)
    inv_set_fast_nomot_compass_threshold     0x0002f275   Thumb Code     8  fast_no_motion.o(.text)
    int_set_fast_nomot_gyro_threshold        0x0002f27d   Thumb Code     8  fast_no_motion.o(.text)
    inv_set_fast_nomot_accel_threshold       0x0002f285   Thumb Code     8  fast_no_motion.o(.text)
    inv_get_fast_nomot_compass_param         0x0002f28d   Thumb Code    18  fast_no_motion.o(.text)
    inv_get_fast_nomot_accel_param           0x0002f29f   Thumb Code    18  fast_no_motion.o(.text)
    inv_fast_nomot_store_data                0x0002f2b1   Thumb Code   140  fast_no_motion.o(.text)
    inv_fast_nomot_store_data_compass        0x0002f33d   Thumb Code    74  fast_no_motion.o(.text)
    inv_fast_nomot_reset_data_compass        0x0002f387   Thumb Code    36  fast_no_motion.o(.text)
    inv_fast_nomot_get_time_elaps            0x0002f3ab   Thumb Code     8  fast_no_motion.o(.text)
    inv_fast_nomot_parameter_compass         0x0002f3b3   Thumb Code    22  fast_no_motion.o(.text)
    inv_get_right_shift_by_rounding          0x0002f3c9   Thumb Code    76  fast_no_motion.o(.text)
    inv_reset_min_max_gyro_accel_statistics  0x0002f415   Thumb Code    38  fast_no_motion.o(.text)
    inv_record_max_moment_in_no_motion_gyro  0x0002f43b   Thumb Code    32  fast_no_motion.o(.text)
    inv_record_max_moment_in_no_motion_accel 0x0002f45b   Thumb Code    32  fast_no_motion.o(.text)
    inv_record_min_moment_in_motion_gyro     0x0002f47b   Thumb Code    34  fast_no_motion.o(.text)
    inv_record_min_moment_in_motion_accel    0x0002f49d   Thumb Code    34  fast_no_motion.o(.text)
    inv_detect_motion_by_gyro_accel          0x0002f4bf   Thumb Code   214  fast_no_motion.o(.text)
    inv_sensor_data_preprocess               0x0002f595   Thumb Code   132  fast_no_motion.o(.text)
    inv_generate_fast_nomot                  0x0002f619   Thumb Code   504  fast_no_motion.o(.text)
    inv_set_default_number_of_samples        0x0002f811   Thumb Code    62  fast_no_motion.o(.text)
    inv_init_fast_nomot                      0x0002f84f   Thumb Code    78  fast_no_motion.o(.text)
    inv_start_fast_nomot                     0x0002f89d   Thumb Code    56  fast_no_motion.o(.text)
    inv_stop_fast_nomot                      0x0002f8d5   Thumb Code    20  fast_no_motion.o(.text)
    inv_enable_fast_nomot                    0x0002f8e9   Thumb Code    24  fast_no_motion.o(.text)
    inv_disable_fast_nomot                   0x0002f901   Thumb Code    18  fast_no_motion.o(.text)
    inv_get_fnm_gyro_no_motion_param         0x0002f913   Thumb Code     8  fast_no_motion.o(.text)
    inv_fnm_debug_print                      0x0002f91b   Thumb Code     2  fast_no_motion.o(.text)
    inv_filter_correction_angle              0x0002f9f9   Thumb Code   374  fusion_9axis.o(.text)
    inv_perform_9x_fusion                    0x0002fb6f   Thumb Code   894  fusion_9axis.o(.text)
    inv_process_9x_sensor_fusion_cb          0x0002feed   Thumb Code   120  fusion_9axis.o(.text)
    inv_init_9x_fusion                       0x0002ff65   Thumb Code    52  fusion_9axis.o(.text)
    inv_9x_fusion_set_mag_fb                 0x0002ff99   Thumb Code    10  fusion_9axis.o(.text)
    inv_9x_fusion_enable_jitter_reduction    0x0002ffa3   Thumb Code    10  fusion_9axis.o(.text)
    inv_9x_fusion_use_timestamps             0x0002ffad   Thumb Code    10  fusion_9axis.o(.text)
    inv_start_9x_sensor_fusion               0x0002ffb7   Thumb Code    14  fusion_9axis.o(.text)
    inv_stop_9x_sensor_fusion                0x0002ffc5   Thumb Code     8  fusion_9axis.o(.text)
    inv_enable_9x_sensor_fusion              0x0002ffcd   Thumb Code    30  fusion_9axis.o(.text)
    inv_disable_9x_sensor_fusion             0x0002ffeb   Thumb Code     8  fusion_9axis.o(.text)
    inv_set_magnetic_disturbance             0x0002fffd   Thumb Code    16  mag_disturb.o(.text)
    inv_init_magnetic_disturbance            0x0003000d   Thumb Code    68  mag_disturb.o(.text)
    MagDisturbSetDisturbance                 0x00030051   Thumb Code   108  mag_disturb.o(.text)
    MagDisturbCheckSettling                  0x000300bd   Thumb Code    68  mag_disturb.o(.text)
    ComputeAngleVelocity                     0x00030101   Thumb Code    94  mag_disturb.o(.text)
    inv_disable_dip_tracking                 0x0003015f   Thumb Code    10  mag_disturb.o(.text)
    Mag3ofNormalizedLong                     0x00030169   Thumb Code    60  mag_disturb.o(.text)
    inv_track_dip_angle                      0x000301a5   Thumb Code   126  mag_disturb.o(.text)
    inv_check_magnetic_disturbance           0x00030223   Thumb Code   758  mag_disturb.o(.text)
    inv_magnetic_disturbance_process         0x00030519   Thumb Code    50  mag_disturb.o(.text)
    inv_start_magnetic_disturbance           0x0003054b   Thumb Code    14  mag_disturb.o(.text)
    inv_stop_magnetic_disturbance            0x00030559   Thumb Code     8  mag_disturb.o(.text)
    inv_enable_magnetic_disturbance          0x00030561   Thumb Code    40  mag_disturb.o(.text)
    inv_disable_magnetic_disturbance         0x00030589   Thumb Code    22  mag_disturb.o(.text)
    inv_enable_dip_tracking                  0x0003059f   Thumb Code    14  mag_disturb.o(.text)
    inv_get_magnetic_disturbance_state       0x000305ad   Thumb Code     8  mag_disturb.o(.text)
    inv_generate_gyro_quaternion             0x00030975   Thumb Code   348  quaternion_supervisor.o(.text)
    inv_set_quaternion                       0x00030c87   Thumb Code    36  quaternion_supervisor.o(.text)
    inv_generate_accel_gyro_quaternion       0x00030cab   Thumb Code   468  quaternion_supervisor.o(.text)
    inv_stop_quaternion                      0x00030ec3   Thumb Code     6  quaternion_supervisor.o(.text)
    inv_init_quaternion                      0x00030ec9   Thumb Code    34  quaternion_supervisor.o(.text)
    inv_start_quaternion                     0x00030eeb   Thumb Code    34  quaternion_supervisor.o(.text)
    inv_enable_quaternion                    0x00030f0d   Thumb Code    24  quaternion_supervisor.o(.text)
    inv_disable_quaternion                   0x00030f25   Thumb Code    20  quaternion_supervisor.o(.text)
    inv_init_accel_maxmin                    0x00030f51   Thumb Code    34  accel_auto_cal.o(.text)
    inv_record_good_accel_maxmin             0x00030f73   Thumb Code    58  accel_auto_cal.o(.text)
    inv_get_current_calibrated_accel         0x00030fad   Thumb Code    70  accel_auto_cal.o(.text)
    inv_sort_order_4_T                       0x0003139d   Thumb Code   134  accel_auto_cal.o(.text)
    inv_init_check_sample_balance            0x00031423   Thumb Code    36  accel_auto_cal.o(.text)
    inv_init_check_sample_balance_parameter  0x00031447   Thumb Code    28  accel_auto_cal.o(.text)
    inv_add_accel_block_data                 0x00031463   Thumb Code   180  accel_auto_cal.o(.text)
    inv_add_vector_block_data                0x00031517   Thumb Code   152  accel_auto_cal.o(.text)
    inv_check_sample_balance                 0x000315af   Thumb Code   372  accel_auto_cal.o(.text)
    inv_auto_calibrate                       0x00031775   Thumb Code   828  accel_auto_cal.o(.text)
    inv_init_in_use_auto_calibration         0x00031ab1   Thumb Code    92  accel_auto_cal.o(.text)
    inv_start_in_use_auto_calibration        0x00031b0d   Thumb Code    14  accel_auto_cal.o(.text)
    inv_stop_in_use_auto_calibration         0x00031b1b   Thumb Code     8  accel_auto_cal.o(.text)
    inv_enable_in_use_auto_calibration       0x00031b23   Thumb Code    24  accel_auto_cal.o(.text)
    inv_disable_in_use_auto_calibration      0x00031b3b   Thumb Code    22  accel_auto_cal.o(.text)
    inv_get_accel_bias_stage                 0x00031b51   Thumb Code     6  accel_auto_cal.o(.text)
    __aeabi_uldivmod                         0x00031b95   Thumb Code    98  uldiv.o(.text)
    __aeabi_ldivmod                          0x00031bf7   Thumb Code    98  ldiv.o(.text)
    __aeabi_llsl                             0x00031c59   Thumb Code    30  llshl.o(.text)
    _ll_shift_l                              0x00031c59   Thumb Code     0  llshl.o(.text)
    __aeabi_lasr                             0x00031c77   Thumb Code    36  llsshr.o(.text)
    _ll_sshift_r                             0x00031c77   Thumb Code     0  llsshr.o(.text)
    __rt_ctype_table                         0x00031c9d   Thumb Code     4  ctype_o.o(.text)
    ___aeabi_memcpy8$move                    0x00031ca5   Thumb Code     0  memmovea.o(.text)
    __aeabi_memcpy                           0x00031ca5   Thumb Code    64  memmovea.o(.text)
    __aeabi_memcpy4                          0x00031ca5   Thumb Code     0  memmovea.o(.text)
    __aeabi_memmove                          0x00031ca5   Thumb Code     0  memmovea.o(.text)
    __aeabi_memmove4                         0x00031ca5   Thumb Code     0  memmovea.o(.text)
    __aeabi_memmove8                         0x00031ca5   Thumb Code     0  memmovea.o(.text)
    __aeabi_memset                           0x00031ce5   Thumb Code    14  memseta.o(.text)
    __aeabi_memset4                          0x00031ce5   Thumb Code     0  memseta.o(.text)
    __aeabi_memset8                          0x00031ce5   Thumb Code     0  memseta.o(.text)
    __aeabi_memclr                           0x00031cf3   Thumb Code     4  memseta.o(.text)
    __aeabi_memclr4                          0x00031cf3   Thumb Code     0  memseta.o(.text)
    __aeabi_memclr8                          0x00031cf3   Thumb Code     0  memseta.o(.text)
    _memset$wrapper                          0x00031cf7   Thumb Code    18  memseta.o(.text)
    strlen                                   0x00031d09   Thumb Code    14  strlen.o(.text)
    memcmp                                   0x00031d17   Thumb Code    26  memcmp.o(.text)
    __aeabi_dadd                             0x00031d31   Thumb Code   322  dadd.o(.text)
    __aeabi_dsub                             0x00031e73   Thumb Code     6  dadd.o(.text)
    __aeabi_drsub                            0x00031e79   Thumb Code     6  dadd.o(.text)
    __aeabi_dmul                             0x00031e7f   Thumb Code   228  dmul.o(.text)
    __aeabi_ddiv                             0x00031f63   Thumb Code   222  ddiv.o(.text)
    __aeabi_l2f                              0x00032041   Thumb Code    44  ffltl.o(.text)
    __aeabi_i2d                              0x0003206d   Thumb Code    34  dflti.o(.text)
    __aeabi_f2lz                             0x0003208f   Thumb Code    66  ffixl.o(.text)
    __aeabi_d2iz                             0x000320d1   Thumb Code    62  dfixi.o(.text)
    __aeabi_f2d                              0x0003210f   Thumb Code    38  f2d.o(.text)
    __aeabi_cdcmpeq                          0x00032135   Thumb Code     0  cdcmple.o(.text)
    __aeabi_cdcmple                          0x00032135   Thumb Code    48  cdcmple.o(.text)
    __aeabi_cdrcmple                         0x00032165   Thumb Code    48  cdrcmple.o(.text)
    __aeabi_d2f                              0x00032195   Thumb Code    56  d2f.o(.text)
    __aeabi_uidiv                            0x000321cd   Thumb Code     0  uidiv.o(.text)
    __aeabi_uidivmod                         0x000321cd   Thumb Code    44  uidiv.o(.text)
    __aeabi_llsr                             0x000321f9   Thumb Code    32  llushr.o(.text)
    _ll_ushift_r                             0x000321f9   Thumb Code     0  llushr.o(.text)
    __I$use$fp                               0x00032219   Thumb Code     0  iusefp.o(.text)
    _float_round                             0x00032219   Thumb Code    18  fepilogue.o(.text)
    _float_epilogue                          0x0003222b   Thumb Code    92  fepilogue.o(.text)
    _double_round                            0x00032287   Thumb Code    30  depilogue.o(.text)
    _double_epilogue                         0x000322a5   Thumb Code   156  depilogue.o(.text)
    _dsqrt                                   0x00032341   Thumb Code   162  dsqrt.o(.text)
    __aeabi_d2ulz                            0x000323e3   Thumb Code    48  dfixul.o(.text)
    __scatterload                            0x00032415   Thumb Code    28  init.o(.text)
    __scatterload_rt2                        0x00032415   Thumb Code     0  init.o(.text)
    __aeabi_ui2d                             0x00032439   Thumb Code    26  dfltui.o(.text)
    __0printf                                0x00032455   Thumb Code    22  printfa.o(i.__0printf)
    __1printf                                0x00032455   Thumb Code     0  printfa.o(i.__0printf)
    __2printf                                0x00032455   Thumb Code     0  printfa.o(i.__0printf)
    __c89printf                              0x00032455   Thumb Code     0  printfa.o(i.__0printf)
    printf                                   0x00032455   Thumb Code     0  printfa.o(i.__0printf)
    __0snprintf                              0x00032475   Thumb Code    44  printfa.o(i.__0snprintf)
    __1snprintf                              0x00032475   Thumb Code     0  printfa.o(i.__0snprintf)
    __2snprintf                              0x00032475   Thumb Code     0  printfa.o(i.__0snprintf)
    __c89snprintf                            0x00032475   Thumb Code     0  printfa.o(i.__0snprintf)
    snprintf                                 0x00032475   Thumb Code     0  printfa.o(i.__0snprintf)
    __0vsprintf                              0x000324a5   Thumb Code    30  printfa.o(i.__0vsprintf)
    __1vsprintf                              0x000324a5   Thumb Code     0  printfa.o(i.__0vsprintf)
    __2vsprintf                              0x000324a5   Thumb Code     0  printfa.o(i.__0vsprintf)
    __c89vsprintf                            0x000324a5   Thumb Code     0  printfa.o(i.__0vsprintf)
    vsprintf                                 0x000324a5   Thumb Code     0  printfa.o(i.__0vsprintf)
    __ARM_fpclassify                         0x000324c9   Thumb Code    48  fpclassify.o(i.__ARM_fpclassify)
    __ARM_fpclassifyf                        0x000324f9   Thumb Code    38  fpclassifyf.o(i.__ARM_fpclassifyf)
    __hardfp_acos                            0x00032521   Thumb Code   738  acos.o(i.__hardfp_acos)
    __hardfp_acosf                           0x00032879   Thumb Code   234  acosf.o(i.__hardfp_acosf)
    __hardfp_asinf                           0x00032991   Thumb Code   258  asinf.o(i.__hardfp_asinf)
    __hardfp_atan2f                          0x00032abd   Thumb Code   502  atan2f.o(i.__hardfp_atan2f)
    __hardfp_cos                             0x00032d11   Thumb Code   180  cos.o(i.__hardfp_cos)
    __hardfp_cosf                            0x00032dd9   Thumb Code   280  cosf.o(i.__hardfp_cosf)
    __hardfp_fabs                            0x00032f29   Thumb Code    20  fabs.o(i.__hardfp_fabs)
    __hardfp_log                             0x00032f41   Thumb Code   872  log.o(i.__hardfp_log)
    __hardfp_sinf                            0x00033305   Thumb Code   344  sinf.o(i.__hardfp_sinf)
    __hardfp_sqrt                            0x00033495   Thumb Code   122  sqrt.o(i.__hardfp_sqrt)
    __hardfp_sqrtf                           0x0003350f   Thumb Code    58  sqrtf.o(i.__hardfp_sqrtf)
    __ieee754_rem_pio2                       0x00033549   Thumb Code   938  rred.o(i.__ieee754_rem_pio2)
    __kernel_cos                             0x00033981   Thumb Code   322  cos_i.o(i.__kernel_cos)
    __kernel_poly                            0x00033af1   Thumb Code   248  poly.o(i.__kernel_poly)
    __kernel_sin                             0x00033be9   Thumb Code   280  sin_i.o(i.__kernel_sin)
    __mathlib_dbl_divzero                    0x00033d19   Thumb Code    28  dunder.o(i.__mathlib_dbl_divzero)
    __mathlib_dbl_infnan                     0x00033d49   Thumb Code    20  dunder.o(i.__mathlib_dbl_infnan)
    __mathlib_dbl_invalid                    0x00033d61   Thumb Code    24  dunder.o(i.__mathlib_dbl_invalid)
    __mathlib_dbl_underflow                  0x00033d81   Thumb Code    24  dunder.o(i.__mathlib_dbl_underflow)
    __mathlib_flt_infnan                     0x00033da1   Thumb Code     6  funder.o(i.__mathlib_flt_infnan)
    __mathlib_flt_infnan2                    0x00033da7   Thumb Code     6  funder.o(i.__mathlib_flt_infnan2)
    __mathlib_flt_invalid                    0x00033dad   Thumb Code    10  funder.o(i.__mathlib_flt_invalid)
    __mathlib_flt_underflow                  0x00033dbd   Thumb Code    10  funder.o(i.__mathlib_flt_underflow)
    __mathlib_rredf2                         0x00033dcd   Thumb Code   316  rredf.o(i.__mathlib_rredf2)
    __scatterload_copy                       0x00033f21   Thumb Code    14  handlers.o(i.__scatterload_copy)
    __scatterload_null                       0x00033f2f   Thumb Code     2  handlers.o(i.__scatterload_null)
    __scatterload_zeroinit                   0x00033f31   Thumb Code    14  handlers.o(i.__scatterload_zeroinit)
    __set_errno                              0x00033f41   Thumb Code     6  errno.o(i.__set_errno)
    fabs                                     0x0003481f   Thumb Code    24  fabs.o(i.fabs)
    free                                     0x00034839   Thumb Code    76  malloc.o(i.free)
    malloc                                   0x00034889   Thumb Code    92  malloc.o(i.malloc)
    sqrt                                     0x000348f5   Thumb Code   110  sqrt.o(i.sqrt)
    sqrtf                                    0x00034963   Thumb Code    62  sqrtf.o(i.sqrtf)
    sin_lookup                               0x00034bb0   Data        1024  ml_math_func.o(.constdata)
    ml_ver                                   0x00034fb0   Data          20  mpl.o(.constdata)
    reg                                      0x00035bd5   Data          42  inv_mpu.o(.constdata)
    hw                                       0x00035c00   Data          14  inv_mpu.o(.constdata)
    test                                     0x00035c10   Data          48  inv_mpu.o(.constdata)
    __ctype_table                            0x00035ec8   Data         129  ctype_o.o(.constdata)
    __mathlib_zero                           0x00035f80   Data           8  qnan.o(.constdata)
    Region$$Table$$Base                      0x000363f0   Number         0  anon$$obj.o(Region$$Table)
    Region$$Table$$Limit                     0x00036410   Number         0  anon$$obj.o(Region$$Table)
    Image$$RW_IRAM1$$Base                    0x20002198   Number         0  anon$$obj.o ABSOLUTE
    mpl_key                                  0x20002198   Data           4  main.o(.data)
    __stdout                                 0x20002208   Data           4  retarget.o(.data)
    compass_low_pass_filter_coeff            0x2000222c   Data          20  hal_outputs.o(.data)
    SystemCoreClock                          0x2000227c   Data           4  system_nrf52840.o(.data)
    __microlib_freelist                      0x20002290   Data           4  mvars.o(.data)
    __microlib_freelist_initialised          0x20002294   Data           4  mvars.o(.data)
    twi_tx_buffer                            0x20002884   Data          16  nrf_drv_mpu_twi.o(.bss)
    nrf_nvic_state                           0x20002a8c   Data          12  app_util_platform.o(.bss)
    cb                                       0x20003200   Data         232  compass_vec_cal.o(.bss)
    cb_test                                  0x200032e8   Data         232  compass_vec_cal.o(.bss)
    cb_sim                                   0x200033d0   Data         232  compass_vec_cal.o(.bss)
    vc                                       0x200034b8   Data         424  compass_vec_cal.o(.bss)
    fnm                                      0x20003660   Data         608  fast_no_motion.o(.bss)
    s9axis                                   0x20003900   Data         312  fusion_9axis.o(.bss)
    mag_disturb                              0x20003a38   Data         184  mag_disturb.o(.bss)
    __heap_base                              0x20004018   Data           0  arm_startup_nrf52840.o(HEAP)
    __heap_limit                             0x20006018   Data           0  arm_startup_nrf52840.o(HEAP)
    __initial_sp                             0x20008018   Data           0  arm_startup_nrf52840.o(STACK)



==============================================================================

Memory Map of the image

  Image Entry point : 0x00022201

  Load Region LR_IROM1 (Base: 0x00022000, Size: 0x00014514, Max: 0x000de000, ABSOLUTE)

    Execution Region ER_IROM1 (Base: 0x00022000, Size: 0x00014410, Max: 0x000de000, ABSOLUTE)

    Base Addr    Size         Type   Attr      Idx    E Section Name        Object

    0x00022000   0x00000200   Data   RO         1927    RESET               arm_startup_nrf52840.o
    0x00022200   0x00000000   Code   RO         2385  * .ARM.Collect$$$$00000000  mc_w.l(entry.o)
    0x00022200   0x00000004   Code   RO         2803    .ARM.Collect$$$$00000001  mc_w.l(entry2.o)
    0x00022204   0x00000004   Code   RO         2806    .ARM.Collect$$$$00000004  mc_w.l(entry5.o)
    0x00022208   0x00000000   Code   RO         2808    .ARM.Collect$$$$00000008  mc_w.l(entry7b.o)
    0x00022208   0x00000000   Code   RO         2810    .ARM.Collect$$$$0000000A  mc_w.l(entry8b.o)
    0x00022208   0x00000008   Code   RO         2811    .ARM.Collect$$$$0000000B  mc_w.l(entry9a.o)
    0x00022210   0x00000000   Code   RO         2813    .ARM.Collect$$$$0000000D  mc_w.l(entry10a.o)
    0x00022210   0x00000000   Code   RO         2815    .ARM.Collect$$$$0000000F  mc_w.l(entry11a.o)
    0x00022210   0x00000004   Code   RO         2804    .ARM.Collect$$$$00002712  mc_w.l(entry2.o)
    0x00022214   0x00000758   Code   RO            4    .text               main.o
    0x0002296c   0x000001b0   Code   RO          352    .text               boards.o
    0x00022b1c   0x000003c8   Code   RO          397    .text               bsp.o
    0x00022ee4   0x000000f8   Code   RO          447    .text               bsp_btn_ble.o
    0x00022fdc   0x00000700   Code   RO          764    .text               nrf_drv_twi.o
    0x000236dc   0x00000390   Code   RO          826    .text               nrf_drv_mpu_twi.o
    0x00023a6c   0x000000c4   Code   RO          905    .text               nrf_drv_inv_dmp.o
    0x00023b30   0x0000031c   Code   RO          948    .text               nrf_drv_clock.o
    0x00023e4c   0x00000044   Code   RO          996    .text               nrf_drv_common.o
    0x00023e90   0x00000a1c   Code   RO         1037    .text               nrf_drv_uart.o
    0x000248ac   0x000008b4   Code   RO         1083    .text               nrf_drv_gpiote.o
    0x00025160   0x00000106   Code   RO         1128    .text               app_mpu.o
    0x00025266   0x00000002   PAD
    0x00025268   0x00000180   Code   RO         1153    .text               app_button.o
    0x000253e8   0x00000090   Code   RO         1190    .text               app_error.o
    0x00025478   0x00000060   Code   RO         1218    .text               app_error_weak.o
    0x000254d8   0x0000013c   Code   RO         1246    .text               app_fifo.o
    0x00025614   0x00000638   Code   RO         1306    .text               app_timer_1.o
    0x00025c4c   0x000001d8   Code   RO         1337    .text               app_uart_fifo.o
    0x00025e24   0x000000e0   Code   RO         1377    .text               app_util_platform.o
    0x00025f04   0x00000048   Code   RO         1442    .text               nrf_strerror.o
    0x00025f4c   0x00000020   Code   RO         1469    .text               retarget.o
    0x00025f6c   0x00000374   Code   RO         1519    .text               nrf_log_backend_serial.o
    0x000262e0   0x00000238   Code   RO         1561    .text               nrf_log_frontend.o
    0x00026518   0x00000364   Code   RO         1629    .text               softdevice_handler.o
    0x0002687c   0x00000a4c   Code   RO         1676    .text               data_builder.o
    0x000272c8   0x000005bc   Code   RO         1713    .text               hal_outputs.o
    0x00027884   0x00000024   Code   RO         1736    .text               message_layer.o
    0x000278a8   0x00000d3c   Code   RO         1750    .text               ml_math_func.o
    0x000285e4   0x000000e4   Code   RO         1784    .text               mpl.o
    0x000286c8   0x000003ac   Code   RO         1802    .text               results_holder.o
    0x00028a74   0x00000098   Code   RO         1817    .text               start_manager.o
    0x00028b0c   0x0000019c   Code   RO         1831    .text               storage_manager.o
    0x00028ca8   0x00000b4e   Code   RO         1848    .text               inv_mpu_dmp_motion_driver.o
    0x000297f6   0x00000002   PAD
    0x000297f8   0x00002c98   Code   RO         1882    .text               inv_mpu.o
    0x0002c490   0x000003a0   Code   RO         1911    .text               empl_outputs.o
    0x0002c830   0x00000024   Code   RO         1928    .text               arm_startup_nrf52840.o
    0x0002c854   0x000001f0   Code   RO         1935    .text               system_nrf52840.o
    0x0002ca44   0x000024f0   Code   RO         1963    .text               libmpllib.lib(compass_vec_cal.o)
    0x0002ef34   0x00000a18   Code   RO         2053    .text               libmpllib.lib(fast_no_motion.o)
    0x0002f94c   0x000006b0   Code   RO         2086    .text               libmpllib.lib(fusion_9axis.o)
    0x0002fffc   0x000005c0   Code   RO         2108    .text               libmpllib.lib(mag_disturb.o)
    0x000305bc   0x00000994   Code   RO         2130    .text               libmpllib.lib(quaternion_supervisor.o)
    0x00030f50   0x00000c44   Code   RO         2148    .text               libmpllib.lib(accel_auto_cal.o)
    0x00031b94   0x00000062   Code   RO         2388    .text               mc_w.l(uldiv.o)
    0x00031bf6   0x00000062   Code   RO         2390    .text               mc_w.l(ldiv.o)
    0x00031c58   0x0000001e   Code   RO         2392    .text               mc_w.l(llshl.o)
    0x00031c76   0x00000024   Code   RO         2394    .text               mc_w.l(llsshr.o)
    0x00031c9a   0x00000002   PAD
    0x00031c9c   0x00000008   Code   RO         2396    .text               mc_w.l(ctype_o.o)
    0x00031ca4   0x00000040   Code   RO         2426    .text               mc_w.l(memmovea.o)
    0x00031ce4   0x00000024   Code   RO         2428    .text               mc_w.l(memseta.o)
    0x00031d08   0x0000000e   Code   RO         2430    .text               mc_w.l(strlen.o)
    0x00031d16   0x0000001a   Code   RO         2432    .text               mc_w.l(memcmp.o)
    0x00031d30   0x0000014e   Code   RO         2729    .text               mf_w.l(dadd.o)
    0x00031e7e   0x000000e4   Code   RO         2731    .text               mf_w.l(dmul.o)
    0x00031f62   0x000000de   Code   RO         2733    .text               mf_w.l(ddiv.o)
    0x00032040   0x0000002c   Code   RO         2735    .text               mf_w.l(ffltl.o)
    0x0003206c   0x00000022   Code   RO         2737    .text               mf_w.l(dflti.o)
    0x0003208e   0x00000042   Code   RO         2739    .text               mf_w.l(ffixl.o)
    0x000320d0   0x0000003e   Code   RO         2741    .text               mf_w.l(dfixi.o)
    0x0003210e   0x00000026   Code   RO         2743    .text               mf_w.l(f2d.o)
    0x00032134   0x00000030   Code   RO         2745    .text               mf_w.l(cdcmple.o)
    0x00032164   0x00000030   Code   RO         2747    .text               mf_w.l(cdrcmple.o)
    0x00032194   0x00000038   Code   RO         2749    .text               mf_w.l(d2f.o)
    0x000321cc   0x0000002c   Code   RO         2817    .text               mc_w.l(uidiv.o)
    0x000321f8   0x00000020   Code   RO         2819    .text               mc_w.l(llushr.o)
    0x00032218   0x00000000   Code   RO         2830    .text               mc_w.l(iusefp.o)
    0x00032218   0x0000006e   Code   RO         2831    .text               mf_w.l(fepilogue.o)
    0x00032286   0x000000ba   Code   RO         2833    .text               mf_w.l(depilogue.o)
    0x00032340   0x000000a2   Code   RO         2839    .text               mf_w.l(dsqrt.o)
    0x000323e2   0x00000030   Code   RO         2841    .text               mf_w.l(dfixul.o)
    0x00032412   0x00000002   PAD
    0x00032414   0x00000024   Code   RO         2843    .text               mc_w.l(init.o)
    0x00032438   0x0000001a   Code   RO         2845    .text               mf_w.l(dfltui.o)
    0x00032452   0x00000002   PAD
    0x00032454   0x00000020   Code   RO         2673    i.__0printf         mc_w.l(printfa.o)
    0x00032474   0x00000030   Code   RO         2674    i.__0snprintf       mc_w.l(printfa.o)
    0x000324a4   0x00000024   Code   RO         2679    i.__0vsprintf       mc_w.l(printfa.o)
    0x000324c8   0x00000030   Code   RO         2768    i.__ARM_fpclassify  m_wm.l(fpclassify.o)
    0x000324f8   0x00000026   Code   RO         2770    i.__ARM_fpclassifyf  m_wm.l(fpclassifyf.o)
    0x0003251e   0x00000002   PAD
    0x00032520   0x00000358   Code   RO         2177    i.__hardfp_acos     m_wm.l(acos.o)
    0x00032878   0x00000118   Code   RO         2191    i.__hardfp_acosf    m_wm.l(acosf.o)
    0x00032990   0x0000012c   Code   RO         2217    i.__hardfp_asinf    m_wm.l(asinf.o)
    0x00032abc   0x00000250   Code   RO         2255    i.__hardfp_atan2f   m_wm.l(atan2f.o)
    0x00032d0c   0x00000004   PAD
    0x00032d10   0x000000c8   Code   RO         2273    i.__hardfp_cos      m_wm.l(cos.o)
    0x00032dd8   0x00000150   Code   RO         2285    i.__hardfp_cosf     m_wm.l(cosf.o)
    0x00032f28   0x00000014   Code   RO         2297    i.__hardfp_fabs     m_wm.l(fabs.o)
    0x00032f3c   0x00000004   PAD
    0x00032f40   0x000003c4   Code   RO         2309    i.__hardfp_log      m_wm.l(log.o)
    0x00033304   0x00000190   Code   RO         2349    i.__hardfp_sinf     m_wm.l(sinf.o)
    0x00033494   0x0000007a   Code   RO         2361    i.__hardfp_sqrt     m_wm.l(sqrt.o)
    0x0003350e   0x0000003a   Code   RO         2373    i.__hardfp_sqrtf    m_wm.l(sqrtf.o)
    0x00033548   0x00000438   Code   RO         2789    i.__ieee754_rem_pio2  m_wm.l(rred.o)
    0x00033980   0x00000170   Code   RO         2751    i.__kernel_cos      m_wm.l(cos_i.o)
    0x00033af0   0x000000f8   Code   RO         2786    i.__kernel_poly     m_wm.l(poly.o)
    0x00033be8   0x00000130   Code   RO         2797    i.__kernel_sin      m_wm.l(sin_i.o)
    0x00033d18   0x00000030   Code   RO         2754    i.__mathlib_dbl_divzero  m_wm.l(dunder.o)
    0x00033d48   0x00000014   Code   RO         2755    i.__mathlib_dbl_infnan  m_wm.l(dunder.o)
    0x00033d5c   0x00000004   PAD
    0x00033d60   0x00000020   Code   RO         2757    i.__mathlib_dbl_invalid  m_wm.l(dunder.o)
    0x00033d80   0x00000020   Code   RO         2760    i.__mathlib_dbl_underflow  m_wm.l(dunder.o)
    0x00033da0   0x00000006   Code   RO         2773    i.__mathlib_flt_infnan  m_wm.l(funder.o)
    0x00033da6   0x00000006   Code   RO         2774    i.__mathlib_flt_infnan2  m_wm.l(funder.o)
    0x00033dac   0x00000010   Code   RO         2775    i.__mathlib_flt_invalid  m_wm.l(funder.o)
    0x00033dbc   0x00000010   Code   RO         2778    i.__mathlib_flt_underflow  m_wm.l(funder.o)
    0x00033dcc   0x00000154   Code   RO         2794    i.__mathlib_rredf2  m_wm.l(rredf.o)
    0x00033f20   0x0000000e   Code   RO         2849    i.__scatterload_copy  mc_w.l(handlers.o)
    0x00033f2e   0x00000002   Code   RO         2850    i.__scatterload_null  mc_w.l(handlers.o)
    0x00033f30   0x0000000e   Code   RO         2851    i.__scatterload_zeroinit  mc_w.l(handlers.o)
    0x00033f3e   0x00000002   PAD
    0x00033f40   0x0000000c   Code   RO         2825    i.__set_errno       mc_w.l(errno.o)
    0x00033f4c   0x00000184   Code   RO         2680    i._fp_digits        mc_w.l(printfa.o)
    0x000340d0   0x000006dc   Code   RO         2681    i._printf_core      mc_w.l(printfa.o)
    0x000347ac   0x00000024   Code   RO         2682    i._printf_post_padding  mc_w.l(printfa.o)
    0x000347d0   0x0000002e   Code   RO         2683    i._printf_pre_padding  mc_w.l(printfa.o)
    0x000347fe   0x00000016   Code   RO         2684    i._snputc           mc_w.l(printfa.o)
    0x00034814   0x0000000a   Code   RO         2685    i._sputc            mc_w.l(printfa.o)
    0x0003481e   0x00000018   Code   RO         2299    i.fabs              m_wm.l(fabs.o)
    0x00034836   0x00000002   PAD
    0x00034838   0x00000050   Code   RO         2701    i.free              mc_w.l(malloc.o)
    0x00034888   0x0000006c   Code   RO         2702    i.malloc            mc_w.l(malloc.o)
    0x000348f4   0x0000006e   Code   RO         2363    i.sqrt              m_wm.l(sqrt.o)
    0x00034962   0x0000003e   Code   RO         2375    i.sqrtf             m_wm.l(sqrtf.o)
    0x000349a0   0x00000020   Data   RO            7    .constdata          main.o
    0x000349c0   0x00000008   Data   RO          353    .constdata          boards.o
    0x000349c8   0x0000002c   Data   RO          402    .constdata          bsp.o
    0x000349f4   0x0000000c   Data   RO          769    .constdata          nrf_drv_twi.o
    0x00034a00   0x00000018   Data   RO          828    .constdata          nrf_drv_mpu_twi.o
    0x00034a18   0x0000004b   Data   RO         1085    .constdata          nrf_drv_gpiote.o
    0x00034a63   0x00000001   PAD
    0x00034a64   0x00000008   Data   RO         1155    .constdata          app_button.o
    0x00034a6c   0x00000020   Data   RO         1339    .constdata          app_uart_fifo.o
    0x00034a8c   0x00000104   Data   RO         1443    .constdata          nrf_strerror.o
    0x00034b90   0x00000020   Data   RO         1522    .constdata          nrf_log_backend_serial.o
    0x00034bb0   0x00000400   Data   RO         1751    .constdata          ml_math_func.o
    0x00034fb0   0x0000002f   Data   RO         1785    .constdata          mpl.o
    0x00034fdf   0x00000bf6   Data   RO         1850    .constdata          inv_mpu_dmp_motion_driver.o
    0x00035bd5   0x0000002a   Data   RO         1883    .constdata          inv_mpu.o
    0x00035bff   0x00000001   PAD
    0x00035c00   0x0000000e   Data   RO         1884    .constdata          inv_mpu.o
    0x00035c0e   0x00000002   PAD
    0x00035c10   0x00000030   Data   RO         1885    .constdata          inv_mpu.o
    0x00035c40   0x00000200   Data   RO         1886    .constdata          inv_mpu.o
    0x00035e40   0x00000050   Data   RO         2180    .constdata          m_wm.l(acos.o)
    0x00035e90   0x00000038   Data   RO         2312    .constdata          m_wm.l(log.o)
    0x00035ec8   0x00000081   Data   RO         2397    .constdata          mc_w.l(ctype_o.o)
    0x00035f49   0x00000003   PAD
    0x00035f4c   0x00000004   Data   RO         2398    .constdata          mc_w.l(ctype_o.o)
    0x00035f50   0x00000030   Data   RO         2752    .constdata          m_wm.l(cos_i.o)
    0x00035f80   0x00000008   Data   RO         2788    .constdata          m_wm.l(qnan.o)
    0x00035f88   0x000000c8   Data   RO         2791    .constdata          m_wm.l(rred.o)
    0x00036050   0x00000020   Data   RO         2795    .constdata          m_wm.l(rredf.o)
    0x00036070   0x00000028   Data   RO         2798    .constdata          m_wm.l(sin_i.o)
    0x00036098   0x00000009   Data   RO            8    .conststring        main.o
    0x000360a1   0x00000003   PAD
    0x000360a4   0x00000307   Data   RO         1444    .conststring        nrf_strerror.o
    0x000363ab   0x00000001   PAD
    0x000363ac   0x00000044   Data   RO         1678    .conststring        data_builder.o
    0x000363f0   0x00000020   Data   RO         2847    Region$$Table       anon$$obj.o


    Execution Region RW_IRAM1 (Base: 0x20002198, Size: 0x00005e80, Max: 0x0003de68, ABSOLUTE)

    Base Addr    Size         Type   Attr      Idx    E Section Name        Object

    0x20002198   0x00000004   Data   RW            9    .data               main.o
    0x2000219c   0x00000012   Data   RW           10    .data               main.o
    0x200021ae   0x00000002   PAD
    0x200021b0   0x00000010   Data   RW          403    .data               bsp.o
    0x200021c0   0x00000008   Data   RW          448    .data               bsp_btn_ble.o
    0x200021c8   0x00000002   Data   RW          829    .data               nrf_drv_mpu_twi.o
    0x200021ca   0x00000002   PAD
    0x200021cc   0x00000014   Data   RW         1156    .data               app_button.o
    0x200021e0   0x00000014   Data   RW         1308    .data               app_timer_1.o
    0x200021f4   0x00000010   Data   RW         1340    .data               app_uart_fifo.o
    0x20002204   0x00000004   Data   RW         1379    .data               app_util_platform.o
    0x20002208   0x00000004   Data   RW         1470    .data               retarget.o
    0x2000220c   0x0000000c   Data   RW         1523    .data               nrf_log_backend_serial.o
    0x20002218   0x00000014   Data   RW         1630    .data               softdevice_handler.o
    0x2000222c   0x00000014   Data   RW         1715    .data               hal_outputs.o
    0x20002240   0x00000004   Data   RW         1737    .data               message_layer.o
    0x20002244   0x00000038   Data   RW         1887    .data               inv_mpu.o
    0x2000227c   0x00000004   Data   RW         1936    .data               system_nrf52840.o
    0x20002280   0x00000010   Data   RW         1965    .data               libmpllib.lib(compass_vec_cal.o)
    0x20002290   0x00000004   Data   RW         2821    .data               mc_w.l(mvars.o)
    0x20002294   0x00000004   Data   RW         2822    .data               mc_w.l(mvars.o)
    0x20002298   0x00000004   Data   RW         2826    .data               mc_w.l(errno.o)
    0x2000229c   0x00000020   Zero   RW            5    .bss                main.o
    0x200022bc   0x00000534   Zero   RW            6    .bss                main.o
    0x200027f0   0x00000020   Zero   RW          398    .bss                bsp.o
    0x20002810   0x00000020   Zero   RW          399    .bss                bsp.o
    0x20002830   0x0000000c   Zero   RW          400    .bss                bsp.o
    0x2000283c   0x00000020   Zero   RW          401    .bss                bsp.o
    0x2000285c   0x00000028   Zero   RW          765    .bss                nrf_drv_twi.o
    0x20002884   0x00000010   Zero   RW          827    .bss                nrf_drv_mpu_twi.o
    0x20002894   0x00000014   Zero   RW          949    .bss                nrf_drv_clock.o
    0x200028a8   0x00000020   Zero   RW         1038    .bss                nrf_drv_uart.o
    0x200028c8   0x00000058   Zero   RW         1084    .bss                nrf_drv_gpiote.o
    0x20002920   0x00000020   Zero   RW         1154    .bss                app_button.o
    0x20002940   0x00000020   Zero   RW         1191    .bss                app_error.o
    0x20002960   0x0000010c   Zero   RW         1307    .bss                app_timer_1.o
    0x20002a6c   0x00000020   Zero   RW         1338    .bss                app_uart_fifo.o
    0x20002a8c   0x0000000c   Zero   RW         1378    .bss                app_util_platform.o
    0x20002a98   0x00000100   Zero   RW         1520    .bss                nrf_log_backend_serial.o
    0x20002b98   0x0000001c   Zero   RW         1562    .bss                nrf_log_frontend.o
    0x20002bb4   0x000002d8   Zero   RW         1677    .bss                data_builder.o
    0x20002e8c   0x000000c4   Zero   RW         1714    .bss                hal_outputs.o
    0x20002f50   0x00000088   Zero   RW         1803    .bss                results_holder.o
    0x20002fd8   0x00000054   Zero   RW         1818    .bss                start_manager.o
    0x2000302c   0x00000198   Zero   RW         1832    .bss                storage_manager.o
    0x200031c4   0x00000010   Zero   RW         1849    .bss                inv_mpu_dmp_motion_driver.o
    0x200031d4   0x00000028   Zero   RW         1912    .bss                empl_outputs.o
    0x200031fc   0x00000004   PAD
    0x20003200   0x00000460   Zero   RW         1964    .bss                libmpllib.lib(compass_vec_cal.o)
    0x20003660   0x000002a0   Zero   RW         2054    .bss                libmpllib.lib(fast_no_motion.o)
    0x20003900   0x00000138   Zero   RW         2087    .bss                libmpllib.lib(fusion_9axis.o)
    0x20003a38   0x000000b8   Zero   RW         2109    .bss                libmpllib.lib(mag_disturb.o)
    0x20003af0   0x0000006c   Zero   RW         2131    .bss                libmpllib.lib(quaternion_supervisor.o)
    0x20003b5c   0x00000004   PAD
    0x20003b60   0x000004b8   Zero   RW         2149    .bss                libmpllib.lib(accel_auto_cal.o)
    0x20004018   0x00002000   Zero   RW         1926    HEAP                arm_startup_nrf52840.o
    0x20006018   0x00002000   Zero   RW         1925    STACK               arm_startup_nrf52840.o


==============================================================================

Image component sizes


      Code (inc. data)   RO Data    RW Data    ZI Data      Debug   Object Name

       384         18          8         20         32       9312   app_button.o
       144          4          0          0         32       3931   app_error.o
        96         54          0          0          0      27389   app_error_weak.o
       316          0          0          0          0       5204   app_fifo.o
       262          0          0          0          0       3913   app_mpu.o
         0          0          0          0          0      20784   app_scheduler.o
      1592         42          0         20        268      39274   app_timer_1.o
       472         18         32         16         32      11648   app_uart_fifo.o
       224         14          0          4         12      36637   app_util_platform.o
        36          8        512          0      16384        952   arm_startup_nrf52840.o
         0          0          0          0          0        392   ble_advdata.o
       432         10          8          0          0      11041   boards.o
       968         52         44         16        108      12476   bsp.o
       248          6          0          8          0      43877   bsp_btn_ble.o
         0          0          0          0          0       1684   bsp_nfc.o
      2636         62         68          0        728      25692   data_builder.o
       928         48          0          0         40       5801   empl_outputs.o
      1468         38          0         20        196       8621   hal_outputs.o
     11416       1504        616         56          0      31824   inv_mpu.o
      2894        186       3062          0         16      16869   inv_mpu_dmp_motion_driver.o
      1880        464         41         22       1364      94142   main.o
        36          6          0          4          0       1818   message_layer.o
      3388        110       1024          0          0      17483   ml_math_func.o
       228         66         47          0          0       5282   mpl.o
       796         18          0          0         20      17467   nrf_drv_clock.o
        68          0          0          0          0      29648   nrf_drv_common.o
      2228        162         75          0         88      28614   nrf_drv_gpiote.o
       196         24          0          0          0       1793   nrf_drv_inv_dmp.o
       912         92         24          2         16      13130   nrf_drv_mpu_twi.o
      1792         36         12          0         40      54794   nrf_drv_twi.o
      2588         28          0          0         32      30993   nrf_drv_uart.o
       884         40         32         12        256       6947   nrf_log_backend_serial.o
       568          4          0          0         28       8945   nrf_log_frontend.o
        72          4       1035          0          0       2273   nrf_strerror.o
       940         18          0          0        136      10059   results_holder.o
        32          0          0          4          0       3088   retarget.o
       868        186          0         20          0      38575   softdevice_handler.o
       152          6          0          0         84       2646   start_manager.o
       412          4          0          0        408       3838   storage_manager.o
       496         56          0          4          0       2679   system_nrf52840.o

    ----------------------------------------------------------------------
     43056       3388       6680        232      20324     691535   Object Totals
         0          0         32          0          0          0   (incl. Generated)
         4          0          8          4          4          0   (incl. Padding)

    ----------------------------------------------------------------------

      Code (inc. data)   RO Data    RW Data    ZI Data      Debug   Library Member Name

      3140        190          0          0       1208       9672   accel_auto_cal.o
      9456        298          0         16       1120      19892   compass_vec_cal.o
      2584         42          0          0        672      13744   fast_no_motion.o
      1712         72          0          0        312       5636   fusion_9axis.o
      1472         48          0          0        184       7614   mag_disturb.o
      2452        130          0          0        108       5637   quaternion_supervisor.o
       856        118         80          0          0        288   acos.o
       280         46          0          0          0        176   acosf.o
       300         42          0          0          0        176   asinf.o
       592         90          0          0          0        184   atan2f.o
       200         20          0          0          0        164   cos.o
       368         46         48          0          0        200   cos_i.o
       336         56          0          0          0        136   cosf.o
       132         36          0          0          0        496   dunder.o
        44          0          0          0          0        248   fabs.o
        48          0          0          0          0        124   fpclassify.o
        38          0          0          0          0        116   fpclassifyf.o
        44         12          0          0          0        464   funder.o
       964         92         56          0          0        316   log.o
       248          0          0          0          0        152   poly.o
         0          0          8          0          0          0   qnan.o
      1080        142        200          0          0        188   rred.o
       340         24         32          0          0        160   rredf.o
       304         24         40          0          0        208   sin_i.o
       400         56          0          0          0        212   sinf.o
       232          0          0          0          0        296   sqrt.o
       120          0          0          0          0        272   sqrtf.o
         8          4        133          0          0         68   ctype_o.o
         0          0          0          0          0          0   entry.o
         0          0          0          0          0          0   entry10a.o
         0          0          0          0          0          0   entry11a.o
         8          4          0          0          0          0   entry2.o
         4          0          0          0          0          0   entry5.o
         0          0          0          0          0          0   entry7b.o
         0          0          0          0          0          0   entry8b.o
         8          4          0          0          0          0   entry9a.o
        12          6          0          4          0         68   errno.o
        30          0          0          0          0          0   handlers.o
        36          8          0          0          0         68   init.o
         0          0          0          0          0          0   iusefp.o
        98          0          0          0          0         84   ldiv.o
        30          0          0          0          0         68   llshl.o
        36          0          0          0          0         68   llsshr.o
        32          0          0          0          0         68   llushr.o
       188         20          0          0          0        160   malloc.o
        26          0          0          0          0         80   memcmp.o
        64          0          0          0          0         76   memmovea.o
        36          0          0          0          0        108   memseta.o
         0          0          0          8          0          0   mvars.o
      2374        100          0          0          0        752   printfa.o
        14          0          0          0          0         68   strlen.o
        44          0          0          0          0         80   uidiv.o
        98          0          0          0          0         92   uldiv.o
        48          0          0          0          0         68   cdcmple.o
        48          0          0          0          0         68   cdrcmple.o
        56          0          0          0          0         88   d2f.o
       334          0          0          0          0        148   dadd.o
       222          0          0          0          0        100   ddiv.o
       186          0          0          0          0        176   depilogue.o
        62          0          0          0          0         80   dfixi.o
        48          0          0          0          0         68   dfixul.o
        34          0          0          0          0         76   dflti.o
        26          0          0          0          0         76   dfltui.o
       228          0          0          0          0         96   dmul.o
       162          0          0          0          0        100   dsqrt.o
        38          0          0          0          0         68   f2d.o
       110          0          0          0          0        168   fepilogue.o
        66          0          0          0          0         76   ffixl.o
        44          0          0          0          0         92   ffltl.o

    ----------------------------------------------------------------------
     32624       1734        600         28       3608      70227   Library Totals
        24          4          3          0          4          0   (incl. Padding)

    ----------------------------------------------------------------------

      Code (inc. data)   RO Data    RW Data    ZI Data      Debug   Library Name

     20816        780          0         16       3604      62195   libmpllib.lib
      6926        804        464          0          0       4576   m_wm.l
      3146        146        133         12          0       1908   mc_w.l
      1712          0          0          0          0       1548   mf_w.l

    ----------------------------------------------------------------------
     32624       1734        600         28       3608      70227   Library Totals

    ----------------------------------------------------------------------

==============================================================================


      Code (inc. data)   RO Data    RW Data    ZI Data      Debug   

     75680       5122       7280        260      23932     746494   Grand Totals
     75680       5122       7280        260      23932     746494   ELF Image Totals
     75680       5122       7280        260          0          0   ROM Totals

==============================================================================

    Total RO  Size (Code + RO Data)                82960 (  81.02kB)
    Total RW  Size (RW Data + ZI Data)             24192 (  23.63kB)
    Total ROM Size (Code + RO Data + RW Data)      83220 (  81.27kB)

==============================================================================

