Component: ARM Compiler 5.06 update 4 (build 422) Tool: armlink [4d35d2]

==============================================================================

Section Cross References

    main.o(i.magn_setup) refers to app_mpu.o(i.mpu_magnetometer_init) for mpu_magnetometer_init
    main.o(i.magn_setup) refers to app_error.o(i.app_error_handler_bare) for app_error_handler_bare
    main.o(i.main) refers to main.o(i.uart_config) for uart_config
    main.o(i.main) refers to main.o(i.mpu_setup) for mpu_setup
    main.o(i.main) refers to main.o(i.magn_setup) for magn_setup
    main.o(i.main) refers to nrf_drv_mpu_twi.o(i.mpu_twi_read_test) for mpu_twi_read_test
    main.o(i.main) refers to app_error.o(i.app_error_handler_bare) for app_error_handler_bare
    main.o(i.main) refers to printf6.o(i.__0printf$6) for __2printf
    main.o(i.main) refers to nrf_drv_clock.o(i.nrf_drv_clock_init) for nrf_drv_clock_init
    main.o(i.main) refers to nrf_drv_clock.o(i.nrf_drv_clock_lfclk_request) for nrf_drv_clock_lfclk_request
    main.o(i.main) refers to app_timer_1.o(i.app_timer_init) for app_timer_init
    main.o(i.main) refers to app_timer_1.o(i.app_timer_create) for app_timer_create
    main.o(i.main) refers to app_timer_1.o(i.app_timer_start) for app_timer_start
    main.o(i.main) refers to app_mpu.o(i.mpu_read_accel) for mpu_read_accel
    main.o(i.main) refers to app_mpu.o(i.mpu_read_gyro) for mpu_read_gyro
    main.o(i.main) refers to app_mpu.o(i.mpu_read_magnetometer) for mpu_read_magnetometer
    main.o(i.main) refers to nrf_drv_inv_dmp.o(i.millis) for millis
    main.o(i.main) refers to main.o(i.nrf_delay_us) for nrf_delay_us
    main.o(i.main) refers to main.o(i.timer_a_handler) for timer_a_handler
    main.o(i.main) refers to main.o(.constdata) for .constdata
    main.o(i.mpu_setup) refers to printf6.o(i.__0printf$6) for __2printf
    main.o(i.mpu_setup) refers to app_mpu.o(i.mpu_init) for mpu_init
    main.o(i.mpu_setup) refers to app_error.o(i.app_error_handler_bare) for app_error_handler_bare
    main.o(i.mpu_setup) refers to app_mpu.o(i.mpu_config) for mpu_config
    main.o(i.mpu_setup) refers to main.o(.constdata) for .constdata
    main.o(i.nrf_delay_us) refers to system_nrf52840.o(.data) for SystemCoreClock
    main.o(i.uart_config) refers to boards.o(i.bsp_board_leds_init) for bsp_board_leds_init
    main.o(i.uart_config) refers to memcpya.o(.text) for __aeabi_memcpy4
    main.o(i.uart_config) refers to app_uart_fifo.o(i.app_uart_init) for app_uart_init
    main.o(i.uart_config) refers to app_error.o(i.app_error_handler_bare) for app_error_handler_bare
    main.o(i.uart_config) refers to main.o(.constdata) for .constdata
    main.o(i.uart_config) refers to main.o(.bss) for .bss
    main.o(i.uart_config) refers to main.o(i.uart_error_handle) for uart_error_handle
    main.o(i.uart_error_handle) refers to app_error.o(i.app_error_handler_bare) for app_error_handler_bare
    main.o(.constdata) refers to main.o(.bss) for timer1_data
    nrf_drv_twi.o(i.SPIM0_SPIS0_TWIM0_TWIS0_SPI0_TWI0_IRQHandler) refers to nrf_drv_twi.o(i.irq_handler_twim) for irq_handler_twim
    nrf_drv_twi.o(i.SPIM0_SPIS0_TWIM0_TWIS0_SPI0_TWI0_IRQHandler) refers to nrf_drv_twi.o(.bss) for .bss
    nrf_drv_twi.o(i.irq_handler_twim) refers to nrf_drv_twi.o(i.nrf_twim_event_check) for nrf_twim_event_check
    nrf_drv_twi.o(i.irq_handler_twim) refers to nrf_drv_twi.o(i.nrf_twim_event_clear) for nrf_twim_event_clear
    nrf_drv_twi.o(i.nrf_delay_us) refers to system_nrf52840.o(.data) for SystemCoreClock
    nrf_drv_twi.o(i.nrf_drv_twi_disable) refers to nrf_drv_twi.o(.bss) for .bss
    nrf_drv_twi.o(i.nrf_drv_twi_enable) refers to nrf_drv_twi.o(.bss) for .bss
    nrf_drv_twi.o(i.nrf_drv_twi_init) refers to nrf_drv_twi.o(i.twi_clear_bus) for twi_clear_bus
    nrf_drv_twi.o(i.nrf_drv_twi_init) refers to nrf_drv_common.o(i.nrf_drv_common_irq_enable) for nrf_drv_common_irq_enable
    nrf_drv_twi.o(i.nrf_drv_twi_init) refers to nrf_drv_twi.o(.bss) for .bss
    nrf_drv_twi.o(i.nrf_drv_twi_is_busy) refers to nrf_drv_twi.o(.bss) for .bss
    nrf_drv_twi.o(i.nrf_drv_twi_rx) refers to nrf_drv_twi.o(i.nrf_drv_twi_xfer) for nrf_drv_twi_xfer
    nrf_drv_twi.o(i.nrf_drv_twi_rx) refers to nrf_drv_twi.o(.constdata) for .constdata
    nrf_drv_twi.o(i.nrf_drv_twi_tx) refers to nrf_drv_twi.o(i.nrf_drv_twi_xfer) for nrf_drv_twi_xfer
    nrf_drv_twi.o(i.nrf_drv_twi_uninit) refers to nrf_drv_twi.o(i.nrf_drv_twi_disable) for nrf_drv_twi_disable
    nrf_drv_twi.o(i.nrf_drv_twi_uninit) refers to nrf_drv_twi.o(.bss) for .bss
    nrf_drv_twi.o(i.nrf_drv_twi_xfer) refers to nrf_drv_twi.o(i.twim_xfer) for twim_xfer
    nrf_drv_twi.o(i.nrf_drv_twi_xfer) refers to nrf_drv_twi.o(.bss) for .bss
    nrf_drv_twi.o(i.nrf_gpio_pin_clear) refers to nrf_drv_twi.o(i.nrf_gpio_pin_port_decode) for nrf_gpio_pin_port_decode
    nrf_drv_twi.o(i.nrf_gpio_pin_set) refers to nrf_drv_twi.o(i.nrf_gpio_pin_port_decode) for nrf_gpio_pin_port_decode
[...]
    entry5.o(.ARM.Collect$$$$00000004) refers to init.o(.text) for __scatterload
    entry9a.o(.ARM.Collect$$$$0000000B) refers to main.o(i.main) for main
    entry9b.o(.ARM.Collect$$$$0000000C) refers to main.o(i.main) for main
    uldiv.o(.text) refers to llushr.o(.text) for __aeabi_llsr
    uldiv.o(.text) refers to llshl.o(.text) for __aeabi_llsl
    depilogue.o(.text) refers to llshl.o(.text) for __aeabi_llsl
    depilogue.o(.text) refers to llushr.o(.text) for __aeabi_llsr
    dadd.o(.text) refers to llshl.o(.text) for __aeabi_llsl
    dadd.o(.text) refers to llsshr.o(.text) for __aeabi_lasr
    dadd.o(.text) refers to depilogue.o(.text) for _double_epilogue
    dmul.o(.text) refers to depilogue.o(.text) for _double_epilogue
    ddiv.o(.text) refers to depilogue.o(.text) for _double_round
    dfixul.o(.text) refers to llushr.o(.text) for __aeabi_llsr
    dfixul.o(.text) refers to llshl.o(.text) for __aeabi_llsl
    init.o(.text) refers to entry5.o(.ARM.Collect$$$$00000004) for __main_after_scatterload


==============================================================================

Removing Unused input sections from the image.

    Removing main.o(.rev16_text), (4 bytes).
    Removing main.o(.revsh_text), (4 bytes).
    Removing main.o(.rrx_text), (6 bytes).
    Removing nrf_drv_twi.o(.rev16_text), (4 bytes).
    Removing nrf_drv_twi.o(.revsh_text), (4 bytes).
    Removing nrf_drv_twi.o(.rrx_text), (6 bytes).
    Removing nrf_drv_twi.o(i.nrf_drv_twi_data_count_get), (4 bytes).
    Removing nrf_drv_twi.o(i.nrf_drv_twi_disable), (48 bytes).
    Removing nrf_drv_twi.o(i.nrf_drv_twi_is_busy), (24 bytes).
    Removing nrf_drv_twi.o(i.nrf_drv_twi_start_task_get), (16 bytes).
    Removing nrf_drv_twi.o(i.nrf_drv_twi_stopped_event_get), (8 bytes).
    Removing nrf_drv_twi.o(i.nrf_drv_twi_uninit), (108 bytes).
    Removing nrf_drv_twi.o(.constdata), (17 bytes).
    Removing nrf_drv_twi.o(.constdata), (10 bytes).
    Removing nrf_drv_twi.o(.constdata), (17 bytes).
    Removing nrf_drv_mpu_twi.o(.rev16_text), (4 bytes).
    Removing nrf_drv_mpu_twi.o(.revsh_text), (4 bytes).
    Removing nrf_drv_mpu_twi.o(.rrx_text), (6 bytes).
    Removing nrf_drv_mpu_twi.o(i.mpu_twi_write_test), (64 bytes).
    Removing app_mpu.o(.rev16_text), (4 bytes).
    Removing app_mpu.o(.revsh_text), (4 bytes).
    Removing app_mpu.o(.rrx_text), (6 bytes).
    Removing app_mpu.o(i.mpu_int_enable), (8 bytes).
    Removing app_mpu.o(i.mpu_read_int_source), (10 bytes).
    Removing app_mpu.o(i.mpu_read_magnetometer_test), (4 bytes).
    Removing app_mpu.o(i.mpu_read_temp), (38 bytes).
    Removing inv_mpu.o(.rev16_text), (4 bytes).
    Removing inv_mpu.o(.revsh_text), (4 bytes).
    Removing inv_mpu.o(.rrx_text), (6 bytes).
    Removing inv_mpu.o(i.accel_6500_self_test), (408 bytes).
    Removing inv_mpu.o(i.compass_self_test), (280 bytes).
    Removing inv_mpu.o(i.get_st_6500_biases), (876 bytes).
    Removing inv_mpu.o(i.get_st_biases), (792 bytes).
    Removing inv_mpu.o(i.gyro_6500_self_test), (376 bytes).
    Removing inv_mpu.o(i.mpu_configure_fifo), (84 bytes).
    Removing inv_mpu.o(i.mpu_get_accel_fsr), (60 bytes).
    Removing inv_mpu.o(i.mpu_get_accel_reg), (80 bytes).
    Removing inv_mpu.o(i.mpu_get_accel_sens), (68 bytes).
    Removing inv_mpu.o(i.mpu_get_compass_fsr), (16 bytes).
    Removing inv_mpu.o(i.mpu_get_compass_reg), (140 bytes).
    Removing inv_mpu.o(i.mpu_get_compass_sample_rate), (16 bytes).
    Removing inv_mpu.o(i.mpu_get_dmp_state), (16 bytes).
    Removing inv_mpu.o(i.mpu_get_fifo_config), (16 bytes).
    Removing inv_mpu.o(i.mpu_get_gyro_fsr), (52 bytes).
    Removing inv_mpu.o(i.mpu_get_gyro_reg), (84 bytes).
    Removing inv_mpu.o(i.mpu_get_gyro_sens), (76 bytes).
    Removing inv_mpu.o(i.mpu_get_int_status), (52 bytes).
    Removing inv_mpu.o(i.mpu_get_lpf), (56 bytes).
    Removing inv_mpu.o(i.mpu_get_power_state), (20 bytes).
    Removing inv_mpu.o(i.mpu_get_sample_rate), (28 bytes).
    Removing inv_mpu.o(i.mpu_get_temperature), (136 bytes).
    Removing inv_mpu.o(i.mpu_init_inv), (216 bytes).
    Removing inv_mpu.o(i.mpu_load_firmware), (160 bytes).
    Removing inv_mpu.o(i.mpu_lp_accel_mode), (236 bytes).
    Removing inv_mpu.o(i.mpu_lp_motion_interrupt), (552 bytes).
    Removing inv_mpu.o(i.mpu_read_6050_accel_bias), (100 bytes).
    Removing inv_mpu.o(i.mpu_read_6500_accel_bias), (100 bytes).
    Removing inv_mpu.o(i.mpu_read_6500_gyro_bias), (100 bytes).
    Removing inv_mpu.o(i.mpu_read_fifo), (352 bytes).
    Removing inv_mpu.o(i.mpu_read_fifo_stream), (144 bytes).
    Removing inv_mpu.o(i.mpu_read_mem), (84 bytes).
    Removing inv_mpu.o(i.mpu_read_reg), (56 bytes).
    Removing inv_mpu.o(i.mpu_reg_dump), (64 bytes).
    Removing inv_mpu.o(i.mpu_reset_fifo), (352 bytes).
    Removing inv_mpu.o(i.mpu_run_6500_self_test), (264 bytes).
    Removing inv_mpu.o(i.mpu_run_self_test), (156 bytes).
    Removing inv_mpu.o(i.mpu_set_accel_bias_6050_reg), (176 bytes).
    Removing inv_mpu.o(i.mpu_set_accel_bias_6500_reg), (176 bytes).
    Removing inv_mpu.o(i.mpu_set_accel_fsr), (104 bytes).
    Removing inv_mpu.o(i.mpu_set_bypass), (220 bytes).
    Removing inv_mpu.o(i.mpu_set_compass_sample_rate), (76 bytes).
    Removing inv_mpu.o(i.mpu_set_dmp_state), (120 bytes).
    Removing inv_mpu.o(i.mpu_set_gyro_bias_reg), (132 bytes).
    Removing inv_mpu.o(i.mpu_set_gyro_fsr), (108 bytes).
    Removing inv_mpu.o(i.mpu_set_int_latched), (100 bytes).
    Removing inv_mpu.o(i.mpu_set_int_level), (16 bytes).
    Removing inv_mpu.o(i.mpu_set_lpf), (136 bytes).
    Removing inv_mpu.o(i.mpu_set_sample_rate), (144 bytes).
    Removing inv_mpu.o(i.mpu_set_sensors), (308 bytes).
    Removing inv_mpu.o(i.mpu_write_mem), (84 bytes).
    Removing inv_mpu.o(i.nrf_delay_ms), (10 bytes).
    Removing inv_mpu.o(i.nrf_delay_us), (140 bytes).
    Removing inv_mpu.o(i.set_int_enable), (88 bytes).
    Removing inv_mpu.o(i.setup_compass), (444 bytes).
    Removing inv_mpu.o(.constdata), (42 bytes).
    Removing inv_mpu.o(.constdata), (14 bytes).
    Removing inv_mpu.o(.constdata), (48 bytes).
    Removing inv_mpu.o(.constdata), (512 bytes).
    Removing inv_mpu.o(.data), (56 bytes).
    Removing nrf_drv_inv_dmp.o(.rev16_text), (4 bytes).
    Removing nrf_drv_inv_dmp.o(.revsh_text), (4 bytes).
    Removing nrf_drv_inv_dmp.o(.rrx_text), (6 bytes).
    Removing nrf_drv_inv_dmp.o(i.inv_i2c_read), (20 bytes).
    Removing nrf_drv_inv_dmp.o(i.inv_i2c_write), (20 bytes).
    Removing nrf_drv_inv_dmp.o(i.mpu_read_test), (108 bytes).
    Removing nrf_drv_inv_dmp.o(i.mpu_twi_read), (108 bytes).
    Removing nrf_drv_inv_dmp.o(i.mpu_twi_write), (36 bytes).
    Removing nrf_drv_inv_dmp.o(.constdata), (8 bytes).
    Removing nrf_drv_inv_dmp.o(.data), (2 bytes).
    Removing boards.o(.rev16_text), (4 bytes).
    Removing boards.o(.revsh_text), (4 bytes).
    Removing boards.o(.rrx_text), (6 bytes).
    Removing boards.o(i.bsp_board_button_idx_to_pin), (12 bytes).
    Removing boards.o(i.bsp_board_button_state_get), (40 bytes).
    Removing boards.o(i.bsp_board_buttons_init), (36 bytes).
    Removing boards.o(i.bsp_board_led_idx_to_pin), (12 bytes).
    Removing boards.o(i.bsp_board_led_invert), (44 bytes).
    Removing boards.o(i.bsp_board_led_on), (16 bytes).
    Removing boards.o(i.bsp_board_led_state_get), (40 bytes).
    Removing boards.o(i.bsp_board_leds_on), (18 bytes).
    Removing boards.o(i.bsp_board_pin_to_button_idx), (36 bytes).
    Removing boards.o(i.bsp_board_pin_to_led_idx), (36 bytes).
    Removing nrf_drv_clock.o(.rev16_text), (4 bytes).
    Removing nrf_drv_clock.o(.revsh_text), (4 bytes).
    Removing nrf_drv_clock.o(.rrx_text), (6 bytes).
    Removing nrf_drv_clock.o(i.clock_calibration_hf_started), (76 bytes).
    Removing nrf_drv_clock.o(i.lfclk_stop), (44 bytes).
    Removing nrf_drv_clock.o(i.nrf_drv_clock_calibration_abort), (84 bytes).
    Removing nrf_drv_clock.o(i.nrf_drv_clock_calibration_start), (104 bytes).
    Removing nrf_drv_clock.o(i.nrf_drv_clock_hfclk_is_running), (6 bytes).
    Removing nrf_drv_clock.o(i.nrf_drv_clock_init_check), (12 bytes).
    Removing nrf_drv_clock.o(i.nrf_drv_clock_is_calibrating), (24 bytes).
    Removing nrf_drv_clock.o(i.nrf_drv_clock_lfclk_is_running), (16 bytes).
    Removing nrf_drv_clock.o(i.nrf_drv_clock_lfclk_release), (40 bytes).
    Removing nrf_drv_clock.o(i.nrf_drv_clock_uninit), (40 bytes).
    Removing nrf_drv_clock.o(.constdata), (19 bytes).
    Removing nrf_drv_clock.o(.constdata), (32 bytes).
    Removing nrf_drv_clock.o(.constdata), (32 bytes).
    Removing nrf_drv_clock.o(.constdata), (29 bytes).
    Removing nrf_drv_common.o(.rev16_text), (4 bytes).
    Removing nrf_drv_common.o(.revsh_text), (4 bytes).
    Removing nrf_drv_common.o(.rrx_text), (6 bytes).
    Removing nrf_drv_common.o(i.nrf_drv_common_clock_irq_disable), (12 bytes).
    Removing nrf_drv_uart.o(.rev16_text), (4 bytes).
    Removing nrf_drv_uart.o(.revsh_text), (4 bytes).
    Removing nrf_drv_uart.o(.rrx_text), (6 bytes).
    Removing nrf_drv_uart.o(i.nrf_drv_common_irq_disable), (22 bytes).
    Removing nrf_drv_uart.o(i.nrf_drv_uart_errorsrc_get), (48 bytes).
    Removing nrf_drv_uart.o(i.nrf_drv_uart_rx_abort), (40 bytes).
    Removing nrf_drv_uart.o(i.nrf_drv_uart_rx_disable), (36 bytes).
    Removing nrf_drv_uart.o(i.nrf_drv_uart_rx_ready), (36 bytes).
    Removing nrf_drv_uart.o(i.nrf_drv_uart_tx_abort), (88 bytes).
    Removing nrf_drv_uart.o(i.nrf_drv_uart_uninit), (84 bytes).
    Removing nrf_drv_uart.o(i.nrf_gpio_cfg_default), (18 bytes).
    Removing nrf_drv_uart.o(i.pins_to_default), (120 bytes).
    Removing nrf_drv_uart.o(.constdata), (18 bytes).
    Removing nrf_drv_uart.o(.constdata), (25 bytes).
    Removing nrf_drv_uart.o(.constdata), (26 bytes).
    Removing nrf_drv_uart.o(.constdata), (16 bytes).
    Removing nrf_drv_uart.o(.constdata), (25 bytes).
    Removing nrf_drv_uart.o(.constdata), (26 bytes).
    Removing nrf_drv_uart.o(.constdata), (16 bytes).
    Removing app_timer_1.o(.rev16_text), (4 bytes).
    Removing app_timer_1.o(.revsh_text), (4 bytes).
    Removing app_timer_1.o(.rrx_text), (6 bytes).
    Removing app_timer_1.o(i.app_timer_cnt_diff_compute), (8 bytes).
    Removing app_timer_1.o(i.app_timer_pause), (12 bytes).
    Removing app_timer_1.o(i.app_timer_resume), (12 bytes).
    Removing app_timer_1.o(i.app_timer_stop), (32 bytes).
    Removing app_timer_1.o(i.app_timer_stop_all), (24 bytes).
    Removing app_timer_1.o(i.timer_stop_op_schedule), (64 bytes).
    Removing app_error.o(.rev16_text), (4 bytes).
    Removing app_error.o(.revsh_text), (4 bytes).
    Removing app_error.o(.rrx_text), (6 bytes).
    Removing app_error.o(i.app_error_handler), (24 bytes).
    Removing app_error.o(i.app_error_save_and_stop), (100 bytes).
    Removing app_error.o(.bss), (32 bytes).
    Removing app_error_weak.o(.rev16_text), (4 bytes).
    Removing app_error_weak.o(.revsh_text), (4 bytes).
    Removing app_error_weak.o(.rrx_text), (6 bytes).
    Removing app_fifo.o(.rev16_text), (4 bytes).
    Removing app_fifo.o(.revsh_text), (4 bytes).
    Removing app_fifo.o(.rrx_text), (6 bytes).
    Removing app_fifo.o(i.app_fifo_flush), (8 bytes).
    Removing app_fifo.o(i.app_fifo_peek), (34 bytes).
    Removing app_fifo.o(i.app_fifo_read), (74 bytes).
    Removing app_fifo.o(i.app_fifo_write), (82 bytes).
    Removing app_uart_fifo.o(.rev16_text), (4 bytes).
    Removing app_uart_fifo.o(.revsh_text), (4 bytes).
    Removing app_uart_fifo.o(.rrx_text), (6 bytes).
    Removing app_uart_fifo.o(i.app_uart_close), (16 bytes).
    Removing app_uart_fifo.o(i.app_uart_flush), (32 bytes).
    Removing app_uart_fifo.o(i.app_uart_get), (52 bytes).
    Removing app_util_platform.o(.rev16_text), (4 bytes).
    Removing app_util_platform.o(.revsh_text), (4 bytes).
    Removing app_util_platform.o(.rrx_text), (6 bytes).
    Removing app_util_platform.o(i.current_int_priority_get), (48 bytes).
    Removing app_util_platform.o(i.privilege_level_get), (26 bytes).
    Removing nrf_assert.o(.rev16_text), (4 bytes).
    Removing nrf_assert.o(.revsh_text), (4 bytes).
    Removing nrf_assert.o(.rrx_text), (6 bytes).
    Removing nrf_assert.o(i.assert_nrf_callback), (22 bytes).
    Removing nrf_strerror.o(.rev16_text), (4 bytes).
    Removing nrf_strerror.o(.revsh_text), (4 bytes).
    Removing nrf_strerror.o(.rrx_text), (6 bytes).
    Removing nrf_strerror.o(i.nrf_strerror_find), (56 bytes).
    Removing nrf_strerror.o(i.nrf_strerror_get), (20 bytes).
    Removing nrf_strerror.o(.constdata), (260 bytes).
    Removing nrf_strerror.o(.conststring), (776 bytes).
    Removing retarget.o(.rev16_text), (4 bytes).
    Removing retarget.o(.revsh_text), (4 bytes).
    Removing retarget.o(.rrx_text), (6 bytes).
    Removing retarget.o(i.fgetc), (18 bytes).
    Removing retarget.o(.data), (4 bytes).
    Removing nrf_log_backend_serial.o(.rev16_text), (4 bytes).
    Removing nrf_log_backend_serial.o(.revsh_text), (4 bytes).
    Removing nrf_log_backend_serial.o(.rrx_text), (6 bytes).
    Removing nrf_log_frontend.o(.rev16_text), (4 bytes).
    Removing nrf_log_frontend.o(.revsh_text), (4 bytes).
    Removing nrf_log_frontend.o(.rrx_text), (6 bytes).
    Removing segger_rtt.o(.rev16_text), (4 bytes).
    Removing segger_rtt.o(.revsh_text), (4 bytes).
    Removing segger_rtt.o(.rrx_text), (6 bytes).
    Removing segger_rtt.o(i.SEGGER_RTT_ConfigDownBuffer), (92 bytes).
    Removing segger_rtt.o(i.SEGGER_RTT_ConfigUpBuffer), (92 bytes).
    Removing segger_rtt.o(i.SEGGER_RTT_GetKey), (28 bytes).
    Removing segger_rtt.o(i.SEGGER_RTT_HasData), (24 bytes).
    Removing segger_rtt.o(i.SEGGER_RTT_HasKey), (32 bytes).
    Removing segger_rtt.o(i.SEGGER_RTT_Init), (20 bytes).
    Removing segger_rtt.o(i.SEGGER_RTT_Read), (38 bytes).
    Removing segger_rtt.o(i.SEGGER_RTT_ReadNoLock), (124 bytes).
    Removing segger_rtt.o(i.SEGGER_RTT_SetNameDownBuffer), (60 bytes).
    Removing segger_rtt.o(i.SEGGER_RTT_SetNameUpBuffer), (60 bytes).
    Removing segger_rtt.o(i.SEGGER_RTT_SetTerminal), (132 bytes).
    Removing segger_rtt.o(i.SEGGER_RTT_TerminalOut), (172 bytes).
    Removing segger_rtt.o(i.SEGGER_RTT_WaitKey), (14 bytes).
    Removing segger_rtt.o(i.SEGGER_RTT_Write), (52 bytes).
    Removing segger_rtt.o(i.SEGGER_RTT_WriteNoLock), (92 bytes).
    Removing segger_rtt.o(i.SEGGER_RTT_WriteSkipNoLock), (116 bytes).
    Removing segger_rtt.o(i.SEGGER_RTT_WriteString), (26 bytes).
    Removing segger_rtt.o(i._DoInit), (104 bytes).
    Removing segger_rtt.o(i._GetAvailWriteSpace), (22 bytes).
    Removing segger_rtt.o(i._PostTerminalSwitch), (32 bytes).
    Removing segger_rtt.o(i._WriteBlocking), (90 bytes).
    Removing segger_rtt.o(i._WriteNoCheck), (62 bytes).
    Removing segger_rtt.o(.bss), (200 bytes).
    Removing segger_rtt.o(.data), (17 bytes).
    Removing arm_startup_nrf52840.o(HEAP), (8192 bytes).
    Removing system_nrf52840.o(.rev16_text), (4 bytes).
    Removing system_nrf52840.o(.revsh_text), (4 bytes).
    Removing system_nrf52840.o(.rrx_text), (6 bytes).
    Removing system_nrf52840.o(i.SystemCoreClockUpdate), (16 bytes).
    Removing dflti.o(.text), (34 bytes).
    Removing f2d.o(.text), (38 bytes).
    Removing cdrcmple.o(.text), (48 bytes).
    Removing depilogue.o(.text), (186 bytes).
    Removing dadd.o(.text), (334 bytes).
    Removing dmul.o(.text), (228 bytes).
    Removing ddiv.o(.text), (222 bytes).
    Removing dfixul.o(.text), (48 bytes).

250 unused section(s) (total 25309 bytes) removed from the image.

==============================================================================

Image Symbol Table

    Local Symbols

    Symbol Name                              Value     Ov Type        Size  Object(Section)

    RESET                                    0x00000000   Section      512  arm_startup_nrf52840.o(RESET)
    ../clib/microlib/division.c              0x00000000   Number         0  ldiv.o ABSOLUTE
    ../clib/microlib/division.c              0x00000000   Number         0  uldiv.o ABSOLUTE
    ../clib/microlib/division.c              0x00000000   Number         0  uidiv.o ABSOLUTE
    ../clib/microlib/init/entry.s            0x00000000   Number         0  entry7b.o ABSOLUTE
    ../clib/microlib/init/entry.s            0x00000000   Number         0  entry10b.o ABSOLUTE
    ../clib/microlib/init/entry.s            0x00000000   Number         0  entry11b.o ABSOLUTE
    ../clib/microlib/init/entry.s            0x00000000   Number         0  entry10a.o ABSOLUTE
    ../clib/microlib/init/entry.s            0x00000000   Number         0  entry8b.o ABSOLUTE
    ../clib/microlib/init/entry.s            0x00000000   Number         0  entry8a.o ABSOLUTE
    ../clib/microlib/init/entry.s            0x00000000   Number         0  entry9a.o ABSOLUTE
    ../clib/microlib/init/entry.s            0x00000000   Number         0  entry7a.o ABSOLUTE
    ../clib/microlib/init/entry.s            0x00000000   Number         0  entry5.o ABSOLUTE
    ../clib/microlib/init/entry.s            0x00000000   Number         0  entry2.o ABSOLUTE
    ../clib/microlib/init/entry.s            0x00000000   Number         0  entry11a.o ABSOLUTE
    ../clib/microlib/init/entry.s            0x00000000   Number         0  entry.o ABSOLUTE
    ../clib/microlib/init/entry.s            0x00000000   Number         0  entry9b.o ABSOLUTE
    ../clib/microlib/longlong.c              0x00000000   Number         0  llsshr.o ABSOLUTE
    ../clib/microlib/longlong.c              0x00000000   Number         0  llushr.o ABSOLUTE
    ../clib/microlib/longlong.c              0x00000000   Number         0  llshl.o ABSOLUTE
    ../clib/microlib/printf/printf.c         0x00000000   Number         0  printf8.o ABSOLUTE
    ../clib/microlib/printf/printf.c         0x00000000   Number         0  printf7.o ABSOLUTE
    ../clib/microlib/printf/printf.c         0x00000000   Number         0  printfa.o ABSOLUTE
    ../clib/microlib/printf/printf.c         0x00000000   Number         0  printf0.o ABSOLUTE
    ../clib/microlib/printf/printf.c         0x00000000   Number         0  printf6.o ABSOLUTE
    ../clib/microlib/printf/printf.c         0x00000000   Number         0  printf5.o ABSOLUTE
    ../clib/microlib/printf/printf.c         0x00000000   Number         0  printf4.o ABSOLUTE
    ../clib/microlib/printf/printf.c         0x00000000   Number         0  printf3.o ABSOLUTE
    ../clib/microlib/printf/printf.c         0x00000000   Number         0  printf2.o ABSOLUTE
    ../clib/microlib/printf/printf.c         0x00000000   Number         0  printfb.o ABSOLUTE
    ../clib/microlib/printf/printf.c         0x00000000   Number         0  printf1.o ABSOLUTE
    ../clib/microlib/printf/stubs.s          0x00000000   Number         0  stubs.o ABSOLUTE
    ../clib/microlib/string/memcmp.c         0x00000000   Number         0  memcmp.o ABSOLUTE
    ../clib/microlib/string/memcpy.c         0x00000000   Number         0  memcpya.o ABSOLUTE
    ../clib/microlib/string/memcpy.c         0x00000000   Number         0  memcpyb.o ABSOLUTE
    ../clib/microlib/string/strcpy.c         0x00000000   Number         0  strcpy.o ABSOLUTE
    ../clib/microlib/string/strlen.c         0x00000000   Number         0  strlen.o ABSOLUTE
    ../clib/microlib/stubs.s                 0x00000000   Number         0  iusefp.o ABSOLUTE
    ../fplib/microlib/f2d.c                  0x00000000   Number         0  f2d.o ABSOLUTE
    ../fplib/microlib/fpadd.c                0x00000000   Number         0  dadd.o ABSOLUTE
    ../fplib/microlib/fpdiv.c                0x00000000   Number         0  ddiv.o ABSOLUTE
    ../fplib/microlib/fpepilogue.c           0x00000000   Number         0  depilogue.o ABSOLUTE
    ../fplib/microlib/fpfix.c                0x00000000   Number         0  dfixul.o ABSOLUTE
    ../fplib/microlib/fpflt.c                0x00000000   Number         0  dflti.o ABSOLUTE
    ../fplib/microlib/fpmul.c                0x00000000   Number         0  dmul.o ABSOLUTE
    ../mathlib/fabs.c                        0x00000000   Number         0  fabs.o ABSOLUTE
    ..\..\..\..\..\..\components\boards\boards.c 0x00000000   Number         0  boards.o ABSOLUTE
    ..\..\..\..\..\..\components\drivers_nrf\clock\nrf_drv_clock.c 0x00000000   Number         0  nrf_drv_clock.o ABSOLUTE
    ..\..\..\..\..\..\components\drivers_nrf\common\nrf_drv_common.c 0x00000000   Number         0  nrf_drv_common.o ABSOLUTE
    ..\..\..\..\..\..\components\drivers_nrf\twi_master\nrf_drv_twi.c 0x00000000   Number         0  nrf_drv_twi.o ABSOLUTE
    ..\..\..\..\..\..\components\drivers_nrf\uart\nrf_drv_uart.c 0x00000000   Number         0  nrf_drv_uart.o ABSOLUTE
    ..\..\..\..\..\..\components\libraries\fifo\app_fifo.c 0x00000000   Number         0  app_fifo.o ABSOLUTE
    ..\..\..\..\..\..\components\libraries\log\src\nrf_log_backend_serial.c 0x00000000   Number         0  nrf_log_backend_serial.o ABSOLUTE
    ..\..\..\..\..\..\components\libraries\log\src\nrf_log_frontend.c 0x00000000   Number         0  nrf_log_frontend.o ABSOLUTE
    ..\..\..\..\..\..\components\libraries\strerror\nrf_strerror.c 0x00000000   Number         0  nrf_strerror.o ABSOLUTE
    ..\..\..\..\..\..\components\libraries\timer\app_timer.c 0x00000000   Number         0  app_timer_1.o ABSOLUTE
    ..\..\..\..\..\..\components\libraries\uart\app_uart_fifo.c 0x00000000   Number         0  app_uart_fifo.o ABSOLUTE
    ..\..\..\..\..\..\components\libraries\uart\retarget.c 0x00000000   Number         0  retarget.o ABSOLUTE
    ..\..\..\..\..\..\components\libraries\util\app_error.c 0x00000000   Number         0  app_error.o ABSOLUTE
    ..\..\..\..\..\..\components\libraries\util\app_error_weak.c 0x00000000   Number         0  app_error_weak.o ABSOLUTE
    ..\..\..\..\..\..\components\libraries\util\app_util_platform.c 0x00000000   Number         0  app_util_platform.o ABSOLUTE
    ..\..\..\..\..\..\components\libraries\util\nrf_assert.c 0x00000000   Number         0  nrf_assert.o ABSOLUTE
    ..\..\..\..\..\..\external\segger_rtt\RTT_Syscalls_KEIL.c 0x00000000   Number         0  rtt_syscalls_keil.o ABSOLUTE
    ..\..\..\..\..\..\external\segger_rtt\SEGGER_RTT.c 0x00000000   Number         0  segger_rtt.o ABSOLUTE
    ..\..\..\..\..\..\external\segger_rtt\SEGGER_RTT_printf.c 0x00000000   Number         0  segger_rtt_printf.o ABSOLUTE
    ..\..\..\app_mpu.c                       0x00000000   Number         0  app_mpu.o ABSOLUTE
    ..\..\..\eMD-6.0\core\driver\eMPL\inv_mpu.c 0x00000000   Number         0  inv_mpu.o ABSOLUTE
    ..\..\..\main.c                          0x00000000   Number         0  main.o ABSOLUTE
    ..\..\..\nrf_drv_inv_dmp.c               0x00000000   Number         0  nrf_drv_inv_dmp.o ABSOLUTE
    ..\..\..\nrf_drv_mpu_twi.c               0x00000000   Number         0  nrf_drv_mpu_twi.o ABSOLUTE
    ..\\..\\..\\..\\..\\..\\components\\boards\\boards.c 0x00000000   Number         0  boards.o ABSOLUTE
    ..\\..\\..\\..\\..\\..\\components\\drivers_nrf\\clock\\nrf_drv_clock.c 0x00000000   Number         0  nrf_drv_clock.o ABSOLUTE
    ..\\..\\..\\..\\..\\..\\components\\drivers_nrf\\common\\nrf_drv_common.c 0x00000000   Number         0  nrf_drv_common.o ABSOLUTE
    ..\\..\\..\\..\\..\\..\\components\\drivers_nrf\\twi_master\\nrf_drv_twi.c 0x00000000   Number         0  nrf_drv_twi.o ABSOLUTE
    ..\\..\\..\\..\\..\\..\\components\\drivers_nrf\\uart\\nrf_drv_uart.c 0x00000000   Number         0  nrf_drv_uart.o ABSOLUTE
    ..\\..\\..\\..\\..\\..\\components\\libraries\\fifo\\app_fifo.c 0x00000000   Number         0  app_fifo.o ABSOLUTE
    ..\\..\\..\\..\\..\\..\\components\\libraries\\log\\src\\nrf_log_backend_serial.c 0x00000000   Number         0  nrf_log_backend_serial.o ABSOLUTE
    ..\\..\\..\\..\\..\\..\\components\\libraries\\log\\src\\nrf_log_frontend.c 0x00000000   Number         0  nrf_log_frontend.o ABSOLUTE
    ..\\..\\..\\..\\..\\..\\components\\libraries\\strerror\\nrf_strerror.c 0x00000000   Number         0  nrf_strerror.o ABSOLUTE
    ..\\..\\..\\..\\..\\..\\components\\libraries\\timer\\app_timer.c 0x00000000   Number         0  app_timer_1.o ABSOLUTE
    ..\\..\\..\\..\\..\\..\\components\\libraries\\uart\\app_uart_fifo.c 0x00000000   Number         0  app_uart_fifo.o ABSOLUTE
    ..\\..\\..\\..\\..\\..\\components\\libraries\\uart\\retarget.c 0x00000000   Number         0  retarget.o ABSOLUTE
    ..\\..\\..\\..\\..\\..\\components\\libraries\\util\\app_error.c 0x00000000   Number         0  app_error.o ABSOLUTE
    ..\\..\\..\\..\\..\\..\\components\\libraries\\util\\app_error_weak.c 0x00000000   Number         0  app_error_weak.o ABSOLUTE
    ..\\..\\..\\..\\..\\..\\components\\libraries\\util\\app_util_platform.c 0x00000000   Number         0  app_util_platform.o ABSOLUTE
    ..\\..\\..\\..\\..\\..\\components\\libraries\\util\\nrf_assert.c 0x00000000   Number         0  nrf_assert.o ABSOLUTE
    ..\\..\\..\\..\\..\\..\\external\\segger_rtt\\SEGGER_RTT.c 0x00000000   Number         0  segger_rtt.o ABSOLUTE
    ..\\..\\..\\app_mpu.c                    0x00000000   Number         0  app_mpu.o ABSOLUTE
    ..\\..\\..\\eMD-6.0\\core\\driver\\eMPL\\inv_mpu.c 0x00000000   Number         0  inv_mpu.o ABSOLUTE
    ..\\..\\..\\main.c                       0x00000000   Number         0  main.o ABSOLUTE
    ..\\..\\..\\nrf_drv_inv_dmp.c            0x00000000   Number         0  nrf_drv_inv_dmp.o ABSOLUTE
    ..\\..\\..\\nrf_drv_mpu_twi.c            0x00000000   Number         0  nrf_drv_mpu_twi.o ABSOLUTE
    RTE\Device\nRF52840_xxAA\arm_startup_nrf52840.s 0x00000000   Number         0  arm_startup_nrf52840.o ABSOLUTE
    RTE\Device\nRF52840_xxAA\system_nrf52840.c 0x00000000   Number         0  system_nrf52840.o ABSOLUTE
    RTE\\Device\\nRF52840_xxAA\\system_nrf52840.c 0x00000000   Number         0  system_nrf52840.o ABSOLUTE
    cdrcmple.s                               0x00000000   Number         0  cdrcmple.o ABSOLUTE
    dc.s                                     0x00000000   Number         0  dc.o ABSOLUTE
    handlers.s                               0x00000000   Number         0  handlers.o ABSOLUTE
    init.s                                   0x00000000   Number         0  init.o ABSOLUTE
    .ARM.Collect$$$$00000000                 0x00000200   Section        0  entry.o(.ARM.Collect$$$$00000000)
    .ARM.Collect$$$$00000001                 0x00000200   Section        4  entry2.o(.ARM.Collect$$$$00000001)
    .ARM.Collect$$$$00000004                 0x00000204   Section        4  entry5.o(.ARM.Collect$$$$00000004)
    .ARM.Collect$$$$00000008                 0x00000208   Section        0  entry7b.o(.ARM.Collect$$$$00000008)
    .ARM.Collect$$$$0000000A                 0x00000208   Section        0  entry8b.o(.ARM.Collect$$$$0000000A)
    .ARM.Collect$$$$0000000B                 0x00000208   Section        8  entry9a.o(.ARM.Collect$$$$0000000B)
    .ARM.Collect$$$$0000000D                 0x00000210   Section        0  entry10a.o(.ARM.Collect$$$$0000000D)
    .ARM.Collect$$$$0000000F                 0x00000210   Section        0  entry11a.o(.ARM.Collect$$$$0000000F)
    .ARM.Collect$$$$00002712                 0x00000210   Section        4  entry2.o(.ARM.Collect$$$$00002712)
    __lit__00000000                          0x00000210   Data           4  entry2.o(.ARM.Collect$$$$00002712)
    .text                                    0x00000214   Section       36  arm_startup_nrf52840.o(.text)
    $v0                                      0x00000214   Number         0  arm_startup_nrf52840.o(.text)
    .text                                    0x00000238   Section        0  memcpya.o(.text)
    .text                                    0x0000025c   Section        0  uidiv.o(.text)
    .text                                    0x00000288   Section       36  init.o(.text)
    i.NVIC_ClearPendingIRQ                   0x000002ac   Section        0  app_timer_1.o(i.NVIC_ClearPendingIRQ)
    NVIC_ClearPendingIRQ                     0x000002ad   Thumb Code    22  app_timer_1.o(i.NVIC_ClearPendingIRQ)
    i.NVIC_EnableIRQ                         0x000002c2   Section        0  app_timer_1.o(i.NVIC_EnableIRQ)
    NVIC_EnableIRQ                           0x000002c3   Thumb Code    22  app_timer_1.o(i.NVIC_EnableIRQ)
    i.NVIC_SetPendingIRQ                     0x000002d8   Section        0  app_timer_1.o(i.NVIC_SetPendingIRQ)
    NVIC_SetPendingIRQ                       0x000002d9   Thumb Code    22  app_timer_1.o(i.NVIC_SetPendingIRQ)
    i.NVIC_SetPriority                       0x000002ee   Section        0  app_timer_1.o(i.NVIC_SetPriority)
    NVIC_SetPriority                         0x000002ef   Thumb Code    32  app_timer_1.o(i.NVIC_SetPriority)
    i.POWER_CLOCK_IRQHandler                 0x00000310   Section        0  nrf_drv_clock.o(i.POWER_CLOCK_IRQHandler)
    i.RTC1_IRQHandler                        0x000003c8   Section        0  app_timer_1.o(i.RTC1_IRQHandler)
    i.SPIM0_SPIS0_TWIM0_TWIS0_SPI0_TWI0_IRQHandler 0x000003ec   Section        0  nrf_drv_twi.o(i.SPIM0_SPIS0_TWIM0_TWIS0_SPI0_TWI0_IRQHandler)
    i.SWI0_EGU0_IRQHandler                   0x000003fc   Section        0  app_timer_1.o(i.SWI0_EGU0_IRQHandler)
    i.SystemInit                             0x00000400   Section        0  system_nrf52840.o(i.SystemInit)
    i.UARTE0_UART0_IRQHandler                0x000005e8   Section        0  nrf_drv_uart.o(i.UARTE0_UART0_IRQHandler)
    i.__0printf$6                            0x00000604   Section        0  printf6.o(i.__0printf$6)
    i.__scatterload_copy                     0x00000624   Section       14  handlers.o(i.__scatterload_copy)
    i.__scatterload_null                     0x00000632   Section        2  handlers.o(i.__scatterload_null)
    i.__scatterload_zeroinit                 0x00000634   Section       14  handlers.o(i.__scatterload_zeroinit)
    i._printf_core                           0x00000644   Section        0  printf6.o(i._printf_core)
    _printf_core                             0x00000645   Thumb Code   748  printf6.o(i._printf_core)
    i._printf_post_padding                   0x00000934   Section        0  printf6.o(i._printf_post_padding)
    _printf_post_padding                     0x00000935   Thumb Code    36  printf6.o(i._printf_post_padding)
    i._printf_pre_padding                    0x00000958   Section        0  printf6.o(i._printf_pre_padding)
    _printf_pre_padding                      0x00000959   Thumb Code    46  printf6.o(i._printf_pre_padding)
    i.app_error_fault_handler                0x00000988   Section        0  app_error_weak.o(i.app_error_fault_handler)
    i.app_error_handler_bare                 0x000009ac   Section        0  app_error.o(i.app_error_handler_bare)
    i.app_fifo_get                           0x000009c2   Section        0  app_fifo.o(i.app_fifo_get)
    i.app_fifo_init                          0x000009d8   Section        0  app_fifo.o(i.app_fifo_init)
    i.app_fifo_put                           0x000009f8   Section        0  app_fifo.o(i.app_fifo_put)
    i.app_timer_cnt_get                      0x00000a14   Section        0  app_timer_1.o(i.app_timer_cnt_get)
    i.app_timer_create                       0x00000a20   Section        0  app_timer_1.o(i.app_timer_create)
    i.app_timer_init                         0x00000a44   Section        0  app_timer_1.o(i.app_timer_init)
    i.app_timer_start                        0x00000a98   Section        0  app_timer_1.o(i.app_timer_start)
    i.app_uart_init                          0x00000b18   Section        0  app_uart_fifo.o(i.app_uart_init)
    i.app_uart_put                           0x00000bcc   Section        0  app_uart_fifo.o(i.app_uart_put)
    i.app_util_critical_region_enter         0x00000c08   Section        0  app_util_platform.o(i.app_util_critical_region_enter)
    i.app_util_critical_region_exit          0x00000c0c   Section        0  app_util_platform.o(i.app_util_critical_region_exit)
    i.app_util_disable_irq                   0x00000c10   Section        0  app_util_platform.o(i.app_util_disable_irq)
    i.app_util_enable_irq                    0x00000c20   Section        0  app_util_platform.o(i.app_util_enable_irq)
    i.apply_config                           0x00000c34   Section        0  nrf_drv_uart.o(i.apply_config)
    apply_config                             0x00000c35   Thumb Code   162  nrf_drv_uart.o(i.apply_config)
    i.bsp_board_led_off                      0x00000cdc   Section        0  boards.o(i.bsp_board_led_off)
    i.bsp_board_leds_init                    0x00000cec   Section        0  boards.o(i.bsp_board_leds_init)
    i.bsp_board_leds_off                     0x00000d18   Section        0  boards.o(i.bsp_board_leds_off)
    i.clock_clk_started_notify               0x00000d2c   Section        0  nrf_drv_clock.o(i.clock_clk_started_notify)
    clock_clk_started_notify                 0x00000d2d   Thumb Code    34  nrf_drv_clock.o(i.clock_clk_started_notify)
    i.compare_reg_update                     0x00000d54   Section        0  app_timer_1.o(i.compare_reg_update)
    compare_reg_update                       0x00000d55   Thumb Code   160  app_timer_1.o(i.compare_reg_update)
    i.elapsed_ticks_acquire                  0x00000e00   Section        0  app_timer_1.o(i.elapsed_ticks_acquire)
    elapsed_ticks_acquire                    0x00000e01   Thumb Code    58  app_timer_1.o(i.elapsed_ticks_acquire)
    i.fifo_get                               0x00000e40   Section        0  app_fifo.o(i.fifo_get)
    fifo_get                                 0x00000e41   Thumb Code    20  app_fifo.o(i.fifo_get)
    i.fifo_put                               0x00000e54   Section        0  app_fifo.o(i.fifo_put)
    fifo_put                                 0x00000e55   Thumb Code    18  app_fifo.o(i.fifo_put)
    i.fputc                                  0x00000e66   Section        0  retarget.o(i.fputc)
    i.hfclk_stop                             0x00000e74   Section        0  nrf_drv_clock.o(i.hfclk_stop)
    hfclk_stop                               0x00000e75   Thumb Code    24  nrf_drv_clock.o(i.hfclk_stop)
    i.interrupts_enable                      0x00000e94   Section        0  nrf_drv_uart.o(i.interrupts_enable)
    interrupts_enable                        0x00000e95   Thumb Code   106  nrf_drv_uart.o(i.interrupts_enable)
    i.irq_handler_twim                       0x00000f0c   Section        0  nrf_drv_twi.o(i.irq_handler_twim)
    irq_handler_twim                         0x00000f0d   Thumb Code   334  nrf_drv_twi.o(i.irq_handler_twim)
    i.item_enqueue                           0x0000105a   Section        0  nrf_drv_clock.o(i.item_enqueue)
    item_enqueue                             0x0000105b   Thumb Code    22  nrf_drv_clock.o(i.item_enqueue)
    i.list_insertions_handler                0x00001070   Section        0  app_timer_1.o(i.list_insertions_handler)
    list_insertions_handler                  0x00001071   Thumb Code   234  app_timer_1.o(i.list_insertions_handler)
    i.magn_setup                             0x00001168   Section        0  main.o(i.magn_setup)
    i.main                                   0x0000118c   Section        0  main.o(i.main)
    i.millis                                 0x00001340   Section        0  nrf_drv_inv_dmp.o(i.millis)
    i.mpu_config                             0x0000135e   Section        0  app_mpu.o(i.mpu_config)
    i.mpu_init                               0x00001368   Section        0  app_mpu.o(i.mpu_init)
    i.mpu_int_cfg_pin                        0x0000138c   Section        0  app_mpu.o(i.mpu_int_cfg_pin)
    i.mpu_magnetometer_init                  0x00001394   Section        0  app_mpu.o(i.mpu_magnetometer_init)
    i.mpu_read_accel                         0x000013c4   Section        0  app_mpu.o(i.mpu_read_accel)
    i.mpu_read_gyro                          0x000013f4   Section        0  app_mpu.o(i.mpu_read_gyro)
    i.mpu_read_magnetometer                  0x00001422   Section        0  app_mpu.o(i.mpu_read_magnetometer)
    i.mpu_setup                              0x00001450   Section        0  main.o(i.mpu_setup)
    i.mpu_twi_read_test                      0x000014d8   Section        0  nrf_drv_mpu_twi.o(i.mpu_twi_read_test)
    i.nrf_clock_event_check                  0x00001544   Section        0  nrf_drv_clock.o(i.nrf_clock_event_check)
    nrf_clock_event_check                    0x00001545   Thumb Code    14  nrf_drv_clock.o(i.nrf_clock_event_check)
    i.nrf_clock_event_clear                  0x00001552   Section        0  nrf_drv_clock.o(i.nrf_clock_event_clear)
    nrf_clock_event_clear                    0x00001553   Thumb Code    16  nrf_drv_clock.o(i.nrf_clock_event_clear)
    i.nrf_clock_hf_is_running                0x00001564   Section        0  nrf_drv_clock.o(i.nrf_clock_hf_is_running)
    nrf_clock_hf_is_running                  0x00001565   Thumb Code    24  nrf_drv_clock.o(i.nrf_clock_hf_is_running)
    i.nrf_delay_us                           0x00001580   Section        0  main.o(i.nrf_delay_us)
    nrf_delay_us                             0x00001581   Thumb Code   132  main.o(i.nrf_delay_us)
    i.nrf_delay_us                           0x0000160c   Section        0  nrf_drv_twi.o(i.nrf_delay_us)
    nrf_delay_us                             0x0000160d   Thumb Code   132  nrf_drv_twi.o(i.nrf_delay_us)
    i.nrf_delay_us                           0x00001698   Section        0  app_timer_1.o(i.nrf_delay_us)
    nrf_delay_us                             0x00001699   Thumb Code   132  app_timer_1.o(i.nrf_delay_us)
    i.nrf_drv_clock_hfclk_release            0x00001724   Section        0  nrf_drv_clock.o(i.nrf_drv_clock_hfclk_release)
    i.nrf_drv_clock_hfclk_request            0x0000174c   Section        0  nrf_drv_clock.o(i.nrf_drv_clock_hfclk_request)
    i.nrf_drv_clock_init                     0x000017a4   Section        0  nrf_drv_clock.o(i.nrf_drv_clock_init)
    i.nrf_drv_clock_lfclk_request            0x000017f0   Section        0  nrf_drv_clock.o(i.nrf_drv_clock_lfclk_request)
    i.nrf_drv_common_irq_enable              0x00001850   Section        0  nrf_drv_common.o(i.nrf_drv_common_irq_enable)
    i.nrf_drv_get_IRQn                       0x00001888   Section        0  nrf_drv_uart.o(i.nrf_drv_get_IRQn)
    nrf_drv_get_IRQn                         0x00001889   Thumb Code     6  nrf_drv_uart.o(i.nrf_drv_get_IRQn)
    i.nrf_drv_is_in_RAM                      0x0000188e   Section        0  nrf_drv_twi.o(i.nrf_drv_is_in_RAM)
    nrf_drv_is_in_RAM                        0x0000188f   Thumb Code    16  nrf_drv_twi.o(i.nrf_drv_is_in_RAM)
    i.nrf_drv_is_in_RAM                      0x0000189e   Section        0  nrf_drv_uart.o(i.nrf_drv_is_in_RAM)
    nrf_drv_is_in_RAM                        0x0000189f   Thumb Code    16  nrf_drv_uart.o(i.nrf_drv_is_in_RAM)
    i.nrf_drv_mpu_init                       0x000018b0   Section        0  nrf_drv_mpu_twi.o(i.nrf_drv_mpu_init)
    i.nrf_drv_mpu_read_magnetometer_registers 0x000018e4   Section        0  nrf_drv_mpu_twi.o(i.nrf_drv_mpu_read_magnetometer_registers)
    i.nrf_drv_mpu_read_registers             0x00001950   Section        0  nrf_drv_mpu_twi.o(i.nrf_drv_mpu_read_registers)
    i.nrf_drv_mpu_twi_event_handler          0x000019bc   Section        0  nrf_drv_mpu_twi.o(i.nrf_drv_mpu_twi_event_handler)
    nrf_drv_mpu_twi_event_handler            0x000019bd   Thumb Code    34  nrf_drv_mpu_twi.o(i.nrf_drv_mpu_twi_event_handler)
    i.nrf_drv_mpu_write_magnetometer_register 0x000019e4   Section        0  nrf_drv_mpu_twi.o(i.nrf_drv_mpu_write_magnetometer_register)
    i.nrf_drv_mpu_write_registers            0x00001a24   Section        0  nrf_drv_mpu_twi.o(i.nrf_drv_mpu_write_registers)
    i.nrf_drv_mpu_write_single_register      0x00001a78   Section        0  nrf_drv_mpu_twi.o(i.nrf_drv_mpu_write_single_register)
    i.nrf_drv_twi_enable                     0x00001ab8   Section        0  nrf_drv_twi.o(i.nrf_drv_twi_enable)
    i.nrf_drv_twi_init                       0x00001ad8   Section        0  nrf_drv_twi.o(i.nrf_drv_twi_init)
    i.nrf_drv_twi_rx                         0x00001b64   Section        0  nrf_drv_twi.o(i.nrf_drv_twi_rx)
    i.nrf_drv_twi_tx                         0x00001b88   Section        0  nrf_drv_twi.o(i.nrf_drv_twi_tx)
    i.nrf_drv_twi_xfer                       0x00001bac   Section        0  nrf_drv_twi.o(i.nrf_drv_twi_xfer)
    i.nrf_drv_uart_init                      0x00001bd0   Section        0  nrf_drv_uart.o(i.nrf_drv_uart_init)
    i.nrf_drv_uart_rx                        0x00001c38   Section        0  nrf_drv_uart.o(i.nrf_drv_uart_rx)
    i.nrf_drv_uart_rx_enable                 0x00001ce8   Section        0  nrf_drv_uart.o(i.nrf_drv_uart_rx_enable)
    i.nrf_drv_uart_rx_for_uart               0x00001d18   Section        0  nrf_drv_uart.o(i.nrf_drv_uart_rx_for_uart)
    nrf_drv_uart_rx_for_uart                 0x00001d19   Thumb Code   162  nrf_drv_uart.o(i.nrf_drv_uart_rx_for_uart)
    i.nrf_drv_uart_rx_for_uarte              0x00001dc0   Section        0  nrf_drv_uart.o(i.nrf_drv_uart_rx_for_uarte)
    nrf_drv_uart_rx_for_uarte                0x00001dc1   Thumb Code   172  nrf_drv_uart.o(i.nrf_drv_uart_rx_for_uarte)
    i.nrf_drv_uart_tx                        0x00001e70   Section        0  nrf_drv_uart.o(i.nrf_drv_uart_tx)
    i.nrf_drv_uart_tx_in_progress            0x00001f7c   Section        0  nrf_drv_uart.o(i.nrf_drv_uart_tx_in_progress)
    i.nrf_gpio_cfg                           0x00001f94   Section        0  boards.o(i.nrf_gpio_cfg)
    nrf_gpio_cfg                             0x00001f95   Thumb Code    50  boards.o(i.nrf_gpio_cfg)
    i.nrf_gpio_cfg                           0x00001fc6   Section        0  nrf_drv_uart.o(i.nrf_gpio_cfg)
    nrf_gpio_cfg                             0x00001fc7   Thumb Code    50  nrf_drv_uart.o(i.nrf_gpio_cfg)
    i.nrf_gpio_cfg_input                     0x00001ff8   Section        0  nrf_drv_uart.o(i.nrf_gpio_cfg_input)
    nrf_gpio_cfg_input                       0x00001ff9   Thumb Code    18  nrf_drv_uart.o(i.nrf_gpio_cfg_input)
    i.nrf_gpio_cfg_output                    0x0000200a   Section        0  nrf_drv_uart.o(i.nrf_gpio_cfg_output)
    nrf_gpio_cfg_output                      0x0000200b   Thumb Code    20  nrf_drv_uart.o(i.nrf_gpio_cfg_output)
    i.nrf_gpio_pin_clear                     0x0000201e   Section        0  nrf_drv_twi.o(i.nrf_gpio_pin_clear)
    nrf_gpio_pin_clear                       0x0000201f   Thumb Code    20  nrf_drv_twi.o(i.nrf_gpio_pin_clear)
    i.nrf_gpio_pin_port_decode               0x00002034   Section        0  nrf_drv_twi.o(i.nrf_gpio_pin_port_decode)
    nrf_gpio_pin_port_decode                 0x00002035   Thumb Code    22  nrf_drv_twi.o(i.nrf_gpio_pin_port_decode)
    i.nrf_gpio_pin_port_decode               0x00002050   Section        0  boards.o(i.nrf_gpio_pin_port_decode)
    nrf_gpio_pin_port_decode                 0x00002051   Thumb Code    22  boards.o(i.nrf_gpio_pin_port_decode)
    i.nrf_gpio_pin_port_decode               0x0000206c   Section        0  nrf_drv_uart.o(i.nrf_gpio_pin_port_decode)
    nrf_gpio_pin_port_decode                 0x0000206d   Thumb Code    22  nrf_drv_uart.o(i.nrf_gpio_pin_port_decode)
    i.nrf_gpio_pin_set                       0x00002088   Section        0  nrf_drv_twi.o(i.nrf_gpio_pin_set)
    nrf_gpio_pin_set                         0x00002089   Thumb Code    20  nrf_drv_twi.o(i.nrf_gpio_pin_set)
    i.nrf_gpio_pin_set                       0x0000209c   Section        0  nrf_drv_uart.o(i.nrf_gpio_pin_set)
    nrf_gpio_pin_set                         0x0000209d   Thumb Code    20  nrf_drv_uart.o(i.nrf_gpio_pin_set)
    i.nrf_gpio_pin_write                     0x000020b0   Section        0  boards.o(i.nrf_gpio_pin_write)
    nrf_gpio_pin_write                       0x000020b1   Thumb Code    38  boards.o(i.nrf_gpio_pin_write)
    i.nrf_twim_event_check                   0x000020d6   Section        0  nrf_drv_twi.o(i.nrf_twim_event_check)
    nrf_twim_event_check                     0x000020d7   Thumb Code    10  nrf_drv_twi.o(i.nrf_twim_event_check)
    i.nrf_twim_event_clear                   0x000020e0   Section        0  nrf_drv_twi.o(i.nrf_twim_event_clear)
    nrf_twim_event_clear                     0x000020e1   Thumb Code    12  nrf_drv_twi.o(i.nrf_twim_event_clear)
    i.nrf_uart_event_check                   0x000020ec   Section        0  nrf_drv_uart.o(i.nrf_uart_event_check)
    nrf_uart_event_check                     0x000020ed   Thumb Code    10  nrf_drv_uart.o(i.nrf_uart_event_check)
    i.nrf_uart_event_clear                   0x000020f6   Section        0  nrf_drv_uart.o(i.nrf_uart_event_clear)
    nrf_uart_event_clear                     0x000020f7   Thumb Code    12  nrf_drv_uart.o(i.nrf_uart_event_clear)
    i.nrf_uart_int_enable_check              0x00002102   Section        0  nrf_drv_uart.o(i.nrf_uart_int_enable_check)
    nrf_uart_int_enable_check                0x00002103   Thumb Code    12  nrf_drv_uart.o(i.nrf_uart_int_enable_check)
    i.nrf_uarte_event_check                  0x0000210e   Section        0  nrf_drv_uart.o(i.nrf_uarte_event_check)
    nrf_uarte_event_check                    0x0000210f   Thumb Code    10  nrf_drv_uart.o(i.nrf_uarte_event_check)
    i.nrf_uarte_event_clear                  0x00002118   Section        0  nrf_drv_uart.o(i.nrf_uarte_event_clear)
    nrf_uarte_event_clear                    0x00002119   Thumb Code    12  nrf_drv_uart.o(i.nrf_uarte_event_clear)
    i.rtc1_stop                              0x00002124   Section        0  app_timer_1.o(i.rtc1_stop)
    rtc1_stop                                0x00002125   Thumb Code    52  app_timer_1.o(i.rtc1_stop)
    i.rx_byte                                0x00002160   Section        0  nrf_drv_uart.o(i.rx_byte)
    rx_byte                                  0x00002161   Thumb Code    50  nrf_drv_uart.o(i.rx_byte)
    i.rx_done_event                          0x00002192   Section        0  nrf_drv_uart.o(i.rx_done_event)
    rx_done_event                            0x00002193   Thumb Code    24  nrf_drv_uart.o(i.rx_done_event)
    i.rx_enable                              0x000021aa   Section        0  nrf_drv_uart.o(i.rx_enable)
    rx_enable                                0x000021ab   Thumb Code    32  nrf_drv_uart.o(i.rx_enable)
    i.timer_a_handler                        0x000021ca   Section        0  main.o(i.timer_a_handler)
    timer_a_handler                          0x000021cb   Thumb Code     2  main.o(i.timer_a_handler)
    i.timer_list_handler                     0x000021cc   Section        0  app_timer_1.o(i.timer_list_handler)
    timer_list_handler                       0x000021cd   Thumb Code   122  app_timer_1.o(i.timer_list_handler)
    i.timer_list_insert                      0x0000224c   Section        0  app_timer_1.o(i.timer_list_insert)
    timer_list_insert                        0x0000224d   Thumb Code    56  app_timer_1.o(i.timer_list_insert)
    i.timer_list_remove                      0x00002288   Section        0  app_timer_1.o(i.timer_list_remove)
    timer_list_remove                        0x00002289   Thumb Code    88  app_timer_1.o(i.timer_list_remove)
    i.timer_timeouts_check                   0x000022e8   Section        0  app_timer_1.o(i.timer_timeouts_check)
    timer_timeouts_check                     0x000022e9   Thumb Code   106  app_timer_1.o(i.timer_timeouts_check)
    i.twi_clear_bus                          0x0000235c   Section        0  nrf_drv_twi.o(i.twi_clear_bus)
    twi_clear_bus                            0x0000235d   Thumb Code   164  nrf_drv_twi.o(i.twi_clear_bus)
    i.twim_xfer                              0x00002400   Section        0  nrf_drv_twi.o(i.twim_xfer)
    twim_xfer                                0x00002401   Thumb Code   570  nrf_drv_twi.o(i.twim_xfer)
    i.tx_byte                                0x00002640   Section        0  nrf_drv_uart.o(i.tx_byte)
    tx_byte                                  0x00002641   Thumb Code    32  nrf_drv_uart.o(i.tx_byte)
    i.tx_done_event                          0x00002660   Section        0  nrf_drv_uart.o(i.tx_done_event)
    tx_done_event                            0x00002661   Thumb Code    28  nrf_drv_uart.o(i.tx_done_event)
    i.uart_config                            0x0000267c   Section        0  main.o(i.uart_config)
    i.uart_error_handle                      0x000026cc   Section        0  main.o(i.uart_error_handle)
    i.uart_event_handler                     0x000026e0   Section        0  app_uart_fifo.o(i.uart_event_handler)
    uart_event_handler                       0x000026e1   Thumb Code   152  app_uart_fifo.o(i.uart_event_handler)
    i.uart_irq_handler                       0x00002780   Section        0  nrf_drv_uart.o(i.uart_irq_handler)
    uart_irq_handler                         0x00002781   Thumb Code   286  nrf_drv_uart.o(i.uart_irq_handler)
    i.uarte_irq_handler                      0x0000289e   Section        0  nrf_drv_uart.o(i.uarte_irq_handler)
    uarte_irq_handler                        0x0000289f   Thumb Code   240  nrf_drv_uart.o(i.uarte_irq_handler)
    i.user_op_alloc                          0x00002990   Section        0  app_timer_1.o(i.user_op_alloc)
    user_op_alloc                            0x00002991   Thumb Code    42  app_timer_1.o(i.user_op_alloc)
    .constdata                               0x000029c0   Section       32  main.o(.constdata)
    timer1                                   0x000029c0   Data           4  main.o(.constdata)
    .constdata                               0x000029e0   Section       12  nrf_drv_twi.o(.constdata)
    .constdata                               0x000029ec   Section       24  nrf_drv_mpu_twi.o(.constdata)
    m_twi_instance                           0x000029ec   Data           8  nrf_drv_mpu_twi.o(.constdata)
    .constdata                               0x00002a04   Section        8  boards.o(.constdata)
    m_board_led_list                         0x00002a04   Data           4  boards.o(.constdata)
    m_board_btn_list                         0x00002a08   Data           4  boards.o(.constdata)
    .constdata                               0x00002a0c   Section       32  app_uart_fifo.o(.constdata)
    .data                                    0x20000000   Section        2  nrf_drv_mpu_twi.o(.data)
    twi_tx_done                              0x20000000   Data           1  nrf_drv_mpu_twi.o(.data)
    twi_rx_done                              0x20000001   Data           1  nrf_drv_mpu_twi.o(.data)
    .data                                    0x20000004   Section       20  app_timer_1.o(.data)
    m_ticks_elapsed_q_read_ind               0x20000004   Data           1  app_timer_1.o(.data)
    m_ticks_elapsed_q_write_ind              0x20000005   Data           1  app_timer_1.o(.data)
    m_rtc1_running                           0x20000006   Data           1  app_timer_1.o(.data)
    m_rtc1_reset                             0x20000007   Data           1  app_timer_1.o(.data)
    mp_timer_id_head                         0x20000008   Data           4  app_timer_1.o(.data)
    m_ticks_latest                           0x2000000c   Data           4  app_timer_1.o(.data)
    m_ticks_elapsed                          0x20000010   Data           8  app_timer_1.o(.data)
    .data                                    0x20000018   Section       16  app_uart_fifo.o(.data)
    tx_buffer                                0x20000018   Data           1  app_uart_fifo.o(.data)
    rx_buffer                                0x20000019   Data           1  app_uart_fifo.o(.data)
    m_rx_ovf                                 0x2000001a   Data           1  app_uart_fifo.o(.data)
    m_event_handler                          0x2000001c   Data           4  app_uart_fifo.o(.data)
    app_uart_inst                            0x20000020   Data           8  app_uart_fifo.o(.data)
    .data                                    0x20000028   Section        4  app_util_platform.o(.data)
    m_in_critical_region                     0x20000028   Data           4  app_util_platform.o(.data)
    .data                                    0x2000002c   Section        4  retarget.o(.data)
    .data                                    0x20000030   Section        4  system_nrf52840.o(.data)
    __tagsym$$used                           0x20000030   Number         0  system_nrf52840.o(.data)
    .bss                                     0x20000034   Section       32  main.o(.bss)
    timer1_data                              0x20000034   Data          32  main.o(.bss)
    .bss                                     0x20000054   Section     1280  main.o(.bss)
    rx_buf                                   0x20000054   Data         256  main.o(.bss)
    tx_buf                                   0x20000154   Data        1024  main.o(.bss)
    .bss                                     0x20000554   Section       40  nrf_drv_twi.o(.bss)
    m_cb                                     0x20000554   Data          40  nrf_drv_twi.o(.bss)
    .bss                                     0x2000057c   Section       16  nrf_drv_mpu_twi.o(.bss)
    .bss                                     0x2000058c   Section       36  nrf_drv_clock.o(.bss)
    m_clock_cb                               0x2000058c   Data          36  nrf_drv_clock.o(.bss)
    .bss                                     0x200005b0   Section       32  nrf_drv_uart.o(.bss)
    m_cb                                     0x200005b0   Data          32  nrf_drv_uart.o(.bss)
    .bss                                     0x200005d0   Section      100  app_timer_1.o(.bss)
    m_op_queue                               0x200005d0   Data         100  app_timer_1.o(.bss)
    .bss                                     0x20000634   Section       32  app_uart_fifo.o(.bss)
    m_rx_fifo                                0x20000634   Data          16  app_uart_fifo.o(.bss)
    m_tx_fifo                                0x20000644   Data          16  app_uart_fifo.o(.bss)
    STACK                                    0x20000658   Section     8192  arm_startup_nrf52840.o(STACK)

    Global Symbols

    Symbol Name                              Value     Ov Type        Size  Object(Section)

    BuildAttributes$$THM_ISAv4$E$P$D$K$B$S$7EM$VFPi3$EXTD16$VFPS$VFMA$PE$A:L22UL41UL21$X:L11$S22US41US21$IEEE1$IW$USESV6$~STKCKD$USESV7$~SHL$OTIME$ROPI$IEEEJ$EBA8$MICROLIB$REQ8$PRES8$EABIv2 0x00000000   Number         0  anon$$obj.o ABSOLUTE
    __ARM_use_no_argv                        0x00000000   Number         0  main.o ABSOLUTE
    __Vectors                                0x00000000   Data           4  arm_startup_nrf52840.o(RESET)
    _printf_a                                0x00000000   Number         0  stubs.o ABSOLUTE
    _printf_c                                0x00000000   Number         0  stubs.o ABSOLUTE
    _printf_charcount                        0x00000000   Number         0  stubs.o ABSOLUTE
    _printf_d                                0x00000000   Number         0  stubs.o ABSOLUTE
    _printf_e                                0x00000000   Number         0  stubs.o ABSOLUTE
    _printf_f                                0x00000000   Number         0  stubs.o ABSOLUTE
    _printf_flags                            0x00000000   Number         0  stubs.o ABSOLUTE
    _printf_fp_dec                           0x00000000   Number         0  stubs.o ABSOLUTE
    _printf_fp_hex                           0x00000000   Number         0  stubs.o ABSOLUTE
    _printf_g                                0x00000000   Number         0  stubs.o ABSOLUTE
    _printf_i                                0x00000000   Number         0  stubs.o ABSOLUTE
    _printf_int_dec                          0x00000000   Number         0  stubs.o ABSOLUTE
    _printf_l                                0x00000000   Number         0  stubs.o ABSOLUTE
    _printf_lc                               0x00000000   Number         0  stubs.o ABSOLUTE
    _printf_ll                               0x00000000   Number         0  stubs.o ABSOLUTE
    _printf_lld                              0x00000000   Number         0  stubs.o ABSOLUTE
    _printf_lli                              0x00000000   Number         0  stubs.o ABSOLUTE
    _printf_llo                              0x00000000   Number         0  stubs.o ABSOLUTE
    _printf_llu                              0x00000000   Number         0  stubs.o ABSOLUTE
    _printf_llx                              0x00000000   Number         0  stubs.o ABSOLUTE
    _printf_longlong_dec                     0x00000000   Number         0  stubs.o ABSOLUTE
    _printf_longlong_hex                     0x00000000   Number         0  stubs.o ABSOLUTE
    _printf_longlong_oct                     0x00000000   Number         0  stubs.o ABSOLUTE
    _printf_ls                               0x00000000   Number         0  stubs.o ABSOLUTE
    _printf_mbtowc                           0x00000000   Number         0  stubs.o ABSOLUTE
    _printf_n                                0x00000000   Number         0  stubs.o ABSOLUTE
    _printf_o                                0x00000000   Number         0  stubs.o ABSOLUTE
    _printf_p                                0x00000000   Number         0  stubs.o ABSOLUTE
    _printf_percent                          0x00000000   Number         0  stubs.o ABSOLUTE
    _printf_pre_padding                      0x00000000   Number         0  stubs.o ABSOLUTE
    _printf_return_value                     0x00000000   Number         0  stubs.o ABSOLUTE
    _printf_s                                0x00000000   Number         0  stubs.o ABSOLUTE
    _printf_sizespec                         0x00000000   Number         0  stubs.o ABSOLUTE
    _printf_str                              0x00000000   Number         0  stubs.o ABSOLUTE
    _printf_truncate_signed                  0x00000000   Number         0  stubs.o ABSOLUTE
    _printf_truncate_unsigned                0x00000000   Number         0  stubs.o ABSOLUTE
    _printf_u                                0x00000000   Number         0  stubs.o ABSOLUTE
    _printf_wc                               0x00000000   Number         0  stubs.o ABSOLUTE
    _printf_wctomb                           0x00000000   Number         0  stubs.o ABSOLUTE
    _printf_widthprec                        0x00000000   Number         0  stubs.o ABSOLUTE
    _printf_x                                0x00000000   Number         0  stubs.o ABSOLUTE
    __cpp_initialize__aeabi_                  - Undefined Weak Reference
    __cxa_finalize                            - Undefined Weak Reference
    __decompress                              - Undefined Weak Reference
    _clock_init                               - Undefined Weak Reference
    _microlib_exit                            - Undefined Weak Reference
    __Vectors_End                            0x00000200   Data           0  arm_startup_nrf52840.o(RESET)
    __Vectors_Size                           0x00000200   Number         0  arm_startup_nrf52840.o ABSOLUTE
    __main                                   0x00000201   Thumb Code     0  entry.o(.ARM.Collect$$$$00000000)
    _main_stk                                0x00000201   Thumb Code     0  entry2.o(.ARM.Collect$$$$00000001)
    _main_scatterload                        0x00000205   Thumb Code     0  entry5.o(.ARM.Collect$$$$00000004)
    __main_after_scatterload                 0x00000209   Thumb Code     0  entry5.o(.ARM.Collect$$$$00000004)
    _main_clock                              0x00000209   Thumb Code     0  entry7b.o(.ARM.Collect$$$$00000008)
    _main_cpp_init                           0x00000209   Thumb Code     0  entry8b.o(.ARM.Collect$$$$0000000A)
    _main_init                               0x00000209   Thumb Code     0  entry9a.o(.ARM.Collect$$$$0000000B)
    __rt_final_cpp                           0x00000211   Thumb Code     0  entry10a.o(.ARM.Collect$$$$0000000D)
    __rt_final_exit                          0x00000211   Thumb Code     0  entry11a.o(.ARM.Collect$$$$0000000F)
    Reset_Handler                            0x00000215   Thumb Code     8  arm_startup_nrf52840.o(.text)
    NMI_Handler                              0x0000021d   Thumb Code     2  arm_startup_nrf52840.o(.text)
    HardFault_Handler                        0x0000021f   Thumb Code     2  arm_startup_nrf52840.o(.text)
    MemoryManagement_Handler                 0x00000221   Thumb Code     2  arm_startup_nrf52840.o(.text)
    BusFault_Handler                         0x00000223   Thumb Code     2  arm_startup_nrf52840.o(.text)
    UsageFault_Handler                       0x00000225   Thumb Code     2  arm_startup_nrf52840.o(.text)
    SVC_Handler                              0x00000227   Thumb Code     2  arm_startup_nrf52840.o(.text)
    DebugMon_Handler                         0x00000229   Thumb Code     2  arm_startup_nrf52840.o(.text)
    PendSV_Handler                           0x0000022b   Thumb Code     2  arm_startup_nrf52840.o(.text)
    SysTick_Handler                          0x0000022d   Thumb Code     2  arm_startup_nrf52840.o(.text)
    CCM_AAR_IRQHandler                       0x0000022f   Thumb Code     0  arm_startup_nrf52840.o(.text)
    COMP_LPCOMP_IRQHandler                   0x0000022f   Thumb Code     0  arm_startup_nrf52840.o(.text)
    CRYPTOCELL_IRQHandler                    0x0000022f   Thumb Code     0  arm_startup_nrf52840.o(.text)
    ECB_IRQHandler                           0x0000022f   Thumb Code     0  arm_startup_nrf52840.o(.text)
    FPU_IRQHandler                           0x0000022f   Thumb Code     0  arm_startup_nrf52840.o(.text)
    GPIOTE_IRQHandler                        0x0000022f   Thumb Code     0  arm_startup_nrf52840.o(.text)
    I2S_IRQHandler                           0x0000022f   Thumb Code     0  arm_startup_nrf52840.o(.text)
    MWU_IRQHandler                           0x0000022f   Thumb Code     0  arm_startup_nrf52840.o(.text)
    NFCT_IRQHandler                          0x0000022f   Thumb Code     0  arm_startup_nrf52840.o(.text)
    PDM_IRQHandler                           0x0000022f   Thumb Code     0  arm_startup_nrf52840.o(.text)
    PWM0_IRQHandler                          0x0000022f   Thumb Code     0  arm_startup_nrf52840.o(.text)
    PWM1_IRQHandler                          0x0000022f   Thumb Code     0  arm_startup_nrf52840.o(.text)
    PWM2_IRQHandler                          0x0000022f   Thumb Code     0  arm_startup_nrf52840.o(.text)
    PWM3_IRQHandler                          0x0000022f   Thumb Code     0  arm_startup_nrf52840.o(.text)
    QDEC_IRQHandler                          0x0000022f   Thumb Code     0  arm_startup_nrf52840.o(.text)
    QSPI_IRQHandler                          0x0000022f   Thumb Code     0  arm_startup_nrf52840.o(.text)
    RADIO_IRQHandler                         0x0000022f   Thumb Code     0  arm_startup_nrf52840.o(.text)
    RNG_IRQHandler                           0x0000022f   Thumb Code     0  arm_startup_nrf52840.o(.text)
    RTC0_IRQHandler                          0x0000022f   Thumb Code     0  arm_startup_nrf52840.o(.text)
    RTC2_IRQHandler                          0x0000022f   Thumb Code     0  arm_startup_nrf52840.o(.text)
    SAADC_IRQHandler                         0x0000022f   Thumb Code     0  arm_startup_nrf52840.o(.text)
    SPIM1_SPIS1_TWIM1_TWIS1_SPI1_TWI1_IRQHandler 0x0000022f   Thumb Code     0  arm_startup_nrf52840.o(.text)
    SPIM2_SPIS2_SPI2_IRQHandler              0x0000022f   Thumb Code     0  arm_startup_nrf52840.o(.text)
    SPIM3_IRQHandler                         0x0000022f   Thumb Code     0  arm_startup_nrf52840.o(.text)
    SWI1_EGU1_IRQHandler                     0x0000022f   Thumb Code     0  arm_startup_nrf52840.o(.text)
    SWI2_EGU2_IRQHandler                     0x0000022f   Thumb Code     0  arm_startup_nrf52840.o(.text)
    SWI3_EGU3_IRQHandler                     0x0000022f   Thumb Code     0  arm_startup_nrf52840.o(.text)
    SWI4_EGU4_IRQHandler                     0x0000022f   Thumb Code     0  arm_startup_nrf52840.o(.text)
    SWI5_EGU5_IRQHandler                     0x0000022f   Thumb Code     0  arm_startup_nrf52840.o(.text)
    TEMP_IRQHandler                          0x0000022f   Thumb Code     0  arm_startup_nrf52840.o(.text)
    TIMER0_IRQHandler                        0x0000022f   Thumb Code     0  arm_startup_nrf52840.o(.text)
    TIMER1_IRQHandler                        0x0000022f   Thumb Code     0  arm_startup_nrf52840.o(.text)
    TIMER2_IRQHandler                        0x0000022f   Thumb Code     0  arm_startup_nrf52840.o(.text)
    TIMER3_IRQHandler                        0x0000022f   Thumb Code     0  arm_startup_nrf52840.o(.text)
    TIMER4_IRQHandler                        0x0000022f   Thumb Code     0  arm_startup_nrf52840.o(.text)
    UARTE1_IRQHandler                        0x0000022f   Thumb Code     0  arm_startup_nrf52840.o(.text)
    USBD_IRQHandler                          0x0000022f   Thumb Code     0  arm_startup_nrf52840.o(.text)
    WDT_IRQHandler                           0x0000022f   Thumb Code     0  arm_startup_nrf52840.o(.text)
    __aeabi_memcpy                           0x00000239   Thumb Code    36  memcpya.o(.text)
    __aeabi_memcpy4                          0x00000239   Thumb Code     0  memcpya.o(.text)
    __aeabi_memcpy8                          0x00000239   Thumb Code     0  memcpya.o(.text)
    __aeabi_uidiv                            0x0000025d   Thumb Code     0  uidiv.o(.text)
    __aeabi_uidivmod                         0x0000025d   Thumb Code    44  uidiv.o(.text)
    __scatterload                            0x00000289   Thumb Code    28  init.o(.text)
    __scatterload_rt2                        0x00000289   Thumb Code     0  init.o(.text)
    POWER_CLOCK_IRQHandler                   0x00000311   Thumb Code   180  nrf_drv_clock.o(i.POWER_CLOCK_IRQHandler)
    RTC1_IRQHandler                          0x000003c9   Thumb Code    32  app_timer_1.o(i.RTC1_IRQHandler)
    SPIM0_SPIS0_TWIM0_TWIS0_SPI0_TWI0_IRQHandler 0x000003ed   Thumb Code     8  nrf_drv_twi.o(i.SPIM0_SPIS0_TWIM0_TWIS0_SPI0_TWI0_IRQHandler)
    SWI0_EGU0_IRQHandler                     0x000003fd   Thumb Code     4  app_timer_1.o(i.SWI0_EGU0_IRQHandler)
    SystemInit                               0x00000401   Thumb Code   432  system_nrf52840.o(i.SystemInit)
    UARTE0_UART0_IRQHandler                  0x000005e9   Thumb Code    20  nrf_drv_uart.o(i.UARTE0_UART0_IRQHandler)
    __0printf$6                              0x00000605   Thumb Code    22  printf6.o(i.__0printf$6)
    __1printf$6                              0x00000605   Thumb Code     0  printf6.o(i.__0printf$6)
    __2printf                                0x00000605   Thumb Code     0  printf6.o(i.__0printf$6)
    __scatterload_copy                       0x00000625   Thumb Code    14  handlers.o(i.__scatterload_copy)
    __scatterload_null                       0x00000633   Thumb Code     2  handlers.o(i.__scatterload_null)
    __scatterload_zeroinit                   0x00000635   Thumb Code    14  handlers.o(i.__scatterload_zeroinit)
    app_error_fault_handler                  0x00000989   Thumb Code    26  app_error_weak.o(i.app_error_fault_handler)
    app_error_handler_bare                   0x000009ad   Thumb Code    22  app_error.o(i.app_error_handler_bare)
    app_fifo_get                             0x000009c3   Thumb Code    22  app_fifo.o(i.app_fifo_get)
    app_fifo_init                            0x000009d9   Thumb Code    32  app_fifo.o(i.app_fifo_init)
    app_fifo_put                             0x000009f9   Thumb Code    26  app_fifo.o(i.app_fifo_put)
    app_timer_cnt_get                        0x00000a15   Thumb Code     6  app_timer_1.o(i.app_timer_cnt_get)
    app_timer_create                         0x00000a21   Thumb Code    32  app_timer_1.o(i.app_timer_create)
    app_timer_init                           0x00000a45   Thumb Code    70  app_timer_1.o(i.app_timer_init)
    app_timer_start                          0x00000a99   Thumb Code   120  app_timer_1.o(i.app_timer_start)
    app_uart_init                            0x00000b19   Thumb Code   164  app_uart_fifo.o(i.app_uart_init)
    app_uart_put                             0x00000bcd   Thumb Code    52  app_uart_fifo.o(i.app_uart_put)
    app_util_critical_region_enter           0x00000c09   Thumb Code     4  app_util_platform.o(i.app_util_critical_region_enter)
    app_util_critical_region_exit            0x00000c0d   Thumb Code     4  app_util_platform.o(i.app_util_critical_region_exit)
    app_util_disable_irq                     0x00000c11   Thumb Code    12  app_util_platform.o(i.app_util_disable_irq)
    app_util_enable_irq                      0x00000c21   Thumb Code    14  app_util_platform.o(i.app_util_enable_irq)
    bsp_board_led_off                        0x00000cdd   Thumb Code    10  boards.o(i.bsp_board_led_off)
    bsp_board_leds_init                      0x00000ced   Thumb Code    38  boards.o(i.bsp_board_leds_init)
    bsp_board_leds_off                       0x00000d19   Thumb Code    18  boards.o(i.bsp_board_leds_off)
    fputc                                    0x00000e67   Thumb Code    14  retarget.o(i.fputc)
    magn_setup                               0x00001169   Thumb Code    36  main.o(i.magn_setup)
    main                                     0x0000118d   Thumb Code   248  main.o(i.main)
    millis                                   0x00001341   Thumb Code    30  nrf_drv_inv_dmp.o(i.millis)
    mpu_config                               0x0000135f   Thumb Code    10  app_mpu.o(i.mpu_config)
    mpu_init                                 0x00001369   Thumb Code    36  app_mpu.o(i.mpu_init)
    mpu_int_cfg_pin                          0x0000138d   Thumb Code     8  app_mpu.o(i.mpu_int_cfg_pin)
    mpu_magnetometer_init                    0x00001395   Thumb Code    46  app_mpu.o(i.mpu_magnetometer_init)
    mpu_read_accel                           0x000013c5   Thumb Code    46  app_mpu.o(i.mpu_read_accel)
    mpu_read_gyro                            0x000013f5   Thumb Code    46  app_mpu.o(i.mpu_read_gyro)
    mpu_read_magnetometer                    0x00001423   Thumb Code    46  app_mpu.o(i.mpu_read_magnetometer)
    mpu_setup                                0x00001451   Thumb Code    82  main.o(i.mpu_setup)
    mpu_twi_read_test                        0x000014d9   Thumb Code   100  nrf_drv_mpu_twi.o(i.mpu_twi_read_test)
    nrf_drv_clock_hfclk_release              0x00001725   Thumb Code    34  nrf_drv_clock.o(i.nrf_drv_clock_hfclk_release)
    nrf_drv_clock_hfclk_request              0x0000174d   Thumb Code    82  nrf_drv_clock.o(i.nrf_drv_clock_hfclk_request)
    nrf_drv_clock_init                       0x000017a5   Thumb Code    66  nrf_drv_clock.o(i.nrf_drv_clock_init)
    nrf_drv_clock_lfclk_request              0x000017f1   Thumb Code    86  nrf_drv_clock.o(i.nrf_drv_clock_lfclk_request)
    nrf_drv_common_irq_enable                0x00001851   Thumb Code    56  nrf_drv_common.o(i.nrf_drv_common_irq_enable)
    nrf_drv_mpu_init                         0x000018b1   Thumb Code    42  nrf_drv_mpu_twi.o(i.nrf_drv_mpu_init)
    nrf_drv_mpu_read_magnetometer_registers  0x000018e5   Thumb Code    98  nrf_drv_mpu_twi.o(i.nrf_drv_mpu_read_magnetometer_registers)
    nrf_drv_mpu_read_registers               0x00001951   Thumb Code    98  nrf_drv_mpu_twi.o(i.nrf_drv_mpu_read_registers)
    nrf_drv_mpu_write_magnetometer_register  0x000019e5   Thumb Code    54  nrf_drv_mpu_twi.o(i.nrf_drv_mpu_write_magnetometer_register)
    nrf_drv_mpu_write_registers              0x00001a25   Thumb Code    72  nrf_drv_mpu_twi.o(i.nrf_drv_mpu_write_registers)
    nrf_drv_mpu_write_single_register        0x00001a79   Thumb Code    54  nrf_drv_mpu_twi.o(i.nrf_drv_mpu_write_single_register)
    nrf_drv_twi_enable                       0x00001ab9   Thumb Code    28  nrf_drv_twi.o(i.nrf_drv_twi_enable)
    nrf_drv_twi_init                         0x00001ad9   Thumb Code   134  nrf_drv_twi.o(i.nrf_drv_twi_init)
    nrf_drv_twi_rx                           0x00001b65   Thumb Code    32  nrf_drv_twi.o(i.nrf_drv_twi_rx)
    nrf_drv_twi_tx                           0x00001b89   Thumb Code    36  nrf_drv_twi.o(i.nrf_drv_twi_tx)
    nrf_drv_twi_xfer                         0x00001bad   Thumb Code    30  nrf_drv_twi.o(i.nrf_drv_twi_xfer)
    nrf_drv_uart_init                        0x00001bd1   Thumb Code    98  nrf_drv_uart.o(i.nrf_drv_uart_init)
    nrf_drv_uart_rx                          0x00001c39   Thumb Code   170  nrf_drv_uart.o(i.nrf_drv_uart_rx)
    nrf_drv_uart_rx_enable                   0x00001ce9   Thumb Code    42  nrf_drv_uart.o(i.nrf_drv_uart_rx_enable)
    nrf_drv_uart_tx                          0x00001e71   Thumb Code   262  nrf_drv_uart.o(i.nrf_drv_uart_tx)
    nrf_drv_uart_tx_in_progress              0x00001f7d   Thumb Code    18  nrf_drv_uart.o(i.nrf_drv_uart_tx_in_progress)
    uart_config                              0x0000267d   Thumb Code    62  main.o(i.uart_config)
    uart_error_handle                        0x000026cd   Thumb Code    18  main.o(i.uart_error_handle)
    Region$$Table$$Base                      0x00002a2c   Number         0  anon$$obj.o(Region$$Table)
    Region$$Table$$Limit                     0x00002a4c   Number         0  anon$$obj.o(Region$$Table)
    __stdout                                 0x2000002c   Data           4  retarget.o(.data)
    SystemCoreClock                          0x20000030   Data           4  system_nrf52840.o(.data)
    twi_tx_buffer                            0x2000057c   Data          16  nrf_drv_mpu_twi.o(.bss)
    __initial_sp                             0x20002658   Data           0  arm_startup_nrf52840.o(STACK)



==============================================================================

Memory Map of the image

  Image Entry point : 0x00000201

  Load Region LR_IROM1 (Base: 0x00000000, Size: 0x00002a80, Max: 0x00100000, ABSOLUTE)

    Execution Region ER_IROM1 (Base: 0x00000000, Size: 0x00002a4c, Max: 0x00100000, ABSOLUTE)

    Base Addr    Size         Type   Attr      Idx    E Section Name        Object

    0x00000000   0x00000200   Data   RO         2345    RESET               arm_startup_nrf52840.o
    0x00000200   0x00000000   Code   RO         2392  * .ARM.Collect$$$$00000000  mc_w.l(entry.o)
    0x00000200   0x00000004   Code   RO         2674    .ARM.Collect$$$$00000001  mc_w.l(entry2.o)
    0x00000204   0x00000004   Code   RO         2677    .ARM.Collect$$$$00000004  mc_w.l(entry5.o)
    0x00000208   0x00000000   Code   RO         2679    .ARM.Collect$$$$00000008  mc_w.l(entry7b.o)
    0x00000208   0x00000000   Code   RO         2681    .ARM.Collect$$$$0000000A  mc_w.l(entry8b.o)
    0x00000208   0x00000008   Code   RO         2682    .ARM.Collect$$$$0000000B  mc_w.l(entry9a.o)
    0x00000210   0x00000000   Code   RO         2684    .ARM.Collect$$$$0000000D  mc_w.l(entry10a.o)
    0x00000210   0x00000000   Code   RO         2686    .ARM.Collect$$$$0000000F  mc_w.l(entry11a.o)
    0x00000210   0x00000004   Code   RO         2675    .ARM.Collect$$$$00002712  mc_w.l(entry2.o)
    0x00000214   0x00000024   Code   RO         2346    .text               arm_startup_nrf52840.o
    0x00000238   0x00000024   Code   RO         2397    .text               mc_w.l(memcpya.o)
    0x0000025c   0x0000002c   Code   RO         2688    .text               mc_w.l(uidiv.o)
    0x00000288   0x00000024   Code   RO         2703    .text               mc_w.l(init.o)
    0x000002ac   0x00000016   Code   RO         1605    i.NVIC_ClearPendingIRQ  app_timer_1.o
    0x000002c2   0x00000016   Code   RO         1606    i.NVIC_EnableIRQ    app_timer_1.o
    0x000002d8   0x00000016   Code   RO         1607    i.NVIC_SetPendingIRQ  app_timer_1.o
    0x000002ee   0x00000020   Code   RO         1608    i.NVIC_SetPriority  app_timer_1.o
    0x0000030e   0x00000002   PAD
    0x00000310   0x000000b8   Code   RO         1166    i.POWER_CLOCK_IRQHandler  nrf_drv_clock.o
    0x000003c8   0x00000024   Code   RO         1609    i.RTC1_IRQHandler   app_timer_1.o
    0x000003ec   0x00000010   Code   RO          239    i.SPIM0_SPIS0_TWIM0_TWIS0_SPI0_TWI0_IRQHandler  nrf_drv_twi.o
    0x000003fc   0x00000004   Code   RO         1610    i.SWI0_EGU0_IRQHandler  app_timer_1.o
    0x00000400   0x000001e8   Code   RO         2354    i.SystemInit        system_nrf52840.o
    0x000005e8   0x0000001c   Code   RO         1364    i.UARTE0_UART0_IRQHandler  nrf_drv_uart.o
    0x00000604   0x00000020   Code   RO         2562    i.__0printf$6       mc_w.l(printf6.o)
    0x00000624   0x0000000e   Code   RO         2713    i.__scatterload_copy  mc_w.l(handlers.o)
    0x00000632   0x00000002   Code   RO         2714    i.__scatterload_null  mc_w.l(handlers.o)
    0x00000634   0x0000000e   Code   RO         2715    i.__scatterload_zeroinit  mc_w.l(handlers.o)
    0x00000642   0x00000002   PAD
    0x00000644   0x000002f0   Code   RO         2569    i._printf_core      mc_w.l(printf6.o)
    0x00000934   0x00000024   Code   RO         2570    i._printf_post_padding  mc_w.l(printf6.o)
    0x00000958   0x0000002e   Code   RO         2571    i._printf_pre_padding  mc_w.l(printf6.o)
    0x00000986   0x00000002   PAD
    0x00000988   0x00000024   Code   RO         1814    i.app_error_fault_handler  app_error_weak.o
    0x000009ac   0x00000016   Code   RO         1775    i.app_error_handler_bare  app_error.o
    0x000009c2   0x00000016   Code   RO         1843    i.app_fifo_get      app_fifo.o
    0x000009d8   0x00000020   Code   RO         1844    i.app_fifo_init     app_fifo.o
    0x000009f8   0x0000001a   Code   RO         1846    i.app_fifo_put      app_fifo.o
    0x00000a12   0x00000002   PAD
    0x00000a14   0x0000000c   Code   RO         1612    i.app_timer_cnt_get  app_timer_1.o
    0x00000a20   0x00000024   Code   RO         1613    i.app_timer_create  app_timer_1.o
    0x00000a44   0x00000054   Code   RO         1614    i.app_timer_init    app_timer_1.o
    0x00000a98   0x00000080   Code   RO         1617    i.app_timer_start   app_timer_1.o
    0x00000b18   0x000000b4   Code   RO         1918    i.app_uart_init     app_uart_fifo.o
    0x00000bcc   0x0000003c   Code   RO         1919    i.app_uart_put      app_uart_fifo.o
    0x00000c08   0x00000004   Code   RO         1987    i.app_util_critical_region_enter  app_util_platform.o
    0x00000c0c   0x00000004   Code   RO         1988    i.app_util_critical_region_exit  app_util_platform.o
    0x00000c10   0x00000010   Code   RO         1989    i.app_util_disable_irq  app_util_platform.o
    0x00000c20   0x00000014   Code   RO         1990    i.app_util_enable_irq  app_util_platform.o
    0x00000c34   0x000000a8   Code   RO         1365    i.apply_config      nrf_drv_uart.o
    0x00000cdc   0x00000010   Code   RO         1057    i.bsp_board_led_off  boards.o
    0x00000cec   0x0000002c   Code   RO         1060    i.bsp_board_leds_init  boards.o
    0x00000d18   0x00000012   Code   RO         1061    i.bsp_board_leds_off  boards.o
    0x00000d2a   0x00000002   PAD
    0x00000d2c   0x00000028   Code   RO         1168    i.clock_clk_started_notify  nrf_drv_clock.o
    0x00000d54   0x000000ac   Code   RO         1620    i.compare_reg_update  app_timer_1.o
    0x00000e00   0x00000040   Code   RO         1621    i.elapsed_ticks_acquire  app_timer_1.o
    0x00000e40   0x00000014   Code   RO         1849    i.fifo_get          app_fifo.o
    0x00000e54   0x00000012   Code   RO         1850    i.fifo_put          app_fifo.o
    0x00000e66   0x0000000e   Code   RO         2113    i.fputc             retarget.o
    0x00000e74   0x00000020   Code   RO         1169    i.hfclk_stop        nrf_drv_clock.o
    0x00000e94   0x00000078   Code   RO         1366    i.interrupts_enable  nrf_drv_uart.o
    0x00000f0c   0x0000014e   Code   RO          240    i.irq_handler_twim  nrf_drv_twi.o
    0x0000105a   0x00000016   Code   RO         1170    i.item_enqueue      nrf_drv_clock.o
    0x00001070   0x000000f8   Code   RO         1622    i.list_insertions_handler  app_timer_1.o
    0x00001168   0x00000024   Code   RO            4    i.magn_setup        main.o
    0x0000118c   0x000001b4   Code   RO            5    i.main              main.o
    0x00001340   0x0000001e   Code   RO          987    i.millis            nrf_drv_inv_dmp.o
    0x0000135e   0x0000000a   Code   RO          547    i.mpu_config        app_mpu.o
    0x00001368   0x00000024   Code   RO          548    i.mpu_init          app_mpu.o
    0x0000138c   0x00000008   Code   RO          549    i.mpu_int_cfg_pin   app_mpu.o
    0x00001394   0x0000002e   Code   RO          551    i.mpu_magnetometer_init  app_mpu.o
    0x000013c2   0x00000002   PAD
    0x000013c4   0x0000002e   Code   RO          552    i.mpu_read_accel    app_mpu.o
    0x000013f2   0x00000002   PAD
    0x000013f4   0x0000002e   Code   RO          553    i.mpu_read_gyro     app_mpu.o
    0x00001422   0x0000002e   Code   RO          555    i.mpu_read_magnetometer  app_mpu.o
    0x00001450   0x00000088   Code   RO            6    i.mpu_setup         main.o
    0x000014d8   0x0000006c   Code   RO          444    i.mpu_twi_read_test  nrf_drv_mpu_twi.o
    0x00001544   0x0000000e   Code   RO         1172    i.nrf_clock_event_check  nrf_drv_clock.o
    0x00001552   0x00000010   Code   RO         1173    i.nrf_clock_event_clear  nrf_drv_clock.o
    0x00001562   0x00000002   PAD
    0x00001564   0x0000001c   Code   RO         1174    i.nrf_clock_hf_is_running  nrf_drv_clock.o
    0x00001580   0x0000008c   Code   RO            7    i.nrf_delay_us      main.o
    0x0000160c   0x0000008c   Code   RO          241    i.nrf_delay_us      nrf_drv_twi.o
    0x00001698   0x0000008c   Code   RO         1623    i.nrf_delay_us      app_timer_1.o
    0x00001724   0x00000028   Code   RO         1178    i.nrf_drv_clock_hfclk_release  nrf_drv_clock.o
    0x0000174c   0x00000058   Code   RO         1179    i.nrf_drv_clock_hfclk_request  nrf_drv_clock.o
    0x000017a4   0x0000004c   Code   RO         1180    i.nrf_drv_clock_init  nrf_drv_clock.o
    0x000017f0   0x00000060   Code   RO         1185    i.nrf_drv_clock_lfclk_request  nrf_drv_clock.o
    0x00001850   0x00000038   Code   RO         1318    i.nrf_drv_common_irq_enable  nrf_drv_common.o
    0x00001888   0x00000006   Code   RO         1368    i.nrf_drv_get_IRQn  nrf_drv_uart.o
    0x0000188e   0x00000010   Code   RO          242    i.nrf_drv_is_in_RAM  nrf_drv_twi.o
    0x0000189e   0x00000010   Code   RO         1369    i.nrf_drv_is_in_RAM  nrf_drv_uart.o
    0x000018ae   0x00000002   PAD
    0x000018b0   0x00000034   Code   RO          446    i.nrf_drv_mpu_init  nrf_drv_mpu_twi.o
    0x000018e4   0x0000006c   Code   RO          447    i.nrf_drv_mpu_read_magnetometer_registers  nrf_drv_mpu_twi.o
    0x00001950   0x0000006c   Code   RO          448    i.nrf_drv_mpu_read_registers  nrf_drv_mpu_twi.o
    0x000019bc   0x00000028   Code   RO          449    i.nrf_drv_mpu_twi_event_handler  nrf_drv_mpu_twi.o
    0x000019e4   0x00000040   Code   RO          450    i.nrf_drv_mpu_write_magnetometer_register  nrf_drv_mpu_twi.o
    0x00001a24   0x00000054   Code   RO          451    i.nrf_drv_mpu_write_registers  nrf_drv_mpu_twi.o
    0x00001a78   0x00000040   Code   RO          452    i.nrf_drv_mpu_write_single_register  nrf_drv_mpu_twi.o
    0x00001ab8   0x00000020   Code   RO          245    i.nrf_drv_twi_enable  nrf_drv_twi.o
    0x00001ad8   0x0000008c   Code   RO          246    i.nrf_drv_twi_init  nrf_drv_twi.o
    0x00001b64   0x00000024   Code   RO          248    i.nrf_drv_twi_rx    nrf_drv_twi.o
    0x00001b88   0x00000024   Code   RO          251    i.nrf_drv_twi_tx    nrf_drv_twi.o
    0x00001bac   0x00000024   Code   RO          253    i.nrf_drv_twi_xfer  nrf_drv_twi.o
    0x00001bd0   0x00000068   Code   RO         1371    i.nrf_drv_uart_init  nrf_drv_uart.o
    0x00001c38   0x000000b0   Code   RO         1372    i.nrf_drv_uart_rx   nrf_drv_uart.o
    0x00001ce8   0x00000030   Code   RO         1375    i.nrf_drv_uart_rx_enable  nrf_drv_uart.o
    0x00001d18   0x000000a8   Code   RO         1376    i.nrf_drv_uart_rx_for_uart  nrf_drv_uart.o
    0x00001dc0   0x000000b0   Code   RO         1377    i.nrf_drv_uart_rx_for_uarte  nrf_drv_uart.o
    0x00001e70   0x0000010c   Code   RO         1379    i.nrf_drv_uart_tx   nrf_drv_uart.o
    0x00001f7c   0x00000018   Code   RO         1381    i.nrf_drv_uart_tx_in_progress  nrf_drv_uart.o
    0x00001f94   0x00000032   Code   RO         1065    i.nrf_gpio_cfg      boards.o
    0x00001fc6   0x00000032   Code   RO         1383    i.nrf_gpio_cfg      nrf_drv_uart.o
    0x00001ff8   0x00000012   Code   RO         1385    i.nrf_gpio_cfg_input  nrf_drv_uart.o
    0x0000200a   0x00000014   Code   RO         1386    i.nrf_gpio_cfg_output  nrf_drv_uart.o
    0x0000201e   0x00000014   Code   RO          254    i.nrf_gpio_pin_clear  nrf_drv_twi.o
    0x00002032   0x00000002   PAD
    0x00002034   0x0000001c   Code   RO          255    i.nrf_gpio_pin_port_decode  nrf_drv_twi.o
    0x00002050   0x0000001c   Code   RO         1066    i.nrf_gpio_pin_port_decode  boards.o
    0x0000206c   0x0000001c   Code   RO         1387    i.nrf_gpio_pin_port_decode  nrf_drv_uart.o
    0x00002088   0x00000014   Code   RO          256    i.nrf_gpio_pin_set  nrf_drv_twi.o
    0x0000209c   0x00000014   Code   RO         1388    i.nrf_gpio_pin_set  nrf_drv_uart.o
    0x000020b0   0x00000026   Code   RO         1067    i.nrf_gpio_pin_write  boards.o
    0x000020d6   0x0000000a   Code   RO          257    i.nrf_twim_event_check  nrf_drv_twi.o
    0x000020e0   0x0000000c   Code   RO          258    i.nrf_twim_event_clear  nrf_drv_twi.o
    0x000020ec   0x0000000a   Code   RO         1389    i.nrf_uart_event_check  nrf_drv_uart.o
    0x000020f6   0x0000000c   Code   RO         1390    i.nrf_uart_event_clear  nrf_drv_uart.o
    0x00002102   0x0000000c   Code   RO         1391    i.nrf_uart_int_enable_check  nrf_drv_uart.o
    0x0000210e   0x0000000a   Code   RO         1392    i.nrf_uarte_event_check  nrf_drv_uart.o
    0x00002118   0x0000000c   Code   RO         1393    i.nrf_uarte_event_clear  nrf_drv_uart.o
    0x00002124   0x0000003c   Code   RO         1624    i.rtc1_stop         app_timer_1.o
    0x00002160   0x00000032   Code   RO         1395    i.rx_byte           nrf_drv_uart.o
    0x00002192   0x00000018   Code   RO         1396    i.rx_done_event     nrf_drv_uart.o
    0x000021aa   0x00000020   Code   RO         1397    i.rx_enable         nrf_drv_uart.o
    0x000021ca   0x00000002   Code   RO            8    i.timer_a_handler   main.o
    0x000021cc   0x00000080   Code   RO         1625    i.timer_list_handler  app_timer_1.o
    0x0000224c   0x0000003c   Code   RO         1626    i.timer_list_insert  app_timer_1.o
    0x00002288   0x00000060   Code   RO         1627    i.timer_list_remove  app_timer_1.o
    0x000022e8   0x00000074   Code   RO         1629    i.timer_timeouts_check  app_timer_1.o
    0x0000235c   0x000000a4   Code   RO          259    i.twi_clear_bus     nrf_drv_twi.o
    0x00002400   0x00000240   Code   RO          260    i.twim_xfer         nrf_drv_twi.o
    0x00002640   0x00000020   Code   RO         1398    i.tx_byte           nrf_drv_uart.o
    0x00002660   0x0000001c   Code   RO         1399    i.tx_done_event     nrf_drv_uart.o
    0x0000267c   0x00000050   Code   RO            9    i.uart_config       main.o
    0x000026cc   0x00000012   Code   RO           10    i.uart_error_handle  main.o
    0x000026de   0x00000002   PAD
    0x000026e0   0x000000a0   Code   RO         1920    i.uart_event_handler  app_uart_fifo.o
    0x00002780   0x0000011e   Code   RO         1400    i.uart_irq_handler  nrf_drv_uart.o
    0x0000289e   0x000000f0   Code   RO         1401    i.uarte_irq_handler  nrf_drv_uart.o
    0x0000298e   0x00000002   PAD
    0x00002990   0x00000030   Code   RO         1630    i.user_op_alloc     app_timer_1.o
    0x000029c0   0x00000020   Data   RO           13    .constdata          main.o
    0x000029e0   0x0000000c   Data   RO          265    .constdata          nrf_drv_twi.o
    0x000029ec   0x00000018   Data   RO          454    .constdata          nrf_drv_mpu_twi.o
    0x00002a04   0x00000008   Data   RO         1068    .constdata          boards.o
    0x00002a0c   0x00000020   Data   RO         1922    .constdata          app_uart_fifo.o
    0x00002a2c   0x00000020   Data   RO         2711    Region$$Table       anon$$obj.o


    Execution Region RW_IRAM1 (Base: 0x20000000, Size: 0x00002658, Max: 0x00040000, ABSOLUTE)

    Base Addr    Size         Type   Attr      Idx    E Section Name        Object

    0x20000000   0x00000002   Data   RW          455    .data               nrf_drv_mpu_twi.o
    0x20000002   0x00000002   PAD
    0x20000004   0x00000014   Data   RW         1632    .data               app_timer_1.o
    0x20000018   0x00000010   Data   RW         1923    .data               app_uart_fifo.o
    0x20000028   0x00000004   Data   RW         1993    .data               app_util_platform.o
    0x2000002c   0x00000004   Data   RW         2114    .data               retarget.o
    0x20000030   0x00000004   Data   RW         2355    .data               system_nrf52840.o
    0x20000034   0x00000020   Zero   RW           11    .bss                main.o
    0x20000054   0x00000500   Zero   RW           12    .bss                main.o
    0x20000554   0x00000028   Zero   RW          261    .bss                nrf_drv_twi.o
    0x2000057c   0x00000010   Zero   RW          453    .bss                nrf_drv_mpu_twi.o
    0x2000058c   0x00000024   Zero   RW         1187    .bss                nrf_drv_clock.o
    0x200005b0   0x00000020   Zero   RW         1402    .bss                nrf_drv_uart.o
    0x200005d0   0x00000064   Zero   RW         1631    .bss                app_timer_1.o
    0x20000634   0x00000020   Zero   RW         1921    .bss                app_uart_fifo.o
    0x20000654   0x00000004   PAD
    0x20000658   0x00002000   Zero   RW         2343    STACK               arm_startup_nrf52840.o


==============================================================================

Image component sizes


      Code (inc. data)   RO Data    RW Data    ZI Data      Debug   Object Name

        22          0          0          0          0       2285   app_error.o
        36         10          0          0          0      27373   app_error_weak.o
       118          0          0          0          0       5138   app_fifo.o
       238          0          0          0          0       5775   app_mpu.o
      1530        118          0         20        100      47046   app_timer_1.o
       400         32         32         16         32      11959   app_uart_fifo.o
        44         10          0          4          0       3460   app_util_platform.o
        36          8        512          0       8192        952   arm_startup_nrf52840.o
       194         18          8          0          0       8890   boards.o
       848        268         32          0       1312      58250   main.o
       636         54          0          0         36      16508   nrf_drv_clock.o
        56          0          0          0          0      27575   nrf_drv_common.o
        30          0          0          0          0        657   nrf_drv_inv_dmp.o
       628         76         24          2         16      14222   nrf_drv_mpu_twi.o
      1616         48         12          0         40      37528   nrf_drv_twi.o
      2186         74          0          0         32      42365   nrf_drv_uart.o
        14          0          0          4          0       2934   retarget.o
       488         56          0          4          0       2515   system_nrf52840.o

    ----------------------------------------------------------------------
      9140        772        652         52       9764     315432   Object Totals
         0          0         32          0          0          0   (incl. Generated)
        20          0          0          2          4          0   (incl. Padding)

    ----------------------------------------------------------------------

      Code (inc. data)   RO Data    RW Data    ZI Data      Debug   Library Member Name

         0          0          0          0          0          0   entry.o
         0          0          0          0          0          0   entry10a.o
         0          0          0          0          0          0   entry11a.o
         8          4          0          0          0          0   entry2.o
         4          0          0          0          0          0   entry5.o
         0          0          0          0          0          0   entry7b.o
         0          0          0          0          0          0   entry8b.o
         8          4          0          0          0          0   entry9a.o
        30          0          0          0          0          0   handlers.o
        36          8          0          0          0         68   init.o
        36          0          0          0          0         68   memcpya.o
       866         14          0          0          0        352   printf6.o
        44          0          0          0          0         80   uidiv.o

    ----------------------------------------------------------------------
      1036         30          0          0          0        568   Library Totals
         4          0          0          0          0          0   (incl. Padding)

    ----------------------------------------------------------------------

      Code (inc. data)   RO Data    RW Data    ZI Data      Debug   Library Name

      1032         30          0          0          0        568   mc_w.l

    ----------------------------------------------------------------------
      1036         30          0          0          0        568   Library Totals

    ----------------------------------------------------------------------

==============================================================================


      Code (inc. data)   RO Data    RW Data    ZI Data      Debug   

     10176        802        652         52       9764     304396   Grand Totals
     10176        802        652         52       9764     304396   ELF Image Totals
     10176        802        652         52          0          0   ROM Totals

==============================================================================

    Total RO  Size (Code + RO Data)                10828 (  10.57kB)
    Total RW  Size (RW Data + ZI Data)              9816 (   9.59kB)
    Total ROM Size (Code + RO Data + RW Data)      10880 (  10.63kB)

==============================================================================

